HEAP DUMP BEGIN (3177 objects, 461808 bytes) Mon Jan 23 13:57:20 2017
ROOT 0 (kind=<thread>, id=200000, trace=300000)
ROOT 50000c6a (kind=<thread>, id=200003, trace=300000)
ROOT 50000c6a (kind=<thread block>, thread=200003)
ROOT 50000c6b (kind=<thread>, id=200004, trace=300000)
ROOT 50000c6b (kind=<thread block>, thread=200004)
ROOT 50000c6c (kind=<thread>, id=200005, trace=300000)
ROOT 50000c6c (kind=<thread block>, thread=200005)
ROOT 50000c6d (kind=<Java stack>, thread=200000, frame=1)
ROOT 50000c6e (kind=<Java stack>, thread=200000, frame=1)
ROOT 50000c6d (kind=<Java stack>, thread=200000, frame=2)
ROOT 50000c6c (kind=<Java stack>, thread=200000, frame=3)
ROOT 50000c6f (kind=<Java stack>, thread=200000, frame=3)
ROOT 50000c70 (kind=<thread>, id=200006, trace=300000)
ROOT 50000c70 (kind=<thread block>, thread=200006)
ROOT 50000c71 (kind=<Java stack>, thread=200000, frame=1)
ROOT 50000c71 (kind=<Java stack>, thread=200000, frame=2)
ROOT 50000c70 (kind=<Java stack>, thread=200000, frame=3)
ROOT 50000c72 (kind=<thread>, id=200007, trace=300000)
ROOT 50000c72 (kind=<thread block>, thread=200007)
ROOT 50000c66 (kind=<Java stack>, thread=200000, frame=1)
ROOT 50000c62 (kind=<Java stack>, thread=200000, frame=2)
ROOT 50000c73 (kind=<Java stack>, thread=200000, frame=3)
ROOT 500006e1 (kind=<Java stack>, thread=200000, frame=5)
ROOT 50000c74 (kind=<Java stack>, thread=200000, frame=5)
ROOT 500006e2 (kind=<Java stack>, thread=200000, frame=5)
ROOT 5000044c (kind=<Java stack>, thread=200000, frame=6)
ROOT 5000044c (kind=<Java stack>, thread=200000, frame=6)
ROOT 500006e1 (kind=<Java stack>, thread=200000, frame=6)
ROOT 5000016e (kind=<JNI global ref>, id=1, trace=300000)
ROOT 50000001 (kind=<JNI global ref>, id=2, trace=300000)
ROOT 50000172 (kind=<JNI global ref>, id=3, trace=300000)
ROOT 50000002 (kind=<JNI global ref>, id=4, trace=300000)
ROOT 50000003 (kind=<JNI global ref>, id=5, trace=300000)
ROOT 5000000f (kind=<JNI global ref>, id=6, trace=300000)
ROOT 50000004 (kind=<JNI global ref>, id=7, trace=300000)
ROOT 50000005 (kind=<JNI global ref>, id=8, trace=300000)
ROOT 500000db (kind=<JNI global ref>, id=9, trace=300000)
ROOT 50000006 (kind=<JNI global ref>, id=a, trace=300000)
ROOT 50000007 (kind=<JNI global ref>, id=b, trace=300000)
ROOT 50000008 (kind=<JNI global ref>, id=c, trace=300000)
ROOT 50000009 (kind=<JNI global ref>, id=d, trace=300000)
ROOT 5000000a (kind=<JNI global ref>, id=e, trace=300000)
ROOT 5000000b (kind=<JNI global ref>, id=f, trace=300000)
ROOT 5000000c (kind=<JNI global ref>, id=10, trace=300000)
ROOT 5000000d (kind=<JNI global ref>, id=11, trace=300000)
ROOT 5000000e (kind=<JNI global ref>, id=12, trace=300000)
ROOT 50000010 (kind=<JNI global ref>, id=13, trace=300000)
ROOT 50000011 (kind=<JNI global ref>, id=14, trace=300000)
ROOT 50000012 (kind=<JNI global ref>, id=15, trace=300000)
ROOT 50000013 (kind=<JNI global ref>, id=16, trace=300000)
ROOT 50000014 (kind=<JNI global ref>, id=17, trace=300000)
ROOT 50000060 (kind=<JNI global ref>, id=18, trace=300000)
ROOT 50000015 (kind=<JNI global ref>, id=19, trace=300000)
ROOT 50000016 (kind=<JNI global ref>, id=1a, trace=300000)
ROOT 50000017 (kind=<JNI global ref>, id=1b, trace=300000)
ROOT 50000018 (kind=<JNI global ref>, id=1c, trace=300000)
ROOT 50000019 (kind=<JNI global ref>, id=1d, trace=300000)
ROOT 50000152 (kind=<JNI global ref>, id=1e, trace=300000)
ROOT 5000001a (kind=<JNI global ref>, id=1f, trace=300000)
ROOT 5000001b (kind=<JNI global ref>, id=20, trace=300000)
ROOT 5000002e (kind=<JNI global ref>, id=21, trace=300000)
ROOT 5000001c (kind=<JNI global ref>, id=22, trace=300000)
ROOT 5000001d (kind=<JNI global ref>, id=23, trace=300000)
ROOT 50000020 (kind=<JNI global ref>, id=24, trace=300000)
ROOT 5000001e (kind=<JNI global ref>, id=25, trace=300000)
ROOT 5000001f (kind=<JNI global ref>, id=26, trace=300000)
ROOT 50000021 (kind=<JNI global ref>, id=27, trace=300000)
ROOT 50000022 (kind=<JNI global ref>, id=28, trace=300000)
ROOT 50000023 (kind=<JNI global ref>, id=29, trace=300000)
ROOT 50000024 (kind=<JNI global ref>, id=2a, trace=300000)
ROOT 50000025 (kind=<JNI global ref>, id=2b, trace=300000)
ROOT 50000026 (kind=<JNI global ref>, id=2c, trace=300000)
ROOT 50000027 (kind=<JNI global ref>, id=2d, trace=300000)
ROOT 50000028 (kind=<JNI global ref>, id=2e, trace=300000)
ROOT 50000029 (kind=<JNI global ref>, id=2f, trace=300000)
ROOT 5000002a (kind=<JNI global ref>, id=30, trace=300000)
ROOT 5000002b (kind=<JNI global ref>, id=31, trace=300000)
ROOT 500000d8 (kind=<JNI global ref>, id=32, trace=300000)
ROOT 5000002c (kind=<JNI global ref>, id=33, trace=300000)
ROOT 5000002d (kind=<JNI global ref>, id=34, trace=300000)
ROOT 5000002f (kind=<JNI global ref>, id=35, trace=300000)
ROOT 50000030 (kind=<JNI global ref>, id=36, trace=300000)
ROOT 50000031 (kind=<JNI global ref>, id=37, trace=300000)
ROOT 50000033 (kind=<JNI global ref>, id=38, trace=300000)
ROOT 50000032 (kind=<JNI global ref>, id=39, trace=300000)
ROOT 50000034 (kind=<JNI global ref>, id=3a, trace=300000)
ROOT 50000035 (kind=<JNI global ref>, id=3b, trace=300000)
ROOT 50000036 (kind=<JNI global ref>, id=3c, trace=300000)
ROOT 50000113 (kind=<JNI global ref>, id=3d, trace=300000)
ROOT 50000037 (kind=<JNI global ref>, id=3e, trace=300000)
ROOT 50000038 (kind=<JNI global ref>, id=3f, trace=300000)
ROOT 50000039 (kind=<JNI global ref>, id=40, trace=300000)
ROOT 5000003a (kind=<JNI global ref>, id=41, trace=300000)
ROOT 5000003e (kind=<JNI global ref>, id=42, trace=300000)
ROOT 5000003b (kind=<JNI global ref>, id=43, trace=300000)
ROOT 5000003c (kind=<JNI global ref>, id=44, trace=300000)
ROOT 5000003d (kind=<JNI global ref>, id=45, trace=300000)
ROOT 5000003f (kind=<JNI global ref>, id=46, trace=300000)
ROOT 50000040 (kind=<JNI global ref>, id=47, trace=300000)
ROOT 50000041 (kind=<JNI global ref>, id=48, trace=300000)
ROOT 50000042 (kind=<JNI global ref>, id=49, trace=300000)
ROOT 50000043 (kind=<JNI global ref>, id=4a, trace=300000)
ROOT 50000044 (kind=<JNI global ref>, id=4b, trace=300000)
ROOT 50000045 (kind=<JNI global ref>, id=4c, trace=300000)
ROOT 50000046 (kind=<JNI global ref>, id=4d, trace=300000)
ROOT 50000047 (kind=<JNI global ref>, id=4e, trace=300000)
ROOT 50000048 (kind=<JNI global ref>, id=4f, trace=300000)
ROOT 50000049 (kind=<JNI global ref>, id=50, trace=300000)
ROOT 5000004a (kind=<JNI global ref>, id=51, trace=300000)
ROOT 5000004b (kind=<JNI global ref>, id=52, trace=300000)
ROOT 50000151 (kind=<JNI global ref>, id=53, trace=300000)
ROOT 5000004c (kind=<JNI global ref>, id=54, trace=300000)
ROOT 5000004d (kind=<JNI global ref>, id=55, trace=300000)
ROOT 5000004e (kind=<JNI global ref>, id=56, trace=300000)
ROOT 5000004f (kind=<JNI global ref>, id=57, trace=300000)
ROOT 50000050 (kind=<JNI global ref>, id=58, trace=300000)
ROOT 50000051 (kind=<JNI global ref>, id=59, trace=300000)
ROOT 50000052 (kind=<JNI global ref>, id=5a, trace=300000)
ROOT 50000162 (kind=<JNI global ref>, id=5b, trace=300000)
ROOT 50000053 (kind=<JNI global ref>, id=5c, trace=300000)
ROOT 50000054 (kind=<JNI global ref>, id=5d, trace=300000)
ROOT 50000055 (kind=<JNI global ref>, id=5e, trace=300000)
ROOT 50000056 (kind=<JNI global ref>, id=5f, trace=300000)
ROOT 50000057 (kind=<JNI global ref>, id=60, trace=300000)
ROOT 50000058 (kind=<JNI global ref>, id=61, trace=300000)
ROOT 50000059 (kind=<JNI global ref>, id=62, trace=300000)
ROOT 5000005a (kind=<JNI global ref>, id=63, trace=300000)
ROOT 5000005b (kind=<JNI global ref>, id=64, trace=300000)
ROOT 5000005c (kind=<JNI global ref>, id=65, trace=300000)
ROOT 5000005d (kind=<JNI global ref>, id=66, trace=300000)
ROOT 5000005e (kind=<JNI global ref>, id=67, trace=300000)
ROOT 5000005f (kind=<JNI global ref>, id=68, trace=300000)
ROOT 500000c4 (kind=<JNI global ref>, id=69, trace=300000)
ROOT 50000061 (kind=<JNI global ref>, id=6a, trace=300000)
ROOT 50000062 (kind=<JNI global ref>, id=6b, trace=300000)
ROOT 50000063 (kind=<JNI global ref>, id=6c, trace=300000)
ROOT 50000064 (kind=<JNI global ref>, id=6d, trace=300000)
ROOT 50000065 (kind=<JNI global ref>, id=6e, trace=300000)
ROOT 50000066 (kind=<JNI global ref>, id=6f, trace=300000)
ROOT 50000067 (kind=<JNI global ref>, id=70, trace=300000)
ROOT 50000068 (kind=<JNI global ref>, id=71, trace=300000)
ROOT 50000069 (kind=<JNI global ref>, id=72, trace=300000)
ROOT 5000006a (kind=<JNI global ref>, id=73, trace=300000)
ROOT 500000c6 (kind=<JNI global ref>, id=74, trace=300000)
ROOT 5000006b (kind=<JNI global ref>, id=75, trace=300000)
ROOT 5000006c (kind=<JNI global ref>, id=76, trace=300000)
ROOT 5000006d (kind=<JNI global ref>, id=77, trace=300000)
ROOT 5000006e (kind=<JNI global ref>, id=78, trace=300000)
ROOT 5000006f (kind=<JNI global ref>, id=79, trace=300000)
ROOT 50000091 (kind=<JNI global ref>, id=7a, trace=300000)
ROOT 50000070 (kind=<JNI global ref>, id=7b, trace=300000)
ROOT 50000071 (kind=<JNI global ref>, id=7c, trace=300000)
ROOT 50000072 (kind=<JNI global ref>, id=7d, trace=300000)
ROOT 50000110 (kind=<JNI global ref>, id=7e, trace=300000)
ROOT 50000073 (kind=<JNI global ref>, id=7f, trace=300000)
ROOT 50000074 (kind=<JNI global ref>, id=80, trace=300000)
ROOT 50000075 (kind=<JNI global ref>, id=81, trace=300000)
ROOT 50000076 (kind=<JNI global ref>, id=82, trace=300000)
ROOT 50000077 (kind=<JNI global ref>, id=83, trace=300000)
ROOT 50000078 (kind=<JNI global ref>, id=84, trace=300000)
ROOT 50000079 (kind=<JNI global ref>, id=85, trace=300000)
ROOT 5000007a (kind=<JNI global ref>, id=86, trace=300000)
ROOT 5000007b (kind=<JNI global ref>, id=87, trace=300000)
ROOT 50000139 (kind=<JNI global ref>, id=88, trace=300000)
ROOT 5000007c (kind=<JNI global ref>, id=89, trace=300000)
ROOT 5000007d (kind=<JNI global ref>, id=8a, trace=300000)
ROOT 5000007e (kind=<JNI global ref>, id=8b, trace=300000)
ROOT 5000007f (kind=<JNI global ref>, id=8c, trace=300000)
ROOT 50000080 (kind=<JNI global ref>, id=8d, trace=300000)
ROOT 50000081 (kind=<JNI global ref>, id=8e, trace=300000)
ROOT 50000082 (kind=<JNI global ref>, id=8f, trace=300000)
ROOT 5000008e (kind=<JNI global ref>, id=90, trace=300000)
ROOT 50000083 (kind=<JNI global ref>, id=91, trace=300000)
ROOT 50000084 (kind=<JNI global ref>, id=92, trace=300000)
ROOT 50000085 (kind=<JNI global ref>, id=93, trace=300000)
ROOT 50000086 (kind=<JNI global ref>, id=94, trace=300000)
ROOT 50000087 (kind=<JNI global ref>, id=95, trace=300000)
ROOT 5000008a (kind=<JNI global ref>, id=96, trace=300000)
ROOT 50000088 (kind=<JNI global ref>, id=97, trace=300000)
ROOT 50000089 (kind=<JNI global ref>, id=98, trace=300000)
ROOT 5000008b (kind=<JNI global ref>, id=99, trace=300000)
ROOT 5000008c (kind=<JNI global ref>, id=9a, trace=300000)
ROOT 5000008d (kind=<JNI global ref>, id=9b, trace=300000)
ROOT 5000008f (kind=<JNI global ref>, id=9c, trace=300000)
ROOT 50000090 (kind=<JNI global ref>, id=9d, trace=300000)
ROOT 50000092 (kind=<JNI global ref>, id=9e, trace=300000)
ROOT 50000094 (kind=<JNI global ref>, id=9f, trace=300000)
ROOT 50000093 (kind=<JNI global ref>, id=a0, trace=300000)
ROOT 500000ae (kind=<JNI global ref>, id=a1, trace=300000)
ROOT 50000095 (kind=<JNI global ref>, id=a2, trace=300000)
ROOT 50000096 (kind=<JNI global ref>, id=a3, trace=300000)
ROOT 50000097 (kind=<JNI global ref>, id=a4, trace=300000)
ROOT 50000098 (kind=<JNI global ref>, id=a5, trace=300000)
ROOT 50000099 (kind=<JNI global ref>, id=a6, trace=300000)
ROOT 5000009a (kind=<JNI global ref>, id=a7, trace=300000)
ROOT 5000009b (kind=<JNI global ref>, id=a8, trace=300000)
ROOT 5000009c (kind=<JNI global ref>, id=a9, trace=300000)
ROOT 5000009d (kind=<JNI global ref>, id=aa, trace=300000)
ROOT 5000009e (kind=<JNI global ref>, id=ab, trace=300000)
ROOT 5000009f (kind=<JNI global ref>, id=ac, trace=300000)
ROOT 500000a0 (kind=<JNI global ref>, id=ad, trace=300000)
ROOT 500000a1 (kind=<JNI global ref>, id=ae, trace=300000)
ROOT 500000a2 (kind=<JNI global ref>, id=af, trace=300000)
ROOT 500000a3 (kind=<JNI global ref>, id=b0, trace=300000)
ROOT 500000a4 (kind=<JNI global ref>, id=b1, trace=300000)
ROOT 500000a5 (kind=<JNI global ref>, id=b2, trace=300000)
ROOT 500000a6 (kind=<JNI global ref>, id=b3, trace=300000)
ROOT 500000a7 (kind=<JNI global ref>, id=b4, trace=300000)
ROOT 500000a8 (kind=<JNI global ref>, id=b5, trace=300000)
ROOT 500000a9 (kind=<JNI global ref>, id=b6, trace=300000)
ROOT 500000aa (kind=<JNI global ref>, id=b7, trace=300000)
ROOT 500000ab (kind=<JNI global ref>, id=b8, trace=300000)
ROOT 500000ac (kind=<JNI global ref>, id=b9, trace=300000)
ROOT 5000011e (kind=<JNI global ref>, id=ba, trace=300000)
ROOT 500000ad (kind=<JNI global ref>, id=bb, trace=300000)
ROOT 500000af (kind=<JNI global ref>, id=bc, trace=300000)
ROOT 500000b0 (kind=<JNI global ref>, id=bd, trace=300000)
ROOT 500000b1 (kind=<JNI global ref>, id=be, trace=300000)
ROOT 500000b2 (kind=<JNI global ref>, id=bf, trace=300000)
ROOT 500000b3 (kind=<JNI global ref>, id=c0, trace=300000)
ROOT 500000b4 (kind=<JNI global ref>, id=c1, trace=300000)
ROOT 500000b5 (kind=<JNI global ref>, id=c2, trace=300000)
ROOT 500000b6 (kind=<JNI global ref>, id=c3, trace=300000)
ROOT 500000b7 (kind=<JNI global ref>, id=c4, trace=300000)
ROOT 500000b8 (kind=<JNI global ref>, id=c5, trace=300000)
ROOT 500000b9 (kind=<JNI global ref>, id=c6, trace=300000)
ROOT 500000ba (kind=<JNI global ref>, id=c7, trace=300000)
ROOT 500000bb (kind=<JNI global ref>, id=c8, trace=300000)
ROOT 500000bc (kind=<JNI global ref>, id=c9, trace=300000)
ROOT 500000bd (kind=<JNI global ref>, id=ca, trace=300000)
ROOT 5000014b (kind=<JNI global ref>, id=cb, trace=300000)
ROOT 500000be (kind=<JNI global ref>, id=cc, trace=300000)
ROOT 500000bf (kind=<JNI global ref>, id=cd, trace=300000)
ROOT 500000c0 (kind=<JNI global ref>, id=ce, trace=300000)
ROOT 500000c1 (kind=<JNI global ref>, id=cf, trace=300000)
ROOT 500000c2 (kind=<JNI global ref>, id=d0, trace=300000)
ROOT 500000c3 (kind=<JNI global ref>, id=d1, trace=300000)
ROOT 500000c5 (kind=<JNI global ref>, id=d2, trace=300000)
ROOT 500000c7 (kind=<JNI global ref>, id=d3, trace=300000)
ROOT 500000c8 (kind=<JNI global ref>, id=d4, trace=300000)
ROOT 500000c9 (kind=<JNI global ref>, id=d5, trace=300000)
ROOT 500000ca (kind=<JNI global ref>, id=d6, trace=300000)
ROOT 500000cb (kind=<JNI global ref>, id=d7, trace=300000)
ROOT 5000015b (kind=<JNI global ref>, id=d8, trace=300000)
ROOT 500000cc (kind=<JNI global ref>, id=d9, trace=300000)
ROOT 500000cd (kind=<JNI global ref>, id=da, trace=300000)
ROOT 500000ce (kind=<JNI global ref>, id=db, trace=300000)
ROOT 500000cf (kind=<JNI global ref>, id=dc, trace=300000)
ROOT 500000d0 (kind=<JNI global ref>, id=dd, trace=300000)
ROOT 500000d1 (kind=<JNI global ref>, id=de, trace=300000)
ROOT 500000d2 (kind=<JNI global ref>, id=df, trace=300000)
ROOT 500000d3 (kind=<JNI global ref>, id=e0, trace=300000)
ROOT 500000d4 (kind=<JNI global ref>, id=e1, trace=300000)
ROOT 500000d5 (kind=<JNI global ref>, id=e2, trace=300000)
ROOT 500000d6 (kind=<JNI global ref>, id=e3, trace=300000)
ROOT 500000d7 (kind=<JNI global ref>, id=e4, trace=300000)
ROOT 500000d9 (kind=<JNI global ref>, id=e5, trace=300000)
ROOT 500000e5 (kind=<JNI global ref>, id=e6, trace=300000)
ROOT 500000da (kind=<JNI global ref>, id=e7, trace=300000)
ROOT 500000e6 (kind=<JNI global ref>, id=e8, trace=300000)
ROOT 500000dc (kind=<JNI global ref>, id=e9, trace=300000)
ROOT 500000dd (kind=<JNI global ref>, id=ea, trace=300000)
ROOT 500000de (kind=<JNI global ref>, id=eb, trace=300000)
ROOT 500000df (kind=<JNI global ref>, id=ec, trace=300000)
ROOT 50000163 (kind=<JNI global ref>, id=ed, trace=300000)
ROOT 500000e0 (kind=<JNI global ref>, id=ee, trace=300000)
ROOT 500000e1 (kind=<JNI global ref>, id=ef, trace=300000)
ROOT 500000e2 (kind=<JNI global ref>, id=f0, trace=300000)
ROOT 500000e3 (kind=<JNI global ref>, id=f1, trace=300000)
ROOT 500000e4 (kind=<JNI global ref>, id=f2, trace=300000)
ROOT 500000e7 (kind=<JNI global ref>, id=f3, trace=300000)
ROOT 500000e8 (kind=<JNI global ref>, id=f4, trace=300000)
ROOT 500000e9 (kind=<JNI global ref>, id=f5, trace=300000)
ROOT 500000ea (kind=<JNI global ref>, id=f6, trace=300000)
ROOT 500000eb (kind=<JNI global ref>, id=f7, trace=300000)
ROOT 500000ec (kind=<JNI global ref>, id=f8, trace=300000)
ROOT 500000ed (kind=<JNI global ref>, id=f9, trace=300000)
ROOT 500000ee (kind=<JNI global ref>, id=fa, trace=300000)
ROOT 500000ef (kind=<JNI global ref>, id=fb, trace=300000)
ROOT 500000f2 (kind=<JNI global ref>, id=fc, trace=300000)
ROOT 500000f0 (kind=<JNI global ref>, id=fd, trace=300000)
ROOT 500000f1 (kind=<JNI global ref>, id=fe, trace=300000)
ROOT 500000f3 (kind=<JNI global ref>, id=ff, trace=300000)
ROOT 500000f4 (kind=<JNI global ref>, id=100, trace=300000)
ROOT 500000f5 (kind=<JNI global ref>, id=101, trace=300000)
ROOT 500000f6 (kind=<JNI global ref>, id=102, trace=300000)
ROOT 500000f7 (kind=<JNI global ref>, id=103, trace=300000)
ROOT 500000f8 (kind=<JNI global ref>, id=104, trace=300000)
ROOT 500000f9 (kind=<JNI global ref>, id=105, trace=300000)
ROOT 500000fa (kind=<JNI global ref>, id=106, trace=300000)
ROOT 500000fb (kind=<JNI global ref>, id=107, trace=300000)
ROOT 500000fc (kind=<JNI global ref>, id=108, trace=300000)
ROOT 500000fd (kind=<JNI global ref>, id=109, trace=300000)
ROOT 500000fe (kind=<JNI global ref>, id=10a, trace=300000)
ROOT 500000ff (kind=<JNI global ref>, id=10b, trace=300000)
ROOT 50000100 (kind=<JNI global ref>, id=10c, trace=300000)
ROOT 50000101 (kind=<JNI global ref>, id=10d, trace=300000)
ROOT 50000102 (kind=<JNI global ref>, id=10e, trace=300000)
ROOT 50000103 (kind=<JNI global ref>, id=10f, trace=300000)
ROOT 50000104 (kind=<JNI global ref>, id=110, trace=300000)
ROOT 50000105 (kind=<JNI global ref>, id=111, trace=300000)
ROOT 50000106 (kind=<JNI global ref>, id=112, trace=300000)
ROOT 50000107 (kind=<JNI global ref>, id=113, trace=300000)
ROOT 50000108 (kind=<JNI global ref>, id=114, trace=300000)
ROOT 50000109 (kind=<JNI global ref>, id=115, trace=300000)
ROOT 5000010a (kind=<JNI global ref>, id=116, trace=300000)
ROOT 5000010b (kind=<JNI global ref>, id=117, trace=300000)
ROOT 5000010c (kind=<JNI global ref>, id=118, trace=300000)
ROOT 5000010d (kind=<JNI global ref>, id=119, trace=300000)
ROOT 5000010e (kind=<JNI global ref>, id=11a, trace=300000)
ROOT 5000010f (kind=<JNI global ref>, id=11b, trace=300000)
ROOT 50000111 (kind=<JNI global ref>, id=11c, trace=300000)
ROOT 50000112 (kind=<JNI global ref>, id=11d, trace=300000)
ROOT 50000114 (kind=<JNI global ref>, id=11e, trace=300000)
ROOT 50000115 (kind=<JNI global ref>, id=11f, trace=300000)
ROOT 50000116 (kind=<JNI global ref>, id=120, trace=300000)
ROOT 5000011b (kind=<JNI global ref>, id=121, trace=300000)
ROOT 50000117 (kind=<JNI global ref>, id=122, trace=300000)
ROOT 50000118 (kind=<JNI global ref>, id=123, trace=300000)
ROOT 50000119 (kind=<JNI global ref>, id=124, trace=300000)
ROOT 5000011a (kind=<JNI global ref>, id=125, trace=300000)
ROOT 5000015e (kind=<JNI global ref>, id=126, trace=300000)
ROOT 5000011c (kind=<JNI global ref>, id=127, trace=300000)
ROOT 5000011d (kind=<JNI global ref>, id=128, trace=300000)
ROOT 5000011f (kind=<JNI global ref>, id=129, trace=300000)
ROOT 50000120 (kind=<JNI global ref>, id=12a, trace=300000)
ROOT 50000121 (kind=<JNI global ref>, id=12b, trace=300000)
ROOT 50000122 (kind=<JNI global ref>, id=12c, trace=300000)
ROOT 50000124 (kind=<JNI global ref>, id=12d, trace=300000)
ROOT 50000123 (kind=<JNI global ref>, id=12e, trace=300000)
ROOT 50000125 (kind=<JNI global ref>, id=12f, trace=300000)
ROOT 50000126 (kind=<JNI global ref>, id=130, trace=300000)
ROOT 50000129 (kind=<JNI global ref>, id=131, trace=300000)
ROOT 50000127 (kind=<JNI global ref>, id=132, trace=300000)
ROOT 50000128 (kind=<JNI global ref>, id=133, trace=300000)
ROOT 5000012a (kind=<JNI global ref>, id=134, trace=300000)
ROOT 5000012b (kind=<JNI global ref>, id=135, trace=300000)
ROOT 5000012c (kind=<JNI global ref>, id=136, trace=300000)
ROOT 5000012d (kind=<JNI global ref>, id=137, trace=300000)
ROOT 5000012e (kind=<JNI global ref>, id=138, trace=300000)
ROOT 5000012f (kind=<JNI global ref>, id=139, trace=300000)
ROOT 50000130 (kind=<JNI global ref>, id=13a, trace=300000)
ROOT 50000131 (kind=<JNI global ref>, id=13b, trace=300000)
ROOT 50000132 (kind=<JNI global ref>, id=13c, trace=300000)
ROOT 50000133 (kind=<JNI global ref>, id=13d, trace=300000)
ROOT 50000134 (kind=<JNI global ref>, id=13e, trace=300000)
ROOT 50000135 (kind=<JNI global ref>, id=13f, trace=300000)
ROOT 5000013d (kind=<JNI global ref>, id=140, trace=300000)
ROOT 50000136 (kind=<JNI global ref>, id=141, trace=300000)
ROOT 50000137 (kind=<JNI global ref>, id=142, trace=300000)
ROOT 50000138 (kind=<JNI global ref>, id=143, trace=300000)
ROOT 50000168 (kind=<JNI global ref>, id=144, trace=300000)
ROOT 5000013a (kind=<JNI global ref>, id=145, trace=300000)
ROOT 5000013b (kind=<JNI global ref>, id=146, trace=300000)
ROOT 5000013c (kind=<JNI global ref>, id=147, trace=300000)
ROOT 5000013e (kind=<JNI global ref>, id=148, trace=300000)
ROOT 50000140 (kind=<JNI global ref>, id=149, trace=300000)
ROOT 5000013f (kind=<JNI global ref>, id=14a, trace=300000)
ROOT 50000144 (kind=<JNI global ref>, id=14b, trace=300000)
ROOT 50000141 (kind=<JNI global ref>, id=14c, trace=300000)
ROOT 50000142 (kind=<JNI global ref>, id=14d, trace=300000)
ROOT 50000143 (kind=<JNI global ref>, id=14e, trace=300000)
ROOT 50000145 (kind=<JNI global ref>, id=14f, trace=300000)
ROOT 50000146 (kind=<JNI global ref>, id=150, trace=300000)
ROOT 50000147 (kind=<JNI global ref>, id=151, trace=300000)
ROOT 50000148 (kind=<JNI global ref>, id=152, trace=300000)
ROOT 50000149 (kind=<JNI global ref>, id=153, trace=300000)
ROOT 5000014a (kind=<JNI global ref>, id=154, trace=300000)
ROOT 5000014c (kind=<JNI global ref>, id=155, trace=300000)
ROOT 5000014d (kind=<JNI global ref>, id=156, trace=300000)
ROOT 50000150 (kind=<JNI global ref>, id=157, trace=300000)
ROOT 5000014e (kind=<JNI global ref>, id=158, trace=300000)
ROOT 5000014f (kind=<JNI global ref>, id=159, trace=300000)
ROOT 50000153 (kind=<JNI global ref>, id=15a, trace=300000)
ROOT 50000154 (kind=<JNI global ref>, id=15b, trace=300000)
ROOT 50000155 (kind=<JNI global ref>, id=15c, trace=300000)
ROOT 50000157 (kind=<JNI global ref>, id=15d, trace=300000)
ROOT 50000156 (kind=<JNI global ref>, id=15e, trace=300000)
ROOT 50000165 (kind=<JNI global ref>, id=15f, trace=300000)
ROOT 50000158 (kind=<JNI global ref>, id=160, trace=300000)
ROOT 50000159 (kind=<JNI global ref>, id=161, trace=300000)
ROOT 5000015a (kind=<JNI global ref>, id=162, trace=300000)
ROOT 5000015c (kind=<JNI global ref>, id=163, trace=300000)
ROOT 5000015d (kind=<JNI global ref>, id=164, trace=300000)
ROOT 5000015f (kind=<JNI global ref>, id=165, trace=300000)
ROOT 50000160 (kind=<JNI global ref>, id=166, trace=300000)
ROOT 50000161 (kind=<JNI global ref>, id=167, trace=300000)
ROOT 50000166 (kind=<JNI global ref>, id=168, trace=300000)
ROOT 50000164 (kind=<JNI global ref>, id=169, trace=300000)
ROOT 50000167 (kind=<JNI global ref>, id=16a, trace=300000)
ROOT 50000169 (kind=<JNI global ref>, id=16b, trace=300000)
ROOT 5000016a (kind=<JNI global ref>, id=16c, trace=300000)
ROOT 5000016b (kind=<JNI global ref>, id=16d, trace=300000)
ROOT 5000016c (kind=<JNI global ref>, id=16e, trace=300000)
ROOT 5000016d (kind=<JNI global ref>, id=16f, trace=300000)
ROOT 5000016e (kind=<JNI global ref>, id=170, trace=300000)
ROOT 5000016f (kind=<JNI global ref>, id=171, trace=300000)
ROOT 50000170 (kind=<JNI global ref>, id=172, trace=300000)
ROOT 50000171 (kind=<JNI global ref>, id=173, trace=300000)
ROOT 50000173 (kind=<JNI global ref>, id=174, trace=300000)
ROOT 50000174 (kind=<JNI global ref>, id=175, trace=300000)
ROOT 50000175 (kind=<JNI global ref>, id=176, trace=300000)
ROOT 50000176 (kind=<JNI global ref>, id=177, trace=300000)
ROOT 50000177 (kind=<JNI global ref>, id=178, trace=300000)
ROOT 50000178 (kind=<JNI global ref>, id=179, trace=300000)
ROOT 50000179 (kind=<JNI global ref>, id=17a, trace=300000)
ROOT 5000017a (kind=<JNI global ref>, id=17b, trace=300000)
ROOT 50000184 (kind=<JNI global ref>, id=17c, trace=300003)
ROOT 50000187 (kind=<JNI global ref>, id=17d, trace=300006)
ROOT 50000190 (kind=<JNI global ref>, id=17e, trace=300014)
ROOT 50000191 (kind=<JNI global ref>, id=17f, trace=300014)
ROOT 50000193 (kind=<JNI global ref>, id=180, trace=300016)
ROOT 50000195 (kind=<JNI global ref>, id=181, trace=300018)
ROOT 50000199 (kind=<JNI global ref>, id=182, trace=300021)
ROOT 5000019a (kind=<JNI global ref>, id=183, trace=300021)
ROOT 5000019b (kind=<JNI global ref>, id=184, trace=300022)
ROOT 5000019c (kind=<JNI global ref>, id=185, trace=300023)
ROOT 500001a1 (kind=<JNI global ref>, id=186, trace=300027)
ROOT 500001a3 (kind=<JNI global ref>, id=187, trace=300029)
ROOT 500001a7 (kind=<JNI global ref>, id=188, trace=300033)
ROOT 500001a9 (kind=<JNI global ref>, id=189, trace=300035)
ROOT 500001ab (kind=<JNI global ref>, id=18a, trace=300037)
ROOT 500001b2 (kind=<JNI global ref>, id=18b, trace=300000)
ROOT 500001b3 (kind=<JNI global ref>, id=18c, trace=300042)
ROOT 500001b5 (kind=<JNI global ref>, id=18d, trace=300044)
ROOT 500001ba (kind=<JNI global ref>, id=18e, trace=300046)
ROOT 500001c4 (kind=<JNI global ref>, id=18f, trace=300053)
ROOT 500001d2 (kind=<JNI global ref>, id=190, trace=300065)
ROOT 500001d4 (kind=<JNI global ref>, id=191, trace=300067)
ROOT 500001d5 (kind=<JNI global ref>, id=192, trace=300068)
ROOT 500001d7 (kind=<JNI global ref>, id=193, trace=300070)
ROOT 500001da (kind=<JNI global ref>, id=194, trace=300073)
ROOT 50000343 (kind=<JNI global ref>, id=195, trace=300083)
ROOT 50000344 (kind=<JNI global ref>, id=196, trace=300083)
ROOT 50000345 (kind=<JNI global ref>, id=197, trace=300083)
ROOT 50000348 (kind=<JNI global ref>, id=198, trace=300086)
ROOT 50000349 (kind=<JNI global ref>, id=199, trace=300087)
ROOT 5000034c (kind=<JNI global ref>, id=19a, trace=300090)
ROOT 5000034e (kind=<JNI global ref>, id=19b, trace=300092)
ROOT 5000034f (kind=<JNI global ref>, id=19c, trace=300092)
ROOT 50000351 (kind=<JNI global ref>, id=19d, trace=300094)
ROOT 50000353 (kind=<JNI global ref>, id=19e, trace=300096)
ROOT 500003ee (kind=<JNI global ref>, id=19f, trace=300107)
ROOT 5000041b (kind=<JNI global ref>, id=1a0, trace=300143)
ROOT 5000041e (kind=<JNI global ref>, id=1a1, trace=300146)
ROOT 50000420 (kind=<JNI global ref>, id=1a2, trace=300148)
ROOT 50000421 (kind=<JNI global ref>, id=1a3, trace=300149)
ROOT 5000042b (kind=<JNI global ref>, id=1a4, trace=300158)
ROOT 5000042c (kind=<JNI global ref>, id=1a5, trace=300158)
ROOT 50000436 (kind=<JNI global ref>, id=1a6, trace=300167)
ROOT 50000438 (kind=<JNI global ref>, id=1a7, trace=300169)
ROOT 5000043f (kind=<JNI global ref>, id=1a8, trace=300176)
ROOT 50000442 (kind=<JNI global ref>, id=1a9, trace=300000)
ROOT 50000444 (kind=<JNI global ref>, id=1aa, trace=300179)
ROOT 5000044e (kind=<JNI global ref>, id=1ab, trace=300183)
ROOT 50000459 (kind=<JNI global ref>, id=1ac, trace=300191)
ROOT 5000045f (kind=<JNI global ref>, id=1ad, trace=300197)
ROOT 50000465 (kind=<JNI global ref>, id=1ae, trace=300202)
ROOT 50000467 (kind=<JNI global ref>, id=1af, trace=300204)
ROOT 50000468 (kind=<JNI global ref>, id=1b0, trace=300204)
ROOT 50000469 (kind=<JNI global ref>, id=1b1, trace=300205)
ROOT 5000046a (kind=<JNI global ref>, id=1b2, trace=300205)
ROOT 5000046b (kind=<JNI global ref>, id=1b3, trace=300206)
ROOT 5000046c (kind=<JNI global ref>, id=1b4, trace=300206)
ROOT 50000481 (kind=<JNI global ref>, id=1b5, trace=300225)
ROOT 50000482 (kind=<JNI global ref>, id=1b6, trace=300226)
ROOT 50000483 (kind=<JNI global ref>, id=1b7, trace=300226)
ROOT 50000486 (kind=<JNI global ref>, id=1b8, trace=300229)
ROOT 5000048b (kind=<JNI global ref>, id=1b9, trace=300233)
ROOT 50000663 (kind=<JNI global ref>, id=1ba, trace=300253)
ROOT 500006c4 (kind=<JNI global ref>, id=1bb, trace=300288)
ROOT 500006c6 (kind=<JNI global ref>, id=1bc, trace=300290)
ROOT 500006db (kind=<JNI global ref>, id=1bd, trace=300300)
ROOT 500006dc (kind=<JNI global ref>, id=1be, trace=300300)
ROOT 500006de (kind=<JNI global ref>, id=1bf, trace=300302)
ROOT 500006e3 (kind=<JNI global ref>, id=1c0, trace=300305)
ROOT 500006e4 (kind=<JNI global ref>, id=1c1, trace=300306)
ROOT 500006e5 (kind=<JNI global ref>, id=1c2, trace=300307)
ROOT 500006ea (kind=<JNI global ref>, id=1c3, trace=300312)
ROOT 500006eb (kind=<JNI global ref>, id=1c4, trace=300313)
ROOT 500006ee (kind=<JNI global ref>, id=1c5, trace=300316)
ROOT 500006f0 (kind=<JNI global ref>, id=1c6, trace=300318)
ROOT 500006f2 (kind=<JNI global ref>, id=1c7, trace=300320)
ROOT 500006f4 (kind=<JNI global ref>, id=1c8, trace=300322)
ROOT 500006f5 (kind=<JNI global ref>, id=1c9, trace=300322)
ROOT 500006fd (kind=<JNI global ref>, id=1ca, trace=300328)
ROOT 500006ff (kind=<JNI global ref>, id=1cb, trace=300329)
ROOT 50000700 (kind=<JNI global ref>, id=1cc, trace=300330)
ROOT 50000965 (kind=<JNI global ref>, id=1cd, trace=300415)
ROOT 50000967 (kind=<JNI global ref>, id=1ce, trace=300417)
ROOT 50000969 (kind=<JNI global ref>, id=1cf, trace=300419)
ROOT 5000096b (kind=<JNI global ref>, id=1d0, trace=300421)
ROOT 5000096d (kind=<JNI global ref>, id=1d1, trace=300423)
ROOT 50000adf (kind=<JNI global ref>, id=1d2, trace=300425)
ROOT 50000ae1 (kind=<JNI global ref>, id=1d3, trace=300427)
ROOT 50000ae2 (kind=<JNI global ref>, id=1d4, trace=300428)
ROOT 50000af2 (kind=<JNI global ref>, id=1d5, trace=300442)
ROOT 50000af4 (kind=<JNI global ref>, id=1d6, trace=300444)
ROOT 50000afe (kind=<JNI global ref>, id=1d7, trace=300450)
ROOT 50000b03 (kind=<JNI global ref>, id=1d8, trace=300455)
ROOT 50000b05 (kind=<JNI global ref>, id=1d9, trace=300457)
ROOT 50000b06 (kind=<JNI global ref>, id=1da, trace=300457)
ROOT 50000b08 (kind=<JNI global ref>, id=1db, trace=300459)
ROOT 50000b09 (kind=<JNI global ref>, id=1dc, trace=300459)
ROOT 50000b0a (kind=<JNI global ref>, id=1dd, trace=300459)
ROOT 50000b0b (kind=<JNI global ref>, id=1de, trace=300459)
ROOT 50000b13 (kind=<JNI global ref>, id=1df, trace=300467)
ROOT 50000b27 (kind=<JNI global ref>, id=1e0, trace=300477)
ROOT 50000b28 (kind=<JNI global ref>, id=1e1, trace=300477)
ROOT 50000b32 (kind=<JNI global ref>, id=1e2, trace=300481)
ROOT 50000b6f (kind=<JNI global ref>, id=1e3, trace=300495)
ROOT 50000b71 (kind=<JNI global ref>, id=1e4, trace=300497)
ROOT 50000bea (kind=<JNI global ref>, id=1e5, trace=300509)
ROOT 50000c14 (kind=<JNI global ref>, id=1e6, trace=300531)
ROOT 50000c15 (kind=<JNI global ref>, id=1e7, trace=300531)
ROOT 50000c1b (kind=<JNI global ref>, id=1e8, trace=300537)
ROOT 50000c1f (kind=<JNI global ref>, id=1e9, trace=300540)
ROOT 50000c22 (kind=<JNI global ref>, id=1ea, trace=300543)
ROOT 50000c24 (kind=<JNI global ref>, id=1eb, trace=300544)
ROOT 50000c3b (kind=<JNI global ref>, id=1ec, trace=300553)
ROOT 50000c4c (kind=<JNI global ref>, id=1ed, trace=300565)
ROOT 50000c4f (kind=<JNI global ref>, id=1ee, trace=300568)
ROOT 50000c51 (kind=<JNI global ref>, id=1ef, trace=300569)
ROOT 50000c52 (kind=<JNI global ref>, id=1f0, trace=300569)
ROOT 50000c53 (kind=<JNI global ref>, id=1f1, trace=300569)
ROOT 50000c62 (kind=<JNI global ref>, id=1f2, trace=300579)
ROOT 50000c64 (kind=<JNI global ref>, id=1f3, trace=300581)
ROOT 50000c67 (kind=<JNI global ref>, id=1f4, trace=300000)
ROOT 50000c68 (kind=<JNI global ref>, id=1f5, trace=300000)
ROOT 50000c69 (kind=<JNI global ref>, id=1f6, trace=300000)
ROOT 50000c75 (kind=<unknown>)
ROOT 50000c76 (kind=<unknown>)
ROOT 50000c77 (kind=<unknown>)
ROOT 50000c78 (kind=<unknown>)
ROOT 50000c79 (kind=<unknown>)
ROOT 50000c7a (kind=<unknown>)
ROOT 50000c7b (kind=<unknown>)
ROOT 50000c7c (kind=<unknown>)
ROOT 50000c7d (kind=<unknown>)
ROOT 50000c7e (kind=<unknown>)
ROOT 50000c7f (kind=<unknown>)
ROOT 50000c80 (kind=<unknown>)
ROOT 50000c81 (kind=<unknown>)
ROOT 50000c82 (kind=<unknown>)
ROOT 50000c83 (kind=<unknown>)
ROOT 50000c84 (kind=<unknown>)
ROOT 50000c85 (kind=<unknown>)
ROOT 50000c86 (kind=<unknown>)
ROOT 50000c87 (kind=<unknown>)
ROOT 50000c88 (kind=<unknown>)
ROOT 50000c89 (kind=<unknown>)
ROOT 50000c8a (kind=<unknown>)
ROOT 50000c8b (kind=<unknown>)
ROOT 50000c8c (kind=<unknown>)
ROOT 50000c8d (kind=<unknown>)
ROOT 50000c8e (kind=<unknown>)
ROOT 50000c8f (kind=<unknown>)
ROOT 50000c90 (kind=<unknown>)
ROOT 50000c91 (kind=<unknown>)
ROOT 50000c92 (kind=<unknown>)
ROOT 50000c93 (kind=<unknown>)
ROOT 50000c94 (kind=<unknown>)
ROOT 50000c95 (kind=<unknown>)
ROOT 50000c96 (kind=<unknown>)
ROOT 50000c97 (kind=<unknown>)
ROOT 50000c98 (kind=<unknown>)
ROOT 50000c99 (kind=<unknown>)
ROOT 50000c9a (kind=<unknown>)
ROOT 50000c9b (kind=<unknown>)
ROOT 50000c9c (kind=<unknown>)
ROOT 50000c9d (kind=<unknown>)
ROOT 50000c9e (kind=<unknown>)
ROOT 50000c9f (kind=<unknown>)
ROOT 50000ca0 (kind=<unknown>)
ROOT 50000ca1 (kind=<unknown>)
ROOT 50000ca2 (kind=<unknown>)
ROOT 50000ca3 (kind=<unknown>)
ROOT 50000ca4 (kind=<unknown>)
ROOT 50000ca5 (kind=<unknown>)
ROOT 50000ca6 (kind=<unknown>)
ROOT 50000ca7 (kind=<unknown>)
ROOT 50000ca8 (kind=<unknown>)
ROOT 50000ca9 (kind=<unknown>)
ROOT 50000caa (kind=<unknown>)
ROOT 50000cab (kind=<unknown>)
ROOT 50000cac (kind=<unknown>)
ROOT 50000cad (kind=<unknown>)
ROOT 50000cae (kind=<unknown>)
ROOT 50000caf (kind=<unknown>)
ROOT 50000cb0 (kind=<unknown>)
ROOT 50000cb1 (kind=<unknown>)
ROOT 50000cb2 (kind=<unknown>)
ROOT 50000cb3 (kind=<unknown>)
ROOT 50000cb4 (kind=<unknown>)
ROOT 50000cb5 (kind=<unknown>)
ROOT 50000cb6 (kind=<unknown>)
ROOT 50000cb7 (kind=<unknown>)
ROOT 50000cb8 (kind=<unknown>)
ROOT 50000cb9 (kind=<unknown>)
ROOT 50000cba (kind=<unknown>)
ROOT 50000cbb (kind=<unknown>)
ROOT 50000cbc (kind=<unknown>)
ROOT 50000cbd (kind=<unknown>)
ROOT 50000cbe (kind=<unknown>)
ROOT 50000cbf (kind=<unknown>)
ROOT 50000cc0 (kind=<unknown>)
ROOT 50000cc1 (kind=<unknown>)
ROOT 50000cc2 (kind=<unknown>)
ROOT 50000cc3 (kind=<unknown>)
ROOT 50000cc4 (kind=<unknown>)
ROOT 50000cc5 (kind=<unknown>)
ROOT 50000cc6 (kind=<unknown>)
ROOT 50000cc7 (kind=<unknown>)
ROOT 50000cc8 (kind=<unknown>)
ROOT 50000cc9 (kind=<unknown>)
ROOT 50000cca (kind=<unknown>)
ROOT 50000ccb (kind=<unknown>)
ROOT 50000ccc (kind=<unknown>)
ROOT 50000ccd (kind=<unknown>)
ROOT 50000cce (kind=<unknown>)
ROOT 50000ccf (kind=<unknown>)
ROOT 50000cd0 (kind=<unknown>)
ROOT 50000cd1 (kind=<unknown>)
ROOT 50000cd2 (kind=<unknown>)
ROOT 50000cd3 (kind=<unknown>)
ROOT 50000cd4 (kind=<unknown>)
ROOT 50000cd5 (kind=<unknown>)
ROOT 50000cd6 (kind=<unknown>)
ROOT 50000cd7 (kind=<unknown>)
ROOT 50000cd8 (kind=<unknown>)
ROOT 50000cd9 (kind=<unknown>)
ROOT 50000cda (kind=<unknown>)
ROOT 50000cdb (kind=<unknown>)
ROOT 50000cdc (kind=<unknown>)
ROOT 50000cdd (kind=<unknown>)
ROOT 50000cde (kind=<unknown>)
ROOT 50000cdf (kind=<unknown>)
ROOT 50000ce0 (kind=<unknown>)
ROOT 50000ce1 (kind=<unknown>)
ROOT 50000ce2 (kind=<unknown>)
ROOT 50000ce3 (kind=<unknown>)
ROOT 50000ce4 (kind=<unknown>)
ROOT 50000ce5 (kind=<unknown>)
ROOT 50000ce6 (kind=<unknown>)
ROOT 50000ce7 (kind=<unknown>)
ROOT 50000ce8 (kind=<unknown>)
ROOT 50000ce9 (kind=<unknown>)
ROOT 50000cea (kind=<unknown>)
ROOT 50000ceb (kind=<unknown>)
ROOT 50000cec (kind=<unknown>)
ROOT 50000ced (kind=<unknown>)
ROOT 50000cee (kind=<unknown>)
ROOT 50000cef (kind=<unknown>)
ROOT 50000cf0 (kind=<unknown>)
ROOT 50000cf1 (kind=<unknown>)
ROOT 50000cf2 (kind=<unknown>)
ROOT 50000cf3 (kind=<unknown>)
ROOT 50000cf4 (kind=<unknown>)
ROOT 50000cf5 (kind=<unknown>)
ROOT 50000cf6 (kind=<unknown>)
ROOT 50000cf7 (kind=<unknown>)
ROOT 50000cf8 (kind=<unknown>)
ROOT 50000cf9 (kind=<unknown>)
ROOT 50000cfa (kind=<unknown>)
ROOT 50000cfb (kind=<unknown>)
ROOT 50000cfc (kind=<unknown>)
ROOT 50000cfd (kind=<unknown>)
ROOT 50000cfe (kind=<unknown>)
ROOT 50000cff (kind=<unknown>)
ROOT 50000d00 (kind=<unknown>)
ROOT 50000d01 (kind=<unknown>)
ROOT 50000d02 (kind=<unknown>)
ROOT 50000d03 (kind=<unknown>)
ROOT 50000d04 (kind=<unknown>)
ROOT 50000d05 (kind=<unknown>)
ROOT 50000d06 (kind=<unknown>)
ROOT 50000d07 (kind=<unknown>)
ROOT 50000d08 (kind=<unknown>)
ROOT 50000d09 (kind=<unknown>)
ROOT 50000d0a (kind=<unknown>)
ROOT 50000d0b (kind=<unknown>)
ROOT 50000d0c (kind=<unknown>)
ROOT 50000d0d (kind=<unknown>)
ROOT 50000d0e (kind=<unknown>)
ROOT 50000d0f (kind=<unknown>)
ROOT 50000d10 (kind=<unknown>)
ROOT 50000d11 (kind=<unknown>)
ROOT 50000d12 (kind=<unknown>)
ROOT 50000d13 (kind=<unknown>)
ROOT 50000d14 (kind=<unknown>)
ROOT 50000d15 (kind=<unknown>)
ROOT 50000d16 (kind=<unknown>)
ROOT 50000d17 (kind=<unknown>)
ROOT 50000d18 (kind=<unknown>)
ROOT 50000d19 (kind=<unknown>)
ROOT 50000d1a (kind=<unknown>)
ROOT 50000d1b (kind=<unknown>)
ROOT 50000d1c (kind=<unknown>)
ROOT 50000d1d (kind=<unknown>)
ROOT 50000d1e (kind=<unknown>)
ROOT 50000d1f (kind=<unknown>)
ROOT 50000d20 (kind=<unknown>)
ROOT 50000d21 (kind=<unknown>)
ROOT 50000d22 (kind=<unknown>)
ROOT 50000d23 (kind=<unknown>)
ROOT 50000d24 (kind=<unknown>)
ROOT 50000d25 (kind=<unknown>)
ROOT 50000d26 (kind=<unknown>)
ROOT 50000d27 (kind=<unknown>)
ROOT 50000d28 (kind=<unknown>)
ROOT 50000d29 (kind=<unknown>)
ROOT 50000d2a (kind=<unknown>)
ROOT 50000d2b (kind=<unknown>)
ROOT 50000d2c (kind=<unknown>)
ROOT 50000d2d (kind=<unknown>)
ROOT 50000d2e (kind=<unknown>)
ROOT 50000d2f (kind=<unknown>)
ROOT 50000d30 (kind=<unknown>)
ROOT 50000d31 (kind=<unknown>)
ROOT 50000d32 (kind=<unknown>)
ROOT 50000d33 (kind=<unknown>)
ROOT 50000d34 (kind=<unknown>)
ROOT 50000d35 (kind=<unknown>)
ROOT 50000d36 (kind=<unknown>)
ROOT 50000d37 (kind=<unknown>)
ROOT 50000d38 (kind=<unknown>)
ROOT 50000d39 (kind=<unknown>)
ROOT 50000d3a (kind=<unknown>)
ROOT 50000d3b (kind=<unknown>)
ROOT 50000c64 (kind=<system class>, name=java.lang.Shutdown$Lock)
ROOT 50000c62 (kind=<system class>, name=java.lang.Shutdown)
ROOT 50000c53 (kind=<system class>, name=java.text.MessageFormat$Field)
ROOT 50000c52 (kind=<system class>, name=java.text.Format$Field)
ROOT 50000c51 (kind=<system class>, name=java.text.AttributedCharacterIterator$Attribute)
ROOT 50000c4f (kind=<system class>, name=java.util.Date)
ROOT 50000c4c (kind=<system class>, name=java.text.FieldPosition)
ROOT 50000c3b (kind=<system class>, name=java.lang.StringBuilder[])
ROOT 50000122 (kind=<system class>, name=java.lang.StringBuilder)
ROOT 50000c67 (kind=<system class>, name=java.lang.AbstractStringBuilder[])
ROOT 50000124 (kind=<system class>, name=java.lang.AbstractStringBuilder)
ROOT 50000c68 (kind=<system class>, name=java.lang.Appendable[])
ROOT 50000125 (kind=<system class>, name=java.lang.Appendable)
ROOT 50000c24 (kind=<system class>, name=java.util.Locale$1)
ROOT 50000c22 (kind=<system class>, name=java.util.Locale$Category[])
ROOT 50000c1f (kind=<system class>, name=java.util.Locale$Category)
ROOT 50000c1f (kind=<system class>, name=java.util.Locale$Category)
ROOT 50000c1b (kind=<system class>, name=java.text.Format[])
ROOT 50000c14 (kind=<system class>, name=java.text.Format)
ROOT 50000c15 (kind=<system class>, name=java.text.MessageFormat)
ROOT 50000c14 (kind=<system class>, name=java.text.Format)
ROOT 50000bea (kind=<system class>, name=java.lang.Object[][])
ROOT 50000109 (kind=<system class>, name=java.lang.Object[])
ROOT 50000c69 (kind=<system class>, name=java.lang.Cloneable[])
ROOT 50000169 (kind=<system class>, name=java.lang.Cloneable)
ROOT 50000b71 (kind=<system class>, name=java.net.URLClassLoader$2)
ROOT 50000b6f (kind=<system class>, name=java.util.ResourceBundle$Control$1)
ROOT 50000b32 (kind=<system class>, name=java.util.ResourceBundle$BundleReference)
ROOT 50000b28 (kind=<system class>, name=sun.launcher.resources.launcher)
ROOT 50000b27 (kind=<system class>, name=java.util.ListResourceBundle)
ROOT 50000b13 (kind=<system class>, name=java.util.LinkedList$Node)
ROOT 50000b0b (kind=<system class>, name=java.util.LinkedList)
ROOT 50000b0a (kind=<system class>, name=java.util.AbstractSequentialList)
ROOT 50000b09 (kind=<system class>, name=java.util.Deque)
ROOT 50000b08 (kind=<system class>, name=java.util.Queue)
ROOT 50000b06 (kind=<system class>, name=java.util.ResourceBundle$LoaderReference)
ROOT 50000b05 (kind=<system class>, name=java.util.ResourceBundle$CacheKeyReference)
ROOT 50000b03 (kind=<system class>, name=java.util.ResourceBundle$CacheKey)
ROOT 50000afe (kind=<system class>, name=java.util.ResourceBundle$Control$CandidateListCache)
ROOT 50000af4 (kind=<system class>, name=java.util.Arrays$ArrayList)
ROOT 50000af2 (kind=<system class>, name=java.util.ResourceBundle$Control)
ROOT 50000ae2 (kind=<system class>, name=java.util.ResourceBundle$RBClassLoader$1)
ROOT 50000ae1 (kind=<system class>, name=java.util.ResourceBundle$RBClassLoader)
ROOT 50000adf (kind=<system class>, name=java.net.URLClassLoader$3$1)
ROOT 5000096d (kind=<system class>, name=sun.misc.CompoundEnumeration)
ROOT 5000096b (kind=<system class>, name=java.net.URLClassLoader$3)
ROOT 50000969 (kind=<system class>, name=sun.misc.URLClassPath$1)
ROOT 50000967 (kind=<system class>, name=java.lang.ClassLoader$2)
ROOT 50000965 (kind=<system class>, name=sun.misc.URLClassPath$2)
ROOT 50000700 (kind=<system class>, name=sun.misc.Launcher$BootClassPathHolder$1)
ROOT 500006ff (kind=<system class>, name=sun.misc.Launcher$BootClassPathHolder)
ROOT 500006fd (kind=<system class>, name=java.util.Enumeration[])
ROOT 500000b8 (kind=<system class>, name=java.util.Enumeration)
ROOT 500006f5 (kind=<system class>, name=java.util.LinkedHashMap$LinkedEntryIterator)
ROOT 500006f4 (kind=<system class>, name=java.util.LinkedHashMap$LinkedHashIterator)
ROOT 500006f2 (kind=<system class>, name=java.util.LinkedHashMap$LinkedEntrySet)
ROOT 500006f0 (kind=<system class>, name=java.util.ServiceLoader$1)
ROOT 500006ee (kind=<system class>, name=java.util.ServiceLoader$LazyIterator)
ROOT 500006eb (kind=<system class>, name=java.util.ServiceLoader)
ROOT 500006ea (kind=<system class>, name=java.util.spi.ResourceBundleControlProvider)
ROOT 500006e5 (kind=<system class>, name=java.util.ResourceBundle$1)
ROOT 500006e4 (kind=<system class>, name=java.util.ResourceBundle)
ROOT 500006e3 (kind=<system class>, name=sun.launcher.LauncherHelper$ResourceBundleHolder)
ROOT 500006de (kind=<system class>, name=java.security.PrivilegedActionException)
ROOT 500006dc (kind=<system class>, name=java.io.FileNotFoundException)
ROOT 500006db (kind=<system class>, name=java.io.IOException)
ROOT 500006c6 (kind=<system class>, name=sun.misc.FileURLMapper)
ROOT 500006c4 (kind=<system class>, name=sun.misc.URLClassPath$JarLoader$1)
ROOT 50000663 (kind=<system class>, name=sun.misc.URLClassPath$FileLoader)
ROOT 5000048b (kind=<system class>, name=sun.nio.cs.UTF_8$Decoder)
ROOT 50000486 (kind=<system class>, name=sun.nio.cs.ThreadLocalCoders$2)
ROOT 50000483 (kind=<system class>, name=sun.nio.cs.ThreadLocalCoders$1)
ROOT 50000482 (kind=<system class>, name=sun.nio.cs.ThreadLocalCoders$Cache)
ROOT 50000481 (kind=<system class>, name=sun.nio.cs.ThreadLocalCoders)
ROOT 5000046c (kind=<system class>, name=java.util.zip.ZipFile$1)
ROOT 5000046b (kind=<system class>, name=sun.misc.JavaUtilZipFileAccess)
ROOT 5000046a (kind=<system class>, name=java.util.zip.ZipFile)
ROOT 50000469 (kind=<system class>, name=java.util.zip.ZipConstants)
ROOT 50000468 (kind=<system class>, name=sun.misc.URLClassPath$JarLoader)
ROOT 50000467 (kind=<system class>, name=sun.misc.URLClassPath$Loader)
ROOT 50000465 (kind=<system class>, name=sun.misc.URLClassPath$3)
ROOT 5000045f (kind=<system class>, name=sun.net.util.URLUtil)
ROOT 50000459 (kind=<system class>, name=java.net.URLClassLoader$1)
ROOT 5000044e (kind=<system class>, name=java.lang.StringCoding$StringDecoder)
ROOT 50000444 (kind=<system class>, name=sun.launcher.LauncherHelper[])
ROOT 50000442 (kind=<system class>, name=sun.launcher.LauncherHelper)
ROOT 50000442 (kind=<system class>, name=sun.launcher.LauncherHelper)
ROOT 5000043f (kind=<system class>, name=java.io.FileOutputStream$1)
ROOT 50000438 (kind=<system class>, name=sun.nio.cs.UTF_8$Encoder)
ROOT 50000436 (kind=<system class>, name=java.lang.StringCoding$StringEncoder)
ROOT 5000042c (kind=<system class>, name=sun.nio.cs.UTF_8)
ROOT 5000042b (kind=<system class>, name=sun.nio.cs.Unicode)
ROOT 50000421 (kind=<system class>, name=java.lang.ThreadLocal$ThreadLocalMap$Entry[])
ROOT 50000420 (kind=<system class>, name=java.lang.ThreadLocal$ThreadLocalMap$Entry)
ROOT 50000420 (kind=<system class>, name=java.lang.ThreadLocal$ThreadLocalMap$Entry)
ROOT 5000041e (kind=<system class>, name=java.lang.ThreadLocal$ThreadLocalMap)
ROOT 5000041b (kind=<system class>, name=java.lang.StringCoding)
ROOT 500003ee (kind=<system class>, name=sun.usagetracker.UsageTrackerClient$3)
ROOT 50000353 (kind=<system class>, name=java.util.TreeMap$Entry)
ROOT 50000351 (kind=<system class>, name=java.lang.ProcessEnvironment$CheckedEntry)
ROOT 5000034f (kind=<system class>, name=java.util.HashMap$EntryIterator)
ROOT 5000034e (kind=<system class>, name=java.util.HashMap$HashIterator)
ROOT 5000034c (kind=<system class>, name=java.lang.ProcessEnvironment$CheckedEntrySet$1)
ROOT 50000349 (kind=<system class>, name=java.util.HashMap$EntrySet)
ROOT 50000348 (kind=<system class>, name=java.lang.ProcessEnvironment$CheckedEntrySet)
ROOT 50000345 (kind=<system class>, name=java.util.TreeMap)
ROOT 50000344 (kind=<system class>, name=java.util.NavigableMap)
ROOT 50000343 (kind=<system class>, name=java.util.SortedMap)
ROOT 500001da (kind=<system class>, name=java.util.Collections$UnmodifiableMap)
ROOT 500001d7 (kind=<system class>, name=java.lang.ProcessEnvironment$EntryComparator)
ROOT 500001d5 (kind=<system class>, name=java.lang.ProcessEnvironment$NameComparator)
ROOT 500001d4 (kind=<system class>, name=java.lang.ProcessEnvironment)
ROOT 500001d2 (kind=<system class>, name=sun.usagetracker.UsageTrackerClient$2)
ROOT 500001c4 (kind=<system class>, name=sun.usagetracker.UsageTrackerClient$4)
ROOT 500001ba (kind=<system class>, name=sun.usagetracker.UsageTrackerClient$1)
ROOT 500001b5 (kind=<system class>, name=java.util.concurrent.atomic.AtomicBoolean)
ROOT 500001b3 (kind=<system class>, name=sun.usagetracker.UsageTrackerClient)
ROOT 500001b2 (kind=<system class>, name=sun.misc.PostVMInitHook)
ROOT 500001ab (kind=<system class>, name=java.lang.invoke.MethodHandleStatics$1)
ROOT 500001a9 (kind=<system class>, name=java.lang.invoke.MethodHandleStatics)
ROOT 500001a7 (kind=<system class>, name=java.lang.invoke.MemberName$Factory)
ROOT 500001a3 (kind=<system class>, name=java.lang.ClassValue$Version)
ROOT 500001a1 (kind=<system class>, name=java.lang.ClassValue$Identity)
ROOT 5000019c (kind=<system class>, name=java.lang.ClassValue$Entry[])
ROOT 5000019b (kind=<system class>, name=java.lang.ClassValue$Entry)
ROOT 5000019b (kind=<system class>, name=java.lang.ClassValue$Entry)
ROOT 5000019a (kind=<system class>, name=java.lang.invoke.MethodHandleImpl$4)
ROOT 50000199 (kind=<system class>, name=java.lang.ClassValue)
ROOT 50000195 (kind=<system class>, name=java.lang.invoke.MethodHandle[])
ROOT 50000130 (kind=<system class>, name=java.lang.invoke.MethodHandle)
ROOT 50000193 (kind=<system class>, name=java.lang.invoke.MethodHandleImpl$3)
ROOT 50000191 (kind=<system class>, name=java.lang.invoke.MethodHandleImpl$2)
ROOT 50000190 (kind=<system class>, name=java.util.function.Function)
ROOT 50000187 (kind=<system class>, name=java.lang.invoke.MethodHandleImpl$1)
ROOT 50000184 (kind=<system class>, name=java.lang.invoke.MethodHandleImpl)
ROOT 50000001 (kind=<system class>, name=java.lang.SystemClassLoaderAction)
ROOT 50000002 (kind=<system class>, name=sun.misc.Launcher$AppClassLoader$1)
ROOT 50000003 (kind=<system class>, name=sun.net.www.protocol.jar.Handler)
ROOT 50000004 (kind=<system class>, name=sun.misc.URLClassPath)
ROOT 50000005 (kind=<system class>, name=java.util.HashSet)
ROOT 50000006 (kind=<system class>, name=java.security.Principal[])
ROOT 50000007 (kind=<system class>, name=java.security.Principal)
ROOT 50000007 (kind=<system class>, name=java.security.Principal)
ROOT 50000008 (kind=<system class>, name=java.security.ProtectionDomain$Key)
ROOT 50000009 (kind=<system class>, name=java.security.ProtectionDomain$2)
ROOT 5000000a (kind=<system class>, name=sun.misc.JavaSecurityProtectionDomainAccess)
ROOT 5000000b (kind=<system class>, name=java.security.ProtectionDomain$JavaSecurityAccessImpl)
ROOT 5000000c (kind=<system class>, name=sun.misc.JavaSecurityAccess)
ROOT 5000000d (kind=<system class>, name=java.net.URL[])
ROOT 5000011a (kind=<system class>, name=java.net.URL)
ROOT 5000000e (kind=<system class>, name=sun.net.www.protocol.file.Handler)
ROOT 5000000f (kind=<system class>, name=java.net.URLStreamHandler)
ROOT 50000010 (kind=<system class>, name=java.net.Parts)
ROOT 50000011 (kind=<system class>, name=java.util.BitSet)
ROOT 50000012 (kind=<system class>, name=sun.net.www.ParseUtil)
ROOT 50000013 (kind=<system class>, name=java.io.FileInputStream$1)
ROOT 50000014 (kind=<system class>, name=java.util.HashMap$TreeNode)
ROOT 50000015 (kind=<system class>, name=java.lang.CharacterDataLatin1)
ROOT 50000016 (kind=<system class>, name=java.lang.CharacterData)
ROOT 50000017 (kind=<system class>, name=sun.util.locale.LocaleUtils)
ROOT 50000018 (kind=<system class>, name=java.util.Locale$LocaleKey)
ROOT 50000019 (kind=<system class>, name=sun.util.locale.LocaleObjectCache$CacheEntry)
ROOT 5000001a (kind=<system class>, name=sun.util.locale.BaseLocale$Key)
ROOT 5000001b (kind=<system class>, name=sun.util.locale.BaseLocale$Cache)
ROOT 5000001c (kind=<system class>, name=sun.util.locale.BaseLocale)
ROOT 5000001d (kind=<system class>, name=java.util.concurrent.ConcurrentHashMap$EntrySetView)
ROOT 5000001e (kind=<system class>, name=java.util.concurrent.ConcurrentHashMap$ValuesView)
ROOT 5000001f (kind=<system class>, name=java.util.concurrent.ConcurrentHashMap$KeySetView)
ROOT 50000020 (kind=<system class>, name=java.util.concurrent.ConcurrentHashMap$CollectionView)
ROOT 50000021 (kind=<system class>, name=java.util.concurrent.ConcurrentHashMap$CounterCell[])
ROOT 50000022 (kind=<system class>, name=java.util.concurrent.ConcurrentHashMap$CounterCell)
ROOT 50000022 (kind=<system class>, name=java.util.concurrent.ConcurrentHashMap$CounterCell)
ROOT 50000023 (kind=<system class>, name=java.util.concurrent.ConcurrentHashMap$Node[])
ROOT 50000024 (kind=<system class>, name=java.util.concurrent.ConcurrentHashMap$Node)
ROOT 50000024 (kind=<system class>, name=java.util.concurrent.ConcurrentHashMap$Node)
ROOT 50000025 (kind=<system class>, name=java.util.concurrent.ConcurrentHashMap$Segment[])
ROOT 50000028 (kind=<system class>, name=java.util.concurrent.ConcurrentHashMap$Segment)
ROOT 50000026 (kind=<system class>, name=java.util.concurrent.locks.ReentrantLock[])
ROOT 50000029 (kind=<system class>, name=java.util.concurrent.locks.ReentrantLock)
ROOT 50000027 (kind=<system class>, name=java.util.concurrent.locks.Lock[])
ROOT 5000002a (kind=<system class>, name=java.util.concurrent.locks.Lock)
ROOT 50000028 (kind=<system class>, name=java.util.concurrent.ConcurrentHashMap$Segment)
ROOT 50000029 (kind=<system class>, name=java.util.concurrent.locks.ReentrantLock)
ROOT 5000002a (kind=<system class>, name=java.util.concurrent.locks.Lock)
ROOT 5000002b (kind=<system class>, name=java.util.concurrent.ConcurrentHashMap)
ROOT 5000002c (kind=<system class>, name=java.util.concurrent.ConcurrentMap)
ROOT 5000002d (kind=<system class>, name=java.util.Locale$Cache)
ROOT 5000002e (kind=<system class>, name=sun.util.locale.LocaleObjectCache)
ROOT 5000002f (kind=<system class>, name=java.util.Locale)
ROOT 50000030 (kind=<system class>, name=java.lang.reflect.Array)
ROOT 50000031 (kind=<system class>, name=java.nio.charset.CoderResult$2)
ROOT 50000032 (kind=<system class>, name=java.nio.charset.CoderResult$1)
ROOT 50000033 (kind=<system class>, name=java.nio.charset.CoderResult$Cache)
ROOT 50000034 (kind=<system class>, name=java.nio.charset.CoderResult)
ROOT 50000035 (kind=<system class>, name=java.nio.HeapCharBuffer)
ROOT 50000036 (kind=<system class>, name=java.nio.CharBuffer)
ROOT 50000037 (kind=<system class>, name=sun.nio.cs.SingleByte$Decoder)
ROOT 50000038 (kind=<system class>, name=java.nio.charset.CharsetDecoder)
ROOT 50000039 (kind=<system class>, name=sun.nio.cs.ArrayDecoder)
ROOT 5000003a (kind=<system class>, name=sun.nio.cs.StreamDecoder)
ROOT 5000003b (kind=<system class>, name=java.io.FileReader)
ROOT 5000003c (kind=<system class>, name=java.io.InputStreamReader)
ROOT 5000003d (kind=<system class>, name=java.io.BufferedReader)
ROOT 5000003e (kind=<system class>, name=java.io.Reader)
ROOT 5000003f (kind=<system class>, name=java.lang.Readable)
ROOT 50000040 (kind=<system class>, name=sun.misc.MetaIndex)
ROOT 50000041 (kind=<system class>, name=sun.misc.Launcher$ExtClassLoader$1)
ROOT 50000042 (kind=<system class>, name=java.io.File[])
ROOT 5000011c (kind=<system class>, name=java.io.File)
ROOT 50000043 (kind=<system class>, name=java.util.StringTokenizer)
ROOT 50000044 (kind=<system class>, name=java.net.URLClassLoader$7)
ROOT 50000045 (kind=<system class>, name=sun.misc.JavaNetAccess)
ROOT 50000046 (kind=<system class>, name=java.util.WeakHashMap$KeySet)
ROOT 50000047 (kind=<system class>, name=java.util.Collections$SetFromMap)
ROOT 50000048 (kind=<system class>, name=java.util.WeakHashMap$Entry[])
ROOT 5000004b (kind=<system class>, name=java.util.WeakHashMap$Entry)
ROOT 50000049 (kind=<system class>, name=java.lang.ref.WeakReference[])
ROOT 50000151 (kind=<system class>, name=java.lang.ref.WeakReference)
ROOT 5000004a (kind=<system class>, name=java.lang.ref.Reference[])
ROOT 50000153 (kind=<system class>, name=java.lang.ref.Reference)
ROOT 5000004b (kind=<system class>, name=java.util.WeakHashMap$Entry)
ROOT 5000004c (kind=<system class>, name=java.lang.ClassLoader$ParallelLoaders)
ROOT 5000004d (kind=<system class>, name=sun.security.util.Debug)
ROOT 5000004e (kind=<system class>, name=sun.misc.Launcher$Factory)
ROOT 5000004f (kind=<system class>, name=java.net.URLStreamHandlerFactory)
ROOT 50000050 (kind=<system class>, name=java.lang.Compiler$1)
ROOT 50000051 (kind=<system class>, name=java.lang.Compiler)
ROOT 50000052 (kind=<system class>, name=java.lang.IllegalArgumentException)
ROOT 50000053 (kind=<system class>, name=java.lang.System$2)
ROOT 50000054 (kind=<system class>, name=sun.misc.JavaLangAccess)
ROOT 50000055 (kind=<system class>, name=sun.io.Win32ErrorMode)
ROOT 50000056 (kind=<system class>, name=sun.misc.OSEnvironment)
ROOT 50000057 (kind=<system class>, name=java.lang.Integer[])
ROOT 5000010b (kind=<system class>, name=java.lang.Integer)
ROOT 50000058 (kind=<system class>, name=java.lang.Number[])
ROOT 50000110 (kind=<system class>, name=java.lang.Number)
ROOT 50000059 (kind=<system class>, name=java.lang.Integer$IntegerCache)
ROOT 5000005a (kind=<system class>, name=sun.misc.NativeSignalHandler)
ROOT 5000005b (kind=<system class>, name=sun.misc.Signal)
ROOT 5000005c (kind=<system class>, name=java.lang.Terminator$1)
ROOT 5000005d (kind=<system class>, name=sun.misc.SignalHandler)
ROOT 5000005e (kind=<system class>, name=java.lang.Terminator)
ROOT 5000005f (kind=<system class>, name=java.lang.ClassLoader$NativeLibrary)
ROOT 50000060 (kind=<system class>, name=java.util.LinkedHashMap$Entry)
ROOT 50000061 (kind=<system class>, name=java.io.ExpiringCache$Entry)
ROOT 50000062 (kind=<system class>, name=java.io.File$PathStatus[])
ROOT 50000067 (kind=<system class>, name=java.io.File$PathStatus)
ROOT 50000063 (kind=<system class>, name=java.lang.Enum[])
ROOT 50000068 (kind=<system class>, name=java.lang.Enum)
ROOT 50000064 (kind=<system class>, name=java.lang.ClassLoader$3)
ROOT 50000065 (kind=<system class>, name=java.nio.file.Path)
ROOT 50000066 (kind=<system class>, name=java.nio.file.Watchable)
ROOT 50000067 (kind=<system class>, name=java.io.File$PathStatus)
ROOT 50000068 (kind=<system class>, name=java.lang.Enum)
ROOT 50000069 (kind=<system class>, name=java.io.ExpiringCache$1)
ROOT 5000006a (kind=<system class>, name=java.util.LinkedHashMap)
ROOT 5000006b (kind=<system class>, name=java.io.ExpiringCache)
ROOT 5000006c (kind=<system class>, name=java.io.WinNTFileSystem)
ROOT 5000006d (kind=<system class>, name=java.io.FileSystem)
ROOT 5000006e (kind=<system class>, name=java.io.DefaultFileSystem)
ROOT 5000006f (kind=<system class>, name=java.io.BufferedWriter)
ROOT 50000070 (kind=<system class>, name=java.nio.Bits$1)
ROOT 50000071 (kind=<system class>, name=sun.misc.JavaNioAccess)
ROOT 50000072 (kind=<system class>, name=java.util.concurrent.atomic.AtomicLong)
ROOT 50000073 (kind=<system class>, name=java.nio.ByteOrder)
ROOT 50000074 (kind=<system class>, name=java.nio.Bits)
ROOT 50000075 (kind=<system class>, name=java.nio.HeapByteBuffer)
ROOT 50000076 (kind=<system class>, name=java.nio.ByteBuffer)
ROOT 50000077 (kind=<system class>, name=java.nio.charset.CodingErrorAction)
ROOT 50000078 (kind=<system class>, name=sun.nio.cs.SingleByte$Encoder)
ROOT 50000079 (kind=<system class>, name=java.nio.charset.CharsetEncoder)
ROOT 5000007a (kind=<system class>, name=sun.nio.cs.ArrayEncoder)
ROOT 5000007b (kind=<system class>, name=sun.reflect.DelegatingConstructorAccessorImpl)
ROOT 5000007c (kind=<system class>, name=sun.reflect.NativeConstructorAccessorImpl)
ROOT 5000007d (kind=<system class>, name=sun.reflect.ReflectionFactory$1)
ROOT 5000007e (kind=<system class>, name=java.lang.Class$1)
ROOT 5000007f (kind=<system class>, name=java.lang.reflect.Constructor[])
ROOT 5000013e (kind=<system class>, name=java.lang.reflect.Constructor)
ROOT 50000080 (kind=<system class>, name=java.lang.reflect.Executable[])
ROOT 50000140 (kind=<system class>, name=java.lang.reflect.Executable)
ROOT 50000081 (kind=<system class>, name=sun.nio.cs.SingleByte)
ROOT 50000082 (kind=<system class>, name=sun.nio.cs.MS1252)
ROOT 50000083 (kind=<system class>, name=sun.nio.cs.HistoricallyNamedCharset)
ROOT 50000084 (kind=<system class>, name=sun.security.action.GetPropertyAction)
ROOT 50000085 (kind=<system class>, name=java.util.concurrent.atomic.AtomicInteger)
ROOT 50000086 (kind=<system class>, name=java.lang.ThreadLocal)
ROOT 50000087 (kind=<system class>, name=sun.nio.cs.StandardCharsets$Cache)
ROOT 50000088 (kind=<system class>, name=sun.nio.cs.StandardCharsets$Classes)
ROOT 50000089 (kind=<system class>, name=sun.nio.cs.StandardCharsets$Aliases)
ROOT 5000008a (kind=<system class>, name=sun.util.PreHashedMap)
ROOT 5000008b (kind=<system class>, name=sun.nio.cs.StandardCharsets)
ROOT 5000008c (kind=<system class>, name=sun.nio.cs.FastCharsetProvider)
ROOT 5000008d (kind=<system class>, name=java.nio.charset.spi.CharsetProvider)
ROOT 5000008e (kind=<system class>, name=java.nio.charset.Charset)
ROOT 5000008f (kind=<system class>, name=sun.nio.cs.StreamEncoder)
ROOT 50000090 (kind=<system class>, name=java.io.OutputStreamWriter)
ROOT 50000091 (kind=<system class>, name=java.io.Writer)
ROOT 50000092 (kind=<system class>, name=java.io.BufferedOutputStream)
ROOT 50000093 (kind=<system class>, name=java.io.PrintStream)
ROOT 50000094 (kind=<system class>, name=java.io.FilterOutputStream)
ROOT 50000095 (kind=<system class>, name=java.util.Arrays)
ROOT 50000096 (kind=<system class>, name=sun.reflect.misc.ReflectUtil)
ROOT 50000097 (kind=<system class>, name=java.lang.reflect.ReflectAccess)
ROOT 50000098 (kind=<system class>, name=sun.reflect.LangReflectAccess)
ROOT 50000099 (kind=<system class>, name=java.lang.reflect.Modifier)
ROOT 5000009a (kind=<system class>, name=java.lang.ClassValue$ClassValueMap)
ROOT 5000009b (kind=<system class>, name=java.util.WeakHashMap)
ROOT 5000009c (kind=<system class>, name=sun.reflect.annotation.AnnotationType)
ROOT 5000009d (kind=<system class>, name=java.lang.Class$AnnotationData)
ROOT 5000009e (kind=<system class>, name=sun.reflect.generics.repository.ClassRepository)
ROOT 5000009f (kind=<system class>, name=sun.reflect.generics.repository.GenericDeclRepository)
ROOT 500000a0 (kind=<system class>, name=sun.reflect.generics.repository.AbstractRepository)
ROOT 500000a1 (kind=<system class>, name=java.lang.reflect.Field[])
ROOT 50000142 (kind=<system class>, name=java.lang.reflect.Field)
ROOT 500000a2 (kind=<system class>, name=java.lang.reflect.Member[])
ROOT 50000143 (kind=<system class>, name=java.lang.reflect.Member)
ROOT 500000a3 (kind=<system class>, name=java.lang.reflect.AccessibleObject[])
ROOT 50000144 (kind=<system class>, name=java.lang.reflect.AccessibleObject)
ROOT 500000a4 (kind=<system class>, name=java.lang.Class$Atomic)
ROOT 500000a5 (kind=<system class>, name=java.lang.Class$ReflectionData)
ROOT 500000a6 (kind=<system class>, name=java.lang.Class$3)
ROOT 500000a7 (kind=<system class>, name=java.util.concurrent.atomic.AtomicReferenceFieldUpdater$AtomicReferenceFieldUpdaterImpl$1)
ROOT 500000a8 (kind=<system class>, name=java.security.PrivilegedExceptionAction)
ROOT 500000a9 (kind=<system class>, name=java.util.concurrent.atomic.AtomicReferenceFieldUpdater$AtomicReferenceFieldUpdaterImpl)
ROOT 500000aa (kind=<system class>, name=java.util.concurrent.atomic.AtomicReferenceFieldUpdater)
ROOT 500000ab (kind=<system class>, name=java.io.BufferedInputStream)
ROOT 500000ac (kind=<system class>, name=java.io.FilterInputStream)
ROOT 500000ad (kind=<system class>, name=java.io.FileOutputStream)
ROOT 500000ae (kind=<system class>, name=java.io.OutputStream)
ROOT 500000af (kind=<system class>, name=java.io.Flushable)
ROOT 500000b0 (kind=<system class>, name=java.io.FileDescriptor$1)
ROOT 500000b1 (kind=<system class>, name=sun.misc.JavaIOFileDescriptorAccess)
ROOT 500000b2 (kind=<system class>, name=java.io.FileDescriptor)
ROOT 500000b3 (kind=<system class>, name=java.io.FileInputStream)
ROOT 500000b4 (kind=<system class>, name=sun.misc.Version)
ROOT 500000b5 (kind=<system class>, name=java.lang.Runtime)
ROOT 500000b6 (kind=<system class>, name=java.util.Hashtable$Enumerator)
ROOT 500000b7 (kind=<system class>, name=java.util.Iterator)
ROOT 500000b8 (kind=<system class>, name=java.util.Enumeration)
ROOT 500000b9 (kind=<system class>, name=java.util.Objects)
ROOT 500000ba (kind=<system class>, name=java.util.Collections$SynchronizedSet)
ROOT 500000bb (kind=<system class>, name=java.util.Collections$SynchronizedCollection)
ROOT 500000bc (kind=<system class>, name=java.util.Hashtable$EntrySet)
ROOT 500000bd (kind=<system class>, name=java.lang.ref.Finalizer$FinalizerThread)
ROOT 500000be (kind=<system class>, name=java.lang.Math)
ROOT 500000bf (kind=<system class>, name=java.util.Hashtable$Entry[])
ROOT 500000c0 (kind=<system class>, name=java.util.Hashtable$Entry)
ROOT 500000c0 (kind=<system class>, name=java.util.Hashtable$Entry)
ROOT 500000c1 (kind=<system class>, name=sun.misc.VM)
ROOT 500000c2 (kind=<system class>, name=java.util.HashMap$Node[])
ROOT 500000c4 (kind=<system class>, name=java.util.HashMap$Node)
ROOT 500000c3 (kind=<system class>, name=java.util.Map$Entry[])
ROOT 500000c5 (kind=<system class>, name=java.util.Map$Entry)
ROOT 500000c4 (kind=<system class>, name=java.util.HashMap$Node)
ROOT 500000c5 (kind=<system class>, name=java.util.Map$Entry)
ROOT 500000c6 (kind=<system class>, name=java.util.HashMap)
ROOT 500000c7 (kind=<system class>, name=sun.reflect.Reflection)
ROOT 500000c8 (kind=<system class>, name=java.lang.String[])
ROOT 5000016e (kind=<system class>, name=java.lang.String)
ROOT 500000c9 (kind=<system class>, name=java.lang.CharSequence[])
ROOT 5000016f (kind=<system class>, name=java.lang.CharSequence)
ROOT 500000ca (kind=<system class>, name=java.lang.NoSuchMethodError)
ROOT 500000cb (kind=<system class>, name=java.lang.IncompatibleClassChangeError)
ROOT 500000cc (kind=<system class>, name=sun.misc.SharedSecrets)
ROOT 500000cd (kind=<system class>, name=java.lang.ref.Reference$1)
ROOT 500000ce (kind=<system class>, name=sun.misc.JavaLangRefAccess)
ROOT 500000cf (kind=<system class>, name=java.lang.Thread[])
ROOT 5000014b (kind=<system class>, name=java.lang.Thread)
ROOT 500000d0 (kind=<system class>, name=java.lang.Runnable[])
ROOT 5000014c (kind=<system class>, name=java.lang.Runnable)
ROOT 500000d1 (kind=<system class>, name=java.lang.ref.ReferenceQueue$Lock)
ROOT 500000d2 (kind=<system class>, name=java.lang.ref.ReferenceQueue$Null)
ROOT 500000d3 (kind=<system class>, name=java.lang.ref.ReferenceQueue)
ROOT 500000d4 (kind=<system class>, name=java.util.Collections$UnmodifiableRandomAccessList)
ROOT 500000d5 (kind=<system class>, name=java.util.Collections$UnmodifiableList)
ROOT 500000d6 (kind=<system class>, name=java.util.Collections$UnmodifiableCollection)
ROOT 500000d7 (kind=<system class>, name=java.util.Collections$EmptyMap)
ROOT 500000d8 (kind=<system class>, name=java.util.AbstractMap)
ROOT 500000d9 (kind=<system class>, name=java.util.Collections$EmptyList)
ROOT 500000da (kind=<system class>, name=java.util.Collections$EmptySet)
ROOT 500000db (kind=<system class>, name=java.util.AbstractSet)
ROOT 500000dc (kind=<system class>, name=java.util.Set)
ROOT 500000dd (kind=<system class>, name=java.util.Collections)
ROOT 500000de (kind=<system class>, name=java.util.ArrayList)
ROOT 500000df (kind=<system class>, name=java.lang.InterruptedException)
ROOT 500000e0 (kind=<system class>, name=java.lang.ref.Reference$ReferenceHandler)
ROOT 500000e1 (kind=<system class>, name=java.lang.ref.Reference$Lock)
ROOT 500000e2 (kind=<system class>, name=sun.reflect.ReflectionFactory)
ROOT 500000e3 (kind=<system class>, name=java.util.Stack)
ROOT 500000e4 (kind=<system class>, name=java.util.Vector)
ROOT 500000e5 (kind=<system class>, name=java.util.AbstractList)
ROOT 500000e6 (kind=<system class>, name=java.util.AbstractCollection)
ROOT 500000e7 (kind=<system class>, name=java.util.RandomAccess)
ROOT 500000e8 (kind=<system class>, name=java.util.List)
ROOT 500000e9 (kind=<system class>, name=java.util.Collection)
ROOT 500000ea (kind=<system class>, name=java.lang.Iterable)
ROOT 500000eb (kind=<system class>, name=java.security.cert.Certificate[])
ROOT 500000ec (kind=<system class>, name=java.security.cert.Certificate)
ROOT 500000ec (kind=<system class>, name=java.security.cert.Certificate)
ROOT 500000ed (kind=<system class>, name=sun.reflect.ReflectionFactory$GetReflectionFactoryAction)
ROOT 500000ee (kind=<system class>, name=java.security.PrivilegedAction)
ROOT 500000ef (kind=<system class>, name=java.lang.reflect.ReflectPermission)
ROOT 500000f0 (kind=<system class>, name=java.security.AccessController)
ROOT 500000f1 (kind=<system class>, name=java.lang.RuntimePermission)
ROOT 500000f2 (kind=<system class>, name=java.security.BasicPermission)
ROOT 500000f3 (kind=<system class>, name=java.security.Permission)
ROOT 500000f4 (kind=<system class>, name=java.security.Guard)
ROOT 500000f5 (kind=<system class>, name=java.lang.StackTraceElement[])
ROOT 50000114 (kind=<system class>, name=java.lang.StackTraceElement)
ROOT 500000f6 (kind=<system class>, name=java.lang.ThreadGroup[])
ROOT 50000149 (kind=<system class>, name=java.lang.ThreadGroup)
ROOT 500000f7 (kind=<system class>, name=java.lang.Thread$UncaughtExceptionHandler[])
ROOT 5000014a (kind=<system class>, name=java.lang.Thread$UncaughtExceptionHandler)
ROOT 500000f8 (kind=<system class>, name=com.sun.demo.jvmti.hprof.Tracker)
ROOT 500000f9 (kind=<system class>, name=java.lang.String$CaseInsensitiveComparator)
ROOT 500000fa (kind=<system class>, name=java.util.Comparator)
ROOT 500000fb (kind=<system class>, name=java.io.ObjectStreamField[])
ROOT 500000fd (kind=<system class>, name=java.io.ObjectStreamField)
ROOT 500000fc (kind=<system class>, name=java.lang.Comparable[])
ROOT 50000170 (kind=<system class>, name=java.lang.Comparable)
ROOT 500000fd (kind=<system class>, name=java.io.ObjectStreamField)
ROOT 500000fe (kind=<system class>, name=java.lang.OutOfMemoryError[])
ROOT 50000156 (kind=<system class>, name=java.lang.OutOfMemoryError)
ROOT 500000ff (kind=<system class>, name=java.lang.VirtualMachineError[])
ROOT 50000157 (kind=<system class>, name=java.lang.VirtualMachineError)
ROOT 50000100 (kind=<system class>, name=java.lang.Error[])
ROOT 50000165 (kind=<system class>, name=java.lang.Error)
ROOT 50000101 (kind=<system class>, name=java.lang.Throwable[])
ROOT 50000166 (kind=<system class>, name=java.lang.Throwable)
ROOT 50000102 (kind=<system class>, name=java.lang.ArithmeticException)
ROOT 50000103 (kind=<system class>, name=java.lang.NullPointerException)
ROOT 50000104 (kind=<system class>, name=java.lang.Class[])
ROOT 5000016a (kind=<system class>, name=java.lang.Class)
ROOT 50000105 (kind=<system class>, name=java.io.Serializable[])
ROOT 50000171 (kind=<system class>, name=java.io.Serializable)
ROOT 50000106 (kind=<system class>, name=java.lang.reflect.GenericDeclaration[])
ROOT 5000016c (kind=<system class>, name=java.lang.reflect.GenericDeclaration)
ROOT 50000107 (kind=<system class>, name=java.lang.reflect.AnnotatedElement[])
ROOT 5000016d (kind=<system class>, name=java.lang.reflect.AnnotatedElement)
ROOT 50000108 (kind=<system class>, name=java.lang.reflect.Type[])
ROOT 5000016b (kind=<system class>, name=java.lang.reflect.Type)
ROOT 50000109 (kind=<system class>, name=java.lang.Object[])
ROOT 50000172 (kind=<system class>, name=java.lang.Object)
ROOT 5000010a (kind=<system class>, name=java.lang.Long)
ROOT 5000010b (kind=<system class>, name=java.lang.Integer)
ROOT 5000010c (kind=<system class>, name=java.lang.Short)
ROOT 5000010d (kind=<system class>, name=java.lang.Byte)
ROOT 5000010e (kind=<system class>, name=java.lang.Double)
ROOT 5000010f (kind=<system class>, name=java.lang.Float)
ROOT 50000110 (kind=<system class>, name=java.lang.Number)
ROOT 50000111 (kind=<system class>, name=java.lang.Character)
ROOT 50000112 (kind=<system class>, name=java.lang.Boolean)
ROOT 50000113 (kind=<system class>, name=java.nio.Buffer)
ROOT 50000114 (kind=<system class>, name=java.lang.StackTraceElement)
ROOT 50000115 (kind=<system class>, name=java.security.CodeSource)
ROOT 50000116 (kind=<system class>, name=sun.misc.Launcher$ExtClassLoader)
ROOT 50000117 (kind=<system class>, name=sun.misc.Launcher$AppClassLoader)
ROOT 50000118 (kind=<system class>, name=sun.misc.Launcher)
ROOT 50000119 (kind=<system class>, name=java.util.jar.Manifest)
ROOT 5000011a (kind=<system class>, name=java.net.URL)
ROOT 5000011b (kind=<system class>, name=java.net.URLClassLoader)
ROOT 5000011c (kind=<system class>, name=java.io.File)
ROOT 5000011d (kind=<system class>, name=java.io.ByteArrayInputStream)
ROOT 5000011e (kind=<system class>, name=java.io.InputStream)
ROOT 5000011f (kind=<system class>, name=java.io.Closeable)
ROOT 50000120 (kind=<system class>, name=java.lang.AutoCloseable)
ROOT 50000121 (kind=<system class>, name=sun.misc.Unsafe)
ROOT 50000122 (kind=<system class>, name=java.lang.StringBuilder)
ROOT 50000123 (kind=<system class>, name=java.lang.StringBuffer)
ROOT 50000124 (kind=<system class>, name=java.lang.AbstractStringBuilder)
ROOT 50000125 (kind=<system class>, name=java.lang.Appendable)
ROOT 50000126 (kind=<system class>, name=java.lang.invoke.VolatileCallSite)
ROOT 50000127 (kind=<system class>, name=java.lang.invoke.MutableCallSite)
ROOT 50000128 (kind=<system class>, name=java.lang.invoke.ConstantCallSite)
ROOT 50000129 (kind=<system class>, name=java.lang.invoke.CallSite)
ROOT 5000012a (kind=<system class>, name=java.lang.BootstrapMethodError)
ROOT 5000012b (kind=<system class>, name=java.lang.invoke.MethodType)
ROOT 5000012c (kind=<system class>, name=java.lang.invoke.LambdaForm)
ROOT 5000012d (kind=<system class>, name=java.lang.invoke.MethodHandleNatives)
ROOT 5000012e (kind=<system class>, name=java.lang.invoke.MemberName)
ROOT 5000012f (kind=<system class>, name=java.lang.invoke.DirectMethodHandle)
ROOT 50000130 (kind=<system class>, name=java.lang.invoke.MethodHandle)
ROOT 50000131 (kind=<system class>, name=sun.reflect.CallerSensitive)
ROOT 50000132 (kind=<system class>, name=java.lang.annotation.Annotation)
ROOT 50000133 (kind=<system class>, name=sun.reflect.UnsafeStaticFieldAccessorImpl)
ROOT 50000134 (kind=<system class>, name=sun.reflect.UnsafeFieldAccessorImpl)
ROOT 50000135 (kind=<system class>, name=sun.reflect.FieldAccessorImpl)
ROOT 50000136 (kind=<system class>, name=sun.reflect.FieldAccessor)
ROOT 50000137 (kind=<system class>, name=sun.reflect.ConstantPool)
ROOT 50000138 (kind=<system class>, name=sun.reflect.DelegatingClassLoader)
ROOT 50000139 (kind=<system class>, name=sun.reflect.ConstructorAccessorImpl)
ROOT 5000013a (kind=<system class>, name=sun.reflect.ConstructorAccessor)
ROOT 5000013b (kind=<system class>, name=sun.reflect.MethodAccessorImpl)
ROOT 5000013c (kind=<system class>, name=sun.reflect.MethodAccessor)
ROOT 5000013d (kind=<system class>, name=sun.reflect.MagicAccessorImpl)
ROOT 5000013e (kind=<system class>, name=java.lang.reflect.Constructor)
ROOT 5000013f (kind=<system class>, name=java.lang.reflect.Method)
ROOT 50000140 (kind=<system class>, name=java.lang.reflect.Executable)
ROOT 50000141 (kind=<system class>, name=java.lang.reflect.Parameter)
ROOT 50000142 (kind=<system class>, name=java.lang.reflect.Field)
ROOT 50000143 (kind=<system class>, name=java.lang.reflect.Member)
ROOT 50000144 (kind=<system class>, name=java.lang.reflect.AccessibleObject)
ROOT 50000145 (kind=<system class>, name=java.util.Properties)
ROOT 50000146 (kind=<system class>, name=java.util.Hashtable)
ROOT 50000147 (kind=<system class>, name=java.util.Dictionary)
ROOT 50000148 (kind=<system class>, name=java.util.Map)
ROOT 50000149 (kind=<system class>, name=java.lang.ThreadGroup)
ROOT 5000014a (kind=<system class>, name=java.lang.Thread$UncaughtExceptionHandler)
ROOT 5000014b (kind=<system class>, name=java.lang.Thread)
ROOT 5000014c (kind=<system class>, name=java.lang.Runnable)
ROOT 5000014d (kind=<system class>, name=java.lang.ref.Finalizer)
ROOT 5000014e (kind=<system class>, name=sun.misc.Cleaner)
ROOT 5000014f (kind=<system class>, name=java.lang.ref.PhantomReference)
ROOT 50000150 (kind=<system class>, name=java.lang.ref.FinalReference)
ROOT 50000151 (kind=<system class>, name=java.lang.ref.WeakReference)
ROOT 50000152 (kind=<system class>, name=java.lang.ref.SoftReference)
ROOT 50000153 (kind=<system class>, name=java.lang.ref.Reference)
ROOT 50000154 (kind=<system class>, name=java.lang.IllegalMonitorStateException)
ROOT 50000155 (kind=<system class>, name=java.lang.StackOverflowError)
ROOT 50000156 (kind=<system class>, name=java.lang.OutOfMemoryError)
ROOT 50000157 (kind=<system class>, name=java.lang.VirtualMachineError)
ROOT 50000158 (kind=<system class>, name=java.lang.ArrayStoreException)
ROOT 50000159 (kind=<system class>, name=java.lang.ClassCastException)
ROOT 5000015a (kind=<system class>, name=java.lang.NoClassDefFoundError)
ROOT 5000015b (kind=<system class>, name=java.lang.LinkageError)
ROOT 5000015c (kind=<system class>, name=java.lang.ClassNotFoundException)
ROOT 5000015d (kind=<system class>, name=java.lang.ReflectiveOperationException)
ROOT 5000015e (kind=<system class>, name=java.security.SecureClassLoader)
ROOT 5000015f (kind=<system class>, name=java.security.AccessControlContext)
ROOT 50000160 (kind=<system class>, name=java.security.ProtectionDomain)
ROOT 50000161 (kind=<system class>, name=java.lang.SecurityManager)
ROOT 50000162 (kind=<system class>, name=java.lang.RuntimeException)
ROOT 50000163 (kind=<system class>, name=java.lang.Exception)
ROOT 50000164 (kind=<system class>, name=java.lang.ThreadDeath)
ROOT 50000165 (kind=<system class>, name=java.lang.Error)
ROOT 50000166 (kind=<system class>, name=java.lang.Throwable)
ROOT 50000167 (kind=<system class>, name=java.lang.System)
ROOT 50000168 (kind=<system class>, name=java.lang.ClassLoader)
ROOT 50000169 (kind=<system class>, name=java.lang.Cloneable)
ROOT 5000016a (kind=<system class>, name=java.lang.Class)
ROOT 5000016b (kind=<system class>, name=java.lang.reflect.Type)
ROOT 5000016c (kind=<system class>, name=java.lang.reflect.GenericDeclaration)
ROOT 5000016d (kind=<system class>, name=java.lang.reflect.AnnotatedElement)
ROOT 5000016e (kind=<system class>, name=java.lang.String)
ROOT 5000016f (kind=<system class>, name=java.lang.CharSequence)
ROOT 50000170 (kind=<system class>, name=java.lang.Comparable)
ROOT 50000171 (kind=<system class>, name=java.io.Serializable)
ROOT 50000172 (kind=<system class>, name=java.lang.Object)
ROOT 50000173 (kind=<system class>, name=long[])
ROOT 50000d3c (kind=<system class>, name=java.lang.Class)
ROOT 50000174 (kind=<system class>, name=int[])
ROOT 50000d3d (kind=<system class>, name=java.lang.Class)
ROOT 50000175 (kind=<system class>, name=short[])
ROOT 50000d3e (kind=<system class>, name=java.lang.Class)
ROOT 50000176 (kind=<system class>, name=byte[])
ROOT 50000d3f (kind=<system class>, name=java.lang.Class)
ROOT 50000177 (kind=<system class>, name=double[])
ROOT 50000d40 (kind=<system class>, name=java.lang.Class)
ROOT 50000178 (kind=<system class>, name=float[])
ROOT 50000d41 (kind=<system class>, name=java.lang.Class)
ROOT 50000179 (kind=<system class>, name=char[])
ROOT 50000d42 (kind=<system class>, name=java.lang.Class)
ROOT 5000017a (kind=<system class>, name=boolean[])
ROOT 50000d43 (kind=<system class>, name=java.lang.Class)
ROOT 50000c71 (kind=<busy monitor>)
ROOT 50000c6e (kind=<busy monitor>)
ROOT 50000d3d (kind=<unknown>)
ROOT 50000d41 (kind=<unknown>)
ROOT 50000d40 (kind=<unknown>)
ROOT 50000d3f (kind=<unknown>)
ROOT 50000d43 (kind=<unknown>)
ROOT 50000d42 (kind=<unknown>)
ROOT 50000d3c (kind=<unknown>)
ROOT 50000d3e (kind=<unknown>)
ROOT 50000d44 (kind=<unknown>)
ROOT 50000d43 (kind=<unknown>)
ROOT 50000d42 (kind=<unknown>)
ROOT 50000d41 (kind=<unknown>)
ROOT 50000d40 (kind=<unknown>)
ROOT 50000d3f (kind=<unknown>)
ROOT 50000d3e (kind=<unknown>)
ROOT 50000d3d (kind=<unknown>)
ROOT 50000d3c (kind=<unknown>)
ROOT 50000d44 (kind=<unknown>)
ROOT 50000d45 (kind=<unknown>)
ROOT 50000d46 (kind=<unknown>)
ROOT 50000d47 (kind=<unknown>)
ROOT 50000d48 (kind=<unknown>)
ROOT 50000d49 (kind=<unknown>)
ROOT 50000d4a (kind=<unknown>)
ROOT 50000d4b (kind=<unknown>)
ROOT 50000d4c (kind=<unknown>)
ROOT 50000d4d (kind=<unknown>)
ROOT 50000d4e (kind=<unknown>)
ROOT 50000d4f (kind=<unknown>)
ROOT 50000d50 (kind=<unknown>)
ROOT 50000d51 (kind=<unknown>)
ROOT 50000d52 (kind=<unknown>)
ROOT 50000d53 (kind=<unknown>)
ROOT 50000d54 (kind=<unknown>)
ROOT 500000f8 (kind=<unknown>)
ROOT 50000d55 (kind=<unknown>)
ROOT 50000d56 (kind=<unknown>)
ROOT 50000d57 (kind=<unknown>)
ROOT 500000f8 (kind=<unknown>)
ROOT 500000f8 (kind=<unknown>)
ROOT 500000f8 (kind=<unknown>)
ROOT 50000d58 (kind=<unknown>)
ROOT 50000167 (kind=<unknown>)
ROOT 5000003d (kind=<unknown>)
ROOT 50000d59 (kind=<unknown>)
ROOT 500000f8 (kind=<unknown>)
ROOT 500000f8 (kind=<unknown>)
ROOT 50000d5a (kind=<unknown>)
ROOT 50000d5a (kind=<unknown>)
ROOT 50000d5a (kind=<unknown>)
ROOT 50000d5b (kind=<unknown>)
ROOT 500000f8 (kind=<unknown>)
ROOT 50000d5c (kind=<unknown>)
ROOT 50000d5c (kind=<unknown>)
ROOT 500000f8 (kind=<unknown>)
ROOT 50000d5d (kind=<unknown>)
ROOT 50000d58 (kind=<unknown>)
ROOT 500000f8 (kind=<unknown>)
ROOT 500000f8 (kind=<unknown>)
ROOT 50000d58 (kind=<unknown>)
ROOT 500000f8 (kind=<unknown>)
ROOT 50000d58 (kind=<unknown>)
ROOT 500000f8 (kind=<unknown>)
ROOT 50000d58 (kind=<unknown>)
ROOT 50000167 (kind=<unknown>)
OBJ 5000017b (sz=376, trace=300001, class=java.lang.Thread@5000014b)
OBJ 5000017c (sz=16, trace=300002, class=java.lang.Object@50000172)
OBJ 5000017d (sz=376, trace=300001, class=java.lang.Thread@5000014b)
OBJ 5000017e (sz=16, trace=300002, class=java.lang.Object@50000172)
OBJ 5000017f (sz=376, trace=300001, class=java.lang.Thread@5000014b)
OBJ 50000180 (sz=16, trace=300002, class=java.lang.Object@50000172)
OBJ 50000181 (sz=376, trace=300000, class=java.lang.Thread@5000014b)
OBJ 50000182 (sz=376, trace=300001, class=java.lang.Thread@5000014b)
OBJ 50000183 (sz=16, trace=300002, class=java.lang.Object@50000172)
ARR 50000185 (sz=24, trace=300004, nelems=0, elem type=java.lang.Object[]@50000109)
OBJ 50000186 (sz=16, trace=300005, class=java.lang.Integer@5000010b)
OBJ 50000188 (sz=16, trace=300007, class=java.lang.invoke.MethodHandleImpl$1@50000187)
OBJ 50000189 (sz=24, trace=300008, class=java.lang.StringBuilder@50000122)
ARR 5000018a (sz=48, trace=300009, nelems=0, elem type=char[])
ARR 5000018b (sz=88, trace=300010, nelems=0, elem type=char[])
ARR 5000018c (sz=160, trace=300010, nelems=0, elem type=char[])
OBJ 5000018d (sz=24, trace=300011, class=java.lang.String@5000016e)
ARR 5000018e (sz=104, trace=300012, nelems=0, elem type=char[])
OBJ 5000018f (sz=16, trace=300013, class=java.lang.Integer@5000010b)
OBJ 50000192 (sz=16, trace=300015, class=java.lang.invoke.MethodHandleImpl$2@50000191)
OBJ 50000194 (sz=16, trace=300017, class=java.lang.invoke.MethodHandleImpl$3@50000193)
ARR 50000196 (sz=24, trace=300018, nelems=0, elem type=java.lang.invoke.MethodHandle[]@50000195)
ARR 50000197 (sz=16, trace=300019, nelems=0, elem type=java.lang.Object[]@50000109)
ARR 50000198 (sz=1040, trace=300020, nelems=0, elem type=java.lang.invoke.MethodHandle[]@50000195)
ARR 5000019d (sz=24, trace=300023, nelems=0, elem type=java.lang.ClassValue$Entry[]@5000019c)
OBJ 5000019e (sz=16, trace=300024, class=java.util.concurrent.atomic.AtomicInteger@50000085)
OBJ 5000019f (sz=16, trace=300025, class=java.lang.Object@50000172)
OBJ 500001a0 (sz=24, trace=300026, class=java.lang.invoke.MethodHandleImpl$4@5000019a)
	identity	500001a2
	version		500001a4
OBJ 500001a2 (sz=16, trace=300028, class=java.lang.ClassValue$Identity@500001a1)
OBJ 500001a4 (sz=24, trace=300030, class=java.lang.ClassValue$Version@500001a3)
	classValue	500001a0
	promise		500001a6
OBJ 500001a5 (sz=32, trace=300031, class=java.lang.ClassValue$Entry@5000019b)
	queue		5000115f
OBJ 500001a6 (sz=32, trace=300032, class=java.lang.ClassValue$Entry@5000019b)
	referent	500001a4
	queue		5000115f
	value		500001a6
OBJ 500001a8 (sz=16, trace=300034, class=java.lang.invoke.MemberName$Factory@500001a7)
ARR 500001aa (sz=56, trace=300036, nelems=0, elem type=java.lang.Object[]@50000109)
OBJ 500001ac (sz=16, trace=300038, class=java.lang.invoke.MethodHandleStatics$1@500001ab)
OBJ 500001ad (sz=56, trace=300039, class=java.lang.Class$ReflectionData@500000a5)
OBJ 500001ae (sz=40, trace=300040, class=java.lang.ref.SoftReference@50000152)
OBJ 500001af (sz=72, trace=300041, class=java.lang.reflect.Field@50000142)
OBJ 500001b0 (sz=376, trace=300001, class=java.lang.Thread@5000014b)
OBJ 500001b1 (sz=16, trace=300002, class=java.lang.Object@50000172)
OBJ 500001b4 (sz=16, trace=300043, class=java.lang.Object@50000172)
OBJ 500001b6 (sz=56, trace=300039, class=java.lang.Class$ReflectionData@500000a5)
OBJ 500001b7 (sz=40, trace=300040, class=java.lang.ref.SoftReference@50000152)
OBJ 500001b8 (sz=72, trace=300041, class=java.lang.reflect.Field@50000142)
OBJ 500001b9 (sz=16, trace=300045, class=java.util.concurrent.atomic.AtomicBoolean@500001b5)
OBJ 500001bb (sz=24, trace=300047, class=sun.usagetracker.UsageTrackerClient$1@500001ba)
OBJ 500001bc (sz=16, trace=300048, class=sun.usagetracker.UsageTrackerClient@500001b3)
OBJ 500001bd (sz=24, trace=300049, class=java.lang.StringBuilder@50000122)
ARR 500001be (sz=48, trace=300050, nelems=0, elem type=char[])
ARR 500001bf (sz=88, trace=300010, nelems=0, elem type=char[])
ARR 500001c0 (sz=160, trace=300010, nelems=0, elem type=char[])
ARR 500001c1 (sz=304, trace=300010, nelems=0, elem type=char[])
OBJ 500001c2 (sz=24, trace=300051, class=java.lang.String@5000016e)
ARR 500001c3 (sz=184, trace=300052, nelems=0, elem type=char[])
OBJ 500001c5 (sz=24, trace=300054, class=sun.usagetracker.UsageTrackerClient$4@500001c4)
ARR 500001c6 (sz=32, trace=300055, nelems=0, elem type=java.lang.String[]@500000c8)
OBJ 500001c7 (sz=24, trace=300056, class=sun.usagetracker.UsageTrackerClient$1@500001ba)
OBJ 500001c8 (sz=24, trace=300057, class=sun.usagetracker.UsageTrackerClient$1@500001ba)
ARR 500001c9 (sz=40, trace=300058, nelems=0, elem type=char[])
OBJ 500001ca (sz=24, trace=300059, class=java.lang.String@5000016e)
ARR 500001cb (sz=40, trace=300060, nelems=0, elem type=char[])
ARR 500001cc (sz=40, trace=300061, nelems=0, elem type=char[])
OBJ 500001cd (sz=24, trace=300062, class=java.lang.String@5000016e)
ARR 500001ce (sz=40, trace=300060, nelems=0, elem type=char[])
ARR 500001cf (sz=40, trace=300063, nelems=0, elem type=char[])
OBJ 500001d0 (sz=24, trace=300064, class=java.lang.String@5000016e)
ARR 500001d1 (sz=40, trace=300060, nelems=0, elem type=char[])
OBJ 500001d3 (sz=16, trace=300066, class=sun.usagetracker.UsageTrackerClient$2@500001d2)
OBJ 500001d6 (sz=16, trace=300069, class=java.lang.ProcessEnvironment$NameComparator@500001d5)
OBJ 500001d8 (sz=16, trace=300071, class=java.lang.ProcessEnvironment$EntryComparator@500001d7)
OBJ 500001d9 (sz=48, trace=300072, class=java.lang.ProcessEnvironment@500001d4)
	table		500002d4
	entrySet	5000034a
OBJ 500001db (sz=32, trace=300074, class=java.util.Collections$UnmodifiableMap@500001da)
	m		500001d9
OBJ 500001dc (sz=24, trace=300075, class=java.lang.String@5000016e)
	value		500001dd
ARR 500001dd (sz=24, trace=300076, nelems=12, elem type=char[])
OBJ 500001de (sz=24, trace=300077, class=java.lang.String@5000016e)
	value		500001df
ARR 500001df (sz=162, trace=300078, nelems=81, elem type=char[])
ARR 500001e0 (sz=80, trace=300079, nelems=0, elem type=java.util.HashMap$Node[]@500000c2)
OBJ 500001e1 (sz=32, trace=300080, class=java.util.HashMap$Node@500000c4)
	key		500001dc
	value		500001de
OBJ 500001e2 (sz=24, trace=300075, class=java.lang.String@5000016e)
	value		500001e3
ARR 500001e3 (sz=50, trace=300076, nelems=25, elem type=char[])
OBJ 500001e4 (sz=24, trace=300077, class=java.lang.String@5000016e)
	value		500001e5
ARR 500001e5 (sz=10, trace=300078, nelems=5, elem type=char[])
OBJ 500001e6 (sz=32, trace=300080, class=java.util.HashMap$Node@500000c4)
	key		500001e2
	value		500001e4
OBJ 500001e7 (sz=24, trace=300075, class=java.lang.String@5000016e)
	value		500001e8
ARR 500001e8 (sz=30, trace=300076, nelems=15, elem type=char[])
OBJ 500001e9 (sz=24, trace=300077, class=java.lang.String@5000016e)
	value		500001ea
ARR 500001ea (sz=28, trace=300078, nelems=14, elem type=char[])
OBJ 500001eb (sz=32, trace=300080, class=java.util.HashMap$Node@500000c4)
	key		500001e7
	value		500001e9
OBJ 500001ec (sz=24, trace=300075, class=java.lang.String@5000016e)
	value		500001ed
ARR 500001ed (sz=14, trace=300076, nelems=7, elem type=char[])
OBJ 500001ee (sz=24, trace=300077, class=java.lang.String@5000016e)
	value		500001ef
ARR 500001ef (sz=62, trace=300078, nelems=31, elem type=char[])
OBJ 500001f0 (sz=32, trace=300080, class=java.util.HashMap$Node@500000c4)
	key		500001ec
	value		500001ee
OBJ 500001f1 (sz=24, trace=300075, class=java.lang.String@5000016e)
	value		500001f2
ARR 500001f2 (sz=36, trace=300076, nelems=18, elem type=char[])
OBJ 500001f3 (sz=24, trace=300077, class=java.lang.String@5000016e)
	value		500001f4
ARR 500001f4 (sz=58, trace=300078, nelems=29, elem type=char[])
OBJ 500001f5 (sz=32, trace=300080, class=java.util.HashMap$Node@500000c4)
	key		500001f1
	value		500001f3
	next		500001ff
OBJ 500001f6 (sz=24, trace=300075, class=java.lang.String@5000016e)
	value		500001f7
ARR 500001f7 (sz=24, trace=300076, nelems=12, elem type=char[])
OBJ 500001f8 (sz=24, trace=300077, class=java.lang.String@5000016e)
	value		500001f9
ARR 500001f9 (sz=30, trace=300078, nelems=15, elem type=char[])
OBJ 500001fa (sz=32, trace=300080, class=java.util.HashMap$Node@500000c4)
	key		500001f6
	value		500001f8
OBJ 500001fb (sz=24, trace=300075, class=java.lang.String@5000016e)
	value		500001fc
ARR 500001fc (sz=14, trace=300076, nelems=7, elem type=char[])
OBJ 500001fd (sz=24, trace=300077, class=java.lang.String@5000016e)
	value		500001fe
ARR 500001fe (sz=54, trace=300078, nelems=27, elem type=char[])
OBJ 500001ff (sz=32, trace=300081, class=java.util.HashMap$Node@500000c4)
	key		500001fb
	value		500001fd
OBJ 50000200 (sz=24, trace=300075, class=java.lang.String@5000016e)
	value		50000201
ARR 50000201 (sz=22, trace=300076, nelems=11, elem type=char[])
OBJ 50000202 (sz=24, trace=300077, class=java.lang.String@5000016e)
	value		50000203
ARR 50000203 (sz=88, trace=300078, nelems=44, elem type=char[])
OBJ 50000204 (sz=32, trace=300080, class=java.util.HashMap$Node@500000c4)
	key		50000200
	value		50000202
	next		50000338
OBJ 50000205 (sz=24, trace=300075, class=java.lang.String@5000016e)
	value		50000206
ARR 50000206 (sz=46, trace=300076, nelems=23, elem type=char[])
OBJ 50000207 (sz=24, trace=300077, class=java.lang.String@5000016e)
	value		50000208
ARR 50000208 (sz=70, trace=300078, nelems=35, elem type=char[])
OBJ 50000209 (sz=32, trace=300080, class=java.util.HashMap$Node@500000c4)
	key		50000205
	value		50000207
OBJ 5000020a (sz=24, trace=300075, class=java.lang.String@5000016e)
	value		5000020b
ARR 5000020b (sz=36, trace=300076, nelems=18, elem type=char[])
OBJ 5000020c (sz=24, trace=300077, class=java.lang.String@5000016e)
	value		5000020d
ARR 5000020d (sz=58, trace=300078, nelems=29, elem type=char[])
OBJ 5000020e (sz=32, trace=300080, class=java.util.HashMap$Node@500000c4)
	key		5000020a
	value		5000020c
OBJ 5000020f (sz=24, trace=300075, class=java.lang.String@5000016e)
	value		50000210
ARR 50000210 (sz=14, trace=300076, nelems=7, elem type=char[])
OBJ 50000211 (sz=24, trace=300077, class=java.lang.String@5000016e)
	value		50000212
ARR 50000212 (sz=38, trace=300078, nelems=19, elem type=char[])
OBJ 50000213 (sz=32, trace=300080, class=java.util.HashMap$Node@500000c4)
	key		5000020f
	value		50000211
OBJ 50000214 (sz=24, trace=300075, class=java.lang.String@5000016e)
	value		50000215
ARR 50000215 (sz=14, trace=300076, nelems=7, elem type=char[])
OBJ 50000216 (sz=24, trace=300077, class=java.lang.String@5000016e)
	value		50000217
ARR 50000217 (sz=40, trace=300078, nelems=20, elem type=char[])
OBJ 50000218 (sz=32, trace=300081, class=java.util.HashMap$Node@500000c4)
	key		50000214
	value		50000216
OBJ 50000219 (sz=24, trace=300075, class=java.lang.String@5000016e)
	value		5000021a
ARR 5000021a (sz=60, trace=300076, nelems=30, elem type=char[])
OBJ 5000021b (sz=24, trace=300077, class=java.lang.String@5000016e)
	value		5000021c
ARR 5000021c (sz=34, trace=300078, nelems=17, elem type=char[])
OBJ 5000021d (sz=32, trace=300080, class=java.util.HashMap$Node@500000c4)
	key		50000219
	value		5000021b
	next		50000250
ARR 5000021e (sz=144, trace=300082, nelems=0, elem type=java.util.HashMap$Node[]@500000c2)
OBJ 5000021f (sz=24, trace=300075, class=java.lang.String@5000016e)
	value		50000220
ARR 50000220 (sz=62, trace=300076, nelems=31, elem type=char[])
OBJ 50000221 (sz=24, trace=300077, class=java.lang.String@5000016e)
	value		50000222
ARR 50000222 (sz=14, trace=300078, nelems=7, elem type=char[])
OBJ 50000223 (sz=32, trace=300080, class=java.util.HashMap$Node@500000c4)
	key		5000021f
	value		50000221
OBJ 50000224 (sz=24, trace=300075, class=java.lang.String@5000016e)
	value		50000225
ARR 50000225 (sz=24, trace=300076, nelems=12, elem type=char[])
OBJ 50000226 (sz=24, trace=300077, class=java.lang.String@5000016e)
	value		50000227
ARR 50000227 (sz=74, trace=300078, nelems=37, elem type=char[])
OBJ 50000228 (sz=32, trace=300080, class=java.util.HashMap$Node@500000c4)
	key		50000224
	value		50000226
	next		5000030b
OBJ 50000229 (sz=24, trace=300075, class=java.lang.String@5000016e)
	value		5000022a
ARR 5000022a (sz=8, trace=300076, nelems=4, elem type=char[])
OBJ 5000022b (sz=24, trace=300077, class=java.lang.String@5000016e)
	value		5000022c
ARR 5000022c (sz=30, trace=300078, nelems=15, elem type=char[])
OBJ 5000022d (sz=32, trace=300080, class=java.util.HashMap$Node@500000c4)
	key		50000229
	value		5000022b
OBJ 5000022e (sz=24, trace=300075, class=java.lang.String@5000016e)
	value		5000022f
ARR 5000022f (sz=18, trace=300076, nelems=9, elem type=char[])
OBJ 50000230 (sz=24, trace=300077, class=java.lang.String@5000016e)
	value		50000231
ARR 50000231 (sz=4, trace=300078, nelems=2, elem type=char[])
OBJ 50000232 (sz=32, trace=300080, class=java.util.HashMap$Node@500000c4)
	key		5000022e
	value		50000230
	next		50000333
OBJ 50000233 (sz=24, trace=300075, class=java.lang.String@5000016e)
	value		50000234
ARR 50000234 (sz=16, trace=300076, nelems=8, elem type=char[])
OBJ 50000235 (sz=24, trace=300077, class=java.lang.String@5000016e)
	value		50000236
ARR 50000236 (sz=26, trace=300078, nelems=13, elem type=char[])
OBJ 50000237 (sz=32, trace=300080, class=java.util.HashMap$Node@500000c4)
	key		50000233
	value		50000235
OBJ 50000238 (sz=24, trace=300075, class=java.lang.String@5000016e)
	value		50000239
ARR 50000239 (sz=16, trace=300076, nelems=8, elem type=char[])
OBJ 5000023a (sz=24, trace=300077, class=java.lang.String@5000016e)
	value		5000023b
ARR 5000023b (sz=30, trace=300078, nelems=15, elem type=char[])
OBJ 5000023c (sz=32, trace=300081, class=java.util.HashMap$Node@500000c4)
	key		50000238
	value		5000023a
OBJ 5000023d (sz=24, trace=300075, class=java.lang.String@5000016e)
	value		5000023e
ARR 5000023e (sz=16, trace=300076, nelems=8, elem type=char[])
OBJ 5000023f (sz=24, trace=300077, class=java.lang.String@5000016e)
	value		50000240
ARR 50000240 (sz=266, trace=300078, nelems=133, elem type=char[])
OBJ 50000241 (sz=32, trace=300081, class=java.util.HashMap$Node@500000c4)
	key		5000023d
	value		5000023f
OBJ 50000242 (sz=24, trace=300075, class=java.lang.String@5000016e)
	value		50000243
ARR 50000243 (sz=8, trace=300076, nelems=4, elem type=char[])
OBJ 50000244 (sz=24, trace=300077, class=java.lang.String@5000016e)
	value		50000245
ARR 50000245 (sz=22, trace=300078, nelems=11, elem type=char[])
OBJ 50000246 (sz=32, trace=300081, class=java.util.HashMap$Node@500000c4)
	key		50000242
	value		50000244
OBJ 50000247 (sz=24, trace=300075, class=java.lang.String@5000016e)
	value		50000248
ARR 50000248 (sz=24, trace=300076, nelems=12, elem type=char[])
OBJ 50000249 (sz=24, trace=300077, class=java.lang.String@5000016e)
	value		5000024a
ARR 5000024a (sz=58, trace=300078, nelems=29, elem type=char[])
OBJ 5000024b (sz=32, trace=300080, class=java.util.HashMap$Node@500000c4)
	key		50000247
	value		50000249
OBJ 5000024c (sz=24, trace=300075, class=java.lang.String@5000016e)
	value		5000024d
ARR 5000024d (sz=22, trace=300076, nelems=11, elem type=char[])
OBJ 5000024e (sz=24, trace=300077, class=java.lang.String@5000016e)
	value		5000024f
ARR 5000024f (sz=34, trace=300078, nelems=17, elem type=char[])
OBJ 50000250 (sz=32, trace=300081, class=java.util.HashMap$Node@500000c4)
	key		5000024c
	value		5000024e
OBJ 50000251 (sz=24, trace=300075, class=java.lang.String@5000016e)
	value		50000252
ARR 50000252 (sz=14, trace=300076, nelems=7, elem type=char[])
OBJ 50000253 (sz=24, trace=300077, class=java.lang.String@5000016e)
	value		50000254
ARR 50000254 (sz=336, trace=300078, nelems=168, elem type=char[])
OBJ 50000255 (sz=32, trace=300080, class=java.util.HashMap$Node@500000c4)
	key		50000251
	value		50000253
OBJ 50000256 (sz=24, trace=300075, class=java.lang.String@5000016e)
	value		50000257
ARR 50000257 (sz=22, trace=300076, nelems=11, elem type=char[])
OBJ 50000258 (sz=24, trace=300077, class=java.lang.String@5000016e)
	value		50000259
ARR 50000259 (sz=36, trace=300078, nelems=18, elem type=char[])
OBJ 5000025a (sz=32, trace=300080, class=java.util.HashMap$Node@500000c4)
	key		50000256
	value		50000258
ARR 5000025b (sz=272, trace=300082, nelems=0, elem type=java.util.HashMap$Node[]@500000c2)
OBJ 5000025c (sz=24, trace=300075, class=java.lang.String@5000016e)
	value		5000025d
ARR 5000025d (sz=40, trace=300076, nelems=20, elem type=char[])
OBJ 5000025e (sz=24, trace=300077, class=java.lang.String@5000016e)
	value		5000025f
ARR 5000025f (sz=32, trace=300078, nelems=16, elem type=char[])
OBJ 50000260 (sz=32, trace=300081, class=java.util.HashMap$Node@500000c4)
	key		5000025c
	value		5000025e
OBJ 50000261 (sz=24, trace=300075, class=java.lang.String@5000016e)
	value		50000262
ARR 50000262 (sz=24, trace=300076, nelems=12, elem type=char[])
OBJ 50000263 (sz=24, trace=300077, class=java.lang.String@5000016e)
	value		50000264
ARR 50000264 (sz=56, trace=300078, nelems=28, elem type=char[])
OBJ 50000265 (sz=32, trace=300080, class=java.util.HashMap$Node@500000c4)
	key		50000261
	value		50000263
OBJ 50000266 (sz=24, trace=300075, class=java.lang.String@5000016e)
	value		50000267
ARR 50000267 (sz=14, trace=300076, nelems=7, elem type=char[])
OBJ 50000268 (sz=24, trace=300077, class=java.lang.String@5000016e)
	value		50000269
ARR 50000269 (sz=14, trace=300078, nelems=7, elem type=char[])
OBJ 5000026a (sz=32, trace=300080, class=java.util.HashMap$Node@500000c4)
	key		50000266
	value		50000268
	next		50000297
OBJ 5000026b (sz=24, trace=300075, class=java.lang.String@5000016e)
	value		5000026c
ARR 5000026c (sz=26, trace=300076, nelems=13, elem type=char[])
OBJ 5000026d (sz=24, trace=300077, class=java.lang.String@5000016e)
	value		5000026e
ARR 5000026e (sz=12, trace=300078, nelems=6, elem type=char[])
OBJ 5000026f (sz=32, trace=300080, class=java.util.HashMap$Node@500000c4)
	key		5000026b
	value		5000026d
OBJ 50000270 (sz=24, trace=300075, class=java.lang.String@5000016e)
	value		50000271
ARR 50000271 (sz=26, trace=300076, nelems=13, elem type=char[])
OBJ 50000272 (sz=24, trace=300077, class=java.lang.String@5000016e)
	value		50000273
ARR 50000273 (sz=36, trace=300078, nelems=18, elem type=char[])
OBJ 50000274 (sz=32, trace=300080, class=java.util.HashMap$Node@500000c4)
	key		50000270
	value		50000272
	next		500002ce
OBJ 50000275 (sz=24, trace=300075, class=java.lang.String@5000016e)
	value		50000276
ARR 50000276 (sz=28, trace=300076, nelems=14, elem type=char[])
OBJ 50000277 (sz=24, trace=300077, class=java.lang.String@5000016e)
	value		50000278
ARR 50000278 (sz=56, trace=300078, nelems=28, elem type=char[])
OBJ 50000279 (sz=32, trace=300080, class=java.util.HashMap$Node@500000c4)
	key		50000275
	value		50000277
	next		500002bf
OBJ 5000027a (sz=24, trace=300075, class=java.lang.String@5000016e)
	value		5000027b
ARR 5000027b (sz=40, trace=300076, nelems=20, elem type=char[])
OBJ 5000027c (sz=24, trace=300077, class=java.lang.String@5000016e)
	value		5000027d
ARR 5000027d (sz=2, trace=300078, nelems=1, elem type=char[])
OBJ 5000027e (sz=32, trace=300081, class=java.util.HashMap$Node@500000c4)
	key		5000027a
	value		5000027c
OBJ 5000027f (sz=24, trace=300075, class=java.lang.String@5000016e)
	value		50000280
ARR 50000280 (sz=26, trace=300076, nelems=13, elem type=char[])
OBJ 50000281 (sz=24, trace=300077, class=java.lang.String@5000016e)
	value		50000282
ARR 50000282 (sz=1906, trace=300078, nelems=953, elem type=char[])
OBJ 50000283 (sz=32, trace=300081, class=java.util.HashMap$Node@500000c4)
	key		5000027f
	value		50000281
OBJ 50000284 (sz=24, trace=300075, class=java.lang.String@5000016e)
	value		50000285
ARR 50000285 (sz=26, trace=300076, nelems=13, elem type=char[])
OBJ 50000286 (sz=24, trace=300077, class=java.lang.String@5000016e)
	value		50000287
ARR 50000287 (sz=68, trace=300078, nelems=34, elem type=char[])
OBJ 50000288 (sz=32, trace=300081, class=java.util.HashMap$Node@500000c4)
	key		50000284
	value		50000286
	next		500002c9
OBJ 50000289 (sz=24, trace=300075, class=java.lang.String@5000016e)
	value		5000028a
ARR 5000028a (sz=24, trace=300076, nelems=12, elem type=char[])
OBJ 5000028b (sz=24, trace=300077, class=java.lang.String@5000016e)
	value		5000028c
ARR 5000028c (sz=68, trace=300078, nelems=34, elem type=char[])
OBJ 5000028d (sz=32, trace=300081, class=java.util.HashMap$Node@500000c4)
	key		50000289
	value		5000028b
OBJ 5000028e (sz=24, trace=300075, class=java.lang.String@5000016e)
	value		5000028f
ARR 5000028f (sz=4, trace=300076, nelems=2, elem type=char[])
OBJ 50000290 (sz=24, trace=300077, class=java.lang.String@5000016e)
	value		50000291
ARR 50000291 (sz=20, trace=300078, nelems=10, elem type=char[])
OBJ 50000292 (sz=32, trace=300080, class=java.util.HashMap$Node@500000c4)
	key		5000028e
	value		50000290
OBJ 50000293 (sz=24, trace=300075, class=java.lang.String@5000016e)
	value		50000294
ARR 50000294 (sz=16, trace=300076, nelems=8, elem type=char[])
OBJ 50000295 (sz=24, trace=300077, class=java.lang.String@5000016e)
	value		50000296
ARR 50000296 (sz=48, trace=300078, nelems=24, elem type=char[])
OBJ 50000297 (sz=32, trace=300081, class=java.util.HashMap$Node@500000c4)
	key		50000293
	value		50000295
OBJ 50000298 (sz=24, trace=300075, class=java.lang.String@5000016e)
	value		50000299
ARR 50000299 (sz=8, trace=300076, nelems=4, elem type=char[])
OBJ 5000029a (sz=24, trace=300077, class=java.lang.String@5000016e)
	value		5000029b
ARR 5000029b (sz=2358, trace=300078, nelems=1179, elem type=char[])
OBJ 5000029c (sz=32, trace=300080, class=java.util.HashMap$Node@500000c4)
	key		50000298
	value		5000029a
	next		50000329
OBJ 5000029d (sz=24, trace=300075, class=java.lang.String@5000016e)
	value		5000029e
ARR 5000029e (sz=14, trace=300076, nelems=7, elem type=char[])
OBJ 5000029f (sz=24, trace=300077, class=java.lang.String@5000016e)
	value		500002a0
ARR 500002a0 (sz=106, trace=300078, nelems=53, elem type=char[])
OBJ 500002a1 (sz=32, trace=300080, class=java.util.HashMap$Node@500000c4)
	key		5000029d
	value		5000029f
	next		500002f7
OBJ 500002a2 (sz=24, trace=300075, class=java.lang.String@5000016e)
	value		500002a3
ARR 500002a3 (sz=30, trace=300076, nelems=15, elem type=char[])
OBJ 500002a4 (sz=24, trace=300077, class=java.lang.String@5000016e)
	value		500002a5
ARR 500002a5 (sz=174, trace=300078, nelems=87, elem type=char[])
OBJ 500002a6 (sz=32, trace=300080, class=java.util.HashMap$Node@500000c4)
	key		500002a2
	value		500002a4
OBJ 500002a7 (sz=24, trace=300075, class=java.lang.String@5000016e)
	value		500002a8
ARR 500002a8 (sz=28, trace=300076, nelems=14, elem type=char[])
OBJ 500002a9 (sz=24, trace=300077, class=java.lang.String@5000016e)
	value		500002aa
ARR 500002aa (sz=6, trace=300078, nelems=3, elem type=char[])
OBJ 500002ab (sz=32, trace=300080, class=java.util.HashMap$Node@500000c4)
	key		500002a7
	value		500002a9
OBJ 500002ac (sz=24, trace=300075, class=java.lang.String@5000016e)
	value		500002ad
ARR 500002ad (sz=14, trace=300076, nelems=7, elem type=char[])
OBJ 500002ae (sz=24, trace=300077, class=java.lang.String@5000016e)
	value		500002af
ARR 500002af (sz=54, trace=300078, nelems=27, elem type=char[])
OBJ 500002b0 (sz=32, trace=300081, class=java.util.HashMap$Node@500000c4)
	key		500002ac
	value		500002ae
	next		50000310
OBJ 500002b1 (sz=24, trace=300075, class=java.lang.String@5000016e)
	value		500002b2
ARR 500002b2 (sz=44, trace=300076, nelems=22, elem type=char[])
OBJ 500002b3 (sz=24, trace=300077, class=java.lang.String@5000016e)
	value		500002b4
ARR 500002b4 (sz=10, trace=300078, nelems=5, elem type=char[])
OBJ 500002b5 (sz=32, trace=300080, class=java.util.HashMap$Node@500000c4)
	key		500002b1
	value		500002b3
OBJ 500002b6 (sz=24, trace=300075, class=java.lang.String@5000016e)
	value		500002b7
ARR 500002b7 (sz=40, trace=300076, nelems=20, elem type=char[])
OBJ 500002b8 (sz=24, trace=300077, class=java.lang.String@5000016e)
	value		500002b9
ARR 500002b9 (sz=100, trace=300078, nelems=50, elem type=char[])
OBJ 500002ba (sz=32, trace=300081, class=java.util.HashMap$Node@500000c4)
	key		500002b6
	value		500002b8
OBJ 500002bb (sz=24, trace=300075, class=java.lang.String@5000016e)
	value		500002bc
ARR 500002bc (sz=30, trace=300076, nelems=15, elem type=char[])
OBJ 500002bd (sz=24, trace=300077, class=java.lang.String@5000016e)
	value		500002be
ARR 500002be (sz=2, trace=300078, nelems=1, elem type=char[])
OBJ 500002bf (sz=32, trace=300081, class=java.util.HashMap$Node@500000c4)
	key		500002bb
	value		500002bd
	next		50000306
OBJ 500002c0 (sz=24, trace=300075, class=java.lang.String@5000016e)
	value		500002c1
ARR 500002c1 (sz=36, trace=300076, nelems=18, elem type=char[])
OBJ 500002c2 (sz=24, trace=300077, class=java.lang.String@5000016e)
	value		500002c3
ARR 500002c3 (sz=8, trace=300078, nelems=4, elem type=char[])
OBJ 500002c4 (sz=32, trace=300080, class=java.util.HashMap$Node@500000c4)
	key		500002c0
	value		500002c2
OBJ 500002c5 (sz=24, trace=300075, class=java.lang.String@5000016e)
	value		500002c6
ARR 500002c6 (sz=24, trace=300076, nelems=12, elem type=char[])
OBJ 500002c7 (sz=24, trace=300077, class=java.lang.String@5000016e)
	value		500002c8
ARR 500002c8 (sz=32, trace=300078, nelems=16, elem type=char[])
OBJ 500002c9 (sz=32, trace=300081, class=java.util.HashMap$Node@500000c4)
	key		500002c5
	value		500002c7
OBJ 500002ca (sz=24, trace=300075, class=java.lang.String@5000016e)
	value		500002cb
ARR 500002cb (sz=6, trace=300076, nelems=3, elem type=char[])
OBJ 500002cc (sz=24, trace=300077, class=java.lang.String@5000016e)
	value		500002cd
ARR 500002cd (sz=286, trace=300078, nelems=143, elem type=char[])
OBJ 500002ce (sz=32, trace=300081, class=java.util.HashMap$Node@500000c4)
	key		500002ca
	value		500002cc
	next		500002d3
OBJ 500002cf (sz=24, trace=300075, class=java.lang.String@5000016e)
	value		500002d0
ARR 500002d0 (sz=24, trace=300076, nelems=12, elem type=char[])
OBJ 500002d1 (sz=24, trace=300077, class=java.lang.String@5000016e)
	value		500002d2
ARR 500002d2 (sz=234, trace=300078, nelems=117, elem type=char[])
OBJ 500002d3 (sz=32, trace=300081, class=java.util.HashMap$Node@500000c4)
	key		500002cf
	value		500002d1
ARR 500002d4 (sz=528, trace=300082, nelems=127, elem type=java.util.HashMap$Node[]@500000c2)
	[0]		5000029c
	[1]		500002a6
	[3]		50000279
	[5]		50000204
	[9]		500002f2
	[10]		500001eb
	[12]		500002b5
	[15]		50000274
	[19]		50000288
	[25]		5000032e
	[28]		500002de
	[29]		500002e8
	[30]		50000241
	[33]		50000223
	[35]		500002a1
	[40]		5000028d
	[43]		500001e6
	[47]		5000031f
	[48]		500002e3
	[49]		500002ed
	[51]		50000237
	[53]		500002ba
	[57]		500002d9
	[58]		5000025a
	[61]		50000218
	[62]		500002fc
	[66]		5000024b
	[67]		50000283
	[68]		50000255
	[69]		50000260
	[70]		50000324
	[71]		5000021d
	[72]		500002ab
	[75]		50000315
	[77]		50000246
	[81]		50000265
	[82]		50000213
	[83]		5000026a
	[84]		500001f0
	[88]		50000228
	[95]		50000342
	[100]		50000292
	[102]		500001fa
	[104]		500001f5
	[108]		500002c4
	[109]		5000020e
	[110]		500001e1
	[114]		5000026f
	[115]		500002b0
	[116]		5000023c
	[117]		50000232
	[118]		5000031a
	[121]		50000209
	[122]		5000027e
	[126]		5000022d
OBJ 500002d5 (sz=24, trace=300075, class=java.lang.String@5000016e)
	value		500002d6
ARR 500002d6 (sz=12, trace=300076, nelems=6, elem type=char[])
OBJ 500002d7 (sz=24, trace=300077, class=java.lang.String@5000016e)
	value		500002d8
ARR 500002d8 (sz=30, trace=300078, nelems=15, elem type=char[])
OBJ 500002d9 (sz=32, trace=300080, class=java.util.HashMap$Node@500000c4)
	key		500002d5
	value		500002d7
OBJ 500002da (sz=24, trace=300075, class=java.lang.String@5000016e)
	value		500002db
ARR 500002db (sz=6, trace=300076, nelems=3, elem type=char[])
OBJ 500002dc (sz=24, trace=300077, class=java.lang.String@5000016e)
	value		500002dd
ARR 500002dd (sz=124, trace=300078, nelems=62, elem type=char[])
OBJ 500002de (sz=32, trace=300080, class=java.util.HashMap$Node@500000c4)
	key		500002da
	value		500002dc
OBJ 500002df (sz=24, trace=300075, class=java.lang.String@5000016e)
	value		500002e0
ARR 500002e0 (sz=22, trace=300076, nelems=11, elem type=char[])
OBJ 500002e1 (sz=24, trace=300077, class=java.lang.String@5000016e)
	value		500002e2
ARR 500002e2 (sz=28, trace=300078, nelems=14, elem type=char[])
OBJ 500002e3 (sz=32, trace=300080, class=java.util.HashMap$Node@500000c4)
	key		500002df
	value		500002e1
OBJ 500002e4 (sz=24, trace=300075, class=java.lang.String@5000016e)
	value		500002e5
ARR 500002e5 (sz=34, trace=300076, nelems=17, elem type=char[])
OBJ 500002e6 (sz=24, trace=300077, class=java.lang.String@5000016e)
	value		500002e7
ARR 500002e7 (sz=44, trace=300078, nelems=22, elem type=char[])
OBJ 500002e8 (sz=32, trace=300080, class=java.util.HashMap$Node@500000c4)
	key		500002e4
	value		500002e6
OBJ 500002e9 (sz=24, trace=300075, class=java.lang.String@5000016e)
	value		500002ea
ARR 500002ea (sz=24, trace=300076, nelems=12, elem type=char[])
OBJ 500002eb (sz=24, trace=300077, class=java.lang.String@5000016e)
	value		500002ec
ARR 500002ec (sz=32, trace=300078, nelems=16, elem type=char[])
OBJ 500002ed (sz=32, trace=300080, class=java.util.HashMap$Node@500000c4)
	key		500002e9
	value		500002eb
	next		50000301
OBJ 500002ee (sz=24, trace=300075, class=java.lang.String@5000016e)
	value		500002ef
ARR 500002ef (sz=22, trace=300076, nelems=11, elem type=char[])
OBJ 500002f0 (sz=24, trace=300077, class=java.lang.String@5000016e)
	value		500002f1
ARR 500002f1 (sz=14, trace=300078, nelems=7, elem type=char[])
OBJ 500002f2 (sz=32, trace=300080, class=java.util.HashMap$Node@500000c4)
	key		500002ee
	value		500002f0
OBJ 500002f3 (sz=24, trace=300075, class=java.lang.String@5000016e)
	value		500002f4
ARR 500002f4 (sz=10, trace=300076, nelems=5, elem type=char[])
OBJ 500002f5 (sz=24, trace=300077, class=java.lang.String@5000016e)
	value		500002f6
ARR 500002f6 (sz=74, trace=300078, nelems=37, elem type=char[])
OBJ 500002f7 (sz=32, trace=300081, class=java.util.HashMap$Node@500000c4)
	key		500002f3
	value		500002f5
OBJ 500002f8 (sz=24, trace=300075, class=java.lang.String@5000016e)
	value		500002f9
ARR 500002f9 (sz=10, trace=300076, nelems=5, elem type=char[])
OBJ 500002fa (sz=24, trace=300077, class=java.lang.String@5000016e)
	value		500002fb
ARR 500002fb (sz=2, trace=300078, nelems=1, elem type=char[])
OBJ 500002fc (sz=32, trace=300080, class=java.util.HashMap$Node@500000c4)
	key		500002f8
	value		500002fa
OBJ 500002fd (sz=24, trace=300075, class=java.lang.String@5000016e)
	value		500002fe
ARR 500002fe (sz=22, trace=300076, nelems=11, elem type=char[])
OBJ 500002ff (sz=24, trace=300077, class=java.lang.String@5000016e)
	value		50000300
ARR 50000300 (sz=124, trace=300078, nelems=62, elem type=char[])
OBJ 50000301 (sz=32, trace=300081, class=java.util.HashMap$Node@500000c4)
	key		500002fd
	value		500002ff
OBJ 50000302 (sz=24, trace=300075, class=java.lang.String@5000016e)
	value		50000303
ARR 50000303 (sz=22, trace=300076, nelems=11, elem type=char[])
OBJ 50000304 (sz=24, trace=300077, class=java.lang.String@5000016e)
	value		50000305
ARR 50000305 (sz=4, trace=300078, nelems=2, elem type=char[])
OBJ 50000306 (sz=32, trace=300081, class=java.util.HashMap$Node@500000c4)
	key		50000302
	value		50000304
OBJ 50000307 (sz=24, trace=300075, class=java.lang.String@5000016e)
	value		50000308
ARR 50000308 (sz=20, trace=300076, nelems=10, elem type=char[])
OBJ 50000309 (sz=24, trace=300077, class=java.lang.String@5000016e)
	value		5000030a
ARR 5000030a (sz=20, trace=300078, nelems=10, elem type=char[])
OBJ 5000030b (sz=32, trace=300081, class=java.util.HashMap$Node@500000c4)
	key		50000307
	value		50000309
OBJ 5000030c (sz=24, trace=300075, class=java.lang.String@5000016e)
	value		5000030d
ARR 5000030d (sz=8, trace=300076, nelems=4, elem type=char[])
OBJ 5000030e (sz=24, trace=300077, class=java.lang.String@5000016e)
	value		5000030f
ARR 5000030f (sz=68, trace=300078, nelems=34, elem type=char[])
OBJ 50000310 (sz=32, trace=300081, class=java.util.HashMap$Node@500000c4)
	key		5000030c
	value		5000030e
OBJ 50000311 (sz=24, trace=300075, class=java.lang.String@5000016e)
	value		50000312
ARR 50000312 (sz=8, trace=300076, nelems=4, elem type=char[])
OBJ 50000313 (sz=24, trace=300077, class=java.lang.String@5000016e)
	value		50000314
ARR 50000314 (sz=10, trace=300078, nelems=5, elem type=char[])
OBJ 50000315 (sz=32, trace=300080, class=java.util.HashMap$Node@500000c4)
	key		50000311
	value		50000313
OBJ 50000316 (sz=24, trace=300075, class=java.lang.String@5000016e)
	value		50000317
ARR 50000317 (sz=6, trace=300076, nelems=3, elem type=char[])
OBJ 50000318 (sz=24, trace=300077, class=java.lang.String@5000016e)
	value		50000319
ARR 50000319 (sz=68, trace=300078, nelems=34, elem type=char[])
OBJ 5000031a (sz=32, trace=300080, class=java.util.HashMap$Node@500000c4)
	key		50000316
	value		50000318
OBJ 5000031b (sz=24, trace=300075, class=java.lang.String@5000016e)
	value		5000031c
ARR 5000031c (sz=12, trace=300076, nelems=6, elem type=char[])
OBJ 5000031d (sz=24, trace=300077, class=java.lang.String@5000016e)
	value		5000031e
ARR 5000031e (sz=68, trace=300078, nelems=34, elem type=char[])
OBJ 5000031f (sz=32, trace=300080, class=java.util.HashMap$Node@500000c4)
	key		5000031b
	value		5000031d
	next		5000033d
OBJ 50000320 (sz=24, trace=300075, class=java.lang.String@5000016e)
	value		50000321
ARR 50000321 (sz=20, trace=300076, nelems=10, elem type=char[])
OBJ 50000322 (sz=24, trace=300077, class=java.lang.String@5000016e)
	value		50000323
ARR 50000323 (sz=30, trace=300078, nelems=15, elem type=char[])
OBJ 50000324 (sz=32, trace=300080, class=java.util.HashMap$Node@500000c4)
	key		50000320
	value		50000322
OBJ 50000325 (sz=24, trace=300075, class=java.lang.String@5000016e)
	value		50000326
ARR 50000326 (sz=50, trace=300076, nelems=25, elem type=char[])
OBJ 50000327 (sz=24, trace=300077, class=java.lang.String@5000016e)
	value		50000328
ARR 50000328 (sz=30, trace=300078, nelems=15, elem type=char[])
OBJ 50000329 (sz=32, trace=300081, class=java.util.HashMap$Node@500000c4)
	key		50000325
	value		50000327
OBJ 5000032a (sz=24, trace=300075, class=java.lang.String@5000016e)
	value		5000032b
ARR 5000032b (sz=16, trace=300076, nelems=8, elem type=char[])
OBJ 5000032c (sz=24, trace=300077, class=java.lang.String@5000016e)
	value		5000032d
ARR 5000032d (sz=12, trace=300078, nelems=6, elem type=char[])
OBJ 5000032e (sz=32, trace=300080, class=java.util.HashMap$Node@500000c4)
	key		5000032a
	value		5000032c
OBJ 5000032f (sz=24, trace=300075, class=java.lang.String@5000016e)
	value		50000330
ARR 50000330 (sz=22, trace=300076, nelems=11, elem type=char[])
OBJ 50000331 (sz=24, trace=300077, class=java.lang.String@5000016e)
	value		50000332
ARR 50000332 (sz=30, trace=300078, nelems=15, elem type=char[])
OBJ 50000333 (sz=32, trace=300081, class=java.util.HashMap$Node@500000c4)
	key		5000032f
	value		50000331
OBJ 50000334 (sz=24, trace=300075, class=java.lang.String@5000016e)
	value		50000335
ARR 50000335 (sz=28, trace=300076, nelems=14, elem type=char[])
OBJ 50000336 (sz=24, trace=300077, class=java.lang.String@5000016e)
	value		50000337
ARR 50000337 (sz=132, trace=300078, nelems=66, elem type=char[])
OBJ 50000338 (sz=32, trace=300081, class=java.util.HashMap$Node@500000c4)
	key		50000334
	value		50000336
OBJ 50000339 (sz=24, trace=300075, class=java.lang.String@5000016e)
	value		5000033a
ARR 5000033a (sz=12, trace=300076, nelems=6, elem type=char[])
OBJ 5000033b (sz=24, trace=300077, class=java.lang.String@5000016e)
	value		5000033c
ARR 5000033c (sz=20, trace=300078, nelems=10, elem type=char[])
OBJ 5000033d (sz=32, trace=300081, class=java.util.HashMap$Node@500000c4)
	key		50000339
	value		5000033b
OBJ 5000033e (sz=24, trace=300075, class=java.lang.String@5000016e)
	value		5000033f
ARR 5000033f (sz=2, trace=300076, nelems=1, elem type=char[])
OBJ 50000340 (sz=24, trace=300077, class=java.lang.String@5000016e)
	value		50000341
ARR 50000341 (sz=108, trace=300078, nelems=54, elem type=char[])
OBJ 50000342 (sz=32, trace=300080, class=java.util.HashMap$Node@500000c4)
	key		5000033e
	value		50000340
OBJ 50000346 (sz=16, trace=300084, class=java.lang.Object@50000172)
OBJ 50000347 (sz=48, trace=300085, class=java.util.TreeMap@50000345)
	comparator	500001d6
	root		50000358
OBJ 5000034a (sz=16, trace=300088, class=java.util.HashMap$EntrySet@50000349)
	this$0		500001d9
OBJ 5000034b (sz=16, trace=300089, class=java.lang.ProcessEnvironment$CheckedEntrySet@50000348)
OBJ 5000034d (sz=24, trace=300091, class=java.lang.ProcessEnvironment$CheckedEntrySet$1@5000034c)
OBJ 50000350 (sz=40, trace=300093, class=java.util.HashMap$EntryIterator@5000034f)
OBJ 50000352 (sz=16, trace=300095, class=java.lang.ProcessEnvironment$CheckedEntry@50000351)
OBJ 50000354 (sz=40, trace=300097, class=java.util.TreeMap$Entry@50000353)
	key		50000298
	value		5000029a
	left		50000370
	right		5000037e
	parent		5000035a
OBJ 50000355 (sz=16, trace=300095, class=java.lang.ProcessEnvironment$CheckedEntry@50000351)
OBJ 50000356 (sz=40, trace=300098, class=java.util.TreeMap$Entry@50000353)
	key		50000325
	value		50000327
	parent		50000374
OBJ 50000357 (sz=16, trace=300095, class=java.lang.ProcessEnvironment$CheckedEntry@50000351)
OBJ 50000358 (sz=40, trace=300098, class=java.util.TreeMap$Entry@50000353)
	key		500002a2
	value		500002a4
	left		5000037a
	right		5000035e
OBJ 50000359 (sz=16, trace=300095, class=java.lang.ProcessEnvironment$CheckedEntry@50000351)
OBJ 5000035a (sz=40, trace=300098, class=java.util.TreeMap$Entry@50000353)
	key		50000275
	value		50000277
	left		50000396
	right		50000354
	parent		5000037a
OBJ 5000035b (sz=16, trace=300095, class=java.lang.ProcessEnvironment$CheckedEntry@50000351)
OBJ 5000035c (sz=40, trace=300098, class=java.util.TreeMap$Entry@50000353)
	key		500002bb
	value		500002bd
	left		50000368
	right		50000378
	parent		5000036e
OBJ 5000035d (sz=16, trace=300095, class=java.lang.ProcessEnvironment$CheckedEntry@50000351)
OBJ 5000035e (sz=40, trace=300098, class=java.util.TreeMap$Entry@50000353)
	key		50000302
	value		50000304
	left		5000036e
	right		500003a4
	parent		50000358
OBJ 5000035f (sz=16, trace=300095, class=java.lang.ProcessEnvironment$CheckedEntry@50000351)
OBJ 50000360 (sz=40, trace=300098, class=java.util.TreeMap$Entry@50000353)
	key		50000200
	value		50000202
	left		500003c4
	right		5000037c
	parent		5000037a
OBJ 50000361 (sz=16, trace=300095, class=java.lang.ProcessEnvironment$CheckedEntry@50000351)
OBJ 50000362 (sz=40, trace=300098, class=java.util.TreeMap$Entry@50000353)
	key		50000334
	value		50000336
	left		500003d8
	parent		50000388
OBJ 50000363 (sz=16, trace=300095, class=java.lang.ProcessEnvironment$CheckedEntry@50000351)
OBJ 50000364 (sz=40, trace=300098, class=java.util.TreeMap$Entry@50000353)
	key		500002ee
	value		500002f0
	left		50000376
	right		5000039a
	parent		5000036e
OBJ 50000365 (sz=16, trace=300095, class=java.lang.ProcessEnvironment$CheckedEntry@50000351)
OBJ 50000366 (sz=40, trace=300098, class=java.util.TreeMap$Entry@50000353)
	key		500001e7
	value		500001e9
	left		50000384
	right		500003b8
	parent		500003c4
OBJ 50000367 (sz=16, trace=300095, class=java.lang.ProcessEnvironment$CheckedEntry@50000351)
OBJ 50000368 (sz=40, trace=300098, class=java.util.TreeMap$Entry@50000353)
	key		500002b1
	value		500002b3
	left		500003aa
	right		50000392
	parent		5000035c
OBJ 50000369 (sz=16, trace=300095, class=java.lang.ProcessEnvironment$CheckedEntry@50000351)
OBJ 5000036a (sz=40, trace=300098, class=java.util.TreeMap$Entry@50000353)
	key		50000270
	value		50000272
	parent		500003ce
OBJ 5000036b (sz=16, trace=300095, class=java.lang.ProcessEnvironment$CheckedEntry@50000351)
OBJ 5000036c (sz=40, trace=300098, class=java.util.TreeMap$Entry@50000353)
	key		500002ca
	value		500002cc
	left		5000038c
	parent		50000378
OBJ 5000036d (sz=16, trace=300095, class=java.lang.ProcessEnvironment$CheckedEntry@50000351)
OBJ 5000036e (sz=40, trace=300098, class=java.util.TreeMap$Entry@50000353)
	key		500002cf
	value		500002d1
	left		5000035c
	right		50000364
	parent		5000035e
OBJ 5000036f (sz=16, trace=300095, class=java.lang.ProcessEnvironment$CheckedEntry@50000351)
OBJ 50000370 (sz=40, trace=300098, class=java.util.TreeMap$Entry@50000353)
	key		50000284
	value		50000286
	left		500003b6
	right		50000382
	parent		50000354
OBJ 50000371 (sz=16, trace=300095, class=java.lang.ProcessEnvironment$CheckedEntry@50000351)
OBJ 50000372 (sz=40, trace=300098, class=java.util.TreeMap$Entry@50000353)
	key		500002c5
	value		500002c7
	parent		5000038a
OBJ 50000373 (sz=16, trace=300095, class=java.lang.ProcessEnvironment$CheckedEntry@50000351)
OBJ 50000374 (sz=40, trace=300098, class=java.util.TreeMap$Entry@50000353)
	key		5000032a
	value		5000032c
	left		50000356
	right		50000388
	parent		500003a4
OBJ 50000375 (sz=16, trace=300095, class=java.lang.ProcessEnvironment$CheckedEntry@50000351)
OBJ 50000376 (sz=40, trace=300098, class=java.util.TreeMap$Entry@50000353)
	key		500002da
	value		500002dc
	left		50000394
	parent		50000364
OBJ 50000377 (sz=16, trace=300095, class=java.lang.ProcessEnvironment$CheckedEntry@50000351)
OBJ 50000378 (sz=40, trace=300098, class=java.util.TreeMap$Entry@50000353)
	key		500002e4
	value		500002e6
	left		5000038a
	right		5000036c
	parent		5000035c
OBJ 50000379 (sz=16, trace=300095, class=java.lang.ProcessEnvironment$CheckedEntry@50000351)
OBJ 5000037a (sz=40, trace=300098, class=java.util.TreeMap$Entry@50000353)
	key		5000023d
	value		5000023f
	left		50000360
	right		5000035a
	parent		50000358
OBJ 5000037b (sz=16, trace=300095, class=java.lang.ProcessEnvironment$CheckedEntry@50000351)
OBJ 5000037c (sz=40, trace=300098, class=java.util.TreeMap$Entry@50000353)
	key		5000021f
	value		50000221
	left		50000398
	right		50000390
	parent		50000360
OBJ 5000037d (sz=16, trace=300095, class=java.lang.ProcessEnvironment$CheckedEntry@50000351)
OBJ 5000037e (sz=40, trace=300098, class=java.util.TreeMap$Entry@50000353)
	key		5000029d
	value		5000029f
	parent		50000354
OBJ 5000037f (sz=16, trace=300095, class=java.lang.ProcessEnvironment$CheckedEntry@50000351)
OBJ 50000380 (sz=40, trace=300098, class=java.util.TreeMap$Entry@50000353)
	key		500002f3
	value		500002f5
	parent		5000039a
OBJ 50000381 (sz=16, trace=300095, class=java.lang.ProcessEnvironment$CheckedEntry@50000351)
OBJ 50000382 (sz=40, trace=300098, class=java.util.TreeMap$Entry@50000353)
	key		50000289
	value		5000028b
	right		500003c0
	parent		50000370
OBJ 50000383 (sz=16, trace=300095, class=java.lang.ProcessEnvironment$CheckedEntry@50000351)
OBJ 50000384 (sz=40, trace=300098, class=java.util.TreeMap$Entry@50000353)
	key		500001e2
	value		500001e4
	left		500003cc
	parent		50000366
OBJ 50000385 (sz=16, trace=300095, class=java.lang.ProcessEnvironment$CheckedEntry@50000351)
OBJ 50000386 (sz=40, trace=300098, class=java.util.TreeMap$Entry@50000353)
	key		5000031b
	value		5000031d
	left		500003da
	parent		500003ac
OBJ 50000387 (sz=16, trace=300095, class=java.lang.ProcessEnvironment$CheckedEntry@50000351)
OBJ 50000388 (sz=40, trace=300098, class=java.util.TreeMap$Entry@50000353)
	key		50000339
	value		5000033b
	left		50000362
	right		500003be
	parent		50000374
OBJ 50000389 (sz=16, trace=300095, class=java.lang.ProcessEnvironment$CheckedEntry@50000351)
OBJ 5000038a (sz=40, trace=300098, class=java.util.TreeMap$Entry@50000353)
	key		500002df
	value		500002e1
	left		500003c8
	right		50000372
	parent		50000378
OBJ 5000038b (sz=16, trace=300095, class=java.lang.ProcessEnvironment$CheckedEntry@50000351)
OBJ 5000038c (sz=40, trace=300098, class=java.util.TreeMap$Entry@50000353)
	key		500002e9
	value		500002eb
	parent		5000036c
OBJ 5000038d (sz=16, trace=300095, class=java.lang.ProcessEnvironment$CheckedEntry@50000351)
OBJ 5000038e (sz=40, trace=300098, class=java.util.TreeMap$Entry@50000353)
	key		500002fd
	value		500002ff
	parent		5000039a
OBJ 5000038f (sz=16, trace=300095, class=java.lang.ProcessEnvironment$CheckedEntry@50000351)
OBJ 50000390 (sz=40, trace=300098, class=java.util.TreeMap$Entry@50000353)
	key		50000233
	value		50000235
	left		500003e0
	right		500003d4
	parent		5000037c
OBJ 50000391 (sz=16, trace=300095, class=java.lang.ProcessEnvironment$CheckedEntry@50000351)
OBJ 50000392 (sz=40, trace=300098, class=java.util.TreeMap$Entry@50000353)
	key		500002b6
	value		500002b8
	parent		50000368
OBJ 50000393 (sz=16, trace=300095, class=java.lang.ProcessEnvironment$CheckedEntry@50000351)
OBJ 50000394 (sz=40, trace=300098, class=java.util.TreeMap$Entry@50000353)
	key		500002d5
	value		500002d7
	parent		50000376
OBJ 50000395 (sz=16, trace=300095, class=java.lang.ProcessEnvironment$CheckedEntry@50000351)
OBJ 50000396 (sz=40, trace=300098, class=java.util.TreeMap$Entry@50000353)
	key		50000256
	value		50000258
	left		500003a8
	right		500003b0
	parent		5000035a
OBJ 50000397 (sz=16, trace=300095, class=java.lang.ProcessEnvironment$CheckedEntry@50000351)
OBJ 50000398 (sz=40, trace=300098, class=java.util.TreeMap$Entry@50000353)
	key		50000214
	value		50000216
	left		500003b2
	right		500003a6
	parent		5000037c
OBJ 50000399 (sz=16, trace=300095, class=java.lang.ProcessEnvironment$CheckedEntry@50000351)
OBJ 5000039a (sz=40, trace=300098, class=java.util.TreeMap$Entry@50000353)
	key		500002f8
	value		500002fa
	left		50000380
	right		5000038e
	parent		50000364
OBJ 5000039b (sz=16, trace=300095, class=java.lang.ProcessEnvironment$CheckedEntry@50000351)
OBJ 5000039c (sz=40, trace=300098, class=java.util.TreeMap$Entry@50000353)
	key		50000247
	value		50000249
	left		500003ae
	parent		500003a8
OBJ 5000039d (sz=16, trace=300095, class=java.lang.ProcessEnvironment$CheckedEntry@50000351)
OBJ 5000039e (sz=40, trace=300098, class=java.util.TreeMap$Entry@50000353)
	key		5000027f
	value		50000281
	parent		500003b6
OBJ 5000039f (sz=16, trace=300095, class=java.lang.ProcessEnvironment$CheckedEntry@50000351)
OBJ 500003a0 (sz=40, trace=300098, class=java.util.TreeMap$Entry@50000353)
	key		50000251
	value		50000253
	parent		500003a8
OBJ 500003a1 (sz=16, trace=300095, class=java.lang.ProcessEnvironment$CheckedEntry@50000351)
OBJ 500003a2 (sz=40, trace=300098, class=java.util.TreeMap$Entry@50000353)
	key		5000025c
	value		5000025e
	parent		500003b0
OBJ 500003a3 (sz=16, trace=300095, class=java.lang.ProcessEnvironment$CheckedEntry@50000351)
OBJ 500003a4 (sz=40, trace=300098, class=java.util.TreeMap$Entry@50000353)
	key		50000320
	value		50000322
	left		500003ac
	right		50000374
	parent		5000035e
OBJ 500003a5 (sz=16, trace=300095, class=java.lang.ProcessEnvironment$CheckedEntry@50000351)
OBJ 500003a6 (sz=40, trace=300098, class=java.util.TreeMap$Entry@50000353)
	key		50000219
	value		5000021b
	parent		50000398
OBJ 500003a7 (sz=16, trace=300095, class=java.lang.ProcessEnvironment$CheckedEntry@50000351)
OBJ 500003a8 (sz=40, trace=300098, class=java.util.TreeMap$Entry@50000353)
	key		5000024c
	value		5000024e
	left		5000039c
	right		500003a0
	parent		50000396
OBJ 500003a9 (sz=16, trace=300095, class=java.lang.ProcessEnvironment$CheckedEntry@50000351)
OBJ 500003aa (sz=40, trace=300098, class=java.util.TreeMap$Entry@50000353)
	key		500002a7
	value		500002a9
	right		500003d0
	parent		50000368
OBJ 500003ab (sz=16, trace=300095, class=java.lang.ProcessEnvironment$CheckedEntry@50000351)
OBJ 500003ac (sz=40, trace=300098, class=java.util.TreeMap$Entry@50000353)
	key		50000311
	value		50000313
	left		500003bc
	right		50000386
	parent		500003a4
OBJ 500003ad (sz=16, trace=300095, class=java.lang.ProcessEnvironment$CheckedEntry@50000351)
OBJ 500003ae (sz=40, trace=300098, class=java.util.TreeMap$Entry@50000353)
	key		50000242
	value		50000244
	parent		5000039c
OBJ 500003af (sz=16, trace=300095, class=java.lang.ProcessEnvironment$CheckedEntry@50000351)
OBJ 500003b0 (sz=40, trace=300098, class=java.util.TreeMap$Entry@50000353)
	key		50000261
	value		50000263
	left		500003a2
	right		500003ce
	parent		50000396
OBJ 500003b1 (sz=16, trace=300095, class=java.lang.ProcessEnvironment$CheckedEntry@50000351)
OBJ 500003b2 (sz=40, trace=300098, class=java.util.TreeMap$Entry@50000353)
	key		5000020f
	value		50000211
	parent		50000398
OBJ 500003b3 (sz=16, trace=300095, class=java.lang.ProcessEnvironment$CheckedEntry@50000351)
OBJ 500003b4 (sz=40, trace=300098, class=java.util.TreeMap$Entry@50000353)
	key		50000266
	value		50000268
	parent		500003ce
OBJ 500003b5 (sz=16, trace=300095, class=java.lang.ProcessEnvironment$CheckedEntry@50000351)
OBJ 500003b6 (sz=40, trace=300098, class=java.util.TreeMap$Entry@50000353)
	key		50000293
	value		50000295
	left		500003de
	right		5000039e
	parent		50000370
OBJ 500003b7 (sz=16, trace=300095, class=java.lang.ProcessEnvironment$CheckedEntry@50000351)
OBJ 500003b8 (sz=40, trace=300098, class=java.util.TreeMap$Entry@50000353)
	key		500001ec
	value		500001ee
	parent		50000366
OBJ 500003b9 (sz=16, trace=300095, class=java.lang.ProcessEnvironment$CheckedEntry@50000351)
OBJ 500003ba (sz=40, trace=300098, class=java.util.TreeMap$Entry@50000353)
	key		50000224
	value		50000226
	parent		500003e0
OBJ 500003bb (sz=16, trace=300095, class=java.lang.ProcessEnvironment$CheckedEntry@50000351)
OBJ 500003bc (sz=40, trace=300098, class=java.util.TreeMap$Entry@50000353)
	key		50000307
	value		50000309
	right		500003d2
	parent		500003ac
OBJ 500003bd (sz=16, trace=300095, class=java.lang.ProcessEnvironment$CheckedEntry@50000351)
OBJ 500003be (sz=40, trace=300098, class=java.util.TreeMap$Entry@50000353)
	key		5000033e
	value		50000340
	parent		50000388
OBJ 500003bf (sz=16, trace=300095, class=java.lang.ProcessEnvironment$CheckedEntry@50000351)
OBJ 500003c0 (sz=40, trace=300098, class=java.util.TreeMap$Entry@50000353)
	key		5000028e
	value		50000290
	parent		50000382
OBJ 500003c1 (sz=16, trace=300095, class=java.lang.ProcessEnvironment$CheckedEntry@50000351)
OBJ 500003c2 (sz=40, trace=300098, class=java.util.TreeMap$Entry@50000353)
	key		500001f6
	value		500001f8
	left		500003ca
	right		500003c6
	parent		500003c4
OBJ 500003c3 (sz=16, trace=300095, class=java.lang.ProcessEnvironment$CheckedEntry@50000351)
OBJ 500003c4 (sz=40, trace=300098, class=java.util.TreeMap$Entry@50000353)
	key		500001f1
	value		500001f3
	left		50000366
	right		500003c2
	parent		50000360
OBJ 500003c5 (sz=16, trace=300095, class=java.lang.ProcessEnvironment$CheckedEntry@50000351)
OBJ 500003c6 (sz=40, trace=300098, class=java.util.TreeMap$Entry@50000353)
	key		500001fb
	value		500001fd
	parent		500003c2
OBJ 500003c7 (sz=16, trace=300095, class=java.lang.ProcessEnvironment$CheckedEntry@50000351)
OBJ 500003c8 (sz=40, trace=300098, class=java.util.TreeMap$Entry@50000353)
	key		500002c0
	value		500002c2
	parent		5000038a
OBJ 500003c9 (sz=16, trace=300095, class=java.lang.ProcessEnvironment$CheckedEntry@50000351)
OBJ 500003ca (sz=40, trace=300098, class=java.util.TreeMap$Entry@50000353)
	key		5000020a
	value		5000020c
	left		500003dc
	parent		500003c2
OBJ 500003cb (sz=16, trace=300095, class=java.lang.ProcessEnvironment$CheckedEntry@50000351)
OBJ 500003cc (sz=40, trace=300098, class=java.util.TreeMap$Entry@50000353)
	key		500001dc
	value		500001de
	parent		50000384
OBJ 500003cd (sz=16, trace=300095, class=java.lang.ProcessEnvironment$CheckedEntry@50000351)
OBJ 500003ce (sz=40, trace=300098, class=java.util.TreeMap$Entry@50000353)
	key		5000026b
	value		5000026d
	left		500003b4
	right		5000036a
	parent		500003b0
OBJ 500003cf (sz=16, trace=300095, class=java.lang.ProcessEnvironment$CheckedEntry@50000351)
OBJ 500003d0 (sz=40, trace=300098, class=java.util.TreeMap$Entry@50000353)
	key		500002ac
	value		500002ae
	parent		500003aa
OBJ 500003d1 (sz=16, trace=300095, class=java.lang.ProcessEnvironment$CheckedEntry@50000351)
OBJ 500003d2 (sz=40, trace=300098, class=java.util.TreeMap$Entry@50000353)
	key		5000030c
	value		5000030e
	parent		500003bc
OBJ 500003d3 (sz=16, trace=300095, class=java.lang.ProcessEnvironment$CheckedEntry@50000351)
OBJ 500003d4 (sz=40, trace=300098, class=java.util.TreeMap$Entry@50000353)
	key		50000238
	value		5000023a
	parent		50000390
OBJ 500003d5 (sz=16, trace=300095, class=java.lang.ProcessEnvironment$CheckedEntry@50000351)
OBJ 500003d6 (sz=40, trace=300098, class=java.util.TreeMap$Entry@50000353)
	key		5000022e
	value		50000230
	parent		500003e0
OBJ 500003d7 (sz=16, trace=300095, class=java.lang.ProcessEnvironment$CheckedEntry@50000351)
OBJ 500003d8 (sz=40, trace=300098, class=java.util.TreeMap$Entry@50000353)
	key		5000032f
	value		50000331
	parent		50000362
OBJ 500003d9 (sz=16, trace=300095, class=java.lang.ProcessEnvironment$CheckedEntry@50000351)
OBJ 500003da (sz=40, trace=300098, class=java.util.TreeMap$Entry@50000353)
	key		50000316
	value		50000318
	parent		50000386
OBJ 500003db (sz=16, trace=300095, class=java.lang.ProcessEnvironment$CheckedEntry@50000351)
OBJ 500003dc (sz=40, trace=300098, class=java.util.TreeMap$Entry@50000353)
	key		50000205
	value		50000207
	parent		500003ca
OBJ 500003dd (sz=16, trace=300095, class=java.lang.ProcessEnvironment$CheckedEntry@50000351)
OBJ 500003de (sz=40, trace=300098, class=java.util.TreeMap$Entry@50000353)
	key		5000027a
	value		5000027c
	parent		500003b6
OBJ 500003df (sz=16, trace=300095, class=java.lang.ProcessEnvironment$CheckedEntry@50000351)
OBJ 500003e0 (sz=40, trace=300098, class=java.util.TreeMap$Entry@50000353)
	key		50000229
	value		5000022b
	left		500003ba
	right		500003d6
	parent		50000390
OBJ 500003e1 (sz=24, trace=300099, class=java.lang.StringBuilder@50000122)
ARR 500003e2 (sz=48, trace=300100, nelems=0, elem type=char[])
ARR 500003e3 (sz=88, trace=300010, nelems=0, elem type=char[])
ARR 500003e4 (sz=160, trace=300010, nelems=0, elem type=char[])
OBJ 500003e5 (sz=24, trace=300101, class=java.lang.String@5000016e)
ARR 500003e6 (sz=120, trace=300102, nelems=0, elem type=char[])
OBJ 500003e7 (sz=24, trace=300103, class=java.lang.StringBuilder@50000122)
ARR 500003e8 (sz=48, trace=300104, nelems=0, elem type=char[])
ARR 500003e9 (sz=88, trace=300010, nelems=0, elem type=char[])
ARR 500003ea (sz=160, trace=300010, nelems=0, elem type=char[])
ARR 500003eb (sz=304, trace=300010, nelems=0, elem type=char[])
OBJ 500003ec (sz=24, trace=300105, class=java.lang.String@5000016e)
ARR 500003ed (sz=168, trace=300106, nelems=0, elem type=char[])
OBJ 500003ef (sz=16, trace=300108, class=sun.usagetracker.UsageTrackerClient$3@500003ee)
OBJ 500003f0 (sz=32, trace=300109, class=java.io.File@5000011c)
OBJ 500003f1 (sz=16, trace=300108, class=sun.usagetracker.UsageTrackerClient$3@500003ee)
OBJ 500003f2 (sz=32, trace=300109, class=java.io.File@5000011c)
OBJ 500003f3 (sz=32, trace=300110, class=java.io.File@5000011c)
OBJ 500003f4 (sz=24, trace=300111, class=java.lang.String@5000016e)
ARR 500003f5 (sz=64, trace=300112, nelems=0, elem type=char[])
OBJ 500003f6 (sz=24, trace=300113, class=java.io.ExpiringCache$Entry@50000061)
	val		500010a7
OBJ 500003f7 (sz=40, trace=300114, class=java.util.LinkedHashMap$Entry@50000060)
	key		50000e73
	value		500003f6
	before		5000107e
	after		5000067b
OBJ 500003f8 (sz=24, trace=300115, class=java.lang.String@5000016e)
ARR 500003f9 (sz=64, trace=300112, nelems=0, elem type=char[])
OBJ 500003fa (sz=32, trace=300116, class=java.io.File@5000011c)
OBJ 500003fb (sz=24, trace=300117, class=sun.usagetracker.UsageTrackerClient$1@500001ba)
ARR 500003fc (sz=40, trace=300118, nelems=0, elem type=char[])
OBJ 500003fd (sz=24, trace=300119, class=java.lang.String@5000016e)
ARR 500003fe (sz=40, trace=300060, nelems=0, elem type=char[])
OBJ 500003ff (sz=16, trace=300120, class=sun.usagetracker.UsageTrackerClient$2@500001d2)
OBJ 50000400 (sz=24, trace=300121, class=java.lang.StringBuilder@50000122)
ARR 50000401 (sz=48, trace=300122, nelems=0, elem type=char[])
ARR 50000402 (sz=88, trace=300010, nelems=0, elem type=char[])
ARR 50000403 (sz=160, trace=300010, nelems=0, elem type=char[])
OBJ 50000404 (sz=24, trace=300123, class=java.lang.String@5000016e)
ARR 50000405 (sz=104, trace=300124, nelems=0, elem type=char[])
OBJ 50000406 (sz=24, trace=300125, class=java.lang.StringBuilder@50000122)
ARR 50000407 (sz=48, trace=300126, nelems=0, elem type=char[])
ARR 50000408 (sz=48, trace=300127, nelems=0, elem type=char[])
OBJ 50000409 (sz=24, trace=300128, class=java.lang.String@5000016e)
ARR 5000040a (sz=88, trace=300010, nelems=0, elem type=char[])
OBJ 5000040b (sz=24, trace=300129, class=java.lang.String@5000016e)
ARR 5000040c (sz=72, trace=300130, nelems=0, elem type=char[])
OBJ 5000040d (sz=32, trace=300131, class=java.io.File@5000011c)
ARR 5000040e (sz=160, trace=300132, nelems=0, elem type=char[])
OBJ 5000040f (sz=24, trace=300133, class=java.lang.String@5000016e)
	value		50000410
ARR 50000410 (sz=142, trace=300134, nelems=71, elem type=char[])
OBJ 50000411 (sz=32, trace=300135, class=java.io.FileOutputStream@500000ad)
	fd		50000414
	path		5000040f
	closeLock	50000413
OBJ 50000412 (sz=40, trace=300136, class=java.lang.ref.Finalizer@5000014d)
	referent	50000411
	queue		50000c6d
	next		50001904
	prev		5000072a
OBJ 50000413 (sz=16, trace=300137, class=java.lang.Object@50000172)
OBJ 50000414 (sz=40, trace=300138, class=java.io.FileDescriptor@500000b2)
	parent		50000411
OBJ 50000415 (sz=24, trace=300139, class=java.lang.StringBuilder@50000122)
ARR 50000416 (sz=48, trace=300140, nelems=0, elem type=char[])
ARR 50000417 (sz=88, trace=300010, nelems=0, elem type=char[])
ARR 50000418 (sz=160, trace=300010, nelems=0, elem type=char[])
OBJ 50000419 (sz=24, trace=300141, class=java.lang.String@5000016e)
ARR 5000041a (sz=120, trace=300142, nelems=0, elem type=char[])
OBJ 5000041c (sz=16, trace=300144, class=java.lang.ThreadLocal@50000086)
OBJ 5000041d (sz=16, trace=300145, class=java.lang.ThreadLocal@50000086)
OBJ 5000041f (sz=24, trace=300147, class=java.lang.ThreadLocal$ThreadLocalMap@5000041e)
	table		50000422
ARR 50000422 (sz=80, trace=300149, nelems=15, elem type=java.lang.ThreadLocal$ThreadLocalMap$Entry[]@50000421)
	[5]		50000489
	[7]		5000044d
	[14]		50000423
OBJ 50000423 (sz=32, trace=300150, class=java.lang.ThreadLocal$ThreadLocalMap$Entry@50000420)
	referent	5000041d
	queue		5000115f
	value		5000043c
ARR 50000424 (sz=32, trace=300151, nelems=0, elem type=char[])
OBJ 50000425 (sz=24, trace=300152, class=java.lang.String@5000016e)
ARR 50000426 (sz=32, trace=300153, nelems=0, elem type=char[])
OBJ 50000427 (sz=24, trace=300154, class=java.lang.StringBuilder@50000122)
ARR 50000428 (sz=48, trace=300155, nelems=0, elem type=char[])
OBJ 50000429 (sz=24, trace=300156, class=java.lang.String@5000016e)
ARR 5000042a (sz=48, trace=300157, nelems=0, elem type=char[])
ARR 5000042d (sz=16, trace=300159, nelems=0, elem type=java.lang.Class[]@50000104)
OBJ 5000042e (sz=56, trace=300160, class=java.lang.Class$ReflectionData@500000a5)
OBJ 5000042f (sz=40, trace=300040, class=java.lang.ref.SoftReference@50000152)
OBJ 50000430 (sz=80, trace=300161, class=java.lang.reflect.Constructor@5000013e)
OBJ 50000431 (sz=24, trace=300162, class=java.lang.Class$1@5000007e)
OBJ 50000432 (sz=24, trace=300163, class=sun.reflect.NativeConstructorAccessorImpl@5000007c)
OBJ 50000433 (sz=16, trace=300164, class=sun.reflect.DelegatingConstructorAccessorImpl@5000007b)
OBJ 50000434 (sz=24, trace=300165, class=sun.nio.cs.UTF_8@5000042c)
	name		50001292
	aliases		50001614
ARR 50000435 (sz=24, trace=300166, nelems=2, elem type=java.lang.Object[]@50000109)
	[0]		50001292
	[1]		50000434
OBJ 50000437 (sz=32, trace=300168, class=java.lang.StringCoding$StringEncoder@50000436)
	cs		50000434
	ce		5000043a
	requestedCharsetName	50001292
ARR 50000439 (sz=24, trace=300170, nelems=0, elem type=byte[])
OBJ 5000043a (sz=56, trace=300171, class=sun.nio.cs.UTF_8$Encoder@50000438)
	charset		50000434
	replacement	5000043b
	malformedInputAction	500012ac
	unmappableCharacterAction	500012ac
ARR 5000043b (sz=1, trace=300172, nelems=1, elem type=byte[])
OBJ 5000043c (sz=40, trace=300173, class=java.lang.ref.SoftReference@50000152)
	referent	50000437
	queue		5000115f
ARR 5000043d (sz=176, trace=300174, nelems=0, elem type=byte[])
ARR 5000043e (sz=72, trace=300175, nelems=0, elem type=byte[])
OBJ 50000440 (sz=16, trace=300177, class=java.io.FileOutputStream$1@5000043f)
OBJ 50000441 (sz=376, trace=300000, class=java.lang.Thread@5000014b)
OBJ 50000443 (sz=24, trace=300178, class=sun.launcher.LauncherHelper@50000442)
	name		50001992
ARR 50000445 (sz=24, trace=300179, nelems=1, elem type=sun.launcher.LauncherHelper[]@50000444)
	[0]		50000443
OBJ 50000446 (sz=24, trace=300180, class=java.lang.StringBuilder@50000122)
	value		50000447
ARR 50000447 (sz=32, trace=300181, nelems=16, elem type=char[])
ARR 50000448 (sz=32, trace=300151, nelems=0, elem type=char[])
OBJ 50000449 (sz=24, trace=300152, class=java.lang.String@5000016e)
ARR 5000044a (sz=32, trace=300153, nelems=0, elem type=char[])
ARR 5000044b (sz=24, trace=300166, nelems=0, elem type=java.lang.Object[]@50000109)
OBJ 5000044c (sz=24, trace=300182, class=java.lang.String@5000016e)
	value		50000452
OBJ 5000044d (sz=32, trace=300150, class=java.lang.ThreadLocal$ThreadLocalMap$Entry@50000420)
	referent	5000041c
	queue		5000115f
	value		50000451
OBJ 5000044f (sz=32, trace=300184, class=java.lang.StringCoding$StringDecoder@5000044e)
	requestedCharsetName	50000e32
	cs		500012c0
	cd		50000450
OBJ 50000450 (sz=48, trace=300185, class=sun.nio.cs.SingleByte$Decoder@50000037)
	charset		500012c0
	replacement	500012a2
	malformedInputAction	500012ac
	unmappableCharacterAction	500012ac
	b2c		500016d5
OBJ 50000451 (sz=40, trace=300173, class=java.lang.ref.SoftReference@50000152)
	referent	5000044f
	queue		5000115f
ARR 50000452 (sz=80, trace=300186, nelems=40, elem type=char[])
OBJ 50000453 (sz=16, trace=300187, class=java.lang.Object@50000172)
ARR 50000454 (sz=80, trace=300188, nelems=9, elem type=java.util.concurrent.ConcurrentHashMap$Node[]@50000023)
	[0]		50000b24
	[5]		50000b3c
	[7]		50000455
	[8]		50000b97
OBJ 50000455 (sz=32, trace=300189, class=java.util.concurrent.ConcurrentHashMap$Node@50000024)
	key		5000044c
	val		50000453
OBJ 50000456 (sz=16, trace=300190, class=java.lang.Object@50000172)
ARR 50000457 (sz=80, trace=300188, nelems=9, elem type=java.util.concurrent.ConcurrentHashMap$Node[]@50000023)
	[0]		50000b26
	[5]		50000b3e
	[7]		50000458
	[8]		50000b99
OBJ 50000458 (sz=32, trace=300189, class=java.util.concurrent.ConcurrentHashMap$Node@50000024)
	key		5000044c
	val		50000456
OBJ 5000045a (sz=24, trace=300192, class=java.net.URLClassLoader$1@50000459)
ARR 5000045b (sz=96, trace=300193, nelems=0, elem type=char[])
OBJ 5000045c (sz=24, trace=300194, class=java.lang.String@5000016e)
ARR 5000045d (sz=112, trace=300195, nelems=0, elem type=char[])
OBJ 5000045e (sz=24, trace=300196, class=java.lang.String@5000016e)
OBJ 50000460 (sz=24, trace=300198, class=java.lang.StringBuilder@50000122)
ARR 50000461 (sz=48, trace=300199, nelems=0, elem type=char[])
ARR 50000462 (sz=168, trace=300010, nelems=0, elem type=char[])
OBJ 50000463 (sz=24, trace=300200, class=java.lang.String@5000016e)
	value		50000464
ARR 50000464 (sz=146, trace=300201, nelems=73, elem type=char[])
OBJ 50000466 (sz=24, trace=300203, class=sun.misc.URLClassPath$3@50000465)
OBJ 5000046d (sz=16, trace=300207, class=java.util.zip.ZipFile$1@5000046c)
OBJ 5000046e (sz=24, trace=300208, class=java.lang.StringBuilder@50000122)
ARR 5000046f (sz=48, trace=300209, nelems=0, elem type=char[])
OBJ 50000470 (sz=24, trace=300210, class=java.lang.StringBuffer@50000123)
ARR 50000471 (sz=160, trace=300211, nelems=0, elem type=char[])
ARR 50000472 (sz=160, trace=300212, nelems=0, elem type=char[])
OBJ 50000473 (sz=24, trace=300213, class=java.lang.String@5000016e)
ARR 50000474 (sz=160, trace=300010, nelems=0, elem type=char[])
ARR 50000475 (sz=304, trace=300010, nelems=0, elem type=char[])
OBJ 50000476 (sz=24, trace=300214, class=java.lang.String@5000016e)
	value		50000477
ARR 50000477 (sz=146, trace=300215, nelems=73, elem type=char[])
OBJ 50000478 (sz=64, trace=300216, class=java.net.URL@5000011a)
	protocol	50001032
	host		50000d5d
	file		50000476
	authority	50000d5d
	path		50000476
	handler		500017b8
OBJ 50000479 (sz=24, trace=300217, class=java.net.Parts@50000010)
OBJ 5000047a (sz=56, trace=300218, class=sun.misc.URLClassPath$JarLoader@50000468)
	base		50000478
	csu		500017be
	metaIndex	50001707
	handler		500017b8
	lmap		500017b9
	acc		50000ee2
OBJ 5000047b (sz=24, trace=300219, class=java.lang.StringBuilder@50000122)
ARR 5000047c (sz=152, trace=300220, nelems=0, elem type=char[])
ARR 5000047d (sz=88, trace=300221, nelems=0, elem type=byte[])
OBJ 5000047e (sz=48, trace=300222, class=java.nio.HeapByteBuffer@50000075)
ARR 5000047f (sz=152, trace=300223, nelems=0, elem type=char[])
OBJ 50000480 (sz=48, trace=300224, class=java.nio.HeapCharBuffer@50000035)
OBJ 50000484 (sz=24, trace=300227, class=sun.nio.cs.ThreadLocalCoders$1@50000483)
	cache		50000485
OBJ 50000485 (sz=16, trace=300228, class=java.lang.ThreadLocal@50000086)
OBJ 50000487 (sz=24, trace=300230, class=sun.nio.cs.ThreadLocalCoders$2@50000486)
	cache		50000488
OBJ 50000488 (sz=16, trace=300231, class=java.lang.ThreadLocal@50000086)
OBJ 50000489 (sz=32, trace=300150, class=java.lang.ThreadLocal$ThreadLocalMap$Entry@50000420)
	referent	50000485
	queue		5000115f
	value		5000048a
ARR 5000048a (sz=32, trace=300232, nelems=1, elem type=java.lang.Object[]@50000109)
	[0]		5000048c
OBJ 5000048c (sz=40, trace=300234, class=sun.nio.cs.UTF_8$Decoder@5000048b)
	charset		50000434
	replacement	500012a2
	malformedInputAction	500012ab
	unmappableCharacterAction	500012ab
OBJ 5000048d (sz=24, trace=300235, class=java.lang.String@5000016e)
ARR 5000048e (sz=24, trace=300236, nelems=0, elem type=char[])
OBJ 5000048f (sz=24, trace=300237, class=java.lang.String@5000016e)
ARR 50000490 (sz=24, trace=300238, nelems=0, elem type=char[])
OBJ 50000491 (sz=24, trace=300239, class=java.lang.String@5000016e)
ARR 50000492 (sz=144, trace=300240, nelems=0, elem type=char[])
OBJ 50000493 (sz=32, trace=300241, class=java.io.File@5000011c)
OBJ 50000494 (sz=24, trace=300242, class=java.lang.StringBuffer@50000123)
ARR 50000495 (sz=144, trace=300243, nelems=0, elem type=char[])
ARR 50000496 (sz=144, trace=300244, nelems=0, elem type=char[])
OBJ 50000497 (sz=24, trace=300245, class=java.lang.String@5000016e)
ARR 50000498 (sz=144, trace=300246, nelems=0, elem type=char[])
OBJ 50000499 (sz=24, trace=300247, class=java.lang.String@5000016e)
ARR 5000049a (sz=144, trace=300248, nelems=0, elem type=char[])
ARR 5000049b (sz=56, trace=300249, nelems=0, elem type=java.lang.Object[]@50000109)
ARR 5000049c (sz=80, trace=300250, nelems=16, elem type=java.util.HashMap$Node[]@500000c2)
	[0]		500004c5
	[2]		5000058d
	[7]		50000605
	[8]		5000049d
	[9]		5000053d
	[12]		50000565
	[13]		50000515
	[15]		500004ed
OBJ 5000049d (sz=32, trace=300080, class=java.util.HashMap$Node@500000c4)
	key		50000463
	value		5000047a
	next		500005dd
OBJ 5000049e (sz=24, trace=300198, class=java.lang.StringBuilder@50000122)
ARR 5000049f (sz=48, trace=300199, nelems=0, elem type=char[])
ARR 500004a0 (sz=152, trace=300010, nelems=0, elem type=char[])
OBJ 500004a1 (sz=24, trace=300200, class=java.lang.String@5000016e)
	value		500004a2
ARR 500004a2 (sz=130, trace=300201, nelems=65, elem type=char[])
OBJ 500004a3 (sz=24, trace=300203, class=sun.misc.URLClassPath$3@50000465)
OBJ 500004a4 (sz=24, trace=300208, class=java.lang.StringBuilder@50000122)
ARR 500004a5 (sz=48, trace=300209, nelems=0, elem type=char[])
OBJ 500004a6 (sz=24, trace=300210, class=java.lang.StringBuffer@50000123)
ARR 500004a7 (sz=144, trace=300211, nelems=0, elem type=char[])
ARR 500004a8 (sz=144, trace=300212, nelems=0, elem type=char[])
OBJ 500004a9 (sz=24, trace=300213, class=java.lang.String@5000016e)
ARR 500004aa (sz=144, trace=300010, nelems=0, elem type=char[])
ARR 500004ab (sz=272, trace=300010, nelems=0, elem type=char[])
OBJ 500004ac (sz=24, trace=300214, class=java.lang.String@5000016e)
	value		500004ad
ARR 500004ad (sz=130, trace=300215, nelems=65, elem type=char[])
OBJ 500004ae (sz=64, trace=300216, class=java.net.URL@5000011a)
	protocol	50001032
	host		50000d5d
	file		500004ac
	authority	50000d5d
	path		500004ac
	handler		500017b8
OBJ 500004af (sz=24, trace=300217, class=java.net.Parts@50000010)
OBJ 500004b0 (sz=56, trace=300218, class=sun.misc.URLClassPath$JarLoader@50000468)
	base		500004ae
	csu		500017bf
	metaIndex	500016f3
	handler		500017b8
	lmap		500017b9
	acc		50000ee2
OBJ 500004b1 (sz=24, trace=300219, class=java.lang.StringBuilder@50000122)
ARR 500004b2 (sz=136, trace=300220, nelems=0, elem type=char[])
ARR 500004b3 (sz=80, trace=300221, nelems=0, elem type=byte[])
OBJ 500004b4 (sz=48, trace=300222, class=java.nio.HeapByteBuffer@50000075)
ARR 500004b5 (sz=136, trace=300223, nelems=0, elem type=char[])
OBJ 500004b6 (sz=48, trace=300224, class=java.nio.HeapCharBuffer@50000035)
OBJ 500004b7 (sz=24, trace=300235, class=java.lang.String@5000016e)
ARR 500004b8 (sz=24, trace=300236, nelems=0, elem type=char[])
OBJ 500004b9 (sz=24, trace=300237, class=java.lang.String@5000016e)
ARR 500004ba (sz=24, trace=300238, nelems=0, elem type=char[])
OBJ 500004bb (sz=24, trace=300239, class=java.lang.String@5000016e)
ARR 500004bc (sz=128, trace=300240, nelems=0, elem type=char[])
OBJ 500004bd (sz=32, trace=300241, class=java.io.File@5000011c)
OBJ 500004be (sz=24, trace=300242, class=java.lang.StringBuffer@50000123)
ARR 500004bf (sz=128, trace=300243, nelems=0, elem type=char[])
ARR 500004c0 (sz=128, trace=300244, nelems=0, elem type=char[])
OBJ 500004c1 (sz=24, trace=300245, class=java.lang.String@5000016e)
ARR 500004c2 (sz=128, trace=300246, nelems=0, elem type=char[])
OBJ 500004c3 (sz=24, trace=300247, class=java.lang.String@5000016e)
ARR 500004c4 (sz=128, trace=300248, nelems=0, elem type=char[])
OBJ 500004c5 (sz=32, trace=300080, class=java.util.HashMap$Node@500000c4)
	key		500004a1
	value		500004b0
OBJ 500004c6 (sz=24, trace=300198, class=java.lang.StringBuilder@50000122)
ARR 500004c7 (sz=48, trace=300199, nelems=0, elem type=char[])
ARR 500004c8 (sz=144, trace=300010, nelems=0, elem type=char[])
OBJ 500004c9 (sz=24, trace=300200, class=java.lang.String@5000016e)
	value		500004ca
ARR 500004ca (sz=124, trace=300201, nelems=62, elem type=char[])
OBJ 500004cb (sz=24, trace=300203, class=sun.misc.URLClassPath$3@50000465)
OBJ 500004cc (sz=24, trace=300208, class=java.lang.StringBuilder@50000122)
ARR 500004cd (sz=48, trace=300209, nelems=0, elem type=char[])
OBJ 500004ce (sz=24, trace=300210, class=java.lang.StringBuffer@50000123)
ARR 500004cf (sz=136, trace=300211, nelems=0, elem type=char[])
ARR 500004d0 (sz=136, trace=300212, nelems=0, elem type=char[])
OBJ 500004d1 (sz=24, trace=300213, class=java.lang.String@5000016e)
ARR 500004d2 (sz=136, trace=300010, nelems=0, elem type=char[])
ARR 500004d3 (sz=264, trace=300010, nelems=0, elem type=char[])
OBJ 500004d4 (sz=24, trace=300214, class=java.lang.String@5000016e)
	value		500004d5
ARR 500004d5 (sz=124, trace=300215, nelems=62, elem type=char[])
OBJ 500004d6 (sz=64, trace=300216, class=java.net.URL@5000011a)
	protocol	50001032
	host		50000d5d
	file		500004d4
	authority	50000d5d
	path		500004d4
	handler		500017b8
OBJ 500004d7 (sz=24, trace=300217, class=java.net.Parts@50000010)
OBJ 500004d8 (sz=56, trace=300218, class=sun.misc.URLClassPath$JarLoader@50000468)
	base		500004d6
	csu		500017c0
	metaIndex	50001796
	handler		500017b8
	lmap		500017b9
	acc		50000ee2
OBJ 500004d9 (sz=24, trace=300219, class=java.lang.StringBuilder@50000122)
ARR 500004da (sz=128, trace=300220, nelems=0, elem type=char[])
ARR 500004db (sz=72, trace=300221, nelems=0, elem type=byte[])
OBJ 500004dc (sz=48, trace=300222, class=java.nio.HeapByteBuffer@50000075)
ARR 500004dd (sz=128, trace=300223, nelems=0, elem type=char[])
OBJ 500004de (sz=48, trace=300224, class=java.nio.HeapCharBuffer@50000035)
OBJ 500004df (sz=24, trace=300235, class=java.lang.String@5000016e)
ARR 500004e0 (sz=24, trace=300236, nelems=0, elem type=char[])
OBJ 500004e1 (sz=24, trace=300237, class=java.lang.String@5000016e)
ARR 500004e2 (sz=24, trace=300238, nelems=0, elem type=char[])
OBJ 500004e3 (sz=24, trace=300239, class=java.lang.String@5000016e)
ARR 500004e4 (sz=128, trace=300240, nelems=0, elem type=char[])
OBJ 500004e5 (sz=32, trace=300241, class=java.io.File@5000011c)
OBJ 500004e6 (sz=24, trace=300242, class=java.lang.StringBuffer@50000123)
ARR 500004e7 (sz=128, trace=300243, nelems=0, elem type=char[])
ARR 500004e8 (sz=120, trace=300244, nelems=0, elem type=char[])
OBJ 500004e9 (sz=24, trace=300245, class=java.lang.String@5000016e)
ARR 500004ea (sz=120, trace=300246, nelems=0, elem type=char[])
OBJ 500004eb (sz=24, trace=300247, class=java.lang.String@5000016e)
ARR 500004ec (sz=120, trace=300248, nelems=0, elem type=char[])
OBJ 500004ed (sz=32, trace=300080, class=java.util.HashMap$Node@500000c4)
	key		500004c9
	value		500004d8
OBJ 500004ee (sz=24, trace=300198, class=java.lang.StringBuilder@50000122)
ARR 500004ef (sz=48, trace=300199, nelems=0, elem type=char[])
ARR 500004f0 (sz=144, trace=300010, nelems=0, elem type=char[])
OBJ 500004f1 (sz=24, trace=300200, class=java.lang.String@5000016e)
	value		500004f2
ARR 500004f2 (sz=128, trace=300201, nelems=64, elem type=char[])
OBJ 500004f3 (sz=24, trace=300203, class=sun.misc.URLClassPath$3@50000465)
OBJ 500004f4 (sz=24, trace=300208, class=java.lang.StringBuilder@50000122)
ARR 500004f5 (sz=48, trace=300209, nelems=0, elem type=char[])
OBJ 500004f6 (sz=24, trace=300210, class=java.lang.StringBuffer@50000123)
ARR 500004f7 (sz=144, trace=300211, nelems=0, elem type=char[])
ARR 500004f8 (sz=144, trace=300212, nelems=0, elem type=char[])
OBJ 500004f9 (sz=24, trace=300213, class=java.lang.String@5000016e)
ARR 500004fa (sz=144, trace=300010, nelems=0, elem type=char[])
ARR 500004fb (sz=272, trace=300010, nelems=0, elem type=char[])
OBJ 500004fc (sz=24, trace=300214, class=java.lang.String@5000016e)
	value		500004fd
ARR 500004fd (sz=128, trace=300215, nelems=64, elem type=char[])
OBJ 500004fe (sz=64, trace=300216, class=java.net.URL@5000011a)
	protocol	50001032
	host		50000d5d
	file		500004fc
	authority	50000d5d
	path		500004fc
	handler		500017b8
OBJ 500004ff (sz=24, trace=300217, class=java.net.Parts@50000010)
OBJ 50000500 (sz=56, trace=300218, class=sun.misc.URLClassPath$JarLoader@50000468)
	base		500004fe
	csu		500017c1
	metaIndex	5000171a
	handler		500017b8
	lmap		500017b9
	acc		50000ee2
OBJ 50000501 (sz=24, trace=300219, class=java.lang.StringBuilder@50000122)
ARR 50000502 (sz=136, trace=300220, nelems=0, elem type=char[])
ARR 50000503 (sz=80, trace=300221, nelems=0, elem type=byte[])
OBJ 50000504 (sz=48, trace=300222, class=java.nio.HeapByteBuffer@50000075)
ARR 50000505 (sz=136, trace=300223, nelems=0, elem type=char[])
OBJ 50000506 (sz=48, trace=300224, class=java.nio.HeapCharBuffer@50000035)
OBJ 50000507 (sz=24, trace=300235, class=java.lang.String@5000016e)
ARR 50000508 (sz=24, trace=300236, nelems=0, elem type=char[])
OBJ 50000509 (sz=24, trace=300237, class=java.lang.String@5000016e)
ARR 5000050a (sz=24, trace=300238, nelems=0, elem type=char[])
OBJ 5000050b (sz=24, trace=300239, class=java.lang.String@5000016e)
ARR 5000050c (sz=128, trace=300240, nelems=0, elem type=char[])
OBJ 5000050d (sz=32, trace=300241, class=java.io.File@5000011c)
OBJ 5000050e (sz=24, trace=300242, class=java.lang.StringBuffer@50000123)
ARR 5000050f (sz=128, trace=300243, nelems=0, elem type=char[])
ARR 50000510 (sz=128, trace=300244, nelems=0, elem type=char[])
OBJ 50000511 (sz=24, trace=300245, class=java.lang.String@5000016e)
ARR 50000512 (sz=128, trace=300246, nelems=0, elem type=char[])
OBJ 50000513 (sz=24, trace=300247, class=java.lang.String@5000016e)
ARR 50000514 (sz=128, trace=300248, nelems=0, elem type=char[])
OBJ 50000515 (sz=32, trace=300080, class=java.util.HashMap$Node@500000c4)
	key		500004f1
	value		50000500
OBJ 50000516 (sz=24, trace=300198, class=java.lang.StringBuilder@50000122)
ARR 50000517 (sz=48, trace=300199, nelems=0, elem type=char[])
ARR 50000518 (sz=144, trace=300010, nelems=0, elem type=char[])
OBJ 50000519 (sz=24, trace=300200, class=java.lang.String@5000016e)
	value		5000051a
ARR 5000051a (sz=124, trace=300201, nelems=62, elem type=char[])
OBJ 5000051b (sz=24, trace=300203, class=sun.misc.URLClassPath$3@50000465)
OBJ 5000051c (sz=24, trace=300208, class=java.lang.StringBuilder@50000122)
ARR 5000051d (sz=48, trace=300209, nelems=0, elem type=char[])
OBJ 5000051e (sz=24, trace=300210, class=java.lang.StringBuffer@50000123)
ARR 5000051f (sz=136, trace=300211, nelems=0, elem type=char[])
ARR 50000520 (sz=136, trace=300212, nelems=0, elem type=char[])
OBJ 50000521 (sz=24, trace=300213, class=java.lang.String@5000016e)
ARR 50000522 (sz=136, trace=300010, nelems=0, elem type=char[])
ARR 50000523 (sz=264, trace=300010, nelems=0, elem type=char[])
OBJ 50000524 (sz=24, trace=300214, class=java.lang.String@5000016e)
	value		50000525
ARR 50000525 (sz=124, trace=300215, nelems=62, elem type=char[])
OBJ 50000526 (sz=64, trace=300216, class=java.net.URL@5000011a)
	protocol	50001032
	host		50000d5d
	file		50000524
	authority	50000d5d
	path		50000524
	handler		500017b8
OBJ 50000527 (sz=24, trace=300217, class=java.net.Parts@50000010)
OBJ 50000528 (sz=56, trace=300218, class=sun.misc.URLClassPath$JarLoader@50000468)
	base		50000526
	csu		500017c2
	metaIndex	50001759
	handler		500017b8
	lmap		500017b9
	acc		50000ee2
OBJ 50000529 (sz=24, trace=300219, class=java.lang.StringBuilder@50000122)
ARR 5000052a (sz=128, trace=300220, nelems=0, elem type=char[])
ARR 5000052b (sz=72, trace=300221, nelems=0, elem type=byte[])
OBJ 5000052c (sz=48, trace=300222, class=java.nio.HeapByteBuffer@50000075)
ARR 5000052d (sz=128, trace=300223, nelems=0, elem type=char[])
OBJ 5000052e (sz=48, trace=300224, class=java.nio.HeapCharBuffer@50000035)
OBJ 5000052f (sz=24, trace=300235, class=java.lang.String@5000016e)
ARR 50000530 (sz=24, trace=300236, nelems=0, elem type=char[])
OBJ 50000531 (sz=24, trace=300237, class=java.lang.String@5000016e)
ARR 50000532 (sz=24, trace=300238, nelems=0, elem type=char[])
OBJ 50000533 (sz=24, trace=300239, class=java.lang.String@5000016e)
ARR 50000534 (sz=128, trace=300240, nelems=0, elem type=char[])
OBJ 50000535 (sz=32, trace=300241, class=java.io.File@5000011c)
OBJ 50000536 (sz=24, trace=300242, class=java.lang.StringBuffer@50000123)
ARR 50000537 (sz=128, trace=300243, nelems=0, elem type=char[])
ARR 50000538 (sz=120, trace=300244, nelems=0, elem type=char[])
OBJ 50000539 (sz=24, trace=300245, class=java.lang.String@5000016e)
ARR 5000053a (sz=120, trace=300246, nelems=0, elem type=char[])
OBJ 5000053b (sz=24, trace=300247, class=java.lang.String@5000016e)
ARR 5000053c (sz=120, trace=300248, nelems=0, elem type=char[])
OBJ 5000053d (sz=32, trace=300080, class=java.util.HashMap$Node@500000c4)
	key		50000519
	value		50000528
	next		500005b5
OBJ 5000053e (sz=24, trace=300198, class=java.lang.StringBuilder@50000122)
ARR 5000053f (sz=48, trace=300199, nelems=0, elem type=char[])
ARR 50000540 (sz=152, trace=300010, nelems=0, elem type=char[])
OBJ 50000541 (sz=24, trace=300200, class=java.lang.String@5000016e)
	value		50000542
ARR 50000542 (sz=134, trace=300201, nelems=67, elem type=char[])
OBJ 50000543 (sz=24, trace=300203, class=sun.misc.URLClassPath$3@50000465)
OBJ 50000544 (sz=24, trace=300208, class=java.lang.StringBuilder@50000122)
ARR 50000545 (sz=48, trace=300209, nelems=0, elem type=char[])
OBJ 50000546 (sz=24, trace=300210, class=java.lang.StringBuffer@50000123)
ARR 50000547 (sz=152, trace=300211, nelems=0, elem type=char[])
ARR 50000548 (sz=152, trace=300212, nelems=0, elem type=char[])
OBJ 50000549 (sz=24, trace=300213, class=java.lang.String@5000016e)
ARR 5000054a (sz=152, trace=300010, nelems=0, elem type=char[])
ARR 5000054b (sz=280, trace=300010, nelems=0, elem type=char[])
OBJ 5000054c (sz=24, trace=300214, class=java.lang.String@5000016e)
	value		5000054d
ARR 5000054d (sz=134, trace=300215, nelems=67, elem type=char[])
OBJ 5000054e (sz=64, trace=300216, class=java.net.URL@5000011a)
	protocol	50001032
	host		50000d5d
	file		5000054c
	authority	50000d5d
	path		5000054c
	handler		500017b8
OBJ 5000054f (sz=24, trace=300217, class=java.net.Parts@50000010)
OBJ 50000550 (sz=56, trace=300218, class=sun.misc.URLClassPath$JarLoader@50000468)
	base		5000054e
	csu		500017c3
	metaIndex	50001722
	handler		500017b8
	lmap		500017b9
	acc		50000ee2
OBJ 50000551 (sz=24, trace=300219, class=java.lang.StringBuilder@50000122)
ARR 50000552 (sz=136, trace=300220, nelems=0, elem type=char[])
ARR 50000553 (sz=80, trace=300221, nelems=0, elem type=byte[])
OBJ 50000554 (sz=48, trace=300222, class=java.nio.HeapByteBuffer@50000075)
ARR 50000555 (sz=136, trace=300223, nelems=0, elem type=char[])
OBJ 50000556 (sz=48, trace=300224, class=java.nio.HeapCharBuffer@50000035)
OBJ 50000557 (sz=24, trace=300235, class=java.lang.String@5000016e)
ARR 50000558 (sz=24, trace=300236, nelems=0, elem type=char[])
OBJ 50000559 (sz=24, trace=300237, class=java.lang.String@5000016e)
ARR 5000055a (sz=24, trace=300238, nelems=0, elem type=char[])
OBJ 5000055b (sz=24, trace=300239, class=java.lang.String@5000016e)
ARR 5000055c (sz=136, trace=300240, nelems=0, elem type=char[])
OBJ 5000055d (sz=32, trace=300241, class=java.io.File@5000011c)
OBJ 5000055e (sz=24, trace=300242, class=java.lang.StringBuffer@50000123)
ARR 5000055f (sz=136, trace=300243, nelems=0, elem type=char[])
ARR 50000560 (sz=136, trace=300244, nelems=0, elem type=char[])
OBJ 50000561 (sz=24, trace=300245, class=java.lang.String@5000016e)
ARR 50000562 (sz=136, trace=300246, nelems=0, elem type=char[])
OBJ 50000563 (sz=24, trace=300247, class=java.lang.String@5000016e)
ARR 50000564 (sz=136, trace=300248, nelems=0, elem type=char[])
OBJ 50000565 (sz=32, trace=300080, class=java.util.HashMap$Node@500000c4)
	key		50000541
	value		50000550
OBJ 50000566 (sz=24, trace=300198, class=java.lang.StringBuilder@50000122)
ARR 50000567 (sz=48, trace=300199, nelems=0, elem type=char[])
ARR 50000568 (sz=144, trace=300010, nelems=0, elem type=char[])
OBJ 50000569 (sz=24, trace=300200, class=java.lang.String@5000016e)
	value		5000056a
ARR 5000056a (sz=128, trace=300201, nelems=64, elem type=char[])
OBJ 5000056b (sz=24, trace=300203, class=sun.misc.URLClassPath$3@50000465)
OBJ 5000056c (sz=24, trace=300208, class=java.lang.StringBuilder@50000122)
ARR 5000056d (sz=48, trace=300209, nelems=0, elem type=char[])
OBJ 5000056e (sz=24, trace=300210, class=java.lang.StringBuffer@50000123)
ARR 5000056f (sz=144, trace=300211, nelems=0, elem type=char[])
ARR 50000570 (sz=144, trace=300212, nelems=0, elem type=char[])
OBJ 50000571 (sz=24, trace=300213, class=java.lang.String@5000016e)
ARR 50000572 (sz=144, trace=300010, nelems=0, elem type=char[])
ARR 50000573 (sz=272, trace=300010, nelems=0, elem type=char[])
OBJ 50000574 (sz=24, trace=300214, class=java.lang.String@5000016e)
	value		50000575
ARR 50000575 (sz=128, trace=300215, nelems=64, elem type=char[])
OBJ 50000576 (sz=64, trace=300216, class=java.net.URL@5000011a)
	protocol	50001032
	host		50000d5d
	file		50000574
	authority	50000d5d
	path		50000574
	handler		500017b8
OBJ 50000577 (sz=24, trace=300217, class=java.net.Parts@50000010)
OBJ 50000578 (sz=56, trace=300218, class=sun.misc.URLClassPath$JarLoader@50000468)
	base		50000576
	csu		500017c4
	metaIndex	50001738
	handler		500017b8
	lmap		500017b9
	acc		50000ee2
OBJ 50000579 (sz=24, trace=300219, class=java.lang.StringBuilder@50000122)
ARR 5000057a (sz=136, trace=300220, nelems=0, elem type=char[])
ARR 5000057b (sz=80, trace=300221, nelems=0, elem type=byte[])
OBJ 5000057c (sz=48, trace=300222, class=java.nio.HeapByteBuffer@50000075)
ARR 5000057d (sz=136, trace=300223, nelems=0, elem type=char[])
OBJ 5000057e (sz=48, trace=300224, class=java.nio.HeapCharBuffer@50000035)
OBJ 5000057f (sz=24, trace=300235, class=java.lang.String@5000016e)
ARR 50000580 (sz=24, trace=300236, nelems=0, elem type=char[])
OBJ 50000581 (sz=24, trace=300237, class=java.lang.String@5000016e)
ARR 50000582 (sz=24, trace=300238, nelems=0, elem type=char[])
OBJ 50000583 (sz=24, trace=300239, class=java.lang.String@5000016e)
ARR 50000584 (sz=128, trace=300240, nelems=0, elem type=char[])
OBJ 50000585 (sz=32, trace=300241, class=java.io.File@5000011c)
OBJ 50000586 (sz=24, trace=300242, class=java.lang.StringBuffer@50000123)
ARR 50000587 (sz=128, trace=300243, nelems=0, elem type=char[])
ARR 50000588 (sz=128, trace=300244, nelems=0, elem type=char[])
OBJ 50000589 (sz=24, trace=300245, class=java.lang.String@5000016e)
ARR 5000058a (sz=128, trace=300246, nelems=0, elem type=char[])
OBJ 5000058b (sz=24, trace=300247, class=java.lang.String@5000016e)
ARR 5000058c (sz=128, trace=300248, nelems=0, elem type=char[])
OBJ 5000058d (sz=32, trace=300080, class=java.util.HashMap$Node@500000c4)
	key		50000569
	value		50000578
OBJ 5000058e (sz=24, trace=300198, class=java.lang.StringBuilder@50000122)
ARR 5000058f (sz=48, trace=300199, nelems=0, elem type=char[])
ARR 50000590 (sz=144, trace=300010, nelems=0, elem type=char[])
OBJ 50000591 (sz=24, trace=300200, class=java.lang.String@5000016e)
	value		50000592
ARR 50000592 (sz=124, trace=300201, nelems=62, elem type=char[])
OBJ 50000593 (sz=24, trace=300203, class=sun.misc.URLClassPath$3@50000465)
OBJ 50000594 (sz=24, trace=300208, class=java.lang.StringBuilder@50000122)
ARR 50000595 (sz=48, trace=300209, nelems=0, elem type=char[])
OBJ 50000596 (sz=24, trace=300210, class=java.lang.StringBuffer@50000123)
ARR 50000597 (sz=136, trace=300211, nelems=0, elem type=char[])
ARR 50000598 (sz=136, trace=300212, nelems=0, elem type=char[])
OBJ 50000599 (sz=24, trace=300213, class=java.lang.String@5000016e)
ARR 5000059a (sz=136, trace=300010, nelems=0, elem type=char[])
ARR 5000059b (sz=264, trace=300010, nelems=0, elem type=char[])
OBJ 5000059c (sz=24, trace=300214, class=java.lang.String@5000016e)
	value		5000059d
ARR 5000059d (sz=124, trace=300215, nelems=62, elem type=char[])
OBJ 5000059e (sz=64, trace=300216, class=java.net.URL@5000011a)
	protocol	50001032
	host		50000d5d
	file		5000059c
	authority	50000d5d
	path		5000059c
	handler		500017b8
OBJ 5000059f (sz=24, trace=300217, class=java.net.Parts@50000010)
OBJ 500005a0 (sz=56, trace=300218, class=sun.misc.URLClassPath$JarLoader@50000468)
	base		5000059e
	csu		500017c5
	metaIndex	5000170e
	handler		500017b8
	lmap		500017b9
	acc		50000ee2
OBJ 500005a1 (sz=24, trace=300219, class=java.lang.StringBuilder@50000122)
ARR 500005a2 (sz=128, trace=300220, nelems=0, elem type=char[])
ARR 500005a3 (sz=72, trace=300221, nelems=0, elem type=byte[])
OBJ 500005a4 (sz=48, trace=300222, class=java.nio.HeapByteBuffer@50000075)
ARR 500005a5 (sz=128, trace=300223, nelems=0, elem type=char[])
OBJ 500005a6 (sz=48, trace=300224, class=java.nio.HeapCharBuffer@50000035)
OBJ 500005a7 (sz=24, trace=300235, class=java.lang.String@5000016e)
ARR 500005a8 (sz=24, trace=300236, nelems=0, elem type=char[])
OBJ 500005a9 (sz=24, trace=300237, class=java.lang.String@5000016e)
ARR 500005aa (sz=24, trace=300238, nelems=0, elem type=char[])
OBJ 500005ab (sz=24, trace=300239, class=java.lang.String@5000016e)
ARR 500005ac (sz=128, trace=300240, nelems=0, elem type=char[])
OBJ 500005ad (sz=32, trace=300241, class=java.io.File@5000011c)
OBJ 500005ae (sz=24, trace=300242, class=java.lang.StringBuffer@50000123)
ARR 500005af (sz=128, trace=300243, nelems=0, elem type=char[])
ARR 500005b0 (sz=120, trace=300244, nelems=0, elem type=char[])
OBJ 500005b1 (sz=24, trace=300245, class=java.lang.String@5000016e)
ARR 500005b2 (sz=120, trace=300246, nelems=0, elem type=char[])
OBJ 500005b3 (sz=24, trace=300247, class=java.lang.String@5000016e)
ARR 500005b4 (sz=120, trace=300248, nelems=0, elem type=char[])
OBJ 500005b5 (sz=32, trace=300081, class=java.util.HashMap$Node@500000c4)
	key		50000591
	value		500005a0
	next		50000656
OBJ 500005b6 (sz=24, trace=300198, class=java.lang.StringBuilder@50000122)
ARR 500005b7 (sz=48, trace=300199, nelems=0, elem type=char[])
ARR 500005b8 (sz=160, trace=300010, nelems=0, elem type=char[])
OBJ 500005b9 (sz=24, trace=300200, class=java.lang.String@5000016e)
	value		500005ba
ARR 500005ba (sz=144, trace=300201, nelems=72, elem type=char[])
OBJ 500005bb (sz=24, trace=300203, class=sun.misc.URLClassPath$3@50000465)
OBJ 500005bc (sz=24, trace=300208, class=java.lang.StringBuilder@50000122)
ARR 500005bd (sz=48, trace=300209, nelems=0, elem type=char[])
OBJ 500005be (sz=24, trace=300210, class=java.lang.StringBuffer@50000123)
ARR 500005bf (sz=160, trace=300211, nelems=0, elem type=char[])
ARR 500005c0 (sz=160, trace=300212, nelems=0, elem type=char[])
OBJ 500005c1 (sz=24, trace=300213, class=java.lang.String@5000016e)
ARR 500005c2 (sz=160, trace=300010, nelems=0, elem type=char[])
ARR 500005c3 (sz=304, trace=300010, nelems=0, elem type=char[])
OBJ 500005c4 (sz=24, trace=300214, class=java.lang.String@5000016e)
	value		500005c5
ARR 500005c5 (sz=144, trace=300215, nelems=72, elem type=char[])
OBJ 500005c6 (sz=64, trace=300216, class=java.net.URL@5000011a)
	protocol	50001032
	host		50000d5d
	file		500005c4
	authority	50000d5d
	path		500005c4
	handler		500017b8
OBJ 500005c7 (sz=24, trace=300217, class=java.net.Parts@50000010)
OBJ 500005c8 (sz=56, trace=300218, class=sun.misc.URLClassPath$JarLoader@50000468)
	base		500005c6
	csu		500017c6
	metaIndex	500016fc
	handler		500017b8
	lmap		500017b9
	acc		50000ee2
OBJ 500005c9 (sz=24, trace=300219, class=java.lang.StringBuilder@50000122)
ARR 500005ca (sz=152, trace=300220, nelems=0, elem type=char[])
ARR 500005cb (sz=88, trace=300221, nelems=0, elem type=byte[])
OBJ 500005cc (sz=48, trace=300222, class=java.nio.HeapByteBuffer@50000075)
ARR 500005cd (sz=152, trace=300223, nelems=0, elem type=char[])
OBJ 500005ce (sz=48, trace=300224, class=java.nio.HeapCharBuffer@50000035)
OBJ 500005cf (sz=24, trace=300235, class=java.lang.String@5000016e)
ARR 500005d0 (sz=24, trace=300236, nelems=0, elem type=char[])
OBJ 500005d1 (sz=24, trace=300237, class=java.lang.String@5000016e)
ARR 500005d2 (sz=24, trace=300238, nelems=0, elem type=char[])
OBJ 500005d3 (sz=24, trace=300239, class=java.lang.String@5000016e)
ARR 500005d4 (sz=144, trace=300240, nelems=0, elem type=char[])
OBJ 500005d5 (sz=32, trace=300241, class=java.io.File@5000011c)
OBJ 500005d6 (sz=24, trace=300242, class=java.lang.StringBuffer@50000123)
ARR 500005d7 (sz=144, trace=300243, nelems=0, elem type=char[])
ARR 500005d8 (sz=144, trace=300244, nelems=0, elem type=char[])
OBJ 500005d9 (sz=24, trace=300245, class=java.lang.String@5000016e)
ARR 500005da (sz=144, trace=300246, nelems=0, elem type=char[])
OBJ 500005db (sz=24, trace=300247, class=java.lang.String@5000016e)
ARR 500005dc (sz=144, trace=300248, nelems=0, elem type=char[])
OBJ 500005dd (sz=32, trace=300081, class=java.util.HashMap$Node@500000c4)
	key		500005b9
	value		500005c8
OBJ 500005de (sz=24, trace=300198, class=java.lang.StringBuilder@50000122)
ARR 500005df (sz=48, trace=300199, nelems=0, elem type=char[])
ARR 500005e0 (sz=152, trace=300010, nelems=0, elem type=char[])
OBJ 500005e1 (sz=24, trace=300200, class=java.lang.String@5000016e)
	value		500005e2
ARR 500005e2 (sz=132, trace=300201, nelems=66, elem type=char[])
OBJ 500005e3 (sz=24, trace=300203, class=sun.misc.URLClassPath$3@50000465)
OBJ 500005e4 (sz=24, trace=300208, class=java.lang.StringBuilder@50000122)
ARR 500005e5 (sz=48, trace=300209, nelems=0, elem type=char[])
OBJ 500005e6 (sz=24, trace=300210, class=java.lang.StringBuffer@50000123)
ARR 500005e7 (sz=144, trace=300211, nelems=0, elem type=char[])
ARR 500005e8 (sz=144, trace=300212, nelems=0, elem type=char[])
OBJ 500005e9 (sz=24, trace=300213, class=java.lang.String@5000016e)
ARR 500005ea (sz=144, trace=300010, nelems=0, elem type=char[])
ARR 500005eb (sz=280, trace=300010, nelems=0, elem type=char[])
OBJ 500005ec (sz=24, trace=300214, class=java.lang.String@5000016e)
	value		500005ed
ARR 500005ed (sz=132, trace=300215, nelems=66, elem type=char[])
OBJ 500005ee (sz=64, trace=300216, class=java.net.URL@5000011a)
	protocol	50001032
	host		50000d5d
	file		500005ec
	authority	50000d5d
	path		500005ec
	handler		500017b8
OBJ 500005ef (sz=24, trace=300217, class=java.net.Parts@50000010)
OBJ 500005f0 (sz=56, trace=300218, class=sun.misc.URLClassPath$JarLoader@50000468)
	base		500005ee
	csu		500017c7
	metaIndex	50001744
	handler		500017b8
	lmap		500017b9
	acc		50000ee2
OBJ 500005f1 (sz=24, trace=300219, class=java.lang.StringBuilder@50000122)
ARR 500005f2 (sz=136, trace=300220, nelems=0, elem type=char[])
ARR 500005f3 (sz=80, trace=300221, nelems=0, elem type=byte[])
OBJ 500005f4 (sz=48, trace=300222, class=java.nio.HeapByteBuffer@50000075)
ARR 500005f5 (sz=136, trace=300223, nelems=0, elem type=char[])
OBJ 500005f6 (sz=48, trace=300224, class=java.nio.HeapCharBuffer@50000035)
OBJ 500005f7 (sz=24, trace=300235, class=java.lang.String@5000016e)
ARR 500005f8 (sz=24, trace=300236, nelems=0, elem type=char[])
OBJ 500005f9 (sz=24, trace=300237, class=java.lang.String@5000016e)
ARR 500005fa (sz=24, trace=300238, nelems=0, elem type=char[])
OBJ 500005fb (sz=24, trace=300239, class=java.lang.String@5000016e)
ARR 500005fc (sz=136, trace=300240, nelems=0, elem type=char[])
OBJ 500005fd (sz=32, trace=300241, class=java.io.File@5000011c)
OBJ 500005fe (sz=24, trace=300242, class=java.lang.StringBuffer@50000123)
ARR 500005ff (sz=136, trace=300243, nelems=0, elem type=char[])
ARR 50000600 (sz=128, trace=300244, nelems=0, elem type=char[])
OBJ 50000601 (sz=24, trace=300245, class=java.lang.String@5000016e)
ARR 50000602 (sz=128, trace=300246, nelems=0, elem type=char[])
OBJ 50000603 (sz=24, trace=300247, class=java.lang.String@5000016e)
ARR 50000604 (sz=128, trace=300248, nelems=0, elem type=char[])
OBJ 50000605 (sz=32, trace=300080, class=java.util.HashMap$Node@500000c4)
	key		500005e1
	value		500005f0
	next		5000062e
OBJ 50000606 (sz=24, trace=300198, class=java.lang.StringBuilder@50000122)
ARR 50000607 (sz=48, trace=300199, nelems=0, elem type=char[])
ARR 50000608 (sz=152, trace=300010, nelems=0, elem type=char[])
OBJ 50000609 (sz=24, trace=300200, class=java.lang.String@5000016e)
	value		5000060a
ARR 5000060a (sz=132, trace=300201, nelems=66, elem type=char[])
OBJ 5000060b (sz=24, trace=300203, class=sun.misc.URLClassPath$3@50000465)
OBJ 5000060c (sz=24, trace=300208, class=java.lang.StringBuilder@50000122)
ARR 5000060d (sz=48, trace=300209, nelems=0, elem type=char[])
OBJ 5000060e (sz=24, trace=300210, class=java.lang.StringBuffer@50000123)
ARR 5000060f (sz=144, trace=300211, nelems=0, elem type=char[])
ARR 50000610 (sz=144, trace=300212, nelems=0, elem type=char[])
OBJ 50000611 (sz=24, trace=300213, class=java.lang.String@5000016e)
ARR 50000612 (sz=144, trace=300010, nelems=0, elem type=char[])
ARR 50000613 (sz=280, trace=300010, nelems=0, elem type=char[])
OBJ 50000614 (sz=24, trace=300214, class=java.lang.String@5000016e)
	value		50000615
ARR 50000615 (sz=132, trace=300215, nelems=66, elem type=char[])
OBJ 50000616 (sz=64, trace=300216, class=java.net.URL@5000011a)
	protocol	50001032
	host		50000d5d
	file		50000614
	authority	50000d5d
	path		50000614
	handler		500017b8
OBJ 50000617 (sz=24, trace=300217, class=java.net.Parts@50000010)
OBJ 50000618 (sz=56, trace=300218, class=sun.misc.URLClassPath$JarLoader@50000468)
	base		50000616
	csu		500017c8
	metaIndex	5000172c
	handler		500017b8
	lmap		500017b9
	acc		50000ee2
OBJ 50000619 (sz=24, trace=300219, class=java.lang.StringBuilder@50000122)
ARR 5000061a (sz=136, trace=300220, nelems=0, elem type=char[])
ARR 5000061b (sz=80, trace=300221, nelems=0, elem type=byte[])
OBJ 5000061c (sz=48, trace=300222, class=java.nio.HeapByteBuffer@50000075)
ARR 5000061d (sz=136, trace=300223, nelems=0, elem type=char[])
OBJ 5000061e (sz=48, trace=300224, class=java.nio.HeapCharBuffer@50000035)
OBJ 5000061f (sz=24, trace=300235, class=java.lang.String@5000016e)
ARR 50000620 (sz=24, trace=300236, nelems=0, elem type=char[])
OBJ 50000621 (sz=24, trace=300237, class=java.lang.String@5000016e)
ARR 50000622 (sz=24, trace=300238, nelems=0, elem type=char[])
OBJ 50000623 (sz=24, trace=300239, class=java.lang.String@5000016e)
ARR 50000624 (sz=136, trace=300240, nelems=0, elem type=char[])
OBJ 50000625 (sz=32, trace=300241, class=java.io.File@5000011c)
OBJ 50000626 (sz=24, trace=300242, class=java.lang.StringBuffer@50000123)
ARR 50000627 (sz=136, trace=300243, nelems=0, elem type=char[])
ARR 50000628 (sz=128, trace=300244, nelems=0, elem type=char[])
OBJ 50000629 (sz=24, trace=300245, class=java.lang.String@5000016e)
ARR 5000062a (sz=128, trace=300246, nelems=0, elem type=char[])
OBJ 5000062b (sz=24, trace=300247, class=java.lang.String@5000016e)
ARR 5000062c (sz=128, trace=300248, nelems=0, elem type=char[])
ARR 5000062d (sz=80, trace=300249, nelems=12, elem type=java.lang.Object[]@50000109)
	[0]		5000047a
	[1]		500004b0
	[2]		500004d8
	[3]		50000500
	[4]		50000528
	[5]		50000550
	[6]		50000578
	[7]		500005a0
	[8]		500005c8
	[9]		500005f0
	[10]		50000618
	[11]		50000641
OBJ 5000062e (sz=32, trace=300081, class=java.util.HashMap$Node@500000c4)
	key		50000609
	value		50000618
OBJ 5000062f (sz=24, trace=300198, class=java.lang.StringBuilder@50000122)
ARR 50000630 (sz=48, trace=300199, nelems=0, elem type=char[])
ARR 50000631 (sz=144, trace=300010, nelems=0, elem type=char[])
OBJ 50000632 (sz=24, trace=300200, class=java.lang.String@5000016e)
	value		50000633
ARR 50000633 (sz=124, trace=300201, nelems=62, elem type=char[])
OBJ 50000634 (sz=24, trace=300203, class=sun.misc.URLClassPath$3@50000465)
OBJ 50000635 (sz=24, trace=300208, class=java.lang.StringBuilder@50000122)
ARR 50000636 (sz=48, trace=300209, nelems=0, elem type=char[])
OBJ 50000637 (sz=24, trace=300210, class=java.lang.StringBuffer@50000123)
ARR 50000638 (sz=136, trace=300211, nelems=0, elem type=char[])
ARR 50000639 (sz=136, trace=300212, nelems=0, elem type=char[])
OBJ 5000063a (sz=24, trace=300213, class=java.lang.String@5000016e)
ARR 5000063b (sz=136, trace=300010, nelems=0, elem type=char[])
ARR 5000063c (sz=264, trace=300010, nelems=0, elem type=char[])
OBJ 5000063d (sz=24, trace=300214, class=java.lang.String@5000016e)
	value		5000063e
ARR 5000063e (sz=124, trace=300215, nelems=62, elem type=char[])
OBJ 5000063f (sz=64, trace=300216, class=java.net.URL@5000011a)
	protocol	50001032
	host		50000d5d
	file		5000063d
	authority	50000d5d
	path		5000063d
	handler		500017b8
OBJ 50000640 (sz=24, trace=300217, class=java.net.Parts@50000010)
OBJ 50000641 (sz=56, trace=300218, class=sun.misc.URLClassPath$JarLoader@50000468)
	base		5000063f
	csu		500017c9
	metaIndex	50001750
	handler		500017b8
	lmap		500017b9
	acc		50000ee2
OBJ 50000642 (sz=24, trace=300219, class=java.lang.StringBuilder@50000122)
ARR 50000643 (sz=128, trace=300220, nelems=0, elem type=char[])
ARR 50000644 (sz=72, trace=300221, nelems=0, elem type=byte[])
OBJ 50000645 (sz=48, trace=300222, class=java.nio.HeapByteBuffer@50000075)
ARR 50000646 (sz=128, trace=300223, nelems=0, elem type=char[])
OBJ 50000647 (sz=48, trace=300224, class=java.nio.HeapCharBuffer@50000035)
OBJ 50000648 (sz=24, trace=300235, class=java.lang.String@5000016e)
ARR 50000649 (sz=24, trace=300236, nelems=0, elem type=char[])
OBJ 5000064a (sz=24, trace=300237, class=java.lang.String@5000016e)
ARR 5000064b (sz=24, trace=300238, nelems=0, elem type=char[])
OBJ 5000064c (sz=24, trace=300239, class=java.lang.String@5000016e)
ARR 5000064d (sz=128, trace=300240, nelems=0, elem type=char[])
OBJ 5000064e (sz=32, trace=300241, class=java.io.File@5000011c)
OBJ 5000064f (sz=24, trace=300242, class=java.lang.StringBuffer@50000123)
ARR 50000650 (sz=128, trace=300243, nelems=0, elem type=char[])
ARR 50000651 (sz=120, trace=300244, nelems=0, elem type=char[])
OBJ 50000652 (sz=24, trace=300245, class=java.lang.String@5000016e)
ARR 50000653 (sz=120, trace=300246, nelems=0, elem type=char[])
OBJ 50000654 (sz=24, trace=300247, class=java.lang.String@5000016e)
ARR 50000655 (sz=120, trace=300248, nelems=0, elem type=char[])
OBJ 50000656 (sz=32, trace=300081, class=java.util.HashMap$Node@500000c4)
	key		50000632
	value		50000641
OBJ 50000657 (sz=40, trace=300251, class=java.lang.ClassNotFoundException@5000015c)
OBJ 50000658 (sz=24, trace=300252, class=java.net.URLClassLoader$1@50000459)
ARR 50000659 (sz=96, trace=300193, nelems=0, elem type=char[])
OBJ 5000065a (sz=24, trace=300194, class=java.lang.String@5000016e)
ARR 5000065b (sz=112, trace=300195, nelems=0, elem type=char[])
OBJ 5000065c (sz=24, trace=300196, class=java.lang.String@5000016e)
OBJ 5000065d (sz=24, trace=300198, class=java.lang.StringBuilder@50000122)
ARR 5000065e (sz=48, trace=300199, nelems=0, elem type=char[])
ARR 5000065f (sz=168, trace=300010, nelems=0, elem type=char[])
OBJ 50000660 (sz=24, trace=300200, class=java.lang.String@5000016e)
	value		50000661
ARR 50000661 (sz=146, trace=300201, nelems=73, elem type=char[])
OBJ 50000662 (sz=24, trace=300203, class=sun.misc.URLClassPath$3@50000465)
OBJ 50000664 (sz=24, trace=300254, class=sun.misc.URLClassPath$FileLoader@50000663)
	base		500017fd
	dir		5000067f
ARR 50000665 (sz=152, trace=300255, nelems=0, elem type=char[])
OBJ 50000666 (sz=24, trace=300256, class=java.lang.String@5000016e)
OBJ 50000667 (sz=24, trace=300257, class=java.lang.StringBuilder@50000122)
ARR 50000668 (sz=152, trace=300258, nelems=0, elem type=char[])
ARR 50000669 (sz=88, trace=300259, nelems=0, elem type=byte[])
OBJ 5000066a (sz=48, trace=300222, class=java.nio.HeapByteBuffer@50000075)
ARR 5000066b (sz=152, trace=300260, nelems=0, elem type=char[])
OBJ 5000066c (sz=48, trace=300224, class=java.nio.HeapCharBuffer@50000035)
OBJ 5000066d (sz=24, trace=300235, class=java.lang.String@5000016e)
ARR 5000066e (sz=24, trace=300236, nelems=0, elem type=char[])
OBJ 5000066f (sz=24, trace=300237, class=java.lang.String@5000016e)
ARR 50000670 (sz=24, trace=300238, nelems=0, elem type=char[])
OBJ 50000671 (sz=24, trace=300261, class=java.lang.String@5000016e)
ARR 50000672 (sz=144, trace=300240, nelems=0, elem type=char[])
OBJ 50000673 (sz=32, trace=300262, class=java.io.File@5000011c)
OBJ 50000674 (sz=24, trace=300263, class=java.lang.StringBuffer@50000123)
ARR 50000675 (sz=144, trace=300264, nelems=0, elem type=char[])
ARR 50000676 (sz=124, trace=300265, nelems=62, elem type=char[])
OBJ 50000677 (sz=24, trace=300266, class=java.lang.String@5000016e)
	value		50000676
OBJ 50000678 (sz=24, trace=300111, class=java.lang.String@5000016e)
ARR 50000679 (sz=128, trace=300112, nelems=0, elem type=char[])
OBJ 5000067a (sz=24, trace=300113, class=java.io.ExpiringCache$Entry@50000061)
	val		500010a5
OBJ 5000067b (sz=40, trace=300267, class=java.util.LinkedHashMap$Entry@50000060)
	key		50000677
	value		5000067a
	before		500003f7
	after		50000739
OBJ 5000067c (sz=24, trace=300115, class=java.lang.String@5000016e)
ARR 5000067d (sz=128, trace=300112, nelems=0, elem type=char[])
OBJ 5000067e (sz=32, trace=300268, class=java.io.File@5000011c)
OBJ 5000067f (sz=32, trace=300269, class=java.io.File@5000011c)
	path		500010a5
ARR 50000680 (sz=56, trace=300249, nelems=1, elem type=java.lang.Object[]@50000109)
	[0]		50000664
ARR 50000681 (sz=80, trace=300250, nelems=16, elem type=java.util.HashMap$Node[]@500000c2)
	[15]		50000682
OBJ 50000682 (sz=32, trace=300080, class=java.util.HashMap$Node@500000c4)
	key		50000660
	value		50000664
OBJ 50000683 (sz=64, trace=300270, class=java.net.URL@5000011a)
OBJ 50000684 (sz=24, trace=300271, class=java.lang.StringBuilder@50000122)
ARR 50000685 (sz=48, trace=300272, nelems=0, elem type=char[])
ARR 50000686 (sz=152, trace=300010, nelems=0, elem type=char[])
ARR 50000687 (sz=288, trace=300010, nelems=0, elem type=char[])
OBJ 50000688 (sz=24, trace=300273, class=java.lang.String@5000016e)
ARR 50000689 (sz=152, trace=300274, nelems=0, elem type=char[])
OBJ 5000068a (sz=24, trace=300275, class=java.lang.String@5000016e)
ARR 5000068b (sz=152, trace=300276, nelems=0, elem type=char[])
ARR 5000068c (sz=232, trace=300277, nelems=0, elem type=char[])
ARR 5000068d (sz=112, trace=300278, nelems=0, elem type=char[])
OBJ 5000068e (sz=24, trace=300279, class=java.lang.String@5000016e)
ARR 5000068f (sz=112, trace=300280, nelems=0, elem type=char[])
OBJ 50000690 (sz=64, trace=300281, class=java.net.URL@5000011a)
OBJ 50000691 (sz=24, trace=300271, class=java.lang.StringBuilder@50000122)
ARR 50000692 (sz=48, trace=300272, nelems=0, elem type=char[])
ARR 50000693 (sz=152, trace=300010, nelems=0, elem type=char[])
ARR 50000694 (sz=288, trace=300010, nelems=0, elem type=char[])
OBJ 50000695 (sz=24, trace=300273, class=java.lang.String@5000016e)
ARR 50000696 (sz=240, trace=300274, nelems=0, elem type=char[])
ARR 50000697 (sz=112, trace=300282, nelems=0, elem type=char[])
OBJ 50000698 (sz=24, trace=300283, class=java.lang.String@5000016e)
OBJ 50000699 (sz=32, trace=300284, class=java.io.File@5000011c)
ARR 5000069a (sz=240, trace=300285, nelems=0, elem type=char[])
OBJ 5000069b (sz=24, trace=300286, class=java.lang.String@5000016e)
ARR 5000069c (sz=240, trace=300287, nelems=0, elem type=char[])
OBJ 5000069d (sz=24, trace=300198, class=java.lang.StringBuilder@50000122)
ARR 5000069e (sz=48, trace=300199, nelems=0, elem type=char[])
ARR 5000069f (sz=160, trace=300010, nelems=0, elem type=char[])
OBJ 500006a0 (sz=24, trace=300200, class=java.lang.String@5000016e)
ARR 500006a1 (sz=160, trace=300201, nelems=0, elem type=char[])
OBJ 500006a2 (sz=24, trace=300203, class=sun.misc.URLClassPath$3@50000465)
OBJ 500006a3 (sz=24, trace=300208, class=java.lang.StringBuilder@50000122)
ARR 500006a4 (sz=48, trace=300209, nelems=0, elem type=char[])
OBJ 500006a5 (sz=24, trace=300210, class=java.lang.StringBuffer@50000123)
ARR 500006a6 (sz=152, trace=300211, nelems=0, elem type=char[])
ARR 500006a7 (sz=152, trace=300212, nelems=0, elem type=char[])
OBJ 500006a8 (sz=24, trace=300213, class=java.lang.String@5000016e)
ARR 500006a9 (sz=152, trace=300010, nelems=0, elem type=char[])
ARR 500006aa (sz=296, trace=300010, nelems=0, elem type=char[])
OBJ 500006ab (sz=24, trace=300214, class=java.lang.String@5000016e)
ARR 500006ac (sz=160, trace=300215, nelems=0, elem type=char[])
OBJ 500006ad (sz=64, trace=300216, class=java.net.URL@5000011a)
OBJ 500006ae (sz=24, trace=300217, class=java.net.Parts@50000010)
OBJ 500006af (sz=56, trace=300218, class=sun.misc.URLClassPath$JarLoader@50000468)
OBJ 500006b0 (sz=24, trace=300219, class=java.lang.StringBuilder@50000122)
ARR 500006b1 (sz=144, trace=300220, nelems=0, elem type=char[])
ARR 500006b2 (sz=80, trace=300221, nelems=0, elem type=byte[])
OBJ 500006b3 (sz=48, trace=300222, class=java.nio.HeapByteBuffer@50000075)
ARR 500006b4 (sz=144, trace=300223, nelems=0, elem type=char[])
OBJ 500006b5 (sz=48, trace=300224, class=java.nio.HeapCharBuffer@50000035)
OBJ 500006b6 (sz=24, trace=300235, class=java.lang.String@5000016e)
ARR 500006b7 (sz=24, trace=300236, nelems=0, elem type=char[])
OBJ 500006b8 (sz=24, trace=300237, class=java.lang.String@5000016e)
ARR 500006b9 (sz=24, trace=300238, nelems=0, elem type=char[])
OBJ 500006ba (sz=24, trace=300239, class=java.lang.String@5000016e)
ARR 500006bb (sz=144, trace=300240, nelems=0, elem type=char[])
OBJ 500006bc (sz=32, trace=300241, class=java.io.File@5000011c)
OBJ 500006bd (sz=24, trace=300242, class=java.lang.StringBuffer@50000123)
ARR 500006be (sz=144, trace=300243, nelems=0, elem type=char[])
ARR 500006bf (sz=136, trace=300244, nelems=0, elem type=char[])
OBJ 500006c0 (sz=24, trace=300245, class=java.lang.String@5000016e)
ARR 500006c1 (sz=136, trace=300246, nelems=0, elem type=char[])
OBJ 500006c2 (sz=24, trace=300247, class=java.lang.String@5000016e)
ARR 500006c3 (sz=136, trace=300248, nelems=0, elem type=char[])
OBJ 500006c5 (sz=16, trace=300289, class=sun.misc.URLClassPath$JarLoader$1@500006c4)
OBJ 500006c7 (sz=24, trace=300291, class=sun.misc.FileURLMapper@500006c6)
ARR 500006c8 (sz=144, trace=300292, nelems=0, elem type=char[])
OBJ 500006c9 (sz=24, trace=300293, class=java.lang.String@5000016e)
OBJ 500006ca (sz=24, trace=300294, class=java.lang.StringBuilder@50000122)
ARR 500006cb (sz=144, trace=300295, nelems=0, elem type=char[])
ARR 500006cc (sz=80, trace=300296, nelems=0, elem type=byte[])
OBJ 500006cd (sz=48, trace=300222, class=java.nio.HeapByteBuffer@50000075)
ARR 500006ce (sz=144, trace=300297, nelems=0, elem type=char[])
OBJ 500006cf (sz=48, trace=300224, class=java.nio.HeapCharBuffer@50000035)
OBJ 500006d0 (sz=24, trace=300235, class=java.lang.String@5000016e)
ARR 500006d1 (sz=24, trace=300236, nelems=0, elem type=char[])
OBJ 500006d2 (sz=24, trace=300237, class=java.lang.String@5000016e)
ARR 500006d3 (sz=24, trace=300238, nelems=0, elem type=char[])
OBJ 500006d4 (sz=24, trace=300298, class=java.lang.String@5000016e)
ARR 500006d5 (sz=144, trace=300240, nelems=0, elem type=char[])
OBJ 500006d6 (sz=32, trace=300299, class=java.io.File@5000011c)
OBJ 500006d7 (sz=24, trace=300263, class=java.lang.StringBuffer@50000123)
ARR 500006d8 (sz=144, trace=300264, nelems=0, elem type=char[])
ARR 500006d9 (sz=136, trace=300265, nelems=0, elem type=char[])
OBJ 500006da (sz=24, trace=300266, class=java.lang.String@5000016e)
OBJ 500006dd (sz=32, trace=300301, class=java.io.FileNotFoundException@500006dc)
OBJ 500006df (sz=40, trace=300303, class=java.security.PrivilegedActionException@500006de)
OBJ 500006e0 (sz=40, trace=300303, class=java.security.PrivilegedActionException@500006de)
OBJ 500006e1 (sz=40, trace=300251, class=java.lang.ClassNotFoundException@5000015c)
	detailMessage	5000044c
	stackTrace	5000116d
	suppressedExceptions	5000116c
ARR 500006e2 (sz=24, trace=300304, nelems=1, elem type=java.lang.Object[]@50000109)
	[0]		5000044c
OBJ 500006e6 (sz=40, trace=300308, class=java.util.ResourceBundle$1@500006e5)
	cacheKey	500019a4
OBJ 500006e7 (sz=64, trace=300309, class=java.util.concurrent.ConcurrentHashMap@5000002b)
	table		50000b34
OBJ 500006e8 (sz=32, trace=300310, class=java.lang.ref.ReferenceQueue@500000d3)
	lock		500006e9
OBJ 500006e9 (sz=16, trace=300311, class=java.lang.ref.ReferenceQueue$Lock@500000d1)
OBJ 500006ec (sz=32, trace=300314, class=java.util.ServiceLoader@500006eb)
OBJ 500006ed (sz=56, trace=300315, class=java.util.LinkedHashMap@5000006a)
OBJ 500006ef (sz=40, trace=300317, class=java.util.ServiceLoader$LazyIterator@500006ee)
OBJ 500006f1 (sz=24, trace=300319, class=java.util.ServiceLoader$1@500006f0)
OBJ 500006f3 (sz=16, trace=300321, class=java.util.LinkedHashMap$LinkedEntrySet@500006f2)
OBJ 500006f6 (sz=32, trace=300323, class=java.util.LinkedHashMap$LinkedEntryIterator@500006f5)
OBJ 500006f7 (sz=24, trace=300324, class=java.lang.StringBuilder@50000122)
ARR 500006f8 (sz=48, trace=300325, nelems=0, elem type=char[])
ARR 500006f9 (sz=88, trace=300010, nelems=0, elem type=char[])
ARR 500006fa (sz=160, trace=300010, nelems=0, elem type=char[])
OBJ 500006fb (sz=24, trace=300326, class=java.lang.String@5000016e)
ARR 500006fc (sz=144, trace=300327, nelems=0, elem type=char[])
ARR 500006fe (sz=24, trace=300328, nelems=0, elem type=java.util.Enumeration[]@500006fd)
OBJ 50000701 (sz=16, trace=300331, class=sun.misc.Launcher$BootClassPathHolder$1@50000700)
ARR 50000702 (sz=48, trace=300332, nelems=0, elem type=java.io.File[]@50000042)
OBJ 50000703 (sz=24, trace=300333, class=java.lang.String@5000016e)
	value		50000704
ARR 50000704 (sz=104, trace=300334, nelems=52, elem type=char[])
OBJ 50000705 (sz=32, trace=300335, class=java.io.File@5000011c)
OBJ 50000706 (sz=24, trace=300333, class=java.lang.String@5000016e)
ARR 50000707 (sz=112, trace=300334, nelems=0, elem type=char[])
OBJ 50000708 (sz=32, trace=300335, class=java.io.File@5000011c)
OBJ 50000709 (sz=24, trace=300333, class=java.lang.String@5000016e)
ARR 5000070a (sz=128, trace=300334, nelems=0, elem type=char[])
OBJ 5000070b (sz=32, trace=300335, class=java.io.File@5000011c)
OBJ 5000070c (sz=24, trace=300333, class=java.lang.String@5000016e)
ARR 5000070d (sz=112, trace=300334, nelems=0, elem type=char[])
OBJ 5000070e (sz=32, trace=300335, class=java.io.File@5000011c)
OBJ 5000070f (sz=24, trace=300333, class=java.lang.String@5000016e)
ARR 50000710 (sz=112, trace=300334, nelems=0, elem type=char[])
OBJ 50000711 (sz=32, trace=300335, class=java.io.File@5000011c)
OBJ 50000712 (sz=24, trace=300333, class=java.lang.String@5000016e)
ARR 50000713 (sz=120, trace=300334, nelems=0, elem type=char[])
OBJ 50000714 (sz=32, trace=300335, class=java.io.File@5000011c)
OBJ 50000715 (sz=24, trace=300333, class=java.lang.String@5000016e)
ARR 50000716 (sz=112, trace=300334, nelems=0, elem type=char[])
OBJ 50000717 (sz=32, trace=300335, class=java.io.File@5000011c)
OBJ 50000718 (sz=24, trace=300336, class=java.lang.String@5000016e)
	value		50000719
ARR 50000719 (sz=84, trace=300337, nelems=42, elem type=char[])
OBJ 5000071a (sz=32, trace=300338, class=java.io.File@5000011c)
OBJ 5000071b (sz=16, trace=300339, class=java.util.HashSet@50000005)
OBJ 5000071c (sz=48, trace=300340, class=java.util.HashMap@500000c6)
OBJ 5000071d (sz=24, trace=300341, class=java.lang.String@5000016e)
	value		5000071e
ARR 5000071e (sz=76, trace=300342, nelems=38, elem type=char[])
OBJ 5000071f (sz=32, trace=300343, class=java.io.File@5000011c)
ARR 50000720 (sz=96, trace=300246, nelems=0, elem type=char[])
OBJ 50000721 (sz=24, trace=300247, class=java.lang.String@5000016e)
ARR 50000722 (sz=96, trace=300248, nelems=0, elem type=char[])
ARR 50000723 (sz=80, trace=300344, nelems=0, elem type=java.util.HashMap$Node[]@500000c2)
OBJ 50000724 (sz=32, trace=300080, class=java.util.HashMap$Node@500000c4)
OBJ 50000725 (sz=32, trace=300345, class=java.io.File@5000011c)
ARR 50000726 (sz=120, trace=300346, nelems=0, elem type=char[])
OBJ 50000727 (sz=24, trace=300347, class=java.lang.String@5000016e)
	value		50000728
ARR 50000728 (sz=98, trace=300287, nelems=49, elem type=char[])
OBJ 50000729 (sz=32, trace=300348, class=java.io.FileInputStream@500000b3)
	fd		5000072c
	path		50000727
	closeLock	5000072b
OBJ 5000072a (sz=40, trace=300136, class=java.lang.ref.Finalizer@5000014d)
	referent	50000729
	queue		50000c6d
	next		50000412
OBJ 5000072b (sz=16, trace=300349, class=java.lang.Object@50000172)
OBJ 5000072c (sz=40, trace=300350, class=java.io.FileDescriptor@500000b2)
	parent		50000729
OBJ 5000072d (sz=24, trace=300351, class=java.io.FileReader@5000003b)
ARR 5000072e (sz=24, trace=300166, nelems=2, elem type=java.lang.Object[]@50000109)
	[0]		50001365
	[1]		500012c0
OBJ 5000072f (sz=48, trace=300185, class=sun.nio.cs.SingleByte$Decoder@50000037)
OBJ 50000730 (sz=48, trace=300352, class=sun.nio.cs.StreamDecoder@5000003a)
ARR 50000731 (sz=8208, trace=300353, nelems=0, elem type=byte[])
OBJ 50000732 (sz=48, trace=300222, class=java.nio.HeapByteBuffer@50000075)
OBJ 50000733 (sz=48, trace=300354, class=java.io.BufferedReader@5000003d)
ARR 50000734 (sz=16400, trace=300355, nelems=0, elem type=char[])
OBJ 50000735 (sz=24, trace=300356, class=java.util.ArrayList@500000de)
OBJ 50000736 (sz=24, trace=300111, class=java.lang.String@5000016e)
ARR 50000737 (sz=88, trace=300112, nelems=0, elem type=char[])
OBJ 50000738 (sz=24, trace=300113, class=java.io.ExpiringCache$Entry@50000061)
	val		500010a3
OBJ 50000739 (sz=40, trace=300267, class=java.util.LinkedHashMap$Entry@50000060)
	key		5000071d
	value		50000738
	before		5000067b
	after		5000087e
OBJ 5000073a (sz=24, trace=300115, class=java.lang.String@5000016e)
ARR 5000073b (sz=88, trace=300112, nelems=0, elem type=char[])
OBJ 5000073c (sz=32, trace=300268, class=java.io.File@5000011c)
OBJ 5000073d (sz=32, trace=300357, class=java.io.File@5000011c)
OBJ 5000073e (sz=48, trace=300358, class=java.nio.HeapCharBuffer@50000035)
OBJ 5000073f (sz=24, trace=300359, class=java.lang.String@5000016e)
ARR 50000740 (sz=40, trace=300360, nelems=0, elem type=char[])
OBJ 50000741 (sz=24, trace=300361, class=java.lang.String@5000016e)
ARR 50000742 (sz=120, trace=300360, nelems=0, elem type=char[])
OBJ 50000743 (sz=24, trace=300361, class=java.lang.String@5000016e)
ARR 50000744 (sz=136, trace=300360, nelems=0, elem type=char[])
OBJ 50000745 (sz=24, trace=300361, class=java.lang.String@5000016e)
ARR 50000746 (sz=96, trace=300360, nelems=0, elem type=char[])
OBJ 50000747 (sz=24, trace=300361, class=java.lang.String@5000016e)
ARR 50000748 (sz=48, trace=300360, nelems=0, elem type=char[])
OBJ 50000749 (sz=24, trace=300362, class=java.lang.String@5000016e)
ARR 5000074a (sz=40, trace=300363, nelems=0, elem type=char[])
OBJ 5000074b (sz=24, trace=300361, class=java.lang.String@5000016e)
	value		5000074c
ARR 5000074c (sz=14, trace=300360, nelems=7, elem type=char[])
ARR 5000074d (sz=56, trace=300249, nelems=0, elem type=java.lang.Object[]@50000109)
OBJ 5000074e (sz=24, trace=300361, class=java.lang.String@5000016e)
	value		5000074f
ARR 5000074f (sz=14, trace=300360, nelems=7, elem type=char[])
OBJ 50000750 (sz=24, trace=300361, class=java.lang.String@5000016e)
ARR 50000751 (sz=40, trace=300360, nelems=0, elem type=char[])
OBJ 50000752 (sz=32, trace=300364, class=java.io.File@5000011c)
	path		50000754
ARR 50000753 (sz=120, trace=300365, nelems=0, elem type=char[])
OBJ 50000754 (sz=24, trace=300366, class=java.lang.String@5000016e)
	value		50000755
ARR 50000755 (sz=102, trace=300287, nelems=51, elem type=char[])
OBJ 50000756 (sz=24, trace=300367, class=sun.misc.MetaIndex@50000040)
	contents	50001737
ARR 50000757 (sz=16, trace=300368, nelems=0, elem type=java.lang.String[]@500000c8)
ARR 50000758 (sz=120, trace=300246, nelems=0, elem type=char[])
OBJ 50000759 (sz=24, trace=300247, class=java.lang.String@5000016e)
ARR 5000075a (sz=120, trace=300248, nelems=0, elem type=char[])
OBJ 5000075b (sz=32, trace=300080, class=java.util.HashMap$Node@500000c4)
	key		50000752
	value		50000756
ARR 5000075c (sz=144, trace=300369, nelems=28, elem type=java.util.HashMap$Node[]@500000c2)
	[0]		500016e9
	[2]		500016ea
	[5]		500016eb
	[6]		5000075b
	[7]		500016ec
	[8]		50000772
	[10]		500016ed
	[15]		500016ee
	[18]		500016ef
	[19]		500016f0
	[23]		500016f1
	[27]		500016f2
OBJ 5000075d (sz=24, trace=300362, class=java.lang.String@5000016e)
ARR 5000075e (sz=32, trace=300363, nelems=0, elem type=char[])
OBJ 5000075f (sz=24, trace=300361, class=java.lang.String@5000016e)
	value		50000760
ARR 50000760 (sz=24, trace=300360, nelems=12, elem type=char[])
OBJ 50000761 (sz=24, trace=300361, class=java.lang.String@5000016e)
	value		50000762
ARR 50000762 (sz=24, trace=300360, nelems=12, elem type=char[])
OBJ 50000763 (sz=24, trace=300361, class=java.lang.String@5000016e)
	value		50000764
ARR 50000764 (sz=42, trace=300360, nelems=21, elem type=char[])
OBJ 50000765 (sz=24, trace=300361, class=java.lang.String@5000016e)
	value		50000766
ARR 50000766 (sz=40, trace=300360, nelems=20, elem type=char[])
OBJ 50000767 (sz=24, trace=300361, class=java.lang.String@5000016e)
ARR 50000768 (sz=40, trace=300360, nelems=0, elem type=char[])
OBJ 50000769 (sz=32, trace=300364, class=java.io.File@5000011c)
	path		5000076b
ARR 5000076a (sz=112, trace=300365, nelems=0, elem type=char[])
OBJ 5000076b (sz=24, trace=300366, class=java.lang.String@5000016e)
	value		5000076c
ARR 5000076c (sz=92, trace=300287, nelems=46, elem type=char[])
OBJ 5000076d (sz=24, trace=300367, class=sun.misc.MetaIndex@50000040)
	contents	5000172b
ARR 5000076e (sz=16, trace=300368, nelems=0, elem type=java.lang.String[]@500000c8)
ARR 5000076f (sz=112, trace=300246, nelems=0, elem type=char[])
OBJ 50000770 (sz=24, trace=300247, class=java.lang.String@5000016e)
ARR 50000771 (sz=112, trace=300248, nelems=0, elem type=char[])
OBJ 50000772 (sz=32, trace=300080, class=java.util.HashMap$Node@500000c4)
	key		50000769
	value		5000076d
OBJ 50000773 (sz=24, trace=300362, class=java.lang.String@5000016e)
ARR 50000774 (sz=32, trace=300363, nelems=0, elem type=char[])
OBJ 50000775 (sz=24, trace=300361, class=java.lang.String@5000016e)
	value		50000776
ARR 50000776 (sz=30, trace=300360, nelems=15, elem type=char[])
OBJ 50000777 (sz=24, trace=300361, class=java.lang.String@5000016e)
	value		50000778
ARR 50000778 (sz=14, trace=300360, nelems=7, elem type=char[])
OBJ 50000779 (sz=24, trace=300361, class=java.lang.String@5000016e)
	value		5000077a
ARR 5000077a (sz=38, trace=300360, nelems=19, elem type=char[])
OBJ 5000077b (sz=24, trace=300361, class=java.lang.String@5000016e)
ARR 5000077c (sz=40, trace=300360, nelems=0, elem type=char[])
OBJ 5000077d (sz=32, trace=300364, class=java.io.File@5000011c)
	path		5000077f
ARR 5000077e (sz=112, trace=300365, nelems=0, elem type=char[])
OBJ 5000077f (sz=24, trace=300366, class=java.lang.String@5000016e)
	value		50000780
ARR 50000780 (sz=92, trace=300287, nelems=46, elem type=char[])
OBJ 50000781 (sz=24, trace=300367, class=sun.misc.MetaIndex@50000040)
	contents	5000179f
ARR 50000782 (sz=16, trace=300368, nelems=0, elem type=java.lang.String[]@500000c8)
ARR 50000783 (sz=112, trace=300246, nelems=0, elem type=char[])
OBJ 50000784 (sz=24, trace=300247, class=java.lang.String@5000016e)
ARR 50000785 (sz=112, trace=300248, nelems=0, elem type=char[])
OBJ 50000786 (sz=32, trace=300081, class=java.util.HashMap$Node@500000c4)
	key		5000077d
	value		50000781
	next		50000849
OBJ 50000787 (sz=24, trace=300362, class=java.lang.String@5000016e)
ARR 50000788 (sz=32, trace=300363, nelems=0, elem type=char[])
OBJ 50000789 (sz=24, trace=300361, class=java.lang.String@5000016e)
	value		5000078a
ARR 5000078a (sz=24, trace=300360, nelems=12, elem type=char[])
OBJ 5000078b (sz=24, trace=300361, class=java.lang.String@5000016e)
	value		5000078c
ARR 5000078c (sz=24, trace=300360, nelems=12, elem type=char[])
OBJ 5000078d (sz=24, trace=300361, class=java.lang.String@5000016e)
ARR 5000078e (sz=64, trace=300360, nelems=0, elem type=char[])
OBJ 5000078f (sz=32, trace=300364, class=java.io.File@5000011c)
	path		50000791
ARR 50000790 (sz=112, trace=300365, nelems=0, elem type=char[])
OBJ 50000791 (sz=24, trace=300366, class=java.lang.String@5000016e)
	value		50000792
ARR 50000792 (sz=94, trace=300287, nelems=47, elem type=char[])
OBJ 50000793 (sz=24, trace=300367, class=sun.misc.MetaIndex@50000040)
	contents	50001719
ARR 50000794 (sz=16, trace=300368, nelems=0, elem type=java.lang.String[]@500000c8)
ARR 50000795 (sz=112, trace=300246, nelems=0, elem type=char[])
OBJ 50000796 (sz=24, trace=300247, class=java.lang.String@5000016e)
ARR 50000797 (sz=112, trace=300248, nelems=0, elem type=char[])
OBJ 50000798 (sz=32, trace=300081, class=java.util.HashMap$Node@500000c4)
	key		5000078f
	value		50000793
OBJ 50000799 (sz=24, trace=300362, class=java.lang.String@5000016e)
ARR 5000079a (sz=56, trace=300363, nelems=0, elem type=char[])
OBJ 5000079b (sz=24, trace=300361, class=java.lang.String@5000016e)
ARR 5000079c (sz=48, trace=300360, nelems=0, elem type=char[])
OBJ 5000079d (sz=24, trace=300362, class=java.lang.String@5000016e)
ARR 5000079e (sz=48, trace=300363, nelems=0, elem type=char[])
OBJ 5000079f (sz=24, trace=300361, class=java.lang.String@5000016e)
	value		500007a0
ARR 500007a0 (sz=54, trace=300360, nelems=27, elem type=char[])
OBJ 500007a1 (sz=24, trace=300361, class=java.lang.String@5000016e)
	value		500007a2
ARR 500007a2 (sz=104, trace=300360, nelems=52, elem type=char[])
OBJ 500007a3 (sz=24, trace=300361, class=java.lang.String@5000016e)
	value		500007a4
ARR 500007a4 (sz=96, trace=300360, nelems=48, elem type=char[])
OBJ 500007a5 (sz=24, trace=300361, class=java.lang.String@5000016e)
	value		500007a6
ARR 500007a6 (sz=28, trace=300360, nelems=14, elem type=char[])
OBJ 500007a7 (sz=24, trace=300361, class=java.lang.String@5000016e)
	value		500007a8
ARR 500007a8 (sz=108, trace=300360, nelems=54, elem type=char[])
OBJ 500007a9 (sz=24, trace=300361, class=java.lang.String@5000016e)
	value		500007aa
ARR 500007aa (sz=18, trace=300360, nelems=9, elem type=char[])
OBJ 500007ab (sz=24, trace=300361, class=java.lang.String@5000016e)
	value		500007ac
ARR 500007ac (sz=106, trace=300360, nelems=53, elem type=char[])
OBJ 500007ad (sz=24, trace=300361, class=java.lang.String@5000016e)
	value		500007ae
ARR 500007ae (sz=102, trace=300360, nelems=51, elem type=char[])
OBJ 500007af (sz=24, trace=300361, class=java.lang.String@5000016e)
	value		500007b0
ARR 500007b0 (sz=22, trace=300360, nelems=11, elem type=char[])
OBJ 500007b1 (sz=24, trace=300361, class=java.lang.String@5000016e)
	value		500007b2
ARR 500007b2 (sz=114, trace=300360, nelems=57, elem type=char[])
OBJ 500007b3 (sz=24, trace=300361, class=java.lang.String@5000016e)
	value		500007b4
ARR 500007b4 (sz=114, trace=300360, nelems=57, elem type=char[])
ARR 500007b5 (sz=80, trace=300249, nelems=0, elem type=java.lang.Object[]@50000109)
OBJ 500007b6 (sz=24, trace=300361, class=java.lang.String@5000016e)
	value		500007b7
ARR 500007b7 (sz=14, trace=300360, nelems=7, elem type=char[])
OBJ 500007b8 (sz=24, trace=300361, class=java.lang.String@5000016e)
	value		500007b9
ARR 500007b9 (sz=114, trace=300360, nelems=57, elem type=char[])
OBJ 500007ba (sz=24, trace=300361, class=java.lang.String@5000016e)
	value		500007bb
ARR 500007bb (sz=32, trace=300360, nelems=16, elem type=char[])
OBJ 500007bc (sz=24, trace=300361, class=java.lang.String@5000016e)
	value		500007bd
ARR 500007bd (sz=98, trace=300360, nelems=49, elem type=char[])
OBJ 500007be (sz=24, trace=300361, class=java.lang.String@5000016e)
	value		500007bf
ARR 500007bf (sz=52, trace=300360, nelems=26, elem type=char[])
ARR 500007c0 (sz=104, trace=300249, nelems=0, elem type=java.lang.Object[]@50000109)
OBJ 500007c1 (sz=24, trace=300361, class=java.lang.String@5000016e)
	value		500007c2
ARR 500007c2 (sz=106, trace=300360, nelems=53, elem type=char[])
OBJ 500007c3 (sz=24, trace=300361, class=java.lang.String@5000016e)
	value		500007c4
ARR 500007c4 (sz=14, trace=300360, nelems=7, elem type=char[])
OBJ 500007c5 (sz=24, trace=300361, class=java.lang.String@5000016e)
	value		500007c6
ARR 500007c6 (sz=18, trace=300360, nelems=9, elem type=char[])
OBJ 500007c7 (sz=24, trace=300361, class=java.lang.String@5000016e)
	value		500007c8
ARR 500007c8 (sz=120, trace=300360, nelems=60, elem type=char[])
OBJ 500007c9 (sz=24, trace=300361, class=java.lang.String@5000016e)
	value		500007ca
ARR 500007ca (sz=30, trace=300360, nelems=15, elem type=char[])
OBJ 500007cb (sz=24, trace=300361, class=java.lang.String@5000016e)
	value		500007cc
ARR 500007cc (sz=110, trace=300360, nelems=55, elem type=char[])
OBJ 500007cd (sz=24, trace=300361, class=java.lang.String@5000016e)
	value		500007ce
ARR 500007ce (sz=48, trace=300360, nelems=24, elem type=char[])
ARR 500007cf (sz=152, trace=300249, nelems=0, elem type=java.lang.Object[]@50000109)
OBJ 500007d0 (sz=24, trace=300361, class=java.lang.String@5000016e)
	value		500007d1
ARR 500007d1 (sz=18, trace=300360, nelems=9, elem type=char[])
OBJ 500007d2 (sz=24, trace=300361, class=java.lang.String@5000016e)
	value		500007d3
ARR 500007d3 (sz=16, trace=300360, nelems=8, elem type=char[])
OBJ 500007d4 (sz=24, trace=300361, class=java.lang.String@5000016e)
	value		500007d5
ARR 500007d5 (sz=18, trace=300360, nelems=9, elem type=char[])
OBJ 500007d6 (sz=24, trace=300361, class=java.lang.String@5000016e)
	value		500007d7
ARR 500007d7 (sz=110, trace=300360, nelems=55, elem type=char[])
OBJ 500007d8 (sz=24, trace=300361, class=java.lang.String@5000016e)
	value		500007d9
ARR 500007d9 (sz=24, trace=300360, nelems=12, elem type=char[])
OBJ 500007da (sz=24, trace=300361, class=java.lang.String@5000016e)
	value		500007db
ARR 500007db (sz=102, trace=300360, nelems=51, elem type=char[])
OBJ 500007dc (sz=24, trace=300361, class=java.lang.String@5000016e)
	value		500007dd
ARR 500007dd (sz=38, trace=300360, nelems=19, elem type=char[])
OBJ 500007de (sz=24, trace=300361, class=java.lang.String@5000016e)
	value		500007df
ARR 500007df (sz=26, trace=300360, nelems=13, elem type=char[])
OBJ 500007e0 (sz=24, trace=300361, class=java.lang.String@5000016e)
	value		500007e1
ARR 500007e1 (sz=24, trace=300360, nelems=12, elem type=char[])
OBJ 500007e2 (sz=24, trace=300361, class=java.lang.String@5000016e)
	value		500007e3
ARR 500007e3 (sz=132, trace=300360, nelems=66, elem type=char[])
OBJ 500007e4 (sz=24, trace=300361, class=java.lang.String@5000016e)
ARR 500007e5 (sz=32, trace=300360, nelems=0, elem type=char[])
OBJ 500007e6 (sz=32, trace=300364, class=java.io.File@5000011c)
	path		500007e8
ARR 500007e7 (sz=120, trace=300365, nelems=0, elem type=char[])
OBJ 500007e8 (sz=24, trace=300366, class=java.lang.String@5000016e)
	value		500007e9
ARR 500007e9 (sz=104, trace=300287, nelems=52, elem type=char[])
OBJ 500007ea (sz=24, trace=300367, class=sun.misc.MetaIndex@50000040)
	contents	50001721
ARR 500007eb (sz=16, trace=300368, nelems=0, elem type=java.lang.String[]@500000c8)
ARR 500007ec (sz=120, trace=300246, nelems=0, elem type=char[])
OBJ 500007ed (sz=24, trace=300247, class=java.lang.String@5000016e)
ARR 500007ee (sz=120, trace=300248, nelems=0, elem type=char[])
OBJ 500007ef (sz=32, trace=300081, class=java.util.HashMap$Node@500000c4)
	key		500007e6
	value		500007ea
OBJ 500007f0 (sz=24, trace=300362, class=java.lang.String@5000016e)
ARR 500007f1 (sz=32, trace=300363, nelems=0, elem type=char[])
OBJ 500007f2 (sz=24, trace=300361, class=java.lang.String@5000016e)
	value		500007f3
ARR 500007f3 (sz=54, trace=300360, nelems=27, elem type=char[])
OBJ 500007f4 (sz=24, trace=300361, class=java.lang.String@5000016e)
	value		500007f5
ARR 500007f5 (sz=10, trace=300360, nelems=5, elem type=char[])
OBJ 500007f6 (sz=24, trace=300361, class=java.lang.String@5000016e)
	value		500007f7
ARR 500007f7 (sz=18, trace=300360, nelems=9, elem type=char[])
OBJ 500007f8 (sz=24, trace=300361, class=java.lang.String@5000016e)
	value		500007f9
ARR 500007f9 (sz=28, trace=300360, nelems=14, elem type=char[])
OBJ 500007fa (sz=24, trace=300361, class=java.lang.String@5000016e)
	value		500007fb
ARR 500007fb (sz=32, trace=300360, nelems=16, elem type=char[])
OBJ 500007fc (sz=24, trace=300361, class=java.lang.String@5000016e)
	value		500007fd
ARR 500007fd (sz=42, trace=300360, nelems=21, elem type=char[])
OBJ 500007fe (sz=24, trace=300361, class=java.lang.String@5000016e)
	value		500007ff
ARR 500007ff (sz=28, trace=300360, nelems=14, elem type=char[])
OBJ 50000800 (sz=24, trace=300361, class=java.lang.String@5000016e)
	value		50000801
ARR 50000801 (sz=28, trace=300360, nelems=14, elem type=char[])
OBJ 50000802 (sz=24, trace=300361, class=java.lang.String@5000016e)
	value		50000803
ARR 50000803 (sz=24, trace=300360, nelems=12, elem type=char[])
OBJ 50000804 (sz=24, trace=300361, class=java.lang.String@5000016e)
	value		50000805
ARR 50000805 (sz=38, trace=300360, nelems=19, elem type=char[])
OBJ 50000806 (sz=24, trace=300361, class=java.lang.String@5000016e)
	value		50000807
ARR 50000807 (sz=8, trace=300360, nelems=4, elem type=char[])
OBJ 50000808 (sz=24, trace=300361, class=java.lang.String@5000016e)
	value		50000809
ARR 50000809 (sz=24, trace=300360, nelems=12, elem type=char[])
OBJ 5000080a (sz=24, trace=300361, class=java.lang.String@5000016e)
	value		5000080b
ARR 5000080b (sz=26, trace=300360, nelems=13, elem type=char[])
OBJ 5000080c (sz=24, trace=300361, class=java.lang.String@5000016e)
	value		5000080d
ARR 5000080d (sz=32, trace=300360, nelems=16, elem type=char[])
OBJ 5000080e (sz=24, trace=300361, class=java.lang.String@5000016e)
	value		5000080f
ARR 5000080f (sz=24, trace=300360, nelems=12, elem type=char[])
OBJ 50000810 (sz=24, trace=300361, class=java.lang.String@5000016e)
	value		50000811
ARR 50000811 (sz=24, trace=300360, nelems=12, elem type=char[])
OBJ 50000812 (sz=24, trace=300361, class=java.lang.String@5000016e)
	value		50000813
ARR 50000813 (sz=16, trace=300360, nelems=8, elem type=char[])
OBJ 50000814 (sz=24, trace=300361, class=java.lang.String@5000016e)
	value		50000815
ARR 50000815 (sz=28, trace=300360, nelems=14, elem type=char[])
OBJ 50000816 (sz=24, trace=300361, class=java.lang.String@5000016e)
	value		50000817
ARR 50000817 (sz=38, trace=300360, nelems=19, elem type=char[])
OBJ 50000818 (sz=24, trace=300361, class=java.lang.String@5000016e)
	value		50000819
ARR 50000819 (sz=24, trace=300360, nelems=12, elem type=char[])
OBJ 5000081a (sz=24, trace=300361, class=java.lang.String@5000016e)
	value		5000081b
ARR 5000081b (sz=30, trace=300360, nelems=15, elem type=char[])
OBJ 5000081c (sz=24, trace=300361, class=java.lang.String@5000016e)
	value		5000081d
ARR 5000081d (sz=16, trace=300360, nelems=8, elem type=char[])
OBJ 5000081e (sz=24, trace=300361, class=java.lang.String@5000016e)
	value		5000081f
ARR 5000081f (sz=30, trace=300360, nelems=15, elem type=char[])
OBJ 50000820 (sz=24, trace=300361, class=java.lang.String@5000016e)
	value		50000821
ARR 50000821 (sz=8, trace=300360, nelems=4, elem type=char[])
OBJ 50000822 (sz=24, trace=300361, class=java.lang.String@5000016e)
	value		50000823
ARR 50000823 (sz=30, trace=300360, nelems=15, elem type=char[])
OBJ 50000824 (sz=24, trace=300361, class=java.lang.String@5000016e)
	value		50000825
ARR 50000825 (sz=16, trace=300360, nelems=8, elem type=char[])
OBJ 50000826 (sz=24, trace=300361, class=java.lang.String@5000016e)
	value		50000827
ARR 50000827 (sz=16, trace=300360, nelems=8, elem type=char[])
OBJ 50000828 (sz=24, trace=300361, class=java.lang.String@5000016e)
	value		50000829
ARR 50000829 (sz=34, trace=300360, nelems=17, elem type=char[])
OBJ 5000082a (sz=24, trace=300361, class=java.lang.String@5000016e)
	value		5000082b
ARR 5000082b (sz=28, trace=300360, nelems=14, elem type=char[])
OBJ 5000082c (sz=24, trace=300361, class=java.lang.String@5000016e)
	value		5000082d
ARR 5000082d (sz=24, trace=300360, nelems=12, elem type=char[])
OBJ 5000082e (sz=24, trace=300361, class=java.lang.String@5000016e)
	value		5000082f
ARR 5000082f (sz=38, trace=300360, nelems=19, elem type=char[])
OBJ 50000830 (sz=24, trace=300361, class=java.lang.String@5000016e)
	value		50000831
ARR 50000831 (sz=22, trace=300360, nelems=11, elem type=char[])
OBJ 50000832 (sz=24, trace=300361, class=java.lang.String@5000016e)
	value		50000833
ARR 50000833 (sz=34, trace=300360, nelems=17, elem type=char[])
OBJ 50000834 (sz=24, trace=300361, class=java.lang.String@5000016e)
	value		50000835
ARR 50000835 (sz=26, trace=300360, nelems=13, elem type=char[])
ARR 50000836 (sz=216, trace=300249, nelems=0, elem type=java.lang.Object[]@50000109)
OBJ 50000837 (sz=24, trace=300361, class=java.lang.String@5000016e)
	value		50000838
ARR 50000838 (sz=44, trace=300360, nelems=22, elem type=char[])
OBJ 50000839 (sz=24, trace=300361, class=java.lang.String@5000016e)
	value		5000083a
ARR 5000083a (sz=24, trace=300360, nelems=12, elem type=char[])
OBJ 5000083b (sz=24, trace=300361, class=java.lang.String@5000016e)
	value		5000083c
ARR 5000083c (sz=12, trace=300360, nelems=6, elem type=char[])
OBJ 5000083d (sz=24, trace=300370, class=java.lang.StringBuffer@50000123)
ARR 5000083e (sz=176, trace=300371, nelems=0, elem type=char[])
OBJ 5000083f (sz=48, trace=300358, class=java.nio.HeapCharBuffer@50000035)
OBJ 50000840 (sz=32, trace=300372, class=java.io.File@5000011c)
	path		50000842
ARR 50000841 (sz=112, trace=300373, nelems=0, elem type=char[])
OBJ 50000842 (sz=24, trace=300374, class=java.lang.String@5000016e)
	value		50000843
ARR 50000843 (sz=90, trace=300287, nelems=45, elem type=char[])
OBJ 50000844 (sz=24, trace=300375, class=sun.misc.MetaIndex@50000040)
	contents	500017a0
ARR 50000845 (sz=16, trace=300376, nelems=0, elem type=java.lang.String[]@500000c8)
ARR 50000846 (sz=112, trace=300246, nelems=0, elem type=char[])
OBJ 50000847 (sz=24, trace=300247, class=java.lang.String@5000016e)
ARR 50000848 (sz=112, trace=300248, nelems=0, elem type=char[])
OBJ 50000849 (sz=32, trace=300081, class=java.util.HashMap$Node@500000c4)
	key		50000840
	value		50000844
OBJ 5000084a (sz=16, trace=300377, class=java.io.FileInputStream$1@50000013)
OBJ 5000084b (sz=24, trace=300341, class=java.lang.String@5000016e)
ARR 5000084c (sz=96, trace=300342, nelems=0, elem type=char[])
OBJ 5000084d (sz=32, trace=300343, class=java.io.File@5000011c)
ARR 5000084e (sz=96, trace=300246, nelems=0, elem type=char[])
OBJ 5000084f (sz=24, trace=300247, class=java.lang.String@5000016e)
ARR 50000850 (sz=96, trace=300248, nelems=0, elem type=char[])
OBJ 50000851 (sz=24, trace=300341, class=java.lang.String@5000016e)
ARR 50000852 (sz=96, trace=300342, nelems=0, elem type=char[])
OBJ 50000853 (sz=32, trace=300343, class=java.io.File@5000011c)
ARR 50000854 (sz=96, trace=300246, nelems=0, elem type=char[])
OBJ 50000855 (sz=24, trace=300247, class=java.lang.String@5000016e)
ARR 50000856 (sz=96, trace=300248, nelems=0, elem type=char[])
OBJ 50000857 (sz=24, trace=300341, class=java.lang.String@5000016e)
ARR 50000858 (sz=96, trace=300342, nelems=0, elem type=char[])
OBJ 50000859 (sz=32, trace=300343, class=java.io.File@5000011c)
ARR 5000085a (sz=96, trace=300246, nelems=0, elem type=char[])
OBJ 5000085b (sz=24, trace=300247, class=java.lang.String@5000016e)
ARR 5000085c (sz=96, trace=300248, nelems=0, elem type=char[])
OBJ 5000085d (sz=24, trace=300341, class=java.lang.String@5000016e)
ARR 5000085e (sz=96, trace=300342, nelems=0, elem type=char[])
OBJ 5000085f (sz=32, trace=300343, class=java.io.File@5000011c)
ARR 50000860 (sz=96, trace=300246, nelems=0, elem type=char[])
OBJ 50000861 (sz=24, trace=300247, class=java.lang.String@5000016e)
ARR 50000862 (sz=96, trace=300248, nelems=0, elem type=char[])
OBJ 50000863 (sz=24, trace=300341, class=java.lang.String@5000016e)
ARR 50000864 (sz=96, trace=300342, nelems=0, elem type=char[])
OBJ 50000865 (sz=32, trace=300343, class=java.io.File@5000011c)
ARR 50000866 (sz=96, trace=300246, nelems=0, elem type=char[])
OBJ 50000867 (sz=24, trace=300247, class=java.lang.String@5000016e)
ARR 50000868 (sz=96, trace=300248, nelems=0, elem type=char[])
OBJ 50000869 (sz=24, trace=300341, class=java.lang.String@5000016e)
ARR 5000086a (sz=96, trace=300342, nelems=0, elem type=char[])
OBJ 5000086b (sz=32, trace=300343, class=java.io.File@5000011c)
ARR 5000086c (sz=96, trace=300246, nelems=0, elem type=char[])
OBJ 5000086d (sz=24, trace=300247, class=java.lang.String@5000016e)
ARR 5000086e (sz=96, trace=300248, nelems=0, elem type=char[])
OBJ 5000086f (sz=24, trace=300341, class=java.lang.String@5000016e)
ARR 50000870 (sz=88, trace=300342, nelems=0, elem type=char[])
OBJ 50000871 (sz=32, trace=300343, class=java.io.File@5000011c)
ARR 50000872 (sz=88, trace=300246, nelems=0, elem type=char[])
OBJ 50000873 (sz=24, trace=300247, class=java.lang.String@5000016e)
ARR 50000874 (sz=88, trace=300248, nelems=0, elem type=char[])
OBJ 50000875 (sz=32, trace=300080, class=java.util.HashMap$Node@500000c4)
OBJ 50000876 (sz=32, trace=300345, class=java.io.File@5000011c)
ARR 50000877 (sz=112, trace=300346, nelems=0, elem type=char[])
OBJ 50000878 (sz=24, trace=300347, class=java.lang.String@5000016e)
ARR 50000879 (sz=112, trace=300287, nelems=0, elem type=char[])
ARR 5000087a (sz=48, trace=300378, nelems=0, elem type=java.net.URL[]@5000000d)
OBJ 5000087b (sz=24, trace=300111, class=java.lang.String@5000016e)
	value		5000087c
ARR 5000087c (sz=76, trace=300112, nelems=38, elem type=char[])
OBJ 5000087d (sz=24, trace=300113, class=java.io.ExpiringCache$Entry@50000061)
	val		500010a1
OBJ 5000087e (sz=40, trace=300267, class=java.util.LinkedHashMap$Entry@50000060)
	key		50000703
	value		5000087d
	before		50000739
	after		500008a1
OBJ 5000087f (sz=24, trace=300115, class=java.lang.String@5000016e)
	value		50000880
ARR 50000880 (sz=76, trace=300112, nelems=38, elem type=char[])
OBJ 50000881 (sz=32, trace=300268, class=java.io.File@5000011c)
OBJ 50000882 (sz=24, trace=300379, class=java.io.ExpiringCache$Entry@50000061)
	val		5000087f
OBJ 50000883 (sz=40, trace=300267, class=java.util.LinkedHashMap$Entry@50000060)
	key		5000087b
	value		50000882
	before		500010ee
OBJ 50000884 (sz=32, trace=300380, class=java.io.File@5000011c)
ARR 50000885 (sz=256, trace=300381, nelems=0, elem type=char[])
ARR 50000886 (sz=120, trace=300382, nelems=0, elem type=char[])
OBJ 50000887 (sz=24, trace=300383, class=java.lang.String@5000016e)
ARR 50000888 (sz=128, trace=300384, nelems=0, elem type=char[])
OBJ 50000889 (sz=24, trace=300385, class=java.lang.StringBuilder@50000122)
ARR 5000088a (sz=48, trace=300386, nelems=0, elem type=char[])
ARR 5000088b (sz=128, trace=300010, nelems=0, elem type=char[])
OBJ 5000088c (sz=24, trace=300387, class=java.lang.String@5000016e)
	value		5000088d
ARR 5000088d (sz=110, trace=300388, nelems=55, elem type=char[])
OBJ 5000088e (sz=64, trace=300389, class=java.net.URL@5000011a)
	protocol	50001041
	host		50000d5d
	file		5000088c
	authority	50000d5d
	path		5000088c
	handler		50001052
OBJ 5000088f (sz=24, trace=300390, class=java.net.Parts@50000010)
OBJ 50000890 (sz=24, trace=300111, class=java.lang.String@5000016e)
ARR 50000891 (sz=96, trace=300112, nelems=0, elem type=char[])
OBJ 50000892 (sz=24, trace=300391, class=java.lang.String@5000016e)
ARR 50000893 (sz=32, trace=300392, nelems=0, elem type=char[])
OBJ 50000894 (sz=24, trace=300393, class=java.lang.StringBuilder@50000122)
ARR 50000895 (sz=48, trace=300394, nelems=0, elem type=char[])
ARR 50000896 (sz=96, trace=300010, nelems=0, elem type=char[])
ARR 50000897 (sz=176, trace=300395, nelems=0, elem type=char[])
OBJ 50000898 (sz=24, trace=300396, class=java.lang.String@5000016e)
ARR 50000899 (sz=112, trace=300397, nelems=0, elem type=char[])
OBJ 5000089a (sz=24, trace=300398, class=java.lang.StringBuilder@50000122)
ARR 5000089b (sz=48, trace=300399, nelems=0, elem type=char[])
ARR 5000089c (sz=96, trace=300010, nelems=0, elem type=char[])
ARR 5000089d (sz=176, trace=300395, nelems=0, elem type=char[])
OBJ 5000089e (sz=24, trace=300400, class=java.lang.String@5000016e)
	value		5000089f
ARR 5000089f (sz=90, trace=300401, nelems=45, elem type=char[])
OBJ 500008a0 (sz=24, trace=300402, class=java.io.ExpiringCache$Entry@50000061)
	val		5000109f
OBJ 500008a1 (sz=40, trace=300267, class=java.util.LinkedHashMap$Entry@50000060)
	key		5000089e
	value		500008a0
	before		5000087e
	after		500008bf
OBJ 500008a2 (sz=32, trace=300380, class=java.io.File@5000011c)
ARR 500008a3 (sz=232, trace=300381, nelems=0, elem type=char[])
ARR 500008a4 (sz=112, trace=300382, nelems=0, elem type=char[])
OBJ 500008a5 (sz=24, trace=300383, class=java.lang.String@5000016e)
ARR 500008a6 (sz=112, trace=300384, nelems=0, elem type=char[])
OBJ 500008a7 (sz=24, trace=300385, class=java.lang.StringBuilder@50000122)
ARR 500008a8 (sz=48, trace=300386, nelems=0, elem type=char[])
ARR 500008a9 (sz=112, trace=300010, nelems=0, elem type=char[])
OBJ 500008aa (sz=24, trace=300387, class=java.lang.String@5000016e)
	value		500008ab
ARR 500008ab (sz=96, trace=300388, nelems=48, elem type=char[])
OBJ 500008ac (sz=64, trace=300389, class=java.net.URL@5000011a)
	protocol	50001041
	host		50000d5d
	file		500008aa
	authority	50000d5d
	path		500008aa
	handler		50001052
OBJ 500008ad (sz=24, trace=300390, class=java.net.Parts@50000010)
OBJ 500008ae (sz=24, trace=300111, class=java.lang.String@5000016e)
ARR 500008af (sz=96, trace=300112, nelems=0, elem type=char[])
OBJ 500008b0 (sz=24, trace=300391, class=java.lang.String@5000016e)
ARR 500008b1 (sz=48, trace=300392, nelems=0, elem type=char[])
OBJ 500008b2 (sz=24, trace=300393, class=java.lang.StringBuilder@50000122)
ARR 500008b3 (sz=48, trace=300394, nelems=0, elem type=char[])
ARR 500008b4 (sz=96, trace=300010, nelems=0, elem type=char[])
ARR 500008b5 (sz=176, trace=300395, nelems=0, elem type=char[])
OBJ 500008b6 (sz=24, trace=300396, class=java.lang.String@5000016e)
ARR 500008b7 (sz=128, trace=300397, nelems=0, elem type=char[])
OBJ 500008b8 (sz=24, trace=300398, class=java.lang.StringBuilder@50000122)
ARR 500008b9 (sz=48, trace=300399, nelems=0, elem type=char[])
ARR 500008ba (sz=96, trace=300010, nelems=0, elem type=char[])
ARR 500008bb (sz=176, trace=300395, nelems=0, elem type=char[])
OBJ 500008bc (sz=24, trace=300400, class=java.lang.String@5000016e)
	value		500008bd
ARR 500008bd (sz=106, trace=300401, nelems=53, elem type=char[])
OBJ 500008be (sz=24, trace=300402, class=java.io.ExpiringCache$Entry@50000061)
	val		5000109d
OBJ 500008bf (sz=40, trace=300114, class=java.util.LinkedHashMap$Entry@50000060)
	key		500008bc
	value		500008be
	before		500008a1
	after		500008dd
OBJ 500008c0 (sz=32, trace=300380, class=java.io.File@5000011c)
ARR 500008c1 (sz=264, trace=300381, nelems=0, elem type=char[])
ARR 500008c2 (sz=128, trace=300382, nelems=0, elem type=char[])
OBJ 500008c3 (sz=24, trace=300383, class=java.lang.String@5000016e)
ARR 500008c4 (sz=128, trace=300384, nelems=0, elem type=char[])
OBJ 500008c5 (sz=24, trace=300385, class=java.lang.StringBuilder@50000122)
ARR 500008c6 (sz=48, trace=300386, nelems=0, elem type=char[])
ARR 500008c7 (sz=128, trace=300010, nelems=0, elem type=char[])
OBJ 500008c8 (sz=24, trace=300387, class=java.lang.String@5000016e)
	value		500008c9
ARR 500008c9 (sz=112, trace=300388, nelems=56, elem type=char[])
OBJ 500008ca (sz=64, trace=300389, class=java.net.URL@5000011a)
	protocol	50001041
	host		50000d5d
	file		500008c8
	authority	50000d5d
	path		500008c8
	handler		50001052
OBJ 500008cb (sz=24, trace=300390, class=java.net.Parts@50000010)
OBJ 500008cc (sz=24, trace=300111, class=java.lang.String@5000016e)
ARR 500008cd (sz=96, trace=300112, nelems=0, elem type=char[])
OBJ 500008ce (sz=24, trace=300391, class=java.lang.String@5000016e)
ARR 500008cf (sz=32, trace=300392, nelems=0, elem type=char[])
OBJ 500008d0 (sz=24, trace=300393, class=java.lang.StringBuilder@50000122)
ARR 500008d1 (sz=48, trace=300394, nelems=0, elem type=char[])
ARR 500008d2 (sz=96, trace=300010, nelems=0, elem type=char[])
ARR 500008d3 (sz=176, trace=300395, nelems=0, elem type=char[])
OBJ 500008d4 (sz=24, trace=300396, class=java.lang.String@5000016e)
ARR 500008d5 (sz=112, trace=300397, nelems=0, elem type=char[])
OBJ 500008d6 (sz=24, trace=300398, class=java.lang.StringBuilder@50000122)
ARR 500008d7 (sz=48, trace=300399, nelems=0, elem type=char[])
ARR 500008d8 (sz=96, trace=300010, nelems=0, elem type=char[])
ARR 500008d9 (sz=176, trace=300395, nelems=0, elem type=char[])
OBJ 500008da (sz=24, trace=300400, class=java.lang.String@5000016e)
	value		500008db
ARR 500008db (sz=94, trace=300401, nelems=47, elem type=char[])
OBJ 500008dc (sz=24, trace=300402, class=java.io.ExpiringCache$Entry@50000061)
	val		5000109b
OBJ 500008dd (sz=40, trace=300114, class=java.util.LinkedHashMap$Entry@50000060)
	key		500008da
	value		500008dc
	before		500008bf
	after		500008fb
OBJ 500008de (sz=32, trace=300380, class=java.io.File@5000011c)
ARR 500008df (sz=240, trace=300381, nelems=0, elem type=char[])
ARR 500008e0 (sz=112, trace=300382, nelems=0, elem type=char[])
OBJ 500008e1 (sz=24, trace=300383, class=java.lang.String@5000016e)
ARR 500008e2 (sz=120, trace=300384, nelems=0, elem type=char[])
OBJ 500008e3 (sz=24, trace=300385, class=java.lang.StringBuilder@50000122)
ARR 500008e4 (sz=48, trace=300386, nelems=0, elem type=char[])
ARR 500008e5 (sz=120, trace=300010, nelems=0, elem type=char[])
OBJ 500008e6 (sz=24, trace=300387, class=java.lang.String@5000016e)
	value		500008e7
ARR 500008e7 (sz=100, trace=300388, nelems=50, elem type=char[])
OBJ 500008e8 (sz=64, trace=300389, class=java.net.URL@5000011a)
	protocol	50001041
	host		50000d5d
	file		500008e6
	authority	50000d5d
	path		500008e6
	handler		50001052
OBJ 500008e9 (sz=24, trace=300390, class=java.net.Parts@50000010)
OBJ 500008ea (sz=24, trace=300111, class=java.lang.String@5000016e)
ARR 500008eb (sz=96, trace=300112, nelems=0, elem type=char[])
OBJ 500008ec (sz=24, trace=300391, class=java.lang.String@5000016e)
ARR 500008ed (sz=32, trace=300392, nelems=0, elem type=char[])
OBJ 500008ee (sz=24, trace=300393, class=java.lang.StringBuilder@50000122)
ARR 500008ef (sz=48, trace=300394, nelems=0, elem type=char[])
ARR 500008f0 (sz=96, trace=300010, nelems=0, elem type=char[])
ARR 500008f1 (sz=176, trace=300395, nelems=0, elem type=char[])
OBJ 500008f2 (sz=24, trace=300396, class=java.lang.String@5000016e)
ARR 500008f3 (sz=112, trace=300397, nelems=0, elem type=char[])
OBJ 500008f4 (sz=24, trace=300398, class=java.lang.StringBuilder@50000122)
ARR 500008f5 (sz=48, trace=300399, nelems=0, elem type=char[])
ARR 500008f6 (sz=96, trace=300010, nelems=0, elem type=char[])
ARR 500008f7 (sz=176, trace=300395, nelems=0, elem type=char[])
OBJ 500008f8 (sz=24, trace=300400, class=java.lang.String@5000016e)
	value		500008f9
ARR 500008f9 (sz=92, trace=300401, nelems=46, elem type=char[])
OBJ 500008fa (sz=24, trace=300402, class=java.io.ExpiringCache$Entry@50000061)
	val		50001099
OBJ 500008fb (sz=40, trace=300114, class=java.util.LinkedHashMap$Entry@50000060)
	key		500008f8
	value		500008fa
	before		500008dd
	after		50000919
OBJ 500008fc (sz=32, trace=300380, class=java.io.File@5000011c)
ARR 500008fd (sz=232, trace=300381, nelems=0, elem type=char[])
ARR 500008fe (sz=112, trace=300382, nelems=0, elem type=char[])
OBJ 500008ff (sz=24, trace=300383, class=java.lang.String@5000016e)
ARR 50000900 (sz=112, trace=300384, nelems=0, elem type=char[])
OBJ 50000901 (sz=24, trace=300385, class=java.lang.StringBuilder@50000122)
ARR 50000902 (sz=48, trace=300386, nelems=0, elem type=char[])
ARR 50000903 (sz=120, trace=300010, nelems=0, elem type=char[])
OBJ 50000904 (sz=24, trace=300387, class=java.lang.String@5000016e)
	value		50000905
ARR 50000905 (sz=98, trace=300388, nelems=49, elem type=char[])
OBJ 50000906 (sz=64, trace=300389, class=java.net.URL@5000011a)
	protocol	50001041
	host		50000d5d
	file		50000904
	authority	50000d5d
	path		50000904
	handler		50001052
OBJ 50000907 (sz=24, trace=300390, class=java.net.Parts@50000010)
OBJ 50000908 (sz=24, trace=300111, class=java.lang.String@5000016e)
ARR 50000909 (sz=96, trace=300112, nelems=0, elem type=char[])
OBJ 5000090a (sz=24, trace=300391, class=java.lang.String@5000016e)
ARR 5000090b (sz=40, trace=300392, nelems=0, elem type=char[])
OBJ 5000090c (sz=24, trace=300393, class=java.lang.StringBuilder@50000122)
ARR 5000090d (sz=48, trace=300394, nelems=0, elem type=char[])
ARR 5000090e (sz=96, trace=300010, nelems=0, elem type=char[])
ARR 5000090f (sz=176, trace=300395, nelems=0, elem type=char[])
OBJ 50000910 (sz=24, trace=300396, class=java.lang.String@5000016e)
ARR 50000911 (sz=120, trace=300397, nelems=0, elem type=char[])
OBJ 50000912 (sz=24, trace=300398, class=java.lang.StringBuilder@50000122)
ARR 50000913 (sz=48, trace=300399, nelems=0, elem type=char[])
ARR 50000914 (sz=96, trace=300010, nelems=0, elem type=char[])
ARR 50000915 (sz=176, trace=300395, nelems=0, elem type=char[])
OBJ 50000916 (sz=24, trace=300400, class=java.lang.String@5000016e)
	value		50000917
ARR 50000917 (sz=102, trace=300401, nelems=51, elem type=char[])
OBJ 50000918 (sz=24, trace=300402, class=java.io.ExpiringCache$Entry@50000061)
	val		500010b7
OBJ 50000919 (sz=40, trace=300267, class=java.util.LinkedHashMap$Entry@50000060)
	key		50000916
	value		50000918
	before		500008fb
	after		50000938
ARR 5000091a (sz=272, trace=300403, nelems=64, elem type=java.util.HashMap$Node[]@500000c2)
	[2]		50001076
	[7]		50001077
	[8]		50001078
	[9]		50001079
	[12]		5000107a
	[14]		500008dd
	[23]		50000938
	[25]		5000107b
	[26]		50000919
	[29]		5000107c
	[30]		50000739
	[31]		5000107d
	[32]		5000107e
	[33]		5000087e
	[37]		50001075
	[44]		500008bf
	[46]		5000067b
	[48]		5000107f
	[50]		50001080
	[51]		50001081
	[56]		500008a1
	[60]		50001082
	[61]		50001083
	[63]		50001084
OBJ 5000091b (sz=32, trace=300380, class=java.io.File@5000011c)
ARR 5000091c (sz=256, trace=300381, nelems=0, elem type=char[])
ARR 5000091d (sz=120, trace=300382, nelems=0, elem type=char[])
OBJ 5000091e (sz=24, trace=300383, class=java.lang.String@5000016e)
ARR 5000091f (sz=128, trace=300384, nelems=0, elem type=char[])
OBJ 50000920 (sz=24, trace=300385, class=java.lang.StringBuilder@50000122)
ARR 50000921 (sz=48, trace=300386, nelems=0, elem type=char[])
ARR 50000922 (sz=128, trace=300010, nelems=0, elem type=char[])
OBJ 50000923 (sz=24, trace=300387, class=java.lang.String@5000016e)
	value		50000924
ARR 50000924 (sz=108, trace=300388, nelems=54, elem type=char[])
OBJ 50000925 (sz=64, trace=300389, class=java.net.URL@5000011a)
	protocol	50001041
	host		50000d5d
	file		50000923
	authority	50000d5d
	path		50000923
	handler		50001052
OBJ 50000926 (sz=24, trace=300390, class=java.net.Parts@50000010)
OBJ 50000927 (sz=24, trace=300111, class=java.lang.String@5000016e)
ARR 50000928 (sz=96, trace=300112, nelems=0, elem type=char[])
OBJ 50000929 (sz=24, trace=300391, class=java.lang.String@5000016e)
ARR 5000092a (sz=32, trace=300392, nelems=0, elem type=char[])
OBJ 5000092b (sz=24, trace=300393, class=java.lang.StringBuilder@50000122)
ARR 5000092c (sz=48, trace=300394, nelems=0, elem type=char[])
ARR 5000092d (sz=96, trace=300010, nelems=0, elem type=char[])
ARR 5000092e (sz=176, trace=300395, nelems=0, elem type=char[])
OBJ 5000092f (sz=24, trace=300396, class=java.lang.String@5000016e)
ARR 50000930 (sz=112, trace=300397, nelems=0, elem type=char[])
OBJ 50000931 (sz=24, trace=300398, class=java.lang.StringBuilder@50000122)
ARR 50000932 (sz=48, trace=300399, nelems=0, elem type=char[])
ARR 50000933 (sz=96, trace=300010, nelems=0, elem type=char[])
ARR 50000934 (sz=176, trace=300395, nelems=0, elem type=char[])
OBJ 50000935 (sz=24, trace=300400, class=java.lang.String@5000016e)
	value		50000936
ARR 50000936 (sz=92, trace=300401, nelems=46, elem type=char[])
OBJ 50000937 (sz=24, trace=300402, class=java.io.ExpiringCache$Entry@50000061)
	val		500010b5
OBJ 50000938 (sz=40, trace=300267, class=java.util.LinkedHashMap$Entry@50000060)
	key		50000935
	value		50000937
	before		50000919
	after		50000948
OBJ 50000939 (sz=32, trace=300380, class=java.io.File@5000011c)
ARR 5000093a (sz=232, trace=300381, nelems=0, elem type=char[])
ARR 5000093b (sz=112, trace=300382, nelems=0, elem type=char[])
OBJ 5000093c (sz=24, trace=300383, class=java.lang.String@5000016e)
ARR 5000093d (sz=112, trace=300384, nelems=0, elem type=char[])
OBJ 5000093e (sz=24, trace=300385, class=java.lang.StringBuilder@50000122)
ARR 5000093f (sz=48, trace=300386, nelems=0, elem type=char[])
ARR 50000940 (sz=120, trace=300010, nelems=0, elem type=char[])
OBJ 50000941 (sz=24, trace=300387, class=java.lang.String@5000016e)
	value		50000942
ARR 50000942 (sz=98, trace=300388, nelems=49, elem type=char[])
OBJ 50000943 (sz=64, trace=300389, class=java.net.URL@5000011a)
	protocol	50001041
	host		50000d5d
	file		50000941
	authority	50000d5d
	path		50000941
	handler		50001052
OBJ 50000944 (sz=24, trace=300390, class=java.net.Parts@50000010)
OBJ 50000945 (sz=24, trace=300111, class=java.lang.String@5000016e)
ARR 50000946 (sz=88, trace=300112, nelems=0, elem type=char[])
OBJ 50000947 (sz=24, trace=300113, class=java.io.ExpiringCache$Entry@50000061)
	val		500010b3
OBJ 50000948 (sz=40, trace=300114, class=java.util.LinkedHashMap$Entry@50000060)
	key		50000718
	value		50000947
	before		50000938
OBJ 50000949 (sz=24, trace=300115, class=java.lang.String@5000016e)
ARR 5000094a (sz=88, trace=300112, nelems=0, elem type=char[])
OBJ 5000094b (sz=32, trace=300268, class=java.io.File@5000011c)
OBJ 5000094c (sz=32, trace=300380, class=java.io.File@5000011c)
ARR 5000094d (sz=216, trace=300381, nelems=0, elem type=char[])
ARR 5000094e (sz=104, trace=300382, nelems=0, elem type=char[])
OBJ 5000094f (sz=24, trace=300383, class=java.lang.String@5000016e)
ARR 50000950 (sz=104, trace=300384, nelems=0, elem type=char[])
OBJ 50000951 (sz=24, trace=300385, class=java.lang.StringBuilder@50000122)
ARR 50000952 (sz=48, trace=300386, nelems=0, elem type=char[])
ARR 50000953 (sz=112, trace=300010, nelems=0, elem type=char[])
OBJ 50000954 (sz=24, trace=300387, class=java.lang.String@5000016e)
	value		50000955
ARR 50000955 (sz=90, trace=300388, nelems=45, elem type=char[])
OBJ 50000956 (sz=64, trace=300389, class=java.net.URL@5000011a)
	protocol	50001041
	host		50000d5d
	file		50000954
	authority	50000d5d
	path		50000954
	handler		50001052
OBJ 50000957 (sz=24, trace=300390, class=java.net.Parts@50000010)
OBJ 50000958 (sz=48, trace=300404, class=sun.misc.URLClassPath@50000004)
	path		50000959
	urls		5000095a
	loaders		5000095c
	lmap		5000095d
	jarHandler	50000964
OBJ 50000959 (sz=24, trace=300405, class=java.util.ArrayList@500000de)
	elementData	5000095e
OBJ 5000095a (sz=32, trace=300406, class=java.util.Stack@500000e3)
	elementData	5000095b
ARR 5000095b (sz=56, trace=300407, nelems=0, elem type=java.lang.Object[]@50000109)
OBJ 5000095c (sz=24, trace=300408, class=java.util.ArrayList@500000de)
	elementData	50000996
OBJ 5000095d (sz=48, trace=300409, class=java.util.HashMap@500000c6)
	table		50000997
ARR 5000095e (sz=56, trace=300249, nelems=8, elem type=java.lang.Object[]@50000109)
	[0]		5000088e
	[1]		500008ac
	[2]		500008ca
	[3]		500008e8
	[4]		50000906
	[5]		50000925
	[6]		50000943
	[7]		50000956
OBJ 5000095f (sz=24, trace=300410, class=java.lang.StringBuilder@50000122)
ARR 50000960 (sz=48, trace=300411, nelems=0, elem type=char[])
ARR 50000961 (sz=88, trace=300010, nelems=0, elem type=char[])
OBJ 50000962 (sz=24, trace=300412, class=java.lang.String@5000016e)
ARR 50000963 (sz=80, trace=300413, nelems=0, elem type=char[])
OBJ 50000964 (sz=16, trace=300414, class=sun.net.www.protocol.jar.Handler@50000003)
OBJ 50000966 (sz=40, trace=300416, class=sun.misc.URLClassPath$2@50000965)
OBJ 50000968 (sz=16, trace=300418, class=java.lang.ClassLoader$2@50000967)
OBJ 5000096a (sz=40, trace=300420, class=sun.misc.URLClassPath$1@50000969)
OBJ 5000096c (sz=24, trace=300422, class=java.net.URLClassLoader$3@5000096b)
OBJ 5000096e (sz=24, trace=300424, class=sun.misc.CompoundEnumeration@5000096d)
OBJ 5000096f (sz=24, trace=300198, class=java.lang.StringBuilder@50000122)
ARR 50000970 (sz=48, trace=300199, nelems=0, elem type=char[])
ARR 50000971 (sz=144, trace=300010, nelems=0, elem type=char[])
OBJ 50000972 (sz=24, trace=300200, class=java.lang.String@5000016e)
	value		50000973
ARR 50000973 (sz=124, trace=300201, nelems=62, elem type=char[])
OBJ 50000974 (sz=24, trace=300203, class=sun.misc.URLClassPath$3@50000465)
OBJ 50000975 (sz=24, trace=300208, class=java.lang.StringBuilder@50000122)
ARR 50000976 (sz=48, trace=300209, nelems=0, elem type=char[])
OBJ 50000977 (sz=24, trace=300210, class=java.lang.StringBuffer@50000123)
ARR 50000978 (sz=136, trace=300211, nelems=0, elem type=char[])
ARR 50000979 (sz=136, trace=300212, nelems=0, elem type=char[])
OBJ 5000097a (sz=24, trace=300213, class=java.lang.String@5000016e)
ARR 5000097b (sz=136, trace=300010, nelems=0, elem type=char[])
ARR 5000097c (sz=264, trace=300010, nelems=0, elem type=char[])
OBJ 5000097d (sz=24, trace=300214, class=java.lang.String@5000016e)
	value		5000097e
ARR 5000097e (sz=124, trace=300215, nelems=62, elem type=char[])
OBJ 5000097f (sz=64, trace=300216, class=java.net.URL@5000011a)
	protocol	50001032
	host		50000d5d
	file		5000097d
	authority	50000d5d
	path		5000097d
	handler		50000964
OBJ 50000980 (sz=24, trace=300217, class=java.net.Parts@50000010)
OBJ 50000981 (sz=56, trace=300218, class=sun.misc.URLClassPath$JarLoader@50000468)
	base		5000097f
	csu		5000088e
	metaIndex	500007ea
	handler		50000964
	lmap		5000095d
OBJ 50000982 (sz=24, trace=300219, class=java.lang.StringBuilder@50000122)
ARR 50000983 (sz=128, trace=300220, nelems=0, elem type=char[])
ARR 50000984 (sz=72, trace=300221, nelems=0, elem type=byte[])
OBJ 50000985 (sz=48, trace=300222, class=java.nio.HeapByteBuffer@50000075)
ARR 50000986 (sz=128, trace=300223, nelems=0, elem type=char[])
OBJ 50000987 (sz=48, trace=300224, class=java.nio.HeapCharBuffer@50000035)
OBJ 50000988 (sz=24, trace=300235, class=java.lang.String@5000016e)
ARR 50000989 (sz=24, trace=300236, nelems=0, elem type=char[])
OBJ 5000098a (sz=24, trace=300237, class=java.lang.String@5000016e)
ARR 5000098b (sz=24, trace=300238, nelems=0, elem type=char[])
OBJ 5000098c (sz=24, trace=300239, class=java.lang.String@5000016e)
ARR 5000098d (sz=128, trace=300240, nelems=0, elem type=char[])
OBJ 5000098e (sz=32, trace=300241, class=java.io.File@5000011c)
OBJ 5000098f (sz=24, trace=300242, class=java.lang.StringBuffer@50000123)
ARR 50000990 (sz=128, trace=300243, nelems=0, elem type=char[])
ARR 50000991 (sz=120, trace=300244, nelems=0, elem type=char[])
OBJ 50000992 (sz=24, trace=300245, class=java.lang.String@5000016e)
ARR 50000993 (sz=120, trace=300246, nelems=0, elem type=char[])
OBJ 50000994 (sz=24, trace=300247, class=java.lang.String@5000016e)
ARR 50000995 (sz=120, trace=300248, nelems=0, elem type=char[])
ARR 50000996 (sz=56, trace=300249, nelems=6, elem type=java.lang.Object[]@50000109)
	[0]		50000981
	[1]		500009ab
	[2]		50000a12
	[3]		50000a3a
	[4]		50000a62
	[5]		50000a8a
ARR 50000997 (sz=80, trace=300250, nelems=14, elem type=java.util.HashMap$Node[]@500000c2)
	[2]		50000998
	[5]		500009c0
	[7]		50000a27
	[9]		50000a77
	[13]		50000a4f
OBJ 50000998 (sz=32, trace=300080, class=java.util.HashMap$Node@500000c4)
	key		50000972
	value		50000981
OBJ 50000999 (sz=24, trace=300198, class=java.lang.StringBuilder@50000122)
ARR 5000099a (sz=48, trace=300199, nelems=0, elem type=char[])
ARR 5000099b (sz=128, trace=300010, nelems=0, elem type=char[])
OBJ 5000099c (sz=24, trace=300200, class=java.lang.String@5000016e)
	value		5000099d
ARR 5000099d (sz=110, trace=300201, nelems=55, elem type=char[])
OBJ 5000099e (sz=24, trace=300203, class=sun.misc.URLClassPath$3@50000465)
OBJ 5000099f (sz=24, trace=300208, class=java.lang.StringBuilder@50000122)
ARR 500009a0 (sz=48, trace=300209, nelems=0, elem type=char[])
OBJ 500009a1 (sz=24, trace=300210, class=java.lang.StringBuffer@50000123)
ARR 500009a2 (sz=128, trace=300211, nelems=0, elem type=char[])
ARR 500009a3 (sz=128, trace=300212, nelems=0, elem type=char[])
OBJ 500009a4 (sz=24, trace=300213, class=java.lang.String@5000016e)
ARR 500009a5 (sz=128, trace=300010, nelems=0, elem type=char[])
ARR 500009a6 (sz=232, trace=300010, nelems=0, elem type=char[])
OBJ 500009a7 (sz=24, trace=300214, class=java.lang.String@5000016e)
	value		500009a8
ARR 500009a8 (sz=110, trace=300215, nelems=55, elem type=char[])
OBJ 500009a9 (sz=64, trace=300216, class=java.net.URL@5000011a)
	protocol	50001032
	host		50000d5d
	file		500009a7
	authority	50000d5d
	path		500009a7
	handler		50000964
OBJ 500009aa (sz=24, trace=300217, class=java.net.Parts@50000010)
OBJ 500009ab (sz=56, trace=300218, class=sun.misc.URLClassPath$JarLoader@50000468)
	base		500009a9
	csu		500008ac
	metaIndex	50000844
	handler		50000964
	lmap		5000095d
OBJ 500009ac (sz=24, trace=300219, class=java.lang.StringBuilder@50000122)
ARR 500009ad (sz=112, trace=300220, nelems=0, elem type=char[])
ARR 500009ae (sz=64, trace=300221, nelems=0, elem type=byte[])
OBJ 500009af (sz=48, trace=300222, class=java.nio.HeapByteBuffer@50000075)
ARR 500009b0 (sz=112, trace=300223, nelems=0, elem type=char[])
OBJ 500009b1 (sz=48, trace=300224, class=java.nio.HeapCharBuffer@50000035)
OBJ 500009b2 (sz=24, trace=300235, class=java.lang.String@5000016e)
ARR 500009b3 (sz=24, trace=300236, nelems=0, elem type=char[])
OBJ 500009b4 (sz=24, trace=300237, class=java.lang.String@5000016e)
ARR 500009b5 (sz=24, trace=300238, nelems=0, elem type=char[])
OBJ 500009b6 (sz=24, trace=300239, class=java.lang.String@5000016e)
ARR 500009b7 (sz=112, trace=300240, nelems=0, elem type=char[])
OBJ 500009b8 (sz=32, trace=300241, class=java.io.File@5000011c)
OBJ 500009b9 (sz=24, trace=300242, class=java.lang.StringBuffer@50000123)
ARR 500009ba (sz=112, trace=300243, nelems=0, elem type=char[])
ARR 500009bb (sz=112, trace=300244, nelems=0, elem type=char[])
OBJ 500009bc (sz=24, trace=300245, class=java.lang.String@5000016e)
ARR 500009bd (sz=112, trace=300246, nelems=0, elem type=char[])
OBJ 500009be (sz=24, trace=300247, class=java.lang.String@5000016e)
ARR 500009bf (sz=112, trace=300248, nelems=0, elem type=char[])
OBJ 500009c0 (sz=32, trace=300080, class=java.util.HashMap$Node@500000c4)
	key		5000099c
	value		500009ab
OBJ 500009c1 (sz=24, trace=300198, class=java.lang.StringBuilder@50000122)
ARR 500009c2 (sz=48, trace=300199, nelems=0, elem type=char[])
ARR 500009c3 (sz=144, trace=300010, nelems=0, elem type=char[])
OBJ 500009c4 (sz=24, trace=300200, class=java.lang.String@5000016e)
ARR 500009c5 (sz=144, trace=300201, nelems=0, elem type=char[])
OBJ 500009c6 (sz=24, trace=300203, class=sun.misc.URLClassPath$3@50000465)
OBJ 500009c7 (sz=24, trace=300208, class=java.lang.StringBuilder@50000122)
ARR 500009c8 (sz=48, trace=300209, nelems=0, elem type=char[])
OBJ 500009c9 (sz=24, trace=300210, class=java.lang.StringBuffer@50000123)
ARR 500009ca (sz=144, trace=300211, nelems=0, elem type=char[])
ARR 500009cb (sz=144, trace=300212, nelems=0, elem type=char[])
OBJ 500009cc (sz=24, trace=300213, class=java.lang.String@5000016e)
ARR 500009cd (sz=144, trace=300010, nelems=0, elem type=char[])
ARR 500009ce (sz=264, trace=300010, nelems=0, elem type=char[])
OBJ 500009cf (sz=24, trace=300214, class=java.lang.String@5000016e)
ARR 500009d0 (sz=144, trace=300215, nelems=0, elem type=char[])
OBJ 500009d1 (sz=64, trace=300216, class=java.net.URL@5000011a)
OBJ 500009d2 (sz=24, trace=300217, class=java.net.Parts@50000010)
OBJ 500009d3 (sz=56, trace=300218, class=sun.misc.URLClassPath$JarLoader@50000468)
OBJ 500009d4 (sz=24, trace=300219, class=java.lang.StringBuilder@50000122)
ARR 500009d5 (sz=128, trace=300220, nelems=0, elem type=char[])
ARR 500009d6 (sz=72, trace=300221, nelems=0, elem type=byte[])
OBJ 500009d7 (sz=48, trace=300222, class=java.nio.HeapByteBuffer@50000075)
ARR 500009d8 (sz=128, trace=300223, nelems=0, elem type=char[])
OBJ 500009d9 (sz=48, trace=300224, class=java.nio.HeapCharBuffer@50000035)
OBJ 500009da (sz=24, trace=300235, class=java.lang.String@5000016e)
ARR 500009db (sz=24, trace=300236, nelems=0, elem type=char[])
OBJ 500009dc (sz=24, trace=300237, class=java.lang.String@5000016e)
ARR 500009dd (sz=24, trace=300238, nelems=0, elem type=char[])
OBJ 500009de (sz=24, trace=300239, class=java.lang.String@5000016e)
ARR 500009df (sz=128, trace=300240, nelems=0, elem type=char[])
OBJ 500009e0 (sz=32, trace=300241, class=java.io.File@5000011c)
OBJ 500009e1 (sz=24, trace=300242, class=java.lang.StringBuffer@50000123)
ARR 500009e2 (sz=128, trace=300243, nelems=0, elem type=char[])
ARR 500009e3 (sz=128, trace=300244, nelems=0, elem type=char[])
OBJ 500009e4 (sz=24, trace=300245, class=java.lang.String@5000016e)
ARR 500009e5 (sz=128, trace=300246, nelems=0, elem type=char[])
OBJ 500009e6 (sz=24, trace=300247, class=java.lang.String@5000016e)
ARR 500009e7 (sz=128, trace=300248, nelems=0, elem type=char[])
OBJ 500009e8 (sz=16, trace=300289, class=sun.misc.URLClassPath$JarLoader$1@500006c4)
OBJ 500009e9 (sz=24, trace=300291, class=sun.misc.FileURLMapper@500006c6)
ARR 500009ea (sz=128, trace=300292, nelems=0, elem type=char[])
OBJ 500009eb (sz=24, trace=300293, class=java.lang.String@5000016e)
OBJ 500009ec (sz=24, trace=300294, class=java.lang.StringBuilder@50000122)
ARR 500009ed (sz=128, trace=300295, nelems=0, elem type=char[])
ARR 500009ee (sz=72, trace=300296, nelems=0, elem type=byte[])
OBJ 500009ef (sz=48, trace=300222, class=java.nio.HeapByteBuffer@50000075)
ARR 500009f0 (sz=128, trace=300297, nelems=0, elem type=char[])
OBJ 500009f1 (sz=48, trace=300224, class=java.nio.HeapCharBuffer@50000035)
OBJ 500009f2 (sz=24, trace=300235, class=java.lang.String@5000016e)
ARR 500009f3 (sz=24, trace=300236, nelems=0, elem type=char[])
OBJ 500009f4 (sz=24, trace=300237, class=java.lang.String@5000016e)
ARR 500009f5 (sz=24, trace=300238, nelems=0, elem type=char[])
OBJ 500009f6 (sz=24, trace=300298, class=java.lang.String@5000016e)
ARR 500009f7 (sz=128, trace=300240, nelems=0, elem type=char[])
OBJ 500009f8 (sz=32, trace=300299, class=java.io.File@5000011c)
OBJ 500009f9 (sz=24, trace=300263, class=java.lang.StringBuffer@50000123)
ARR 500009fa (sz=128, trace=300264, nelems=0, elem type=char[])
ARR 500009fb (sz=128, trace=300265, nelems=0, elem type=char[])
OBJ 500009fc (sz=24, trace=300266, class=java.lang.String@5000016e)
OBJ 500009fd (sz=32, trace=300301, class=java.io.FileNotFoundException@500006dc)
OBJ 500009fe (sz=40, trace=300303, class=java.security.PrivilegedActionException@500006de)
OBJ 500009ff (sz=40, trace=300303, class=java.security.PrivilegedActionException@500006de)
OBJ 50000a00 (sz=24, trace=300198, class=java.lang.StringBuilder@50000122)
ARR 50000a01 (sz=48, trace=300199, nelems=0, elem type=char[])
ARR 50000a02 (sz=136, trace=300010, nelems=0, elem type=char[])
OBJ 50000a03 (sz=24, trace=300200, class=java.lang.String@5000016e)
	value		50000a04
ARR 50000a04 (sz=114, trace=300201, nelems=57, elem type=char[])
OBJ 50000a05 (sz=24, trace=300203, class=sun.misc.URLClassPath$3@50000465)
OBJ 50000a06 (sz=24, trace=300208, class=java.lang.StringBuilder@50000122)
ARR 50000a07 (sz=48, trace=300209, nelems=0, elem type=char[])
OBJ 50000a08 (sz=24, trace=300210, class=java.lang.StringBuffer@50000123)
ARR 50000a09 (sz=128, trace=300211, nelems=0, elem type=char[])
ARR 50000a0a (sz=128, trace=300212, nelems=0, elem type=char[])
OBJ 50000a0b (sz=24, trace=300213, class=java.lang.String@5000016e)
ARR 50000a0c (sz=128, trace=300010, nelems=0, elem type=char[])
ARR 50000a0d (sz=240, trace=300010, nelems=0, elem type=char[])
OBJ 50000a0e (sz=24, trace=300214, class=java.lang.String@5000016e)
	value		50000a0f
ARR 50000a0f (sz=114, trace=300215, nelems=57, elem type=char[])
OBJ 50000a10 (sz=64, trace=300216, class=java.net.URL@5000011a)
	protocol	50001032
	host		50000d5d
	file		50000a0e
	authority	50000d5d
	path		50000a0e
	handler		50000964
OBJ 50000a11 (sz=24, trace=300217, class=java.net.Parts@50000010)
OBJ 50000a12 (sz=56, trace=300218, class=sun.misc.URLClassPath$JarLoader@50000468)
	base		50000a10
	csu		500008e8
	metaIndex	50000793
	handler		50000964
	lmap		5000095d
OBJ 50000a13 (sz=24, trace=300219, class=java.lang.StringBuilder@50000122)
ARR 50000a14 (sz=120, trace=300220, nelems=0, elem type=char[])
ARR 50000a15 (sz=72, trace=300221, nelems=0, elem type=byte[])
OBJ 50000a16 (sz=48, trace=300222, class=java.nio.HeapByteBuffer@50000075)
ARR 50000a17 (sz=120, trace=300223, nelems=0, elem type=char[])
OBJ 50000a18 (sz=48, trace=300224, class=java.nio.HeapCharBuffer@50000035)
OBJ 50000a19 (sz=24, trace=300235, class=java.lang.String@5000016e)
ARR 50000a1a (sz=24, trace=300236, nelems=0, elem type=char[])
OBJ 50000a1b (sz=24, trace=300237, class=java.lang.String@5000016e)
ARR 50000a1c (sz=24, trace=300238, nelems=0, elem type=char[])
OBJ 50000a1d (sz=24, trace=300239, class=java.lang.String@5000016e)
ARR 50000a1e (sz=112, trace=300240, nelems=0, elem type=char[])
OBJ 50000a1f (sz=32, trace=300241, class=java.io.File@5000011c)
OBJ 50000a20 (sz=24, trace=300242, class=java.lang.StringBuffer@50000123)
ARR 50000a21 (sz=112, trace=300243, nelems=0, elem type=char[])
ARR 50000a22 (sz=112, trace=300244, nelems=0, elem type=char[])
OBJ 50000a23 (sz=24, trace=300245, class=java.lang.String@5000016e)
ARR 50000a24 (sz=112, trace=300246, nelems=0, elem type=char[])
OBJ 50000a25 (sz=24, trace=300247, class=java.lang.String@5000016e)
ARR 50000a26 (sz=112, trace=300248, nelems=0, elem type=char[])
OBJ 50000a27 (sz=32, trace=300080, class=java.util.HashMap$Node@500000c4)
	key		50000a03
	value		50000a12
OBJ 50000a28 (sz=24, trace=300198, class=java.lang.StringBuilder@50000122)
ARR 50000a29 (sz=48, trace=300199, nelems=0, elem type=char[])
ARR 50000a2a (sz=128, trace=300010, nelems=0, elem type=char[])
OBJ 50000a2b (sz=24, trace=300200, class=java.lang.String@5000016e)
	value		50000a2c
ARR 50000a2c (sz=112, trace=300201, nelems=56, elem type=char[])
OBJ 50000a2d (sz=24, trace=300203, class=sun.misc.URLClassPath$3@50000465)
OBJ 50000a2e (sz=24, trace=300208, class=java.lang.StringBuilder@50000122)
ARR 50000a2f (sz=48, trace=300209, nelems=0, elem type=char[])
OBJ 50000a30 (sz=24, trace=300210, class=java.lang.StringBuffer@50000123)
ARR 50000a31 (sz=128, trace=300211, nelems=0, elem type=char[])
ARR 50000a32 (sz=128, trace=300212, nelems=0, elem type=char[])
OBJ 50000a33 (sz=24, trace=300213, class=java.lang.String@5000016e)
ARR 50000a34 (sz=128, trace=300010, nelems=0, elem type=char[])
ARR 50000a35 (sz=240, trace=300010, nelems=0, elem type=char[])
OBJ 50000a36 (sz=24, trace=300214, class=java.lang.String@5000016e)
	value		50000a37
ARR 50000a37 (sz=112, trace=300215, nelems=56, elem type=char[])
OBJ 50000a38 (sz=64, trace=300216, class=java.net.URL@5000011a)
	protocol	50001032
	host		50000d5d
	file		50000a36
	authority	50000d5d
	path		50000a36
	handler		50000964
OBJ 50000a39 (sz=24, trace=300217, class=java.net.Parts@50000010)
OBJ 50000a3a (sz=56, trace=300218, class=sun.misc.URLClassPath$JarLoader@50000468)
	base		50000a38
	csu		50000906
	metaIndex	5000076d
	handler		50000964
	lmap		5000095d
OBJ 50000a3b (sz=24, trace=300219, class=java.lang.StringBuilder@50000122)
ARR 50000a3c (sz=120, trace=300220, nelems=0, elem type=char[])
ARR 50000a3d (sz=72, trace=300221, nelems=0, elem type=byte[])
OBJ 50000a3e (sz=48, trace=300222, class=java.nio.HeapByteBuffer@50000075)
ARR 50000a3f (sz=120, trace=300223, nelems=0, elem type=char[])
OBJ 50000a40 (sz=48, trace=300224, class=java.nio.HeapCharBuffer@50000035)
OBJ 50000a41 (sz=24, trace=300235, class=java.lang.String@5000016e)
ARR 50000a42 (sz=24, trace=300236, nelems=0, elem type=char[])
OBJ 50000a43 (sz=24, trace=300237, class=java.lang.String@5000016e)
ARR 50000a44 (sz=24, trace=300238, nelems=0, elem type=char[])
OBJ 50000a45 (sz=24, trace=300239, class=java.lang.String@5000016e)
ARR 50000a46 (sz=112, trace=300240, nelems=0, elem type=char[])
OBJ 50000a47 (sz=32, trace=300241, class=java.io.File@5000011c)
OBJ 50000a48 (sz=24, trace=300242, class=java.lang.StringBuffer@50000123)
ARR 50000a49 (sz=112, trace=300243, nelems=0, elem type=char[])
ARR 50000a4a (sz=112, trace=300244, nelems=0, elem type=char[])
OBJ 50000a4b (sz=24, trace=300245, class=java.lang.String@5000016e)
ARR 50000a4c (sz=112, trace=300246, nelems=0, elem type=char[])
OBJ 50000a4d (sz=24, trace=300247, class=java.lang.String@5000016e)
ARR 50000a4e (sz=112, trace=300248, nelems=0, elem type=char[])
OBJ 50000a4f (sz=32, trace=300080, class=java.util.HashMap$Node@500000c4)
	key		50000a2b
	value		50000a3a
OBJ 50000a50 (sz=24, trace=300198, class=java.lang.StringBuilder@50000122)
ARR 50000a51 (sz=48, trace=300199, nelems=0, elem type=char[])
ARR 50000a52 (sz=144, trace=300010, nelems=0, elem type=char[])
OBJ 50000a53 (sz=24, trace=300200, class=java.lang.String@5000016e)
	value		50000a54
ARR 50000a54 (sz=122, trace=300201, nelems=61, elem type=char[])
OBJ 50000a55 (sz=24, trace=300203, class=sun.misc.URLClassPath$3@50000465)
OBJ 50000a56 (sz=24, trace=300208, class=java.lang.StringBuilder@50000122)
ARR 50000a57 (sz=48, trace=300209, nelems=0, elem type=char[])
OBJ 50000a58 (sz=24, trace=300210, class=java.lang.StringBuffer@50000123)
ARR 50000a59 (sz=136, trace=300211, nelems=0, elem type=char[])
ARR 50000a5a (sz=136, trace=300212, nelems=0, elem type=char[])
OBJ 50000a5b (sz=24, trace=300213, class=java.lang.String@5000016e)
ARR 50000a5c (sz=136, trace=300010, nelems=0, elem type=char[])
ARR 50000a5d (sz=256, trace=300010, nelems=0, elem type=char[])
OBJ 50000a5e (sz=24, trace=300214, class=java.lang.String@5000016e)
	value		50000a5f
ARR 50000a5f (sz=122, trace=300215, nelems=61, elem type=char[])
OBJ 50000a60 (sz=64, trace=300216, class=java.net.URL@5000011a)
	protocol	50001032
	host		50000d5d
	file		50000a5e
	authority	50000d5d
	path		50000a5e
	handler		50000964
OBJ 50000a61 (sz=24, trace=300217, class=java.net.Parts@50000010)
OBJ 50000a62 (sz=56, trace=300218, class=sun.misc.URLClassPath$JarLoader@50000468)
	base		50000a60
	csu		50000925
	metaIndex	50000756
	handler		50000964
	lmap		5000095d
OBJ 50000a63 (sz=24, trace=300219, class=java.lang.StringBuilder@50000122)
ARR 50000a64 (sz=128, trace=300220, nelems=0, elem type=char[])
ARR 50000a65 (sz=72, trace=300221, nelems=0, elem type=byte[])
OBJ 50000a66 (sz=48, trace=300222, class=java.nio.HeapByteBuffer@50000075)
ARR 50000a67 (sz=128, trace=300223, nelems=0, elem type=char[])
OBJ 50000a68 (sz=48, trace=300224, class=java.nio.HeapCharBuffer@50000035)
OBJ 50000a69 (sz=24, trace=300235, class=java.lang.String@5000016e)
ARR 50000a6a (sz=24, trace=300236, nelems=0, elem type=char[])
OBJ 50000a6b (sz=24, trace=300237, class=java.lang.String@5000016e)
ARR 50000a6c (sz=24, trace=300238, nelems=0, elem type=char[])
OBJ 50000a6d (sz=24, trace=300239, class=java.lang.String@5000016e)
ARR 50000a6e (sz=120, trace=300240, nelems=0, elem type=char[])
OBJ 50000a6f (sz=32, trace=300241, class=java.io.File@5000011c)
OBJ 50000a70 (sz=24, trace=300242, class=java.lang.StringBuffer@50000123)
ARR 50000a71 (sz=120, trace=300243, nelems=0, elem type=char[])
ARR 50000a72 (sz=120, trace=300244, nelems=0, elem type=char[])
OBJ 50000a73 (sz=24, trace=300245, class=java.lang.String@5000016e)
ARR 50000a74 (sz=120, trace=300246, nelems=0, elem type=char[])
OBJ 50000a75 (sz=24, trace=300247, class=java.lang.String@5000016e)
ARR 50000a76 (sz=120, trace=300248, nelems=0, elem type=char[])
OBJ 50000a77 (sz=32, trace=300080, class=java.util.HashMap$Node@500000c4)
	key		50000a53
	value		50000a62
	next		50000a9f
OBJ 50000a78 (sz=24, trace=300198, class=java.lang.StringBuilder@50000122)
ARR 50000a79 (sz=48, trace=300199, nelems=0, elem type=char[])
ARR 50000a7a (sz=128, trace=300010, nelems=0, elem type=char[])
OBJ 50000a7b (sz=24, trace=300200, class=java.lang.String@5000016e)
	value		50000a7c
ARR 50000a7c (sz=112, trace=300201, nelems=56, elem type=char[])
OBJ 50000a7d (sz=24, trace=300203, class=sun.misc.URLClassPath$3@50000465)
OBJ 50000a7e (sz=24, trace=300208, class=java.lang.StringBuilder@50000122)
ARR 50000a7f (sz=48, trace=300209, nelems=0, elem type=char[])
OBJ 50000a80 (sz=24, trace=300210, class=java.lang.StringBuffer@50000123)
ARR 50000a81 (sz=128, trace=300211, nelems=0, elem type=char[])
ARR 50000a82 (sz=128, trace=300212, nelems=0, elem type=char[])
OBJ 50000a83 (sz=24, trace=300213, class=java.lang.String@5000016e)
ARR 50000a84 (sz=128, trace=300010, nelems=0, elem type=char[])
ARR 50000a85 (sz=240, trace=300010, nelems=0, elem type=char[])
OBJ 50000a86 (sz=24, trace=300214, class=java.lang.String@5000016e)
	value		50000a87
ARR 50000a87 (sz=112, trace=300215, nelems=56, elem type=char[])
OBJ 50000a88 (sz=64, trace=300216, class=java.net.URL@5000011a)
	protocol	50001032
	host		50000d5d
	file		50000a86
	authority	50000d5d
	path		50000a86
	handler		50000964
OBJ 50000a89 (sz=24, trace=300217, class=java.net.Parts@50000010)
OBJ 50000a8a (sz=56, trace=300218, class=sun.misc.URLClassPath$JarLoader@50000468)
	base		50000a88
	csu		50000943
	metaIndex	50000781
	handler		50000964
	lmap		5000095d
OBJ 50000a8b (sz=24, trace=300219, class=java.lang.StringBuilder@50000122)
ARR 50000a8c (sz=120, trace=300220, nelems=0, elem type=char[])
ARR 50000a8d (sz=72, trace=300221, nelems=0, elem type=byte[])
OBJ 50000a8e (sz=48, trace=300222, class=java.nio.HeapByteBuffer@50000075)
ARR 50000a8f (sz=120, trace=300223, nelems=0, elem type=char[])
OBJ 50000a90 (sz=48, trace=300224, class=java.nio.HeapCharBuffer@50000035)
OBJ 50000a91 (sz=24, trace=300235, class=java.lang.String@5000016e)
ARR 50000a92 (sz=24, trace=300236, nelems=0, elem type=char[])
OBJ 50000a93 (sz=24, trace=300237, class=java.lang.String@5000016e)
ARR 50000a94 (sz=24, trace=300238, nelems=0, elem type=char[])
OBJ 50000a95 (sz=24, trace=300239, class=java.lang.String@5000016e)
ARR 50000a96 (sz=112, trace=300240, nelems=0, elem type=char[])
OBJ 50000a97 (sz=32, trace=300241, class=java.io.File@5000011c)
OBJ 50000a98 (sz=24, trace=300242, class=java.lang.StringBuffer@50000123)
ARR 50000a99 (sz=112, trace=300243, nelems=0, elem type=char[])
ARR 50000a9a (sz=112, trace=300244, nelems=0, elem type=char[])
OBJ 50000a9b (sz=24, trace=300245, class=java.lang.String@5000016e)
ARR 50000a9c (sz=112, trace=300246, nelems=0, elem type=char[])
OBJ 50000a9d (sz=24, trace=300247, class=java.lang.String@5000016e)
ARR 50000a9e (sz=112, trace=300248, nelems=0, elem type=char[])
OBJ 50000a9f (sz=32, trace=300081, class=java.util.HashMap$Node@500000c4)
	key		50000a7b
	value		50000a8a
OBJ 50000aa0 (sz=24, trace=300198, class=java.lang.StringBuilder@50000122)
ARR 50000aa1 (sz=48, trace=300199, nelems=0, elem type=char[])
ARR 50000aa2 (sz=120, trace=300010, nelems=0, elem type=char[])
OBJ 50000aa3 (sz=24, trace=300200, class=java.lang.String@5000016e)
ARR 50000aa4 (sz=120, trace=300201, nelems=0, elem type=char[])
OBJ 50000aa5 (sz=24, trace=300203, class=sun.misc.URLClassPath$3@50000465)
OBJ 50000aa6 (sz=24, trace=300208, class=java.lang.StringBuilder@50000122)
ARR 50000aa7 (sz=48, trace=300209, nelems=0, elem type=char[])
OBJ 50000aa8 (sz=24, trace=300210, class=java.lang.StringBuffer@50000123)
ARR 50000aa9 (sz=120, trace=300211, nelems=0, elem type=char[])
ARR 50000aaa (sz=120, trace=300212, nelems=0, elem type=char[])
OBJ 50000aab (sz=24, trace=300213, class=java.lang.String@5000016e)
ARR 50000aac (sz=120, trace=300010, nelems=0, elem type=char[])
ARR 50000aad (sz=224, trace=300010, nelems=0, elem type=char[])
OBJ 50000aae (sz=24, trace=300214, class=java.lang.String@5000016e)
ARR 50000aaf (sz=120, trace=300215, nelems=0, elem type=char[])
OBJ 50000ab0 (sz=64, trace=300216, class=java.net.URL@5000011a)
OBJ 50000ab1 (sz=24, trace=300217, class=java.net.Parts@50000010)
OBJ 50000ab2 (sz=56, trace=300218, class=sun.misc.URLClassPath$JarLoader@50000468)
OBJ 50000ab3 (sz=24, trace=300219, class=java.lang.StringBuilder@50000122)
ARR 50000ab4 (sz=112, trace=300220, nelems=0, elem type=char[])
ARR 50000ab5 (sz=64, trace=300221, nelems=0, elem type=byte[])
OBJ 50000ab6 (sz=48, trace=300222, class=java.nio.HeapByteBuffer@50000075)
ARR 50000ab7 (sz=112, trace=300223, nelems=0, elem type=char[])
OBJ 50000ab8 (sz=48, trace=300224, class=java.nio.HeapCharBuffer@50000035)
OBJ 50000ab9 (sz=24, trace=300235, class=java.lang.String@5000016e)
ARR 50000aba (sz=24, trace=300236, nelems=0, elem type=char[])
OBJ 50000abb (sz=24, trace=300237, class=java.lang.String@5000016e)
ARR 50000abc (sz=24, trace=300238, nelems=0, elem type=char[])
OBJ 50000abd (sz=24, trace=300239, class=java.lang.String@5000016e)
ARR 50000abe (sz=104, trace=300240, nelems=0, elem type=char[])
OBJ 50000abf (sz=32, trace=300241, class=java.io.File@5000011c)
OBJ 50000ac0 (sz=24, trace=300242, class=java.lang.StringBuffer@50000123)
ARR 50000ac1 (sz=104, trace=300243, nelems=0, elem type=char[])
ARR 50000ac2 (sz=104, trace=300244, nelems=0, elem type=char[])
OBJ 50000ac3 (sz=24, trace=300245, class=java.lang.String@5000016e)
ARR 50000ac4 (sz=104, trace=300246, nelems=0, elem type=char[])
OBJ 50000ac5 (sz=24, trace=300247, class=java.lang.String@5000016e)
ARR 50000ac6 (sz=104, trace=300248, nelems=0, elem type=char[])
OBJ 50000ac7 (sz=16, trace=300289, class=sun.misc.URLClassPath$JarLoader$1@500006c4)
OBJ 50000ac8 (sz=24, trace=300291, class=sun.misc.FileURLMapper@500006c6)
ARR 50000ac9 (sz=112, trace=300292, nelems=0, elem type=char[])
OBJ 50000aca (sz=24, trace=300293, class=java.lang.String@5000016e)
OBJ 50000acb (sz=24, trace=300294, class=java.lang.StringBuilder@50000122)
ARR 50000acc (sz=112, trace=300295, nelems=0, elem type=char[])
ARR 50000acd (sz=64, trace=300296, nelems=0, elem type=byte[])
OBJ 50000ace (sz=48, trace=300222, class=java.nio.HeapByteBuffer@50000075)
ARR 50000acf (sz=112, trace=300297, nelems=0, elem type=char[])
OBJ 50000ad0 (sz=48, trace=300224, class=java.nio.HeapCharBuffer@50000035)
OBJ 50000ad1 (sz=24, trace=300235, class=java.lang.String@5000016e)
ARR 50000ad2 (sz=24, trace=300236, nelems=0, elem type=char[])
OBJ 50000ad3 (sz=24, trace=300237, class=java.lang.String@5000016e)
ARR 50000ad4 (sz=24, trace=300238, nelems=0, elem type=char[])
OBJ 50000ad5 (sz=24, trace=300298, class=java.lang.String@5000016e)
ARR 50000ad6 (sz=104, trace=300240, nelems=0, elem type=char[])
OBJ 50000ad7 (sz=32, trace=300299, class=java.io.File@5000011c)
OBJ 50000ad8 (sz=24, trace=300263, class=java.lang.StringBuffer@50000123)
ARR 50000ad9 (sz=104, trace=300264, nelems=0, elem type=char[])
ARR 50000ada (sz=104, trace=300265, nelems=0, elem type=char[])
OBJ 50000adb (sz=24, trace=300266, class=java.lang.String@5000016e)
OBJ 50000adc (sz=32, trace=300301, class=java.io.FileNotFoundException@500006dc)
OBJ 50000add (sz=40, trace=300303, class=java.security.PrivilegedActionException@500006de)
OBJ 50000ade (sz=40, trace=300303, class=java.security.PrivilegedActionException@500006de)
OBJ 50000ae0 (sz=16, trace=300426, class=java.net.URLClassLoader$3$1@50000adf)
OBJ 50000ae3 (sz=16, trace=300429, class=java.util.ResourceBundle$RBClassLoader$1@50000ae2)
OBJ 50000ae4 (sz=72, trace=300430, class=java.util.ResourceBundle$RBClassLoader@50000ae1)
	parent		50000c75
	package2certs	50000aee
	classes		50000ae5
	defaultDomain	50000ae8
	domains		50000af0
	packages	50000aeb
	nativeLibraries	50000aec
	assertionLock	50000ae4
OBJ 50000ae5 (sz=32, trace=300406, class=java.util.Vector@500000e4)
	elementData	50000ae6
ARR 50000ae6 (sz=56, trace=300431, nelems=0, elem type=java.lang.Object[]@50000109)
OBJ 50000ae7 (sz=32, trace=300432, class=java.security.CodeSource@50000115)
OBJ 50000ae8 (sz=40, trace=300433, class=java.security.ProtectionDomain@50000160)
	codesource	50000ae7
	classloader	50000ae4
	principals	50000aea
	key		50000ae9
OBJ 50000ae9 (sz=16, trace=300434, class=java.security.ProtectionDomain$Key@50000008)
ARR 50000aea (sz=16, trace=300435, nelems=0, elem type=java.security.Principal[]@50000006)
OBJ 50000aeb (sz=48, trace=300436, class=java.util.HashMap@500000c6)
OBJ 50000aec (sz=32, trace=300406, class=java.util.Vector@500000e4)
	elementData	50000aed
ARR 50000aed (sz=56, trace=300437, nelems=0, elem type=java.lang.Object[]@50000109)
OBJ 50000aee (sz=48, trace=300438, class=java.util.Hashtable@50000146)
	table		50000aef
ARR 50000aef (sz=64, trace=300439, nelems=0, elem type=java.util.Hashtable$Entry[]@500000bf)
OBJ 50000af0 (sz=16, trace=300440, class=java.util.HashSet@50000005)
	map		50000af1
OBJ 50000af1 (sz=48, trace=300441, class=java.util.HashMap@500000c6)
ARR 50000af3 (sz=24, trace=300443, nelems=2, elem type=java.lang.String[]@500000c8)
	[0]		500019a2
	[1]		500019aa
OBJ 50000af5 (sz=24, trace=300445, class=java.util.Arrays$ArrayList@50000af4)
	a		50000af3
OBJ 50000af6 (sz=24, trace=300446, class=java.util.Collections$UnmodifiableRandomAccessList@500000d4)
	c		50000af5
	list		50000af5
ARR 50000af7 (sz=24, trace=300447, nelems=1, elem type=java.lang.String[]@500000c8)
	[0]		500019a2
OBJ 50000af8 (sz=24, trace=300445, class=java.util.Arrays$ArrayList@50000af4)
	a		50000af7
OBJ 50000af9 (sz=24, trace=300446, class=java.util.Collections$UnmodifiableRandomAccessList@500000d4)
	c		50000af8
	list		50000af8
ARR 50000afa (sz=24, trace=300448, nelems=1, elem type=java.lang.String[]@500000c8)
	[0]		500019aa
OBJ 50000afb (sz=24, trace=300445, class=java.util.Arrays$ArrayList@50000af4)
	a		50000afa
OBJ 50000afc (sz=24, trace=300446, class=java.util.Collections$UnmodifiableRandomAccessList@500000d4)
	c		50000afb
	list		50000afb
OBJ 50000afd (sz=16, trace=300449, class=java.util.ResourceBundle$Control@50000af2)
OBJ 50000aff (sz=24, trace=300451, class=java.util.ResourceBundle$Control$CandidateListCache@50000afe)
	map		50000b02
	queue		50000b00
OBJ 50000b00 (sz=32, trace=300452, class=java.lang.ref.ReferenceQueue@500000d3)
	lock		50000b01
OBJ 50000b01 (sz=16, trace=300453, class=java.lang.ref.ReferenceQueue$Lock@500000d1)
OBJ 50000b02 (sz=64, trace=300454, class=java.util.concurrent.ConcurrentHashMap@5000002b)
	table		50000b1e
OBJ 50000b04 (sz=56, trace=300456, class=java.util.ResourceBundle$CacheKey@50000b03)
OBJ 50000b07 (sz=32, trace=300458, class=java.util.ResourceBundle$LoaderReference@50000b06)
OBJ 50000b0c (sz=32, trace=300460, class=java.util.LinkedList@50000b0b)
	first		50000b14
	last		50000b1c
OBJ 50000b0d (sz=40, trace=300461, class=sun.util.locale.BaseLocale$Key@5000001a)
OBJ 50000b0e (sz=40, trace=300462, class=java.lang.ref.SoftReference@50000152)
OBJ 50000b0f (sz=40, trace=300463, class=java.lang.ref.SoftReference@50000152)
OBJ 50000b10 (sz=40, trace=300464, class=java.lang.ref.SoftReference@50000152)
OBJ 50000b11 (sz=40, trace=300465, class=java.lang.ref.SoftReference@50000152)
OBJ 50000b12 (sz=24, trace=300466, class=java.util.Locale$LocaleKey@50000018)
OBJ 50000b14 (sz=24, trace=300468, class=java.util.LinkedList$Node@50000b13)
	item		5000111b
	next		50000b1b
OBJ 50000b15 (sz=40, trace=300461, class=sun.util.locale.BaseLocale$Key@5000001a)
OBJ 50000b16 (sz=40, trace=300462, class=java.lang.ref.SoftReference@50000152)
OBJ 50000b17 (sz=40, trace=300463, class=java.lang.ref.SoftReference@50000152)
OBJ 50000b18 (sz=40, trace=300464, class=java.lang.ref.SoftReference@50000152)
OBJ 50000b19 (sz=40, trace=300465, class=java.lang.ref.SoftReference@50000152)
OBJ 50000b1a (sz=24, trace=300466, class=java.util.Locale$LocaleKey@50000018)
OBJ 50000b1b (sz=24, trace=300469, class=java.util.LinkedList$Node@50000b13)
	item		5000112d
	next		50000b1c
	prev		50000b14
OBJ 50000b1c (sz=24, trace=300470, class=java.util.LinkedList$Node@50000b13)
	item		5000111c
	prev		50000b1b
OBJ 50000b1d (sz=48, trace=300471, class=sun.util.locale.LocaleObjectCache$CacheEntry@50000019)
	referent	50000b0c
	queue		50000b00
	key		500011bf
ARR 50000b1e (sz=144, trace=300472, nelems=31, elem type=java.util.concurrent.ConcurrentHashMap$Node[]@50000023)
	[30]		50000b1f
OBJ 50000b1f (sz=32, trace=300473, class=java.util.concurrent.ConcurrentHashMap$Node@50000024)
	key		500011bf
	val		50000b1d
OBJ 50000b20 (sz=24, trace=300474, class=java.util.ArrayList@500000de)
ARR 50000b21 (sz=32, trace=300475, nelems=0, elem type=java.lang.Object[]@50000109)
OBJ 50000b22 (sz=32, trace=300476, class=java.util.ResourceBundle$LoaderReference@50000b06)
OBJ 50000b23 (sz=16, trace=300187, class=java.lang.Object@50000172)
OBJ 50000b24 (sz=32, trace=300189, class=java.util.concurrent.ConcurrentHashMap$Node@50000024)
	key		50000eed
	val		50000b23
OBJ 50000b25 (sz=16, trace=300190, class=java.lang.Object@50000172)
OBJ 50000b26 (sz=32, trace=300189, class=java.util.concurrent.ConcurrentHashMap$Node@50000024)
	key		50000eed
	val		50000b25
ARR 50000b29 (sz=16, trace=300478, nelems=0, elem type=java.lang.Class[]@50000104)
OBJ 50000b2a (sz=56, trace=300160, class=java.lang.Class$ReflectionData@500000a5)
OBJ 50000b2b (sz=40, trace=300040, class=java.lang.ref.SoftReference@50000152)
OBJ 50000b2c (sz=80, trace=300161, class=java.lang.reflect.Constructor@5000013e)
OBJ 50000b2d (sz=24, trace=300479, class=java.lang.Class$1@5000007e)
OBJ 50000b2e (sz=24, trace=300163, class=sun.reflect.NativeConstructorAccessorImpl@5000007c)
OBJ 50000b2f (sz=16, trace=300164, class=sun.reflect.DelegatingConstructorAccessorImpl@5000007b)
OBJ 50000b30 (sz=40, trace=300480, class=sun.launcher.resources.launcher@50000b28)
	locale		5000111c
	name		50000eed
	cacheKey	500019a1
	lookup		50000bff
OBJ 50000b31 (sz=32, trace=300476, class=java.util.ResourceBundle$LoaderReference@50000b06)
	referent	50000ae4
	queue		500006e8
	cacheKey	500019a1
OBJ 50000b33 (sz=48, trace=300482, class=java.util.ResourceBundle$BundleReference@50000b32)
	referent	50000b30
	queue		500006e8
	cacheKey	500019a1
ARR 50000b34 (sz=272, trace=300483, nelems=40, elem type=java.util.concurrent.ConcurrentHashMap$Node[]@50000023)
	[17]		50000b90
	[25]		50000be9
	[39]		50000b35
OBJ 50000b35 (sz=32, trace=300484, class=java.util.concurrent.ConcurrentHashMap$Node@50000024)
	key		500019a1
	val		50000b33
OBJ 50000b36 (sz=32, trace=300476, class=java.util.ResourceBundle$LoaderReference@50000b06)
OBJ 50000b37 (sz=24, trace=300485, class=java.lang.StringBuilder@50000122)
ARR 50000b38 (sz=112, trace=300486, nelems=0, elem type=char[])
OBJ 50000b39 (sz=24, trace=300487, class=java.lang.String@5000016e)
	value		50000b3a
ARR 50000b3a (sz=68, trace=300488, nelems=34, elem type=char[])
OBJ 50000b3b (sz=16, trace=300187, class=java.lang.Object@50000172)
OBJ 50000b3c (sz=32, trace=300189, class=java.util.concurrent.ConcurrentHashMap$Node@50000024)
	key		50000b39
	val		50000b3b
OBJ 50000b3d (sz=16, trace=300190, class=java.lang.Object@50000172)
OBJ 50000b3e (sz=32, trace=300189, class=java.util.concurrent.ConcurrentHashMap$Node@50000024)
	key		50000b39
	val		50000b3d
OBJ 50000b3f (sz=24, trace=300192, class=java.net.URLClassLoader$1@50000459)
ARR 50000b40 (sz=88, trace=300193, nelems=0, elem type=char[])
OBJ 50000b41 (sz=24, trace=300194, class=java.lang.String@5000016e)
ARR 50000b42 (sz=96, trace=300195, nelems=0, elem type=char[])
OBJ 50000b43 (sz=24, trace=300196, class=java.lang.String@5000016e)
OBJ 50000b44 (sz=40, trace=300251, class=java.lang.ClassNotFoundException@5000015c)
OBJ 50000b45 (sz=24, trace=300252, class=java.net.URLClassLoader$1@50000459)
ARR 50000b46 (sz=88, trace=300193, nelems=0, elem type=char[])
OBJ 50000b47 (sz=24, trace=300194, class=java.lang.String@5000016e)
ARR 50000b48 (sz=96, trace=300195, nelems=0, elem type=char[])
OBJ 50000b49 (sz=24, trace=300196, class=java.lang.String@5000016e)
OBJ 50000b4a (sz=64, trace=300270, class=java.net.URL@5000011a)
OBJ 50000b4b (sz=24, trace=300271, class=java.lang.StringBuilder@50000122)
ARR 50000b4c (sz=48, trace=300272, nelems=0, elem type=char[])
ARR 50000b4d (sz=152, trace=300010, nelems=0, elem type=char[])
ARR 50000b4e (sz=288, trace=300010, nelems=0, elem type=char[])
OBJ 50000b4f (sz=24, trace=300273, class=java.lang.String@5000016e)
ARR 50000b50 (sz=152, trace=300274, nelems=0, elem type=char[])
OBJ 50000b51 (sz=24, trace=300275, class=java.lang.String@5000016e)
ARR 50000b52 (sz=152, trace=300276, nelems=0, elem type=char[])
ARR 50000b53 (sz=208, trace=300277, nelems=0, elem type=char[])
ARR 50000b54 (sz=96, trace=300278, nelems=0, elem type=char[])
OBJ 50000b55 (sz=24, trace=300279, class=java.lang.String@5000016e)
ARR 50000b56 (sz=96, trace=300280, nelems=0, elem type=char[])
OBJ 50000b57 (sz=64, trace=300281, class=java.net.URL@5000011a)
OBJ 50000b58 (sz=24, trace=300271, class=java.lang.StringBuilder@50000122)
ARR 50000b59 (sz=48, trace=300272, nelems=0, elem type=char[])
ARR 50000b5a (sz=152, trace=300010, nelems=0, elem type=char[])
ARR 50000b5b (sz=288, trace=300010, nelems=0, elem type=char[])
OBJ 50000b5c (sz=24, trace=300273, class=java.lang.String@5000016e)
ARR 50000b5d (sz=232, trace=300274, nelems=0, elem type=char[])
ARR 50000b5e (sz=96, trace=300282, nelems=0, elem type=char[])
OBJ 50000b5f (sz=24, trace=300283, class=java.lang.String@5000016e)
OBJ 50000b60 (sz=32, trace=300284, class=java.io.File@5000011c)
ARR 50000b61 (sz=224, trace=300285, nelems=0, elem type=char[])
OBJ 50000b62 (sz=24, trace=300286, class=java.lang.String@5000016e)
ARR 50000b63 (sz=224, trace=300287, nelems=0, elem type=char[])
OBJ 50000b64 (sz=40, trace=300251, class=java.lang.ClassNotFoundException@5000015c)
OBJ 50000b65 (sz=24, trace=300485, class=java.lang.StringBuilder@50000122)
ARR 50000b66 (sz=112, trace=300486, nelems=0, elem type=char[])
OBJ 50000b67 (sz=24, trace=300487, class=java.lang.String@5000016e)
ARR 50000b68 (sz=88, trace=300488, nelems=0, elem type=char[])
OBJ 50000b69 (sz=24, trace=300489, class=java.lang.StringBuilder@50000122)
ARR 50000b6a (sz=112, trace=300490, nelems=0, elem type=char[])
ARR 50000b6b (sz=88, trace=300491, nelems=0, elem type=char[])
OBJ 50000b6c (sz=24, trace=300492, class=java.lang.String@5000016e)
OBJ 50000b6d (sz=24, trace=300493, class=java.lang.String@5000016e)
ARR 50000b6e (sz=112, trace=300494, nelems=0, elem type=char[])
OBJ 50000b70 (sz=32, trace=300496, class=java.util.ResourceBundle$Control$1@50000b6f)
OBJ 50000b72 (sz=24, trace=300498, class=java.net.URLClassLoader$2@50000b71)
OBJ 50000b73 (sz=24, trace=300499, class=java.net.URLClassLoader$2@50000b71)
OBJ 50000b74 (sz=64, trace=300500, class=java.net.URL@5000011a)
OBJ 50000b75 (sz=24, trace=300271, class=java.lang.StringBuilder@50000122)
ARR 50000b76 (sz=48, trace=300272, nelems=0, elem type=char[])
ARR 50000b77 (sz=152, trace=300010, nelems=0, elem type=char[])
ARR 50000b78 (sz=288, trace=300010, nelems=0, elem type=char[])
OBJ 50000b79 (sz=24, trace=300273, class=java.lang.String@5000016e)
ARR 50000b7a (sz=152, trace=300274, nelems=0, elem type=char[])
OBJ 50000b7b (sz=24, trace=300275, class=java.lang.String@5000016e)
ARR 50000b7c (sz=152, trace=300276, nelems=0, elem type=char[])
ARR 50000b7d (sz=232, trace=300501, nelems=0, elem type=char[])
ARR 50000b7e (sz=112, trace=300502, nelems=0, elem type=char[])
OBJ 50000b7f (sz=24, trace=300503, class=java.lang.String@5000016e)
ARR 50000b80 (sz=112, trace=300280, nelems=0, elem type=char[])
OBJ 50000b81 (sz=64, trace=300504, class=java.net.URL@5000011a)
OBJ 50000b82 (sz=24, trace=300271, class=java.lang.StringBuilder@50000122)
ARR 50000b83 (sz=48, trace=300272, nelems=0, elem type=char[])
ARR 50000b84 (sz=152, trace=300010, nelems=0, elem type=char[])
ARR 50000b85 (sz=288, trace=300010, nelems=0, elem type=char[])
OBJ 50000b86 (sz=24, trace=300273, class=java.lang.String@5000016e)
ARR 50000b87 (sz=240, trace=300274, nelems=0, elem type=char[])
ARR 50000b88 (sz=112, trace=300505, nelems=0, elem type=char[])
OBJ 50000b89 (sz=24, trace=300506, class=java.lang.String@5000016e)
OBJ 50000b8a (sz=32, trace=300507, class=java.io.File@5000011c)
ARR 50000b8b (sz=232, trace=300508, nelems=0, elem type=char[])
OBJ 50000b8c (sz=24, trace=300286, class=java.lang.String@5000016e)
ARR 50000b8d (sz=232, trace=300287, nelems=0, elem type=char[])
OBJ 50000b8e (sz=32, trace=300476, class=java.util.ResourceBundle$LoaderReference@50000b06)
	referent	50000ae4
	queue		500006e8
	cacheKey	500019a5
OBJ 50000b8f (sz=48, trace=300482, class=java.util.ResourceBundle$BundleReference@50000b32)
	referent	500006e6
	queue		500006e8
	cacheKey	500019a5
OBJ 50000b90 (sz=32, trace=300484, class=java.util.concurrent.ConcurrentHashMap$Node@50000024)
	key		500019a5
	val		50000b8f
OBJ 50000b91 (sz=32, trace=300476, class=java.util.ResourceBundle$LoaderReference@50000b06)
OBJ 50000b92 (sz=24, trace=300485, class=java.lang.StringBuilder@50000122)
ARR 50000b93 (sz=112, trace=300486, nelems=0, elem type=char[])
OBJ 50000b94 (sz=24, trace=300487, class=java.lang.String@5000016e)
	value		50000b95
ARR 50000b95 (sz=74, trace=300488, nelems=37, elem type=char[])
OBJ 50000b96 (sz=16, trace=300187, class=java.lang.Object@50000172)
OBJ 50000b97 (sz=32, trace=300189, class=java.util.concurrent.ConcurrentHashMap$Node@50000024)
	key		50000b94
	val		50000b96
OBJ 50000b98 (sz=16, trace=300190, class=java.lang.Object@50000172)
OBJ 50000b99 (sz=32, trace=300189, class=java.util.concurrent.ConcurrentHashMap$Node@50000024)
	key		50000b94
	val		50000b98
OBJ 50000b9a (sz=24, trace=300192, class=java.net.URLClassLoader$1@50000459)
ARR 50000b9b (sz=96, trace=300193, nelems=0, elem type=char[])
OBJ 50000b9c (sz=24, trace=300194, class=java.lang.String@5000016e)
ARR 50000b9d (sz=104, trace=300195, nelems=0, elem type=char[])
OBJ 50000b9e (sz=24, trace=300196, class=java.lang.String@5000016e)
OBJ 50000b9f (sz=40, trace=300251, class=java.lang.ClassNotFoundException@5000015c)
OBJ 50000ba0 (sz=24, trace=300252, class=java.net.URLClassLoader$1@50000459)
ARR 50000ba1 (sz=96, trace=300193, nelems=0, elem type=char[])
OBJ 50000ba2 (sz=24, trace=300194, class=java.lang.String@5000016e)
ARR 50000ba3 (sz=104, trace=300195, nelems=0, elem type=char[])
OBJ 50000ba4 (sz=24, trace=300196, class=java.lang.String@5000016e)
OBJ 50000ba5 (sz=64, trace=300270, class=java.net.URL@5000011a)
OBJ 50000ba6 (sz=24, trace=300271, class=java.lang.StringBuilder@50000122)
ARR 50000ba7 (sz=48, trace=300272, nelems=0, elem type=char[])
ARR 50000ba8 (sz=152, trace=300010, nelems=0, elem type=char[])
ARR 50000ba9 (sz=288, trace=300010, nelems=0, elem type=char[])
OBJ 50000baa (sz=24, trace=300273, class=java.lang.String@5000016e)
ARR 50000bab (sz=152, trace=300274, nelems=0, elem type=char[])
OBJ 50000bac (sz=24, trace=300275, class=java.lang.String@5000016e)
ARR 50000bad (sz=152, trace=300276, nelems=0, elem type=char[])
ARR 50000bae (sz=224, trace=300277, nelems=0, elem type=char[])
ARR 50000baf (sz=104, trace=300278, nelems=0, elem type=char[])
OBJ 50000bb0 (sz=24, trace=300279, class=java.lang.String@5000016e)
ARR 50000bb1 (sz=104, trace=300280, nelems=0, elem type=char[])
OBJ 50000bb2 (sz=64, trace=300281, class=java.net.URL@5000011a)
OBJ 50000bb3 (sz=24, trace=300271, class=java.lang.StringBuilder@50000122)
ARR 50000bb4 (sz=48, trace=300272, nelems=0, elem type=char[])
ARR 50000bb5 (sz=152, trace=300010, nelems=0, elem type=char[])
ARR 50000bb6 (sz=288, trace=300010, nelems=0, elem type=char[])
OBJ 50000bb7 (sz=24, trace=300273, class=java.lang.String@5000016e)
ARR 50000bb8 (sz=240, trace=300274, nelems=0, elem type=char[])
ARR 50000bb9 (sz=104, trace=300282, nelems=0, elem type=char[])
OBJ 50000bba (sz=24, trace=300283, class=java.lang.String@5000016e)
OBJ 50000bbb (sz=32, trace=300284, class=java.io.File@5000011c)
ARR 50000bbc (sz=232, trace=300285, nelems=0, elem type=char[])
OBJ 50000bbd (sz=24, trace=300286, class=java.lang.String@5000016e)
ARR 50000bbe (sz=232, trace=300287, nelems=0, elem type=char[])
OBJ 50000bbf (sz=40, trace=300251, class=java.lang.ClassNotFoundException@5000015c)
OBJ 50000bc0 (sz=24, trace=300485, class=java.lang.StringBuilder@50000122)
ARR 50000bc1 (sz=112, trace=300486, nelems=0, elem type=char[])
OBJ 50000bc2 (sz=24, trace=300487, class=java.lang.String@5000016e)
ARR 50000bc3 (sz=96, trace=300488, nelems=0, elem type=char[])
OBJ 50000bc4 (sz=24, trace=300489, class=java.lang.StringBuilder@50000122)
ARR 50000bc5 (sz=112, trace=300490, nelems=0, elem type=char[])
ARR 50000bc6 (sz=96, trace=300491, nelems=0, elem type=char[])
OBJ 50000bc7 (sz=24, trace=300492, class=java.lang.String@5000016e)
OBJ 50000bc8 (sz=24, trace=300493, class=java.lang.String@5000016e)
ARR 50000bc9 (sz=112, trace=300494, nelems=0, elem type=char[])
OBJ 50000bca (sz=32, trace=300496, class=java.util.ResourceBundle$Control$1@50000b6f)
OBJ 50000bcb (sz=24, trace=300498, class=java.net.URLClassLoader$2@50000b71)
OBJ 50000bcc (sz=24, trace=300499, class=java.net.URLClassLoader$2@50000b71)
OBJ 50000bcd (sz=64, trace=300500, class=java.net.URL@5000011a)
OBJ 50000bce (sz=24, trace=300271, class=java.lang.StringBuilder@50000122)
ARR 50000bcf (sz=48, trace=300272, nelems=0, elem type=char[])
ARR 50000bd0 (sz=152, trace=300010, nelems=0, elem type=char[])
ARR 50000bd1 (sz=288, trace=300010, nelems=0, elem type=char[])
OBJ 50000bd2 (sz=24, trace=300273, class=java.lang.String@5000016e)
ARR 50000bd3 (sz=152, trace=300274, nelems=0, elem type=char[])
OBJ 50000bd4 (sz=24, trace=300275, class=java.lang.String@5000016e)
ARR 50000bd5 (sz=152, trace=300276, nelems=0, elem type=char[])
ARR 50000bd6 (sz=240, trace=300501, nelems=0, elem type=char[])
ARR 50000bd7 (sz=112, trace=300502, nelems=0, elem type=char[])
OBJ 50000bd8 (sz=24, trace=300503, class=java.lang.String@5000016e)
ARR 50000bd9 (sz=112, trace=300280, nelems=0, elem type=char[])
OBJ 50000bda (sz=64, trace=300504, class=java.net.URL@5000011a)
OBJ 50000bdb (sz=24, trace=300271, class=java.lang.StringBuilder@50000122)
ARR 50000bdc (sz=48, trace=300272, nelems=0, elem type=char[])
ARR 50000bdd (sz=152, trace=300010, nelems=0, elem type=char[])
ARR 50000bde (sz=288, trace=300010, nelems=0, elem type=char[])
OBJ 50000bdf (sz=24, trace=300273, class=java.lang.String@5000016e)
ARR 50000be0 (sz=248, trace=300274, nelems=0, elem type=char[])
ARR 50000be1 (sz=112, trace=300505, nelems=0, elem type=char[])
OBJ 50000be2 (sz=24, trace=300506, class=java.lang.String@5000016e)
OBJ 50000be3 (sz=32, trace=300507, class=java.io.File@5000011c)
ARR 50000be4 (sz=240, trace=300508, nelems=0, elem type=char[])
OBJ 50000be5 (sz=24, trace=300286, class=java.lang.String@5000016e)
ARR 50000be6 (sz=240, trace=300287, nelems=0, elem type=char[])
OBJ 50000be7 (sz=32, trace=300476, class=java.util.ResourceBundle$LoaderReference@50000b06)
	referent	50000ae4
	queue		500006e8
	cacheKey	500019a4
OBJ 50000be8 (sz=48, trace=300482, class=java.util.ResourceBundle$BundleReference@50000b32)
	referent	500006e6
	queue		500006e8
	cacheKey	500019a4
OBJ 50000be9 (sz=32, trace=300484, class=java.util.concurrent.ConcurrentHashMap$Node@50000024)
	key		500019a4
	val		50000be8
ARR 50000beb (sz=96, trace=300509, nelems=0, elem type=java.lang.Object[][]@50000bea)
ARR 50000bec (sz=24, trace=300510, nelems=0, elem type=java.lang.Object[]@50000109)
ARR 50000bed (sz=24, trace=300511, nelems=0, elem type=java.lang.Object[]@50000109)
ARR 50000bee (sz=24, trace=300512, nelems=0, elem type=java.lang.Object[]@50000109)
ARR 50000bef (sz=24, trace=300513, nelems=0, elem type=java.lang.Object[]@50000109)
ARR 50000bf0 (sz=24, trace=300514, nelems=0, elem type=java.lang.Object[]@50000109)
ARR 50000bf1 (sz=24, trace=300515, nelems=0, elem type=java.lang.Object[]@50000109)
ARR 50000bf2 (sz=24, trace=300516, nelems=0, elem type=java.lang.Object[]@50000109)
ARR 50000bf3 (sz=24, trace=300517, nelems=0, elem type=java.lang.Object[]@50000109)
ARR 50000bf4 (sz=24, trace=300518, nelems=0, elem type=java.lang.Object[]@50000109)
ARR 50000bf5 (sz=24, trace=300519, nelems=0, elem type=java.lang.Object[]@50000109)
ARR 50000bf6 (sz=24, trace=300520, nelems=0, elem type=java.lang.Object[]@50000109)
ARR 50000bf7 (sz=24, trace=300521, nelems=0, elem type=java.lang.Object[]@50000109)
ARR 50000bf8 (sz=24, trace=300522, nelems=0, elem type=java.lang.Object[]@50000109)
ARR 50000bf9 (sz=24, trace=300523, nelems=0, elem type=java.lang.Object[]@50000109)
ARR 50000bfa (sz=24, trace=300524, nelems=0, elem type=java.lang.Object[]@50000109)
ARR 50000bfb (sz=24, trace=300525, nelems=0, elem type=java.lang.Object[]@50000109)
ARR 50000bfc (sz=24, trace=300526, nelems=0, elem type=java.lang.Object[]@50000109)
ARR 50000bfd (sz=24, trace=300527, nelems=0, elem type=java.lang.Object[]@50000109)
ARR 50000bfe (sz=24, trace=300528, nelems=0, elem type=java.lang.Object[]@50000109)
OBJ 50000bff (sz=48, trace=300529, class=java.util.HashMap@500000c6)
	table		50000c00
ARR 50000c00 (sz=144, trace=300530, nelems=32, elem type=java.util.HashMap$Node[]@500000c2)
	[0]		50000c03
	[1]		50000c0b
	[5]		50000c10
	[11]		50000c02
	[12]		50000c08
	[13]		50000c01
	[15]		50000c09
	[23]		50000c0e
	[25]		50000c11
	[26]		50000c0f
	[28]		50000c07
	[29]		50000c06
	[30]		50000c05
	[31]		50000c04
OBJ 50000c01 (sz=32, trace=300080, class=java.util.HashMap$Node@500000c4)
	key		500019db
	value		500019da
OBJ 50000c02 (sz=32, trace=300080, class=java.util.HashMap$Node@500000c4)
	key		500019e3
	value		500019e2
	next		50000c0a
OBJ 50000c03 (sz=32, trace=300080, class=java.util.HashMap$Node@500000c4)
	key		50000c74
	value		500019f6
	next		50000c0c
OBJ 50000c04 (sz=32, trace=300080, class=java.util.HashMap$Node@500000c4)
	key		500019b3
	value		500019b2
	next		50000c0d
OBJ 50000c05 (sz=32, trace=300080, class=java.util.HashMap$Node@500000c4)
	key		500019bb
	value		500019ba
OBJ 50000c06 (sz=32, trace=300080, class=java.util.HashMap$Node@500000c4)
	key		500019bf
	value		500019be
OBJ 50000c07 (sz=32, trace=300080, class=java.util.HashMap$Node@500000c4)
	key		500019c3
	value		500019c2
OBJ 50000c08 (sz=32, trace=300080, class=java.util.HashMap$Node@500000c4)
	key		500019df
	value		500019de
OBJ 50000c09 (sz=32, trace=300080, class=java.util.HashMap$Node@500000c4)
	key		500019d7
	value		500019d6
OBJ 50000c0a (sz=32, trace=300081, class=java.util.HashMap$Node@500000c4)
	key		500019e7
	value		500019e6
	next		50000c12
OBJ 50000c0b (sz=32, trace=300080, class=java.util.HashMap$Node@500000c4)
	key		500019f3
	value		500019f2
OBJ 50000c0c (sz=32, trace=300081, class=java.util.HashMap$Node@500000c4)
	key		500019fa
	value		500019f9
OBJ 50000c0d (sz=32, trace=300081, class=java.util.HashMap$Node@500000c4)
	key		500019b7
	value		500019b6
OBJ 50000c0e (sz=32, trace=300080, class=java.util.HashMap$Node@500000c4)
	key		500019cf
	value		500019ce
	next		50000c13
OBJ 50000c0f (sz=32, trace=300080, class=java.util.HashMap$Node@500000c4)
	key		500019c7
	value		500019c6
OBJ 50000c10 (sz=32, trace=300080, class=java.util.HashMap$Node@500000c4)
	key		500019ef
	value		500019ee
OBJ 50000c11 (sz=32, trace=300080, class=java.util.HashMap$Node@500000c4)
	key		500019cb
	value		500019ca
OBJ 50000c12 (sz=32, trace=300081, class=java.util.HashMap$Node@500000c4)
	key		500019eb
	value		500019ea
OBJ 50000c13 (sz=32, trace=300081, class=java.util.HashMap$Node@500000c4)
	key		500019d3
	value		500019d2
ARR 50000c16 (sz=40, trace=300532, nelems=5, elem type=java.lang.String[]@500000c8)
	[0]		50000d5d
	[1]		50001a03
	[2]		500019ff
	[3]		50001a05
	[4]		500019fd
ARR 50000c17 (sz=32, trace=300533, nelems=4, elem type=java.lang.String[]@500000c8)
	[0]		50000d5d
	[1]		500019fe
	[2]		50001a04
	[3]		50001a01
ARR 50000c18 (sz=40, trace=300534, nelems=5, elem type=java.lang.String[]@500000c8)
	[0]		50000d5d
	[1]		50001011
	[2]		50001a02
	[3]		50000eff
	[4]		50001a00
ARR 50000c19 (sz=20, trace=300535, nelems=5, elem type=int[])
OBJ 50000c1a (sz=40, trace=300536, class=java.text.MessageFormat@50000c15)
ARR 50000c1c (sz=56, trace=300537, nelems=0, elem type=java.text.Format[]@50000c1b)
ARR 50000c1d (sz=56, trace=300538, nelems=0, elem type=int[])
ARR 50000c1e (sz=56, trace=300539, nelems=0, elem type=int[])
OBJ 50000c20 (sz=40, trace=300541, class=java.util.Locale$Category@50000c1f)
	name		5000124a
	languageKey	5000124e
	scriptKey	50001250
	countryKey	5000124c
	variantKey	50001252
OBJ 50000c21 (sz=40, trace=300542, class=java.util.Locale$Category@50000c1f)
	name		5000124b
	languageKey	5000124f
	scriptKey	50001251
	countryKey	5000124d
	variantKey	50001253
ARR 50000c23 (sz=24, trace=300543, nelems=2, elem type=java.util.Locale$Category[]@50000c22)
	[0]		50000c20
	[1]		50000c21
ARR 50000c25 (sz=8, trace=300545, nelems=2, elem type=int[])
OBJ 50000c26 (sz=24, trace=300546, class=sun.security.action.GetPropertyAction@50000084)
OBJ 50000c27 (sz=24, trace=300547, class=sun.security.action.GetPropertyAction@50000084)
OBJ 50000c28 (sz=24, trace=300548, class=sun.security.action.GetPropertyAction@50000084)
OBJ 50000c29 (sz=24, trace=300549, class=sun.security.action.GetPropertyAction@50000084)
OBJ 50000c2a (sz=40, trace=300461, class=sun.util.locale.BaseLocale$Key@5000001a)
OBJ 50000c2b (sz=40, trace=300462, class=java.lang.ref.SoftReference@50000152)
OBJ 50000c2c (sz=40, trace=300463, class=java.lang.ref.SoftReference@50000152)
OBJ 50000c2d (sz=40, trace=300464, class=java.lang.ref.SoftReference@50000152)
OBJ 50000c2e (sz=40, trace=300465, class=java.lang.ref.SoftReference@50000152)
OBJ 50000c2f (sz=32, trace=300550, class=sun.util.locale.BaseLocale@5000001c)
	language	50001142
	script		50000d5d
	region		50000ddb
	variant		50000d5d
OBJ 50000c30 (sz=40, trace=300551, class=sun.util.locale.BaseLocale$Key@5000001a)
	lang		50000c31
	scrt		50000c32
	regn		50000c33
	vart		50000c34
OBJ 50000c31 (sz=40, trace=300462, class=java.lang.ref.SoftReference@50000152)
	referent	50001142
	queue		5000115f
OBJ 50000c32 (sz=40, trace=300463, class=java.lang.ref.SoftReference@50000152)
	referent	50000d5d
	queue		5000115f
OBJ 50000c33 (sz=40, trace=300464, class=java.lang.ref.SoftReference@50000152)
	referent	50000ddb
	queue		5000115f
OBJ 50000c34 (sz=40, trace=300465, class=java.lang.ref.SoftReference@50000152)
	referent	50000d5d
	queue		5000115f
OBJ 50000c35 (sz=48, trace=300471, class=sun.util.locale.LocaleObjectCache$CacheEntry@50000019)
	referent	50000c2f
	queue		5000114a
	key		50000c30
OBJ 50000c36 (sz=32, trace=300473, class=java.util.concurrent.ConcurrentHashMap$Node@50000024)
	key		50000c30
	val		50000c35
OBJ 50000c37 (sz=24, trace=300466, class=java.util.Locale$LocaleKey@50000018)
	base		50000c2f
OBJ 50000c38 (sz=32, trace=300552, class=java.util.Locale@5000002f)
	baseLocale	50000c2f
OBJ 50000c39 (sz=48, trace=300471, class=sun.util.locale.LocaleObjectCache$CacheEntry@50000019)
	referent	50000c38
	queue		5000112f
	key		50000c37
OBJ 50000c3a (sz=32, trace=300473, class=java.util.concurrent.ConcurrentHashMap$Node@50000024)
	key		50000c37
	val		50000c39
ARR 50000c3c (sz=32, trace=300553, nelems=0, elem type=java.lang.StringBuilder[]@50000c3b)
OBJ 50000c3d (sz=24, trace=300554, class=java.lang.StringBuilder@50000122)
ARR 50000c3e (sz=48, trace=300555, nelems=0, elem type=char[])
ARR 50000c3f (sz=88, trace=300395, nelems=0, elem type=char[])
ARR 50000c40 (sz=160, trace=300395, nelems=0, elem type=char[])
OBJ 50000c41 (sz=24, trace=300556, class=java.lang.StringBuilder@50000122)
ARR 50000c42 (sz=48, trace=300557, nelems=0, elem type=char[])
ARR 50000c43 (sz=32, trace=300558, nelems=0, elem type=java.lang.String[]@500000c8)
OBJ 50000c44 (sz=24, trace=300559, class=java.lang.String@5000016e)
ARR 50000c45 (sz=104, trace=300560, nelems=0, elem type=char[])
OBJ 50000c46 (sz=24, trace=300559, class=java.lang.String@5000016e)
ARR 50000c47 (sz=24, trace=300560, nelems=0, elem type=char[])
OBJ 50000c48 (sz=24, trace=300561, class=java.lang.String@5000016e)
ARR 50000c49 (sz=104, trace=300562, nelems=0, elem type=char[])
OBJ 50000c4a (sz=24, trace=300563, class=java.lang.StringBuffer@50000123)
ARR 50000c4b (sz=48, trace=300564, nelems=0, elem type=char[])
OBJ 50000c4d (sz=32, trace=300566, class=java.text.FieldPosition@50000c4c)
ARR 50000c4e (sz=104, trace=300567, nelems=0, elem type=char[])
ARR 50000c50 (sz=184, trace=300567, nelems=0, elem type=char[])
OBJ 50000c54 (sz=48, trace=300570, class=java.util.HashMap@500000c6)
	table		50000c56
OBJ 50000c55 (sz=16, trace=300571, class=java.text.AttributedCharacterIterator$Attribute@50000c51)
	name		5000110c
ARR 50000c56 (sz=48, trace=300572, nelems=3, elem type=java.util.HashMap$Node[]@500000c2)
	[1]		50000c59
	[2]		50000c57
OBJ 50000c57 (sz=32, trace=300080, class=java.util.HashMap$Node@500000c4)
	key		5000110c
	value		50000c55
	next		50000c5b
OBJ 50000c58 (sz=16, trace=300573, class=java.text.AttributedCharacterIterator$Attribute@50000c51)
	name		50001a12
OBJ 50000c59 (sz=32, trace=300080, class=java.util.HashMap$Node@500000c4)
	key		50001a12
	value		50000c58
OBJ 50000c5a (sz=16, trace=300574, class=java.text.AttributedCharacterIterator$Attribute@50000c51)
	name		50001a11
OBJ 50000c5b (sz=32, trace=300081, class=java.util.HashMap$Node@500000c4)
	key		50001a11
	value		50000c5a
OBJ 50000c5c (sz=16, trace=300575, class=java.text.MessageFormat$Field@50000c53)
	name		50001a0f
OBJ 50000c5d (sz=24, trace=300576, class=java.lang.String@5000016e)
ARR 50000c5e (sz=184, trace=300577, nelems=0, elem type=char[])
OBJ 50000c5f (sz=24, trace=300578, class=java.lang.String@5000016e)
OBJ 50000c60 (sz=48, trace=300358, class=java.nio.HeapCharBuffer@50000035)
OBJ 50000c61 (sz=48, trace=300358, class=java.nio.HeapCharBuffer@50000035)
ARR 50000c63 (sz=56, trace=300580, nelems=0, elem type=java.lang.Runnable[]@500000d0)
OBJ 50000c65 (sz=16, trace=300582, class=java.lang.Shutdown$Lock@50000c64)
OBJ 50000c66 (sz=16, trace=300583, class=java.lang.Shutdown$Lock@50000c64)
OBJ 50000c6a (sz=376, trace=300000, class=java.lang.Thread@5000014b)
	name		500018f9
	group		50000d53
	contextClassLoader	50000c75
	inheritedAccessControlContext	500018f8
	blockerLock	500018f7
OBJ 50000c6b (sz=376, trace=300000, class=java.lang.Thread@5000014b)
	name		500018fd
	group		50000d53
	contextClassLoader	50000c75
	inheritedAccessControlContext	500018fc
	blockerLock	500018fb
OBJ 50000c6c (sz=384, trace=300000, class=java.lang.ref.Finalizer$FinalizerThread@500000bd)
	name		50001901
	group		50000d53
	inheritedAccessControlContext	50001900
	blockerLock	500018ff
OBJ 50000c6d (sz=32, trace=300000, class=java.lang.ref.ReferenceQueue@500000d3)
	lock		50000c6e
OBJ 50000c6e (sz=16, trace=300000, class=java.lang.ref.ReferenceQueue$Lock@500000d1)
OBJ 50000c6f (sz=16, trace=300000, class=java.lang.System$2@50000053)
OBJ 50000c70 (sz=376, trace=300000, class=java.lang.ref.Reference$ReferenceHandler@500000e0)
	name		50001164
	group		50000d53
	inheritedAccessControlContext	5000190f
	blockerLock	5000190e
OBJ 50000c71 (sz=16, trace=300000, class=java.lang.ref.Reference$Lock@500000e1)
OBJ 50000c72 (sz=376, trace=300000, class=java.lang.Thread@5000014b)
	name		50001915
	group		50000d52
	contextClassLoader	50000c75
	inheritedAccessControlContext	50001914
	threadLocals	5000041f
	blockerLock	50001913
OBJ 50000c73 (sz=16, trace=300000, class=java.lang.Runtime@500000b5)
OBJ 50000c74 (sz=24, trace=300000, class=java.lang.String@5000016e)
	value		500019f7
OBJ 50000c75 (sz=96, trace=300000, class=sun.misc.Launcher$AppClassLoader@50000117)
	parent		50000c77
	parallelLockMap	50000ee0
	package2certs	50000edf
	classes		50000ede
	defaultDomain	50000edd
	domains		50000edc
	packages	50000edb
	nativeLibraries	50000eda
	assertionLock	50000ed9
	pdcache		50000ed8
	ucp		50000ed5
	acc		50000ed7
	closeables	50000ed6
	ucp		50000ed5
ARR 50000c76 (sz=0, trace=300000, nelems=0, elem type=int[])
OBJ 50000c77 (sz=88, trace=300000, class=sun.misc.Launcher$ExtClassLoader@50000116)
	parallelLockMap	50000eec
	package2certs	50000eeb
	classes		50000eea
	defaultDomain	50000ee9
	domains		50000ee8
	packages	50000ee7
	nativeLibraries	50000ee6
	assertionLock	50000ee5
	pdcache		50000ee4
	ucp		50000ee3
	acc		50000ee2
	closeables	50000ee1
ARR 50000c78 (sz=24, trace=300000, nelems=0, elem type=java.lang.Object[]@50000109)
ARR 50000c79 (sz=32, trace=300000, nelems=0, elem type=java.lang.Object[]@50000109)
ARR 50000c7a (sz=88, trace=300000, nelems=0, elem type=java.lang.Object[]@50000109)
ARR 50000c7b (sz=24, trace=300000, nelems=1, elem type=java.lang.Object[]@50000109)
	[0]		50001164
ARR 50000c7c (sz=24, trace=300000, nelems=2, elem type=java.lang.Object[]@50000109)
	[1]		50000d9e
ARR 50000c7d (sz=88, trace=300000, nelems=18, elem type=java.lang.Object[]@50000109)
	[0]		50000d5d
	[14]		50000ecd
	[17]		50000ece
ARR 50000c7e (sz=56, trace=300000, nelems=10, elem type=java.lang.Object[]@50000109)
	[9]		50001024
ARR 50000c7f (sz=56, trace=300000, nelems=0, elem type=java.lang.Object[]@50000109)
ARR 50000c80 (sz=56, trace=300000, nelems=10, elem type=java.lang.Object[]@50000109)
	[0]		50000d5d
	[1]		50000d73
	[2]		50000d56
	[3]		50000d74
	[4]		50000d75
	[5]		50000d76
	[6]		50000d57
	[7]		50000d46
	[8]		50000d55
	[9]		50000d77
ARR 50000c81 (sz=208, trace=300000, nelems=0, elem type=java.lang.Object[]@50000109)
ARR 50000c82 (sz=32, trace=300000, nelems=3, elem type=java.lang.Object[]@50000109)
	[2]		50000d58
ARR 50000c83 (sz=72, trace=300000, nelems=13, elem type=java.lang.Object[]@50000109)
	[0]		50000d5d
	[6]		50000d5e
	[9]		50000d5f
	[10]		50000d60
	[12]		50000d61
ARR 50000c84 (sz=48, trace=300000, nelems=7, elem type=java.lang.Object[]@50000109)
	[6]		50001175
ARR 50000c85 (sz=64, trace=300000, nelems=7, elem type=java.lang.Object[]@50000109)
	[6]		50000d6f
ARR 50000c86 (sz=32, trace=300000, nelems=0, elem type=java.lang.Object[]@50000109)
ARR 50000c87 (sz=40, trace=300000, nelems=2, elem type=java.lang.Object[]@50000109)
	[1]		50000d81
ARR 50000c88 (sz=48, trace=300000, nelems=0, elem type=java.lang.Object[]@50000109)
ARR 50000c89 (sz=72, trace=300000, nelems=0, elem type=java.lang.Object[]@50000109)
ARR 50000c8a (sz=80, trace=300000, nelems=0, elem type=java.lang.Object[]@50000109)
ARR 50000c8b (sz=32, trace=300000, nelems=0, elem type=java.lang.Object[]@50000109)
ARR 50000c8c (sz=112, trace=300000, nelems=0, elem type=java.lang.Object[]@50000109)
ARR 50000c8d (sz=32, trace=300000, nelems=3, elem type=java.lang.Object[]@50000109)
	[2]		50000d83
ARR 50000c8e (sz=72, trace=300000, nelems=0, elem type=java.lang.Object[]@50000109)
ARR 50000c8f (sz=32, trace=300000, nelems=0, elem type=java.lang.Object[]@50000109)
ARR 50000c90 (sz=32, trace=300000, nelems=0, elem type=java.lang.Object[]@50000109)
ARR 50000c91 (sz=24, trace=300000, nelems=0, elem type=java.lang.Object[]@50000109)
ARR 50000c92 (sz=48, trace=300000, nelems=0, elem type=java.lang.Object[]@50000109)
ARR 50000c93 (sz=64, trace=300000, nelems=9, elem type=java.lang.Object[]@50000109)
	[8]		50000d7d
ARR 50000c94 (sz=48, trace=300000, nelems=0, elem type=java.lang.Object[]@50000109)
ARR 50000c95 (sz=24, trace=300000, nelems=0, elem type=java.lang.Object[]@50000109)
ARR 50000c96 (sz=24, trace=300000, nelems=0, elem type=java.lang.Object[]@50000109)
ARR 50000c97 (sz=24, trace=300000, nelems=0, elem type=java.lang.Object[]@50000109)
ARR 50000c98 (sz=24, trace=300000, nelems=0, elem type=java.lang.Object[]@50000109)
ARR 50000c99 (sz=56, trace=300000, nelems=10, elem type=java.lang.Object[]@50000109)
	[6]		50000d8a
	[7]		50000d8b
	[8]		50000d8c
	[9]		50000d8d
ARR 50000c9a (sz=32, trace=300000, nelems=0, elem type=java.lang.Object[]@50000109)
ARR 50000c9b (sz=152, trace=300000, nelems=0, elem type=java.lang.Object[]@50000109)
ARR 50000c9c (sz=24, trace=300000, nelems=0, elem type=java.lang.Object[]@50000109)
ARR 50000c9d (sz=64, trace=300000, nelems=11, elem type=java.lang.Object[]@50000109)
	[0]		50000da0
	[3]		50000da1
	[4]		50000da2
	[5]		50000da3
	[6]		50000da4
	[7]		50000da5
	[8]		50000da6
	[9]		50000da7
	[10]		50000d77
ARR 50000c9e (sz=40, trace=300000, nelems=0, elem type=java.lang.Object[]@50000109)
ARR 50000c9f (sz=48, trace=300000, nelems=0, elem type=java.lang.Object[]@50000109)
ARR 50000ca0 (sz=32, trace=300000, nelems=1, elem type=java.lang.Object[]@50000109)
	[0]		50000d7a
ARR 50000ca1 (sz=24, trace=300000, nelems=0, elem type=java.lang.Object[]@50000109)
ARR 50000ca2 (sz=56, trace=300000, nelems=10, elem type=java.lang.Object[]@50000109)
	[9]		50001013
ARR 50000ca3 (sz=24, trace=300000, nelems=1, elem type=java.lang.Object[]@50000109)
	[0]		50001901
ARR 50000ca4 (sz=24, trace=300000, nelems=0, elem type=java.lang.Object[]@50000109)
ARR 50000ca5 (sz=24, trace=300000, nelems=0, elem type=java.lang.Object[]@50000109)
ARR 50000ca6 (sz=24, trace=300000, nelems=0, elem type=java.lang.Object[]@50000109)
ARR 50000ca7 (sz=24, trace=300000, nelems=0, elem type=java.lang.Object[]@50000109)
ARR 50000ca8 (sz=40, trace=300000, nelems=0, elem type=java.lang.Object[]@50000109)
ARR 50000ca9 (sz=104, trace=300000, nelems=17, elem type=java.lang.Object[]@50000109)
	[7]		50001038
	[8]		500018cf
	[10]		500018c4
	[14]		500018c5
	[15]		500018d0
	[16]		50001033
ARR 50000caa (sz=24, trace=300000, nelems=0, elem type=java.lang.Object[]@50000109)
ARR 50000cab (sz=24, trace=300000, nelems=0, elem type=java.lang.Object[]@50000109)
ARR 50000cac (sz=24, trace=300000, nelems=0, elem type=java.lang.Object[]@50000109)
ARR 50000cad (sz=40, trace=300000, nelems=5, elem type=java.lang.Object[]@50000109)
	[4]		5000187e
ARR 50000cae (sz=40, trace=300000, nelems=0, elem type=java.lang.Object[]@50000109)
ARR 50000caf (sz=24, trace=300000, nelems=1, elem type=java.lang.Object[]@50000109)
	[0]		50001870
ARR 50000cb0 (sz=40, trace=300000, nelems=5, elem type=java.lang.Object[]@50000109)
	[2]		5000186a
	[3]		5000186b
	[4]		5000186c
ARR 50000cb1 (sz=32, trace=300000, nelems=0, elem type=java.lang.Object[]@50000109)
ARR 50000cb2 (sz=72, trace=300000, nelems=0, elem type=java.lang.Object[]@50000109)
ARR 50000cb3 (sz=56, trace=300000, nelems=0, elem type=java.lang.Object[]@50000109)
ARR 50000cb4 (sz=104, trace=300000, nelems=1, elem type=java.lang.Object[]@50000109)
	[0]		50000d5c
ARR 50000cb5 (sz=40, trace=300000, nelems=1, elem type=java.lang.Object[]@50000109)
	[0]		5000188e
ARR 50000cb6 (sz=24, trace=300000, nelems=0, elem type=java.lang.Object[]@50000109)
ARR 50000cb7 (sz=24, trace=300000, nelems=0, elem type=java.lang.Object[]@50000109)
ARR 50000cb8 (sz=32, trace=300000, nelems=0, elem type=java.lang.Object[]@50000109)
ARR 50000cb9 (sz=24, trace=300000, nelems=0, elem type=java.lang.Object[]@50000109)
ARR 50000cba (sz=48, trace=300000, nelems=7, elem type=java.lang.Object[]@50000109)
	[0]		50000d5d
	[1]		5000129d
	[5]		500012be
	[6]		500012bf
ARR 50000cbb (sz=24, trace=300000, nelems=0, elem type=java.lang.Object[]@50000109)
ARR 50000cbc (sz=24, trace=300000, nelems=2, elem type=java.lang.Object[]@50000109)
	[0]		5000103d
	[1]		50001318
ARR 50000cbd (sz=864, trace=300000, nelems=212, elem type=java.lang.Object[]@50000109)
	[0]		50001518
	[1]		50001564
	[2]		50001591
	[3]		50001534
	[4]		500015c9
	[5]		500015c1
	[6]		5000159d
	[7]		5000159b
	[8]		50001599
	[9]		50001594
	[10]		5000158f
	[11]		5000158b
	[12]		50001589
	[13]		500015d4
	[14]		500014af
	[15]		500014ab
	[16]		500015d0
	[17]		500015ce
	[18]		500015cb
	[19]		500015c7
	[20]		500015c5
	[21]		500015df
	[22]		500015dd
	[23]		500015db
	[24]		500015d9
	[25]		500015d7
	[26]		50001623
	[27]		50001624
	[28]		50001625
	[29]		50001626
	[30]		50001627
	[31]		50001628
	[32]		50001629
	[33]		5000162a
	[34]		5000162b
	[35]		5000162c
	[36]		5000162d
	[37]		5000162e
	[38]		5000162f
	[39]		50001630
	[40]		50001631
	[41]		50001632
	[42]		50001633
	[43]		50001634
	[44]		50001635
	[45]		50001636
	[46]		50001637
	[47]		50001638
	[48]		50001639
	[49]		5000163a
	[50]		5000163b
	[51]		5000163c
	[52]		5000163d
	[53]		5000163e
	[54]		5000163f
	[55]		50001640
	[56]		50001641
	[57]		50001642
	[58]		50001643
	[59]		50001644
	[60]		50001645
	[61]		50001646
	[62]		50001647
	[63]		5000134c
	[64]		50001648
	[65]		50001649
	[66]		5000164a
	[67]		5000164b
	[68]		5000164c
	[69]		5000164d
	[70]		5000164e
	[71]		50001616
	[72]		5000135d
	[73]		50001352
	[74]		50001380
	[75]		5000137d
	[76]		50001369
	[77]		500012ed
	[78]		500012e1
	[79]		500012ff
	[80]		5000164f
	[81]		50001650
	[82]		50001651
	[83]		50001652
	[84]		50001653
	[85]		50001654
	[86]		50001655
	[87]		50001656
	[88]		500015a6
	[89]		50001499
	[90]		50001489
	[91]		500014b1
	[92]		500014d0
	[93]		500014ce
	[94]		500014cc
	[95]		500014ca
	[96]		500014c8
	[97]		500014c5
	[98]		500014a9
	[99]		500014f0
	[100]		50001463
	[101]		50001461
	[102]		5000145f
	[103]		5000145d
	[104]		50001459
	[105]		50001457
	[106]		5000153c
	[107]		50001504
	[108]		500015a2
	[109]		5000159f
	[110]		5000154f
	[111]		50001548
	[112]		50001544
	[113]		5000153f
	[114]		5000153a
	[115]		5000152a
	[116]		50001528
	[117]		5000151e
	[118]		500015b5
	[119]		500015b3
	[120]		500015b1
	[121]		500015af
	[122]		500015ad
	[123]		50001657
	[124]		50001658
	[125]		50001659
	[126]		5000165a
	[127]		5000165b
	[128]		5000165c
	[129]		5000165d
	[130]		5000165e
	[131]		5000165f
	[132]		50001660
	[133]		50001661
	[134]		50001662
	[135]		50001663
	[136]		50001664
	[137]		50001493
	[138]		50001451
	[139]		50001487
	[140]		500015a4
	[141]		5000146f
	[142]		5000154d
	[143]		500014dc
	[144]		5000149b
	[145]		50001562
	[146]		500014a5
	[147]		500014f4
	[148]		500014b3
	[149]		50001522
	[150]		500014fc
	[151]		500014fa
	[152]		500014f8
	[153]		500014f6
	[154]		500014e8
	[155]		500014e6
	[156]		50001560
	[157]		5000155d
	[158]		50001559
	[159]		50001530
	[160]		50001309
	[161]		50001500
	[162]		50001320
	[163]		5000152c
	[164]		50001326
	[165]		5000131d
	[166]		50001306
	[167]		500012fb
	[168]		50001387
	[169]		50001379
	[170]		5000156f
	[171]		5000156d
	[172]		5000156b
	[173]		5000155b
	[174]		5000151c
	[175]		5000151a
	[176]		5000150c
	[177]		50001502
	[178]		500014ec
	[179]		500014ea
	[180]		50001596
	[181]		50001491
	[182]		5000148d
	[183]		500014bc
	[184]		50001579
	[185]		50001577
	[186]		50001575
	[187]		50001573
	[188]		50001571
	[189]		50001465
	[190]		50001569
	[191]		50001536
	[192]		500015b9
	[193]		500015b7
	[194]		50001557
	[195]		50001553
	[196]		5000154a
	[197]		50001546
	[198]		50001514
	[199]		50001512
	[200]		50001510
	[201]		5000150e
	[202]		500012c3
	[203]		5000147c
	[204]		5000149d
	[205]		500015bf
	[206]		500014ad
	[207]		500014ee
	[208]		5000146d
	[209]		5000157f
	[210]		500014e0
	[211]		500014e4
ARR 50000cbe (sz=984, trace=300000, nelems=241, elem type=java.lang.Object[]@50000109)
	[0]		50001518
	[1]		50001564
	[2]		50001591
	[3]		50001534
	[4]		500015c9
	[5]		500015c1
	[6]		5000159d
	[7]		5000159b
	[8]		50001599
	[9]		50001594
	[10]		5000158f
	[11]		5000158b
	[12]		50001589
	[13]		5000157f
	[14]		500015d4
	[15]		500014af
	[16]		500014ab
	[17]		500015d0
	[18]		500015ce
	[19]		500015cb
	[20]		500015c7
	[21]		500015c5
	[22]		500015df
	[23]		500015dd
	[24]		500015db
	[25]		500015d9
	[26]		500015d7
	[27]		500015a6
	[28]		50001524
	[29]		50001508
	[30]		5000146b
	[31]		50001499
	[32]		50001489
	[33]		500012f0
	[34]		500014c0
	[35]		500014b1
	[36]		500014d0
	[37]		500014ce
	[38]		500014cc
	[39]		500014ca
	[40]		500014c8
	[41]		500014c5
	[42]		500014a9
	[43]		500014f0
	[44]		50001463
	[45]		50001461
	[46]		5000145f
	[47]		5000145d
	[48]		50001459
	[49]		50001457
	[50]		5000153c
	[51]		50001504
	[52]		500015a2
	[53]		5000159f
	[54]		5000154f
	[55]		50001548
	[56]		50001544
	[57]		5000153f
	[58]		5000153a
	[59]		5000152a
	[60]		50001528
	[61]		5000151e
	[62]		500015b5
	[63]		500015b3
	[64]		500015b1
	[65]		500015af
	[66]		500015ad
	[67]		5000158d
	[68]		50001469
	[69]		500014d2
	[70]		500014c3
	[71]		500014be
	[72]		500015f1
	[73]		500015ef
	[74]		500015ed
	[75]		500015eb
	[76]		500015e9
	[77]		500015e7
	[78]		500015d2
	[79]		500014d4
	[80]		50001493
	[81]		50001451
	[82]		50001487
	[83]		500015a4
	[84]		50001473
	[85]		5000146f
	[86]		5000154d
	[87]		500014dc
	[88]		500015bb
	[89]		500014d6
	[90]		5000149b
	[91]		50001562
	[92]		500014a5
	[93]		500014f4
	[94]		500014b3
	[95]		50001522
	[96]		50001520
	[97]		500014fc
	[98]		500014fa
	[99]		500014f8
	[100]		500014f6
	[101]		500014e8
	[102]		500014e6
	[103]		500014e0
	[104]		50001560
	[105]		5000155d
	[106]		50001559
	[107]		50001530
	[108]		5000152e
	[109]		500012f8
	[110]		50001485
	[111]		50001309
	[112]		50001500
	[113]		50001320
	[114]		5000152c
	[115]		50001526
	[116]		50001326
	[117]		5000131d
	[118]		50001306
	[119]		500012fb
	[120]		50001387
	[121]		50001379
	[122]		500014e4
	[123]		5000156f
	[124]		5000156d
	[125]		5000156b
	[126]		5000155b
	[127]		50001551
	[128]		500014a7
	[129]		5000134b
	[130]		50001314
	[131]		5000130c
	[132]		50001348
	[133]		5000133f
	[134]		5000133b
	[135]		50001335
	[136]		5000132e
	[137]		5000151c
	[138]		5000151a
	[139]		5000150c
	[140]		50001502
	[141]		500014ec
	[142]		500014ea
	[143]		50001596
	[144]		500015e3
	[145]		50001497
	[146]		500014a3
	[147]		500014a1
	[148]		50001495
	[149]		50001491
	[150]		5000148f
	[151]		5000148d
	[152]		5000148b
	[153]		5000157b
	[154]		500014bc
	[155]		500014b7
	[156]		50001581
	[157]		50001579
	[158]		50001577
	[159]		50001575
	[160]		50001573
	[161]		50001571
	[162]		50001465
	[163]		5000145b
	[164]		50001483
	[165]		50001569
	[166]		50001567
	[167]		500015c3
	[168]		5000147e
	[169]		50001585
	[170]		5000147a
	[171]		500014de
	[172]		50001478
	[173]		5000149f
	[174]		50001475
	[175]		500015e1
	[176]		50001471
	[177]		50001532
	[178]		50001538
	[179]		50001536
	[180]		500012e8
	[181]		500012e4
	[182]		500015b9
	[183]		500015b7
	[184]		50001557
	[185]		50001553
	[186]		5000154a
	[187]		50001546
	[188]		50001541
	[189]		50001516
	[190]		50001514
	[191]		50001512
	[192]		50001510
	[193]		5000150e
	[194]		5000150a
	[195]		500014d8
	[196]		5000147c
	[197]		5000149d
	[198]		500015bf
	[199]		50001583
	[200]		500014f2
	[201]		500015e5
	[202]		5000157d
	[203]		500014ad
	[204]		50001317
	[205]		5000135c
	[206]		50001351
	[207]		5000137f
	[208]		5000137c
	[209]		50001368
	[210]		50001506
	[211]		500012e0
	[212]		5000144f
	[213]		50001342
	[214]		500014ee
	[215]		500014da
	[216]		50001467
	[217]		50001453
	[218]		500015a9
	[219]		500014fe
	[220]		5000144d
	[221]		500014b9
	[222]		500014b5
	[223]		50001455
	[224]		500015ab
	[225]		50001373
	[226]		50001370
	[227]		50001365
	[228]		50001362
	[229]		50001359
	[230]		50001355
	[231]		5000146d
	[232]		5000132a
	[233]		50001332
	[234]		50001480
	[235]		500015bd
	[236]		500012f4
	[237]		50001587
	[238]		500012ec
	[239]		500014e2
	[240]		500012fe
ARR 50000cbf (sz=328, trace=300000, nelems=78, elem type=java.lang.Object[]@50000109)
	[0]		500012f1
	[1]		5000130a
	[2]		5000132b
	[3]		50001321
	[4]		50001327
	[5]		5000131e
	[6]		50001307
	[7]		500012fc
	[8]		500012f9
	[9]		50001388
	[10]		5000137a
	[11]		50001333
	[12]		5000134c
	[13]		50001315
	[14]		5000130d
	[15]		50001349
	[16]		50001340
	[17]		5000133c
	[18]		50001336
	[19]		5000132f
	[20]		500012e9
	[21]		500012e5
	[22]		50001374
	[23]		50001371
	[24]		50001366
	[25]		50001363
	[26]		5000135a
	[27]		50001356
	[28]		50001318
	[29]		5000135d
	[30]		50001352
	[31]		50001380
	[32]		500012f5
	[33]		5000137d
	[34]		50001369
	[35]		500012ed
	[36]		500012e1
	[37]		500012ff
	[38]		50001343
	[39]		500012f0
	[40]		500012f8
	[41]		50001309
	[42]		50001320
	[43]		50001326
	[44]		5000131d
	[45]		50001306
	[46]		500012fb
	[47]		50001387
	[48]		50001379
	[49]		5000134b
	[50]		50001314
	[51]		5000130c
	[52]		50001348
	[53]		5000133f
	[54]		5000133b
	[55]		50001335
	[56]		5000132e
	[57]		500012e8
	[58]		500012e4
	[59]		50001317
	[60]		5000135c
	[61]		50001351
	[62]		5000137f
	[63]		5000137c
	[64]		50001368
	[65]		500012e0
	[66]		50001342
	[67]		50001373
	[68]		50001370
	[69]		50001365
	[70]		50001362
	[71]		50001359
	[72]		50001355
	[73]		5000132a
	[74]		50001332
	[75]		500012f4
	[76]		500012ec
	[77]		500012fe
ARR 50000cc0 (sz=176, trace=300000, nelems=39, elem type=java.lang.Object[]@50000109)
	[0]		500012f0
	[1]		500012f8
	[2]		50001309
	[3]		50001320
	[4]		50001326
	[5]		5000131d
	[6]		50001306
	[7]		500012fb
	[8]		50001387
	[9]		50001379
	[10]		5000134b
	[11]		50001314
	[12]		5000130c
	[13]		50001348
	[14]		5000133f
	[15]		5000133b
	[16]		50001335
	[17]		5000132e
	[18]		500012e8
	[19]		500012e4
	[20]		50001317
	[21]		5000135c
	[22]		50001351
	[23]		5000137f
	[24]		5000137c
	[25]		50001368
	[26]		500012e0
	[27]		50001342
	[28]		50001373
	[29]		50001370
	[30]		50001365
	[31]		50001362
	[32]		50001359
	[33]		50001355
	[34]		5000132a
	[35]		50001332
	[36]		500012f4
	[37]		500012ec
	[38]		500012fe
ARR 50000cc1 (sz=24, trace=300000, nelems=1, elem type=java.lang.Object[]@50000109)
	[0]		50000ef6
ARR 50000cc2 (sz=72, trace=300000, nelems=0, elem type=java.lang.Object[]@50000109)
ARR 50000cc3 (sz=32, trace=300000, nelems=4, elem type=java.lang.Object[]@50000109)
	[2]		50001365
	[3]		500016d2
ARR 50000cc4 (sz=32, trace=300000, nelems=0, elem type=java.lang.Object[]@50000109)
ARR 50000cc5 (sz=32, trace=300000, nelems=3, elem type=java.lang.Object[]@50000109)
	[1]		50000d86
	[2]		50000d87
ARR 50000cc6 (sz=80, trace=300000, nelems=13, elem type=java.lang.Object[]@50000109)
	[1]		5000129d
	[2]		5000129e
	[3]		5000129f
	[6]		500012a0
	[12]		500012a1
ARR 50000cc7 (sz=32, trace=300000, nelems=3, elem type=java.lang.Object[]@50000109)
	[0]		500012a8
	[1]		500012a9
	[2]		500012aa
ARR 50000cc8 (sz=32, trace=300000, nelems=0, elem type=java.lang.Object[]@50000109)
ARR 50000cc9 (sz=32, trace=300000, nelems=0, elem type=java.lang.Object[]@50000109)
ARR 50000cca (sz=48, trace=300000, nelems=0, elem type=java.lang.Object[]@50000109)
ARR 50000ccb (sz=24, trace=300000, nelems=2, elem type=java.lang.Object[]@50000109)
	[0]		5000161a
	[1]		5000161b
ARR 50000ccc (sz=24, trace=300000, nelems=1, elem type=java.lang.Object[]@50000109)
	[0]		50000ef6
ARR 50000ccd (sz=32, trace=300000, nelems=3, elem type=java.lang.Object[]@50000109)
	[2]		50000d5e
ARR 50000cce (sz=96, trace=300000, nelems=19, elem type=java.lang.Object[]@50000109)
	[0]		50000d5d
	[17]		5000106d
	[18]		5000106e
ARR 50000ccf (sz=32, trace=300000, nelems=2, elem type=java.lang.Object[]@50000109)
	[0]		50001264
	[1]		50001265
ARR 50000cd0 (sz=48, trace=300000, nelems=8, elem type=java.lang.Object[]@50000109)
	[5]		500010f9
	[6]		500010fa
	[7]		500010fb
ARR 50000cd1 (sz=32, trace=300000, nelems=0, elem type=java.lang.Object[]@50000109)
ARR 50000cd2 (sz=24, trace=300000, nelems=2, elem type=java.lang.Object[]@50000109)
	[0]		5000126d
	[1]		5000126e
ARR 50000cd3 (sz=32, trace=300000, nelems=3, elem type=java.lang.Object[]@50000109)
	[0]		50000ec6
	[2]		50000d77
ARR 50000cd4 (sz=24, trace=300000, nelems=2, elem type=java.lang.Object[]@50000109)
	[0]		500018e1
	[1]		500018e2
ARR 50000cd5 (sz=40, trace=300000, nelems=0, elem type=java.lang.Object[]@50000109)
ARR 50000cd6 (sz=80, trace=300000, nelems=14, elem type=java.lang.Object[]@50000109)
	[13]		50000f00
ARR 50000cd7 (sz=24, trace=300000, nelems=1, elem type=java.lang.Object[]@50000109)
	[0]		50000da1
ARR 50000cd8 (sz=24, trace=300000, nelems=1, elem type=java.lang.Object[]@50000109)
	[0]		50000ecb
ARR 50000cd9 (sz=48, trace=300000, nelems=8, elem type=java.lang.Object[]@50000109)
	[3]		50001942
	[6]		50001943
	[7]		50001944
ARR 50000cda (sz=48, trace=300000, nelems=8, elem type=java.lang.Object[]@50000109)
	[6]		500017e7
	[7]		500017e8
ARR 50000cdb (sz=40, trace=300000, nelems=4, elem type=java.lang.Object[]@50000109)
	[0]		5000103d
	[1]		5000103e
	[3]		50001048
ARR 50000cdc (sz=32, trace=300000, nelems=4, elem type=java.lang.Object[]@50000109)
	[3]		500017b0
ARR 50000cdd (sz=64, trace=300000, nelems=0, elem type=java.lang.Object[]@50000109)
ARR 50000cde (sz=32, trace=300000, nelems=2, elem type=java.lang.Object[]@50000109)
	[0]		500017e6
	[1]		500016e7
ARR 50000cdf (sz=264, trace=300000, nelems=50, elem type=java.lang.Object[]@50000109)
	[22]		50001025
	[48]		50001026
	[49]		50001027
ARR 50000ce0 (sz=24, trace=300000, nelems=0, elem type=java.lang.Object[]@50000109)
ARR 50000ce1 (sz=24, trace=300000, nelems=0, elem type=java.lang.Object[]@50000109)
ARR 50000ce2 (sz=24, trace=300000, nelems=0, elem type=java.lang.Object[]@50000109)
ARR 50000ce3 (sz=24, trace=300000, nelems=0, elem type=java.lang.Object[]@50000109)
ARR 50000ce4 (sz=24, trace=300000, nelems=2, elem type=java.lang.Object[]@50000109)
	[1]		50001007
ARR 50000ce5 (sz=32, trace=300000, nelems=3, elem type=java.lang.Object[]@50000109)
	[0]		500016e5
	[1]		500016e6
	[2]		500016e7
ARR 50000ce6 (sz=32, trace=300000, nelems=0, elem type=java.lang.Object[]@50000109)
ARR 50000ce7 (sz=40, trace=300000, nelems=4, elem type=java.lang.Object[]@50000109)
	[3]		50000d59
ARR 50000ce8 (sz=32, trace=300000, nelems=0, elem type=java.lang.Object[]@50000109)
ARR 50000ce9 (sz=32, trace=300000, nelems=0, elem type=java.lang.Object[]@50000109)
ARR 50000cea (sz=80, trace=300000, nelems=15, elem type=java.lang.Object[]@50000109)
	[1]		5000129d
	[2]		5000129e
	[3]		5000129f
	[6]		500012a0
	[11]		500012a1
	[14]		500012a2
ARR 50000ceb (sz=48, trace=300000, nelems=0, elem type=java.lang.Object[]@50000109)
ARR 50000cec (sz=40, trace=300000, nelems=4, elem type=java.lang.Object[]@50000109)
	[0]		500012b1
	[1]		500012b2
	[2]		500012b3
	[3]		500012b4
ARR 50000ced (sz=24, trace=300000, nelems=0, elem type=java.lang.Object[]@50000109)
ARR 50000cee (sz=256, trace=300000, nelems=60, elem type=java.lang.Object[]@50000109)
	[0]		50000d5d
	[5]		500010fd
	[10]		500010fe
	[12]		500010ff
	[14]		50001100
	[17]		50001101
	[23]		50001102
	[28]		50001103
	[29]		50001104
	[30]		50001105
	[31]		50001106
	[32]		50001107
	[33]		50001108
	[37]		50001109
	[39]		5000110a
	[42]		5000110b
	[43]		5000110c
	[44]		5000110d
	[45]		5000110e
	[46]		5000110f
	[47]		50001110
	[48]		50001111
	[49]		50001112
	[50]		50001113
	[51]		50001114
	[55]		50001115
	[56]		50001116
	[57]		50001117
	[58]		50001118
	[59]		50001119
ARR 50000cef (sz=88, trace=300000, nelems=0, elem type=java.lang.Object[]@50000109)
ARR 50000cf0 (sz=56, trace=300000, nelems=10, elem type=java.lang.Object[]@50000109)
	[1]		50000eef
	[2]		50000ef0
	[3]		50000ef1
	[4]		50000ef2
	[5]		50000ef3
	[7]		50000ef4
	[8]		50000ef5
	[9]		50000ef6
ARR 50000cf1 (sz=24, trace=300000, nelems=0, elem type=java.lang.Object[]@50000109)
ARR 50000cf2 (sz=72, trace=300000, nelems=12, elem type=java.lang.Object[]@50000109)
	[0]		50000d5d
	[2]		50001144
	[3]		50001145
	[11]		50001146
ARR 50000cf3 (sz=24, trace=300000, nelems=1, elem type=java.lang.Object[]@50000109)
	[0]		50000d5d
ARR 50000cf4 (sz=24, trace=300000, nelems=0, elem type=java.lang.Object[]@50000109)
ARR 50000cf5 (sz=24, trace=300000, nelems=2, elem type=java.lang.Object[]@50000109)
	[0]		50001008
	[1]		50001009
ARR 50000cf6 (sz=32, trace=300000, nelems=3, elem type=java.lang.Object[]@50000109)
	[0]		5000105a
	[1]		5000105b
	[2]		50000ef6
ARR 50000cf7 (sz=40, trace=300000, nelems=5, elem type=java.lang.Object[]@50000109)
	[4]		50001015
ARR 50000cf8 (sz=88, trace=300000, nelems=15, elem type=java.lang.Object[]@50000109)
	[14]		50000eff
ARR 50000cf9 (sz=40, trace=300000, nelems=5, elem type=java.lang.Object[]@50000109)
	[4]		50001011
ARR 50000cfa (sz=112, trace=300000, nelems=24, elem type=java.lang.Object[]@50000109)
	[0]		50000d5d
	[1]		5000128a
	[2]		5000128b
	[3]		5000128c
	[4]		5000128d
	[5]		5000103f
	[14]		5000128e
	[15]		5000128f
	[16]		50001290
	[17]		50001291
	[20]		50001292
	[23]		50001041
ARR 50000cfb (sz=80, trace=300000, nelems=4, elem type=java.lang.Object[]@50000109)
	[3]		50001296
ARR 50000cfc (sz=120, trace=300000, nelems=25, elem type=java.lang.Object[]@50000109)
	[0]		50000d5d
	[1]		5000103d
	[2]		5000103e
	[3]		5000103f
	[10]		50001040
	[12]		50001041
	[13]		50001042
	[14]		50001043
	[15]		50001044
	[17]		50001045
	[18]		50001046
	[20]		50001047
	[21]		50001048
	[23]		50001049
	[24]		5000104a
ARR 50000cfd (sz=80, trace=300000, nelems=10, elem type=java.lang.Object[]@50000109)
	[0]		50000d5d
	[2]		50001054
	[4]		50001055
	[5]		50001056
	[6]		50001057
	[7]		50001058
	[9]		50001059
ARR 50000cfe (sz=48, trace=300000, nelems=0, elem type=java.lang.Object[]@50000109)
ARR 50000cff (sz=72, trace=300000, nelems=0, elem type=java.lang.Object[]@50000109)
ARR 50000d00 (sz=32, trace=300000, nelems=0, elem type=java.lang.Object[]@50000109)
ARR 50000d01 (sz=112, trace=300000, nelems=23, elem type=java.lang.Object[]@50000109)
	[14]		50001032
	[15]		50001033
	[16]		50001034
	[18]		50000da2
	[19]		50001035
	[20]		50001036
	[21]		50001037
	[22]		50000d77
ARR 50000d02 (sz=64, trace=300000, nelems=0, elem type=java.lang.Object[]@50000109)
ARR 50000d03 (sz=24, trace=300000, nelems=2, elem type=java.lang.Object[]@50000109)
	[1]		500017eb
ARR 50000d04 (sz=24, trace=300000, nelems=1, elem type=java.lang.Object[]@50000109)
	[0]		50001855
ARR 50000d05 (sz=40, trace=300000, nelems=0, elem type=java.lang.Object[]@50000109)
ARR 50000d06 (sz=80, trace=300000, nelems=11, elem type=java.lang.Object[]@50000109)
	[10]		5000192a
ARR 50000d07 (sz=120, trace=300000, nelems=0, elem type=java.lang.Object[]@50000109)
ARR 50000d08 (sz=24, trace=300000, nelems=1, elem type=java.lang.Object[]@50000109)
	[0]		5000193d
ARR 50000d09 (sz=64, trace=300000, nelems=0, elem type=java.lang.Object[]@50000109)
ARR 50000d0a (sz=24, trace=300000, nelems=0, elem type=java.lang.Object[]@50000109)
ARR 50000d0b (sz=24, trace=300000, nelems=0, elem type=java.lang.Object[]@50000109)
ARR 50000d0c (sz=40, trace=300000, nelems=0, elem type=java.lang.Object[]@50000109)
ARR 50000d0d (sz=56, trace=300000, nelems=10, elem type=java.lang.Object[]@50000109)
	[0]		5000192b
	[1]		5000192c
	[2]		5000192d
	[3]		5000192e
	[4]		5000192f
	[5]		50001930
	[6]		50001931
	[7]		50001932
	[8]		50001933
	[9]		50000d77
ARR 50000d0e (sz=144, trace=300000, nelems=0, elem type=java.lang.Object[]@50000109)
ARR 50000d0f (sz=128, trace=300000, nelems=0, elem type=java.lang.Object[]@50000109)
ARR 50000d10 (sz=24, trace=300000, nelems=2, elem type=java.lang.Object[]@50000109)
	[0]		50001948
	[1]		50001949
ARR 50000d11 (sz=216, trace=300000, nelems=47, elem type=java.lang.Object[]@50000109)
	[6]		5000194a
	[7]		5000194b
	[8]		5000194c
	[11]		5000194d
	[12]		5000194e
	[13]		5000194f
	[14]		50001950
	[15]		50001292
	[16]		50001951
	[23]		50001952
	[25]		50001953
	[36]		50001954
	[37]		50001955
	[39]		50001956
	[40]		50001957
	[41]		50001958
	[42]		50001959
	[44]		5000195a
	[46]		5000195b
ARR 50000d12 (sz=24, trace=300000, nelems=1, elem type=java.lang.Object[]@50000109)
	[0]		50000ef6
ARR 50000d13 (sz=32, trace=300000, nelems=4, elem type=java.lang.Object[]@50000109)
	[1]		5000197f
	[2]		5000196a
	[3]		50000d77
ARR 50000d14 (sz=32, trace=300000, nelems=0, elem type=java.lang.Object[]@50000109)
ARR 50000d15 (sz=56, trace=300000, nelems=0, elem type=java.lang.Object[]@50000109)
ARR 50000d16 (sz=80, trace=300000, nelems=0, elem type=java.lang.Object[]@50000109)
ARR 50000d17 (sz=24, trace=300000, nelems=0, elem type=java.lang.Object[]@50000109)
ARR 50000d18 (sz=24, trace=300000, nelems=0, elem type=java.lang.Object[]@50000109)
ARR 50000d19 (sz=32, trace=300000, nelems=0, elem type=java.lang.Object[]@50000109)
ARR 50000d1a (sz=192, trace=300000, nelems=0, elem type=java.lang.Object[]@50000109)
ARR 50000d1b (sz=24, trace=300000, nelems=1, elem type=java.lang.Object[]@50000109)
	[0]		50001292
ARR 50000d1c (sz=296, trace=300000, nelems=67, elem type=java.lang.Object[]@50000109)
	[0]		50000d5d
	[25]		50001992
	[30]		50001993
	[41]		50000c74
	[60]		50001958
	[65]		50000da3
	[66]		50001994
ARR 50000d1d (sz=24, trace=300000, nelems=1, elem type=java.lang.Object[]@50000109)
	[0]		500016e6
ARR 50000d1e (sz=48, trace=300000, nelems=3, elem type=java.lang.Object[]@50000109)
	[2]		5000103c
ARR 50000d1f (sz=24, trace=300000, nelems=2, elem type=java.lang.Object[]@50000109)
	[0]		5000103f
	[1]		50001041
ARR 50000d20 (sz=24, trace=300000, nelems=0, elem type=java.lang.Object[]@50000109)
ARR 50000d21 (sz=48, trace=300000, nelems=8, elem type=java.lang.Object[]@50000109)
	[0]		50000d5d
	[1]		50001289
	[6]		50001041
	[7]		50001032
ARR 50000d22 (sz=56, trace=300000, nelems=8, elem type=java.lang.Object[]@50000109)
	[7]		50000da7
ARR 50000d23 (sz=32, trace=300000, nelems=3, elem type=java.lang.Object[]@50000109)
	[0]		5000103d
	[1]		500017a7
	[2]		50001041
ARR 50000d24 (sz=24, trace=300000, nelems=0, elem type=java.lang.Object[]@50000109)
ARR 50000d25 (sz=32, trace=300000, nelems=1, elem type=java.lang.Object[]@50000109)
	[0]		50000d5d
ARR 50000d26 (sz=32, trace=300000, nelems=0, elem type=java.lang.Object[]@50000109)
ARR 50000d27 (sz=24, trace=300000, nelems=0, elem type=java.lang.Object[]@50000109)
ARR 50000d28 (sz=24, trace=300000, nelems=1, elem type=java.lang.Object[]@50000109)
	[0]		50000eed
ARR 50000d29 (sz=56, trace=300000, nelems=0, elem type=java.lang.Object[]@50000109)
ARR 50000d2a (sz=24, trace=300000, nelems=0, elem type=java.lang.Object[]@50000109)
ARR 50000d2b (sz=64, trace=300000, nelems=7, elem type=java.lang.Object[]@50000109)
	[6]		500019a6
ARR 50000d2c (sz=40, trace=300000, nelems=5, elem type=java.lang.Object[]@50000109)
	[4]		500019a7
ARR 50000d2d (sz=48, trace=300000, nelems=6, elem type=java.lang.Object[]@50000109)
	[0]		50000d5d
	[2]		5000103c
	[3]		500019a2
	[4]		500019aa
	[5]		500019ab
ARR 50000d2e (sz=72, trace=300000, nelems=14, elem type=java.lang.Object[]@50000109)
	[0]		50000d5d
	[10]		500019ad
	[11]		500019ae
	[12]		50001142
	[13]		50001115
ARR 50000d2f (sz=48, trace=300000, nelems=0, elem type=java.lang.Object[]@50000109)
ARR 50000d30 (sz=24, trace=300000, nelems=0, elem type=java.lang.Object[]@50000109)
ARR 50000d31 (sz=64, trace=300000, nelems=0, elem type=java.lang.Object[]@50000109)
ARR 50000d32 (sz=48, trace=300000, nelems=0, elem type=java.lang.Object[]@50000109)
ARR 50000d33 (sz=24, trace=300000, nelems=0, elem type=java.lang.Object[]@50000109)
ARR 50000d34 (sz=168, trace=300000, nelems=38, elem type=java.lang.Object[]@50000109)
	[0]		500019da
	[1]		500019de
	[2]		500019d6
	[3]		500019e2
	[4]		500019ee
	[5]		500019c6
	[6]		500019ea
	[7]		500019d2
	[8]		500019f2
	[9]		500019f6
	[10]		500019c2
	[11]		500019b2
	[12]		500019ba
	[13]		500019be
	[14]		500019ce
	[15]		500019ca
	[16]		500019e6
	[17]		500019db
	[18]		500019e3
	[19]		50000c74
	[20]		500019b3
	[21]		500019bb
	[22]		500019bf
	[23]		500019c3
	[24]		500019df
	[25]		500019d7
	[26]		500019e7
	[27]		500019f3
	[28]		500019fa
	[29]		500019b7
	[30]		500019cf
	[31]		500019c7
	[32]		500019ef
	[33]		500019cb
	[34]		500019eb
	[35]		500019d3
	[36]		500019f9
	[37]		500019b6
ARR 50000d35 (sz=24, trace=300000, nelems=0, elem type=java.lang.Object[]@50000109)
ARR 50000d36 (sz=152, trace=300000, nelems=30, elem type=java.lang.Object[]@50000109)
	[0]		50000d5d
	[16]		500019fd
	[17]		500019fe
	[18]		500019ff
	[20]		50001a00
	[21]		50001a01
	[22]		50000eff
	[23]		50001a02
	[26]		50001a03
	[27]		50001a04
	[28]		50001011
	[29]		50001a05
ARR 50000d37 (sz=56, trace=300000, nelems=10, elem type=java.lang.Object[]@50000109)
	[0]		5000124a
	[1]		5000124b
	[2]		5000124c
	[3]		5000124d
	[4]		5000124e
	[5]		5000124f
	[6]		50001250
	[7]		50001251
	[8]		50001252
	[9]		50001253
ARR 50000d38 (sz=32, trace=300000, nelems=0, elem type=java.lang.Object[]@50000109)
ARR 50000d39 (sz=48, trace=300000, nelems=5, elem type=java.lang.Object[]@50000109)
	[2]		50001a11
	[3]		5000110c
	[4]		50001a12
ARR 50000d3a (sz=24, trace=300000, nelems=1, elem type=java.lang.Object[]@50000109)
	[0]		50001a0f
ARR 50000d3b (sz=32, trace=300000, nelems=0, elem type=java.lang.Object[]@50000109)
OBJ 50000d3c (sz=104, trace=300000, class=java.lang.Class@5000016a)
OBJ 50000d3d (sz=104, trace=300000, class=java.lang.Class@5000016a)
OBJ 50000d3e (sz=104, trace=300000, class=java.lang.Class@5000016a)
OBJ 50000d3f (sz=104, trace=300000, class=java.lang.Class@5000016a)
OBJ 50000d40 (sz=104, trace=300000, class=java.lang.Class@5000016a)
OBJ 50000d41 (sz=104, trace=300000, class=java.lang.Class@5000016a)
OBJ 50000d42 (sz=104, trace=300000, class=java.lang.Class@5000016a)
OBJ 50000d43 (sz=104, trace=300000, class=java.lang.Class@5000016a)
OBJ 50000d44 (sz=104, trace=300000, class=java.lang.Class@5000016a)
ARR 50000d45 (sz=16, trace=300000, nelems=0, elem type=java.lang.Class[]@50000104)
OBJ 50000d46 (sz=24, trace=300000, class=java.lang.String@5000016e)
	value		50001874
OBJ 50000d47 (sz=24, trace=300000, class=java.lang.String@5000016e)
	value		50001929
OBJ 50000d48 (sz=32, trace=300000, class=java.lang.OutOfMemoryError@50000156)
	detailMessage	50001927
OBJ 50000d49 (sz=32, trace=300000, class=java.lang.OutOfMemoryError@50000156)
	detailMessage	50001925
OBJ 50000d4a (sz=32, trace=300000, class=java.lang.OutOfMemoryError@50000156)
	detailMessage	50001923
OBJ 50000d4b (sz=32, trace=300000, class=java.lang.OutOfMemoryError@50000156)
	detailMessage	50001921
OBJ 50000d4c (sz=32, trace=300000, class=java.lang.OutOfMemoryError@50000156)
	detailMessage	5000191f
OBJ 50000d4d (sz=32, trace=300000, class=java.lang.OutOfMemoryError@50000156)
	detailMessage	5000191d
ARR 50000d4e (sz=32, trace=300000, nelems=4, elem type=java.lang.OutOfMemoryError[]@500000fe)
	[0]		50001919
	[1]		5000191a
	[2]		5000191b
	[3]		5000191c
OBJ 50000d4f (sz=32, trace=300000, class=java.lang.NullPointerException@50000103)
OBJ 50000d50 (sz=32, trace=300000, class=java.lang.ArithmeticException@50000102)
	detailMessage	50001917
OBJ 50000d51 (sz=32, trace=300000, class=java.lang.VirtualMachineError@50000157)
OBJ 50000d52 (sz=48, trace=300000, class=java.lang.ThreadGroup@50000149)
	parent		50000d53
	name		50001911
	threads		50001910
OBJ 50000d53 (sz=48, trace=300000, class=java.lang.ThreadGroup@50000149)
	name		50001175
	threads		500018f6
	groups		500018f5
OBJ 50000d54 (sz=32, trace=300000, class=java.lang.VirtualMachineError@50000157)
OBJ 50000d55 (sz=24, trace=300000, class=java.lang.String@5000016e)
	value		50001873
OBJ 50000d56 (sz=24, trace=300000, class=java.lang.String@5000016e)
	value		50001879
OBJ 50000d57 (sz=24, trace=300000, class=java.lang.String@5000016e)
	value		50001875
OBJ 50000d58 (sz=24, trace=300000, class=java.lang.String@5000016e)
	value		5000187b
OBJ 50000d59 (sz=24, trace=300000, class=java.lang.String@5000016e)
	value		500017a1
ARR 50000d5a (sz=1024, trace=300000, nelems=256, elem type=int[])
OBJ 50000d5b (sz=16, trace=300000, class=java.lang.CharacterDataLatin1@50000015)
OBJ 50000d5c (sz=24, trace=300000, class=java.lang.String@5000016e)
	value		50000efe
OBJ 50000d5d (sz=24, trace=300000, class=java.lang.String@5000016e)
	value		5000106c
OBJ 50000d5e (sz=24, trace=300000, class=java.lang.String@5000016e)
	value		5000188d
OBJ 50000d5f (sz=24, trace=300000, class=java.lang.String@5000016e)
	value		500018f4
OBJ 50000d60 (sz=24, trace=300000, class=java.lang.String@5000016e)
	value		500018f3
OBJ 50000d61 (sz=24, trace=300000, class=java.lang.String@5000016e)
	value		500018f2
OBJ 50000d62 (sz=24, trace=300000, class=java.lang.String@5000016e)
	value		50000e25
OBJ 50000d63 (sz=48, trace=300000, class=java.util.Properties@50000145)
	table		5000189b
	entrySet	5000189a
OBJ 50000d64 (sz=32, trace=300000, class=java.io.PrintStream@50000093)
	out		50001892
	textOut		50001891
	charOut		50001890
OBJ 50000d65 (sz=32, trace=300000, class=java.io.PrintStream@50000093)
	out		50001885
	textOut		50001884
	charOut		50001883
OBJ 50000d66 (sz=40, trace=300000, class=java.io.BufferedInputStream@500000ab)
	in		50000d68
	buf		50000d67
ARR 50000d67 (sz=8192, trace=300000, nelems=8192, elem type=byte[])
OBJ 50000d68 (sz=32, trace=300000, class=java.io.FileInputStream@500000b3)
	fd		50000d6a
	closeLock	50000d69
OBJ 50000d69 (sz=16, trace=300000, class=java.lang.Object@50000172)
OBJ 50000d6a (sz=40, trace=300000, class=java.io.FileDescriptor@500000b2)
	parent		50000d68
OBJ 50000d6b (sz=40, trace=300000, class=java.io.FileDescriptor@500000b2)
	parent		5000187c
OBJ 50000d6c (sz=40, trace=300000, class=java.io.FileDescriptor@500000b2)
	parent		50000d6d
OBJ 50000d6d (sz=32, trace=300000, class=java.io.FileOutputStream@500000ad)
	fd		50000d6c
	closeLock	50000d6e
OBJ 50000d6e (sz=16, trace=300000, class=java.lang.Object@50000172)
OBJ 50000d6f (sz=24, trace=300000, class=java.lang.String@5000016e)
	value		50000d72
OBJ 50000d70 (sz=24, trace=300000, class=java.lang.RuntimePermission@500000f1)
	name		50000d6f
	path		50000d6f
ARR 50000d71 (sz=16, trace=300000, nelems=0, elem type=java.lang.StackTraceElement[]@500000f5)
ARR 50000d72 (sz=64, trace=300000, nelems=32, elem type=char[])
OBJ 50000d73 (sz=24, trace=300000, class=java.lang.String@5000016e)
	value		5000187a
OBJ 50000d74 (sz=24, trace=300000, class=java.lang.String@5000016e)
	value		50001878
OBJ 50000d75 (sz=24, trace=300000, class=java.lang.String@5000016e)
	value		50001877
OBJ 50000d76 (sz=24, trace=300000, class=java.lang.String@5000016e)
	value		50001876
OBJ 50000d77 (sz=24, trace=300000, class=java.lang.String@5000016e)
	value		50000ec9
OBJ 50000d78 (sz=16, trace=300000, class=java.lang.String$CaseInsensitiveComparator@500000f9)
ARR 50000d79 (sz=16, trace=300000, nelems=0, elem type=java.io.ObjectStreamField[]@500000fb)
OBJ 50000d7a (sz=24, trace=300000, class=java.lang.String@5000016e)
	value		50001872
OBJ 50000d7b (sz=16, trace=300000, class=sun.reflect.ReflectionFactory@500000e2)
ARR 50000d7c (sz=16, trace=300000, nelems=0, elem type=java.io.ObjectStreamField[]@500000fb)
OBJ 50000d7d (sz=24, trace=300000, class=java.lang.String@5000016e)
	value		50000d80
OBJ 50000d7e (sz=16, trace=300000, class=java.lang.reflect.ReflectAccess@50000097)
OBJ 50000d7f (sz=24, trace=300000, class=java.lang.RuntimePermission@500000f1)
	name		50000d7d
	path		50000d7d
ARR 50000d80 (sz=46, trace=300000, nelems=23, elem type=char[])
OBJ 50000d81 (sz=24, trace=300000, class=java.lang.String@5000016e)
	value		50000d82
ARR 50000d82 (sz=12, trace=300000, nelems=6, elem type=char[])
OBJ 50000d83 (sz=24, trace=300000, class=java.lang.String@5000016e)
	value		50000d85
OBJ 50000d84 (sz=24, trace=300000, class=java.lang.reflect.ReflectPermission@500000ef)
	name		50000d83
	path		50000d83
ARR 50000d85 (sz=40, trace=300000, nelems=20, elem type=char[])
OBJ 50000d86 (sz=24, trace=300000, class=java.lang.String@5000016e)
	value		50000d89
OBJ 50000d87 (sz=24, trace=300000, class=java.lang.String@5000016e)
	value		50000d88
ARR 50000d88 (sz=46, trace=300000, nelems=23, elem type=char[])
ARR 50000d89 (sz=60, trace=300000, nelems=30, elem type=char[])
OBJ 50000d8a (sz=24, trace=300000, class=java.lang.String@5000016e)
	value		50000d95
OBJ 50000d8b (sz=24, trace=300000, class=java.lang.String@5000016e)
	value		50000d9a
OBJ 50000d8c (sz=24, trace=300000, class=java.lang.String@5000016e)
	value		50000d99
OBJ 50000d8d (sz=24, trace=300000, class=java.lang.String@5000016e)
	value		50000d97
OBJ 50000d8e (sz=48, trace=300000, class=java.util.HashMap@500000c6)
	table		50000d9b
OBJ 50000d8f (sz=48, trace=300000, class=java.util.HashMap@500000c6)
	table		50000d90
ARR 50000d90 (sz=80, trace=300000, nelems=11, elem type=java.util.HashMap$Node[]@500000c2)
	[2]		50000d91
	[5]		50000d92
	[10]		50000d93
OBJ 50000d91 (sz=32, trace=300000, class=java.util.HashMap$Node@500000c4)
	key		500000c7
	value		50000d98
OBJ 50000d92 (sz=32, trace=300000, class=java.util.HashMap$Node@500000c4)
	key		50000167
	value		50000d96
OBJ 50000d93 (sz=32, trace=300000, class=java.util.HashMap$Node@500000c4)
	key		5000016a
	value		50000d94
ARR 50000d94 (sz=24, trace=300000, nelems=1, elem type=java.lang.String[]@500000c8)
	[0]		50000d8a
ARR 50000d95 (sz=22, trace=300000, nelems=11, elem type=char[])
ARR 50000d96 (sz=24, trace=300000, nelems=1, elem type=java.lang.String[]@500000c8)
	[0]		50000d8d
ARR 50000d97 (sz=16, trace=300000, nelems=8, elem type=char[])
ARR 50000d98 (sz=24, trace=300000, nelems=2, elem type=java.lang.String[]@500000c8)
	[0]		50000d8b
	[1]		50000d8c
ARR 50000d99 (sz=30, trace=300000, nelems=15, elem type=char[])
ARR 50000d9a (sz=28, trace=300000, nelems=14, elem type=char[])
ARR 50000d9b (sz=80, trace=300000, nelems=4, elem type=java.util.HashMap$Node[]@500000c2)
	[3]		50000d9c
OBJ 50000d9c (sz=32, trace=300000, class=java.util.HashMap$Node@500000c4)
	key		50000121
	value		50000d9d
ARR 50000d9d (sz=24, trace=300000, nelems=1, elem type=java.lang.String[]@500000c8)
	[0]		50000d9e
OBJ 50000d9e (sz=24, trace=300000, class=java.lang.String@5000016e)
	value		50001869
OBJ 50000d9f (sz=16, trace=300000, class=sun.misc.Unsafe@50000121)
OBJ 50000da0 (sz=24, trace=300000, class=java.lang.String@5000016e)
	value		50001868
OBJ 50000da1 (sz=24, trace=300000, class=java.lang.String@5000016e)
	value		50001006
OBJ 50000da2 (sz=24, trace=300000, class=java.lang.String@5000016e)
	value		500017ac
OBJ 50000da3 (sz=24, trace=300000, class=java.lang.String@5000016e)
	value		50001867
OBJ 50000da4 (sz=24, trace=300000, class=java.lang.String@5000016e)
	value		50001866
OBJ 50000da5 (sz=24, trace=300000, class=java.lang.String@5000016e)
	value		50001865
OBJ 50000da6 (sz=24, trace=300000, class=java.lang.String@5000016e)
	value		50001864
OBJ 50000da7 (sz=24, trace=300000, class=java.lang.String@5000016e)
	value		500017b2
OBJ 50000da8 (sz=48, trace=300000, class=java.util.Properties@50000145)
	table		50000daa
OBJ 50000da9 (sz=16, trace=300000, class=java.lang.Object@50000172)
ARR 50000daa (sz=400, trace=300000, nelems=89, elem type=java.util.Hashtable$Entry[]@500000bf)
	[0]		50000dab
	[2]		50000dac
	[9]		50000dad
	[10]		50000dae
	[11]		50000daf
	[13]		50000db0
	[16]		50000db1
	[17]		50000db2
	[18]		50000db3
	[19]		50000db4
	[21]		50000db5
	[22]		50000db6
	[23]		50000db7
	[24]		50000db8
	[26]		50000db9
	[27]		50000dba
	[33]		50000dbb
	[38]		50000dbc
	[39]		50000dbd
	[40]		50000dbe
	[41]		50000dbf
	[44]		50000dc0
	[47]		50000dc1
	[49]		50000dc2
	[54]		50000dc3
	[57]		50000dc4
	[63]		50000dc5
	[64]		50000dc6
	[65]		50000dc7
	[67]		50000dc8
	[70]		50000dc9
	[72]		50000dca
	[76]		50000dcb
	[79]		50000dcc
	[80]		50000dcd
	[81]		50000dce
	[82]		50000dcf
	[86]		50000dd0
	[88]		50000dd1
OBJ 50000dab (sz=32, trace=300000, class=java.util.Hashtable$Entry@500000c0)
	key		50000ebf
	value		50000ebe
OBJ 50000dac (sz=32, trace=300000, class=java.util.Hashtable$Entry@500000c0)
	key		50000ebb
	value		50000eba
OBJ 50000dad (sz=32, trace=300000, class=java.util.Hashtable$Entry@500000c0)
	key		50000eb3
	value		50000eb2
	next		50000eb1
OBJ 50000dae (sz=32, trace=300000, class=java.util.Hashtable$Entry@500000c0)
	key		50000eae
	value		50000ead
OBJ 50000daf (sz=32, trace=300000, class=java.util.Hashtable$Entry@500000c0)
	key		50000eaa
	value		50000ea9
OBJ 50000db0 (sz=32, trace=300000, class=java.util.Hashtable$Entry@500000c0)
	key		50000ea6
	value		50000ea5
OBJ 50000db1 (sz=32, trace=300000, class=java.util.Hashtable$Entry@500000c0)
	key		50000ea2
	value		50000ea1
OBJ 50000db2 (sz=32, trace=300000, class=java.util.Hashtable$Entry@500000c0)
	key		50000e9e
	value		50000e9d
OBJ 50000db3 (sz=32, trace=300000, class=java.util.Hashtable$Entry@500000c0)
	key		50000e9a
	value		50000e99
OBJ 50000db4 (sz=32, trace=300000, class=java.util.Hashtable$Entry@500000c0)
	key		50000e96
	value		50000e95
OBJ 50000db5 (sz=32, trace=300000, class=java.util.Hashtable$Entry@500000c0)
	key		50000e8e
	value		50000e8d
	next		50000e8c
OBJ 50000db6 (sz=32, trace=300000, class=java.util.Hashtable$Entry@500000c0)
	key		50000e89
	value		50000e88
OBJ 50000db7 (sz=32, trace=300000, class=java.util.Hashtable$Entry@500000c0)
	key		50000e85
	value		50000e84
OBJ 50000db8 (sz=32, trace=300000, class=java.util.Hashtable$Entry@500000c0)
	key		50000e7d
	value		50000e7c
	next		50000e7b
OBJ 50000db9 (sz=32, trace=300000, class=java.util.Hashtable$Entry@500000c0)
	key		50000e6f
	value		50000e6e
	next		50000e6d
OBJ 50000dba (sz=32, trace=300000, class=java.util.Hashtable$Entry@500000c0)
	key		50000e6a
	value		50000e69
OBJ 50000dbb (sz=32, trace=300000, class=java.util.Hashtable$Entry@500000c0)
	key		50000e62
	value		50000e61
	next		50000e60
OBJ 50000dbc (sz=32, trace=300000, class=java.util.Hashtable$Entry@500000c0)
	key		50000e59
	value		50000e58
	next		50000e57
OBJ 50000dbd (sz=32, trace=300000, class=java.util.Hashtable$Entry@500000c0)
	key		50000e54
	value		50000e53
OBJ 50000dbe (sz=32, trace=300000, class=java.util.Hashtable$Entry@500000c0)
	key		50000e50
	value		50000e4f
OBJ 50000dbf (sz=32, trace=300000, class=java.util.Hashtable$Entry@500000c0)
	key		50000e4c
	value		50000e4b
OBJ 50000dc0 (sz=32, trace=300000, class=java.util.Hashtable$Entry@500000c0)
	key		50000e48
	value		50000e47
OBJ 50000dc1 (sz=32, trace=300000, class=java.util.Hashtable$Entry@500000c0)
	key		50000e44
	value		50000e43
OBJ 50000dc2 (sz=32, trace=300000, class=java.util.Hashtable$Entry@500000c0)
	key		50000e3c
	value		50000e3b
	next		50000e3a
OBJ 50000dc3 (sz=32, trace=300000, class=java.util.Hashtable$Entry@500000c0)
	key		50000e37
	value		50000e36
OBJ 50000dc4 (sz=32, trace=300000, class=java.util.Hashtable$Entry@500000c0)
	key		50000e33
	value		50000e32
OBJ 50000dc5 (sz=32, trace=300000, class=java.util.Hashtable$Entry@500000c0)
	key		50000e2f
	value		50000e2e
OBJ 50000dc6 (sz=32, trace=300000, class=java.util.Hashtable$Entry@500000c0)
	key		50000e2b
	value		50000e2a
OBJ 50000dc7 (sz=32, trace=300000, class=java.util.Hashtable$Entry@500000c0)
	key		50000e27
	value		50000e26
OBJ 50000dc8 (sz=32, trace=300000, class=java.util.Hashtable$Entry@500000c0)
	key		50000e20
	value		50000e1f
	next		50000e1e
OBJ 50000dc9 (sz=32, trace=300000, class=java.util.Hashtable$Entry@500000c0)
	key		50000e17
	value		50000e16
	next		50000e15
OBJ 50000dca (sz=32, trace=300000, class=java.util.Hashtable$Entry@500000c0)
	key		50000e12
	value		50000e11
OBJ 50000dcb (sz=32, trace=300000, class=java.util.Hashtable$Entry@500000c0)
	key		50000e0a
	value		50000e09
	next		50000e08
OBJ 50000dcc (sz=32, trace=300000, class=java.util.Hashtable$Entry@500000c0)
	key		50000df7
	value		50000df6
	next		50000df5
OBJ 50000dcd (sz=32, trace=300000, class=java.util.Hashtable$Entry@500000c0)
	key		50000dee
	value		50000ded
	next		50000dec
OBJ 50000dce (sz=32, trace=300000, class=java.util.Hashtable$Entry@500000c0)
	key		50000de9
	value		50000de8
OBJ 50000dcf (sz=32, trace=300000, class=java.util.Hashtable$Entry@500000c0)
	key		50000de1
	value		50000de0
	next		50000ddf
OBJ 50000dd0 (sz=32, trace=300000, class=java.util.Hashtable$Entry@500000c0)
	key		50000ddc
	value		50000ddb
OBJ 50000dd1 (sz=32, trace=300000, class=java.util.Hashtable$Entry@500000c0)
	key		50000dd4
	value		50000dd3
	next		50000dd2
OBJ 50000dd2 (sz=32, trace=300000, class=java.util.Hashtable$Entry@500000c0)
	key		50000dd8
	value		50000dd7
OBJ 50000dd3 (sz=24, trace=300000, class=java.lang.String@5000016e)
	value		50000dd6
OBJ 50000dd4 (sz=24, trace=300000, class=java.lang.String@5000016e)
	value		50000dd5
ARR 50000dd5 (sz=42, trace=300000, nelems=21, elem type=char[])
ARR 50000dd6 (sz=76, trace=300000, nelems=38, elem type=char[])
OBJ 50000dd7 (sz=24, trace=300000, class=java.lang.String@5000016e)
	value		50000dda
OBJ 50000dd8 (sz=24, trace=300000, class=java.lang.String@5000016e)
	value		50000dd9
ARR 50000dd9 (sz=30, trace=300000, nelems=15, elem type=char[])
ARR 50000dda (sz=20, trace=300000, nelems=10, elem type=char[])
OBJ 50000ddb (sz=24, trace=300000, class=java.lang.String@5000016e)
	value		50000dde
OBJ 50000ddc (sz=24, trace=300000, class=java.lang.String@5000016e)
	value		50000ddd
ARR 50000ddd (sz=38, trace=300000, nelems=19, elem type=char[])
ARR 50000dde (sz=4, trace=300000, nelems=2, elem type=char[])
OBJ 50000ddf (sz=32, trace=300000, class=java.util.Hashtable$Entry@500000c0)
	key		50000de5
	value		50000de4
OBJ 50000de0 (sz=24, trace=300000, class=java.lang.String@5000016e)
	value		50000de3
OBJ 50000de1 (sz=24, trace=300000, class=java.lang.String@5000016e)
	value		50000de2
ARR 50000de2 (sz=28, trace=300000, nelems=14, elem type=char[])
ARR 50000de3 (sz=36, trace=300000, nelems=18, elem type=char[])
OBJ 50000de4 (sz=24, trace=300000, class=java.lang.String@5000016e)
	value		50000de7
OBJ 50000de5 (sz=24, trace=300000, class=java.lang.String@5000016e)
	value		50000de6
ARR 50000de6 (sz=30, trace=300000, nelems=15, elem type=char[])
ARR 50000de7 (sz=46, trace=300000, nelems=23, elem type=char[])
OBJ 50000de8 (sz=24, trace=300000, class=java.lang.String@5000016e)
	value		50000deb
OBJ 50000de9 (sz=24, trace=300000, class=java.lang.String@5000016e)
	value		50000dea
ARR 50000dea (sz=28, trace=300000, nelems=14, elem type=char[])
ARR 50000deb (sz=2, trace=300000, nelems=1, elem type=char[])
OBJ 50000dec (sz=32, trace=300000, class=java.util.Hashtable$Entry@500000c0)
	key		50000df2
	value		50000df1
OBJ 50000ded (sz=24, trace=300000, class=java.lang.String@5000016e)
	value		50000df0
OBJ 50000dee (sz=24, trace=300000, class=java.lang.String@5000016e)
	value		50000def
ARR 50000def (sz=24, trace=300000, nelems=12, elem type=char[])
ARR 50000df0 (sz=66, trace=300000, nelems=33, elem type=char[])
OBJ 50000df1 (sz=24, trace=300000, class=java.lang.String@5000016e)
	value		50000df4
OBJ 50000df2 (sz=24, trace=300000, class=java.lang.String@5000016e)
	value		50000df3
ARR 50000df3 (sz=34, trace=300000, nelems=17, elem type=char[])
ARR 50000df4 (sz=12, trace=300000, nelems=6, elem type=char[])
OBJ 50000df5 (sz=32, trace=300000, class=java.util.Hashtable$Entry@500000c0)
	key		50000dfc
	value		50000dfb
	next		50000dfa
OBJ 50000df6 (sz=24, trace=300000, class=java.lang.String@5000016e)
	value		50000df9
OBJ 50000df7 (sz=24, trace=300000, class=java.lang.String@5000016e)
	value		50000df8
ARR 50000df8 (sz=22, trace=300000, nelems=11, elem type=char[])
ARR 50000df9 (sz=0, trace=300000, nelems=0, elem type=char[])
OBJ 50000dfa (sz=32, trace=300000, class=java.util.Hashtable$Entry@500000c0)
	key		50000e01
	value		50000e00
	next		50000dff
OBJ 50000dfb (sz=24, trace=300000, class=java.lang.String@5000016e)
	value		50000dfe
OBJ 50000dfc (sz=24, trace=300000, class=java.lang.String@5000016e)
	value		50000dfd
ARR 50000dfd (sz=24, trace=300000, nelems=12, elem type=char[])
ARR 50000dfe (sz=4, trace=300000, nelems=2, elem type=char[])
OBJ 50000dff (sz=32, trace=300000, class=java.util.Hashtable$Entry@500000c0)
	key		50000e05
	value		50000e04
OBJ 50000e00 (sz=24, trace=300000, class=java.lang.String@5000016e)
	value		50000e03
OBJ 50000e01 (sz=24, trace=300000, class=java.lang.String@5000016e)
	value		50000e02
ARR 50000e02 (sz=34, trace=300000, nelems=17, elem type=char[])
ARR 50000e03 (sz=24, trace=300000, nelems=12, elem type=char[])
OBJ 50000e04 (sz=24, trace=300000, class=java.lang.String@5000016e)
	value		50000e07
OBJ 50000e05 (sz=24, trace=300000, class=java.lang.String@5000016e)
	value		50000e06
ARR 50000e06 (sz=36, trace=300000, nelems=18, elem type=char[])
ARR 50000e07 (sz=0, trace=300000, nelems=0, elem type=char[])
OBJ 50000e08 (sz=32, trace=300000, class=java.util.Hashtable$Entry@500000c0)
	key		50000e0e
	value		50000e0d
OBJ 50000e09 (sz=24, trace=300000, class=java.lang.String@5000016e)
	value		50000e0c
OBJ 50000e0a (sz=24, trace=300000, class=java.lang.String@5000016e)
	value		50000e0b
ARR 50000e0b (sz=52, trace=300000, nelems=26, elem type=char[])
ARR 50000e0c (sz=68, trace=300000, nelems=34, elem type=char[])
OBJ 50000e0d (sz=24, trace=300000, class=java.lang.String@5000016e)
	value		50000e10
OBJ 50000e0e (sz=24, trace=300000, class=java.lang.String@5000016e)
	value		50000e0f
ARR 50000e0f (sz=16, trace=300000, nelems=8, elem type=char[])
ARR 50000e10 (sz=124, trace=300000, nelems=62, elem type=char[])
OBJ 50000e11 (sz=24, trace=300000, class=java.lang.String@5000016e)
	value		50000e14
OBJ 50000e12 (sz=24, trace=300000, class=java.lang.String@5000016e)
	value		50000e13
ARR 50000e13 (sz=40, trace=300000, nelems=20, elem type=char[])
ARR 50000e14 (sz=64, trace=300000, nelems=32, elem type=char[])
OBJ 50000e15 (sz=32, trace=300000, class=java.util.Hashtable$Entry@500000c0)
	key		50000e1b
	value		50000e1a
OBJ 50000e16 (sz=24, trace=300000, class=java.lang.String@5000016e)
	value		50000e19
OBJ 50000e17 (sz=24, trace=300000, class=java.lang.String@5000016e)
	value		50000e18
ARR 50000e18 (sz=36, trace=300000, nelems=18, elem type=char[])
ARR 50000e19 (sz=94, trace=300000, nelems=47, elem type=char[])
OBJ 50000e1a (sz=24, trace=300000, class=java.lang.String@5000016e)
	value		50000e1d
OBJ 50000e1b (sz=24, trace=300000, class=java.lang.String@5000016e)
	value		50000e1c
ARR 50000e1c (sz=14, trace=300000, nelems=7, elem type=char[])
ARR 50000e1d (sz=10, trace=300000, nelems=5, elem type=char[])
OBJ 50000e1e (sz=32, trace=300000, class=java.util.Hashtable$Entry@500000c0)
	key		50000e23
	value		50000d62
OBJ 50000e1f (sz=24, trace=300000, class=java.lang.String@5000016e)
	value		50000e22
OBJ 50000e20 (sz=24, trace=300000, class=java.lang.String@5000016e)
	value		50000e21
ARR 50000e21 (sz=28, trace=300000, nelems=14, elem type=char[])
ARR 50000e22 (sz=70, trace=300000, nelems=35, elem type=char[])
OBJ 50000e23 (sz=24, trace=300000, class=java.lang.String@5000016e)
	value		50000e24
ARR 50000e24 (sz=28, trace=300000, nelems=14, elem type=char[])
ARR 50000e25 (sz=4, trace=300000, nelems=2, elem type=char[])
OBJ 50000e26 (sz=24, trace=300000, class=java.lang.String@5000016e)
	value		50000e29
OBJ 50000e27 (sz=24, trace=300000, class=java.lang.String@5000016e)
	value		50000e28
ARR 50000e28 (sz=56, trace=300000, nelems=28, elem type=char[])
ARR 50000e29 (sz=36, trace=300000, nelems=18, elem type=char[])
OBJ 50000e2a (sz=24, trace=300000, class=java.lang.String@5000016e)
	value		50000e2d
OBJ 50000e2b (sz=24, trace=300000, class=java.lang.String@5000016e)
	value		50000e2c
ARR 50000e2c (sz=24, trace=300000, nelems=12, elem type=char[])
ARR 50000e2d (sz=0, trace=300000, nelems=0, elem type=char[])
OBJ 50000e2e (sz=24, trace=300000, class=java.lang.String@5000016e)
	value		50000e31
OBJ 50000e2f (sz=24, trace=300000, class=java.lang.String@5000016e)
	value		50000e30
ARR 50000e30 (sz=14, trace=300000, nelems=7, elem type=char[])
ARR 50000e31 (sz=20, trace=300000, nelems=10, elem type=char[])
OBJ 50000e32 (sz=24, trace=300000, class=java.lang.String@5000016e)
	value		50000e35
OBJ 50000e33 (sz=24, trace=300000, class=java.lang.String@5000016e)
	value		50000e34
ARR 50000e34 (sz=32, trace=300000, nelems=16, elem type=char[])
ARR 50000e35 (sz=12, trace=300000, nelems=6, elem type=char[])
OBJ 50000e36 (sz=24, trace=300000, class=java.lang.String@5000016e)
	value		50000e39
OBJ 50000e37 (sz=24, trace=300000, class=java.lang.String@5000016e)
	value		50000e38
ARR 50000e38 (sz=34, trace=300000, nelems=17, elem type=char[])
ARR 50000e39 (sz=2544, trace=300000, nelems=1272, elem type=char[])
OBJ 50000e3a (sz=32, trace=300000, class=java.util.Hashtable$Entry@500000c0)
	key		50000e40
	value		50000e3f
OBJ 50000e3b (sz=24, trace=300000, class=java.lang.String@5000016e)
	value		50000e3e
OBJ 50000e3c (sz=24, trace=300000, class=java.lang.String@5000016e)
	value		50000e3d
ARR 50000e3d (sz=46, trace=300000, nelems=23, elem type=char[])
ARR 50000e3e (sz=62, trace=300000, nelems=31, elem type=char[])
OBJ 50000e3f (sz=24, trace=300000, class=java.lang.String@5000016e)
	value		50000e42
OBJ 50000e40 (sz=24, trace=300000, class=java.lang.String@5000016e)
	value		50000e41
ARR 50000e41 (sz=36, trace=300000, nelems=18, elem type=char[])
ARR 50000e42 (sz=8, trace=300000, nelems=4, elem type=char[])
OBJ 50000e43 (sz=24, trace=300000, class=java.lang.String@5000016e)
	value		50000e46
OBJ 50000e44 (sz=24, trace=300000, class=java.lang.String@5000016e)
	value		50000e45
ARR 50000e45 (sz=46, trace=300000, nelems=23, elem type=char[])
ARR 50000e46 (sz=62, trace=300000, nelems=31, elem type=char[])
OBJ 50000e47 (sz=24, trace=300000, class=java.lang.String@5000016e)
	value		50000e4a
OBJ 50000e48 (sz=24, trace=300000, class=java.lang.String@5000016e)
	value		50000e49
ARR 50000e49 (sz=20, trace=300000, nelems=10, elem type=char[])
ARR 50000e4a (sz=8, trace=300000, nelems=4, elem type=char[])
OBJ 50000e4b (sz=24, trace=300000, class=java.lang.String@5000016e)
	value		50000e4e
OBJ 50000e4c (sz=24, trace=300000, class=java.lang.String@5000016e)
	value		50000e4d
ARR 50000e4d (sz=18, trace=300000, nelems=9, elem type=char[])
ARR 50000e4e (sz=30, trace=300000, nelems=15, elem type=char[])
OBJ 50000e4f (sz=24, trace=300000, class=java.lang.String@5000016e)
	value		50000e52
OBJ 50000e50 (sz=24, trace=300000, class=java.lang.String@5000016e)
	value		50000e51
ARR 50000e51 (sz=26, trace=300000, nelems=13, elem type=char[])
ARR 50000e52 (sz=0, trace=300000, nelems=0, elem type=char[])
OBJ 50000e53 (sz=24, trace=300000, class=java.lang.String@5000016e)
	value		50000e56
OBJ 50000e54 (sz=24, trace=300000, class=java.lang.String@5000016e)
	value		50000e55
ARR 50000e55 (sz=38, trace=300000, nelems=19, elem type=char[])
ARR 50000e56 (sz=54, trace=300000, nelems=27, elem type=char[])
OBJ 50000e57 (sz=32, trace=300000, class=java.util.Hashtable$Entry@500000c0)
	key		50000e5d
	value		50000e5c
OBJ 50000e58 (sz=24, trace=300000, class=java.lang.String@5000016e)
	value		50000e5b
OBJ 50000e59 (sz=24, trace=300000, class=java.lang.String@5000016e)
	value		50000e5a
ARR 50000e5a (sz=26, trace=300000, nelems=13, elem type=char[])
ARR 50000e5b (sz=12, trace=300000, nelems=6, elem type=char[])
OBJ 50000e5c (sz=24, trace=300000, class=java.lang.String@5000016e)
	value		50000e5f
OBJ 50000e5d (sz=24, trace=300000, class=java.lang.String@5000016e)
	value		50000e5e
ARR 50000e5e (sz=52, trace=300000, nelems=26, elem type=char[])
ARR 50000e5f (sz=6, trace=300000, nelems=3, elem type=char[])
OBJ 50000e60 (sz=32, trace=300000, class=java.util.Hashtable$Entry@500000c0)
	key		50000e66
	value		50000e65
OBJ 50000e61 (sz=24, trace=300000, class=java.lang.String@5000016e)
	value		50000e64
OBJ 50000e62 (sz=24, trace=300000, class=java.lang.String@5000016e)
	value		50000e63
ARR 50000e63 (sz=18, trace=300000, nelems=9, elem type=char[])
ARR 50000e64 (sz=12, trace=300000, nelems=6, elem type=char[])
OBJ 50000e65 (sz=24, trace=300000, class=java.lang.String@5000016e)
	value		50000e68
OBJ 50000e66 (sz=24, trace=300000, class=java.lang.String@5000016e)
	value		50000e67
ARR 50000e67 (sz=30, trace=300000, nelems=15, elem type=char[])
ARR 50000e68 (sz=124, trace=300000, nelems=62, elem type=char[])
OBJ 50000e69 (sz=24, trace=300000, class=java.lang.String@5000016e)
	value		50000e6c
OBJ 50000e6a (sz=24, trace=300000, class=java.lang.String@5000016e)
	value		50000e6b
ARR 50000e6b (sz=58, trace=300000, nelems=29, elem type=char[])
ARR 50000e6c (sz=6, trace=300000, nelems=3, elem type=char[])
OBJ 50000e6d (sz=32, trace=300000, class=java.util.Hashtable$Entry@500000c0)
	key		50000e74
	value		50000e73
	next		50000e72
OBJ 50000e6e (sz=24, trace=300000, class=java.lang.String@5000016e)
	value		50000e71
OBJ 50000e6f (sz=24, trace=300000, class=java.lang.String@5000016e)
	value		50000e70
ARR 50000e70 (sz=38, trace=300000, nelems=19, elem type=char[])
ARR 50000e71 (sz=4, trace=300000, nelems=2, elem type=char[])
OBJ 50000e72 (sz=32, trace=300000, class=java.util.Hashtable$Entry@500000c0)
	key		50000e78
	value		50000e77
OBJ 50000e73 (sz=24, trace=300000, class=java.lang.String@5000016e)
	value		50000e76
OBJ 50000e74 (sz=24, trace=300000, class=java.lang.String@5000016e)
	value		50000e75
ARR 50000e75 (sz=18, trace=300000, nelems=9, elem type=char[])
ARR 50000e76 (sz=68, trace=300000, nelems=34, elem type=char[])
OBJ 50000e77 (sz=24, trace=300000, class=java.lang.String@5000016e)
	value		50000e7a
OBJ 50000e78 (sz=24, trace=300000, class=java.lang.String@5000016e)
	value		50000e79
ARR 50000e79 (sz=32, trace=300000, nelems=16, elem type=char[])
ARR 50000e7a (sz=80, trace=300000, nelems=40, elem type=char[])
OBJ 50000e7b (sz=32, trace=300000, class=java.util.Hashtable$Entry@500000c0)
	key		50000e81
	value		50000e80
OBJ 50000e7c (sz=24, trace=300000, class=java.lang.String@5000016e)
	value		50000e7f
OBJ 50000e7d (sz=24, trace=300000, class=java.lang.String@5000016e)
	value		50000e7e
ARR 50000e7e (sz=50, trace=300000, nelems=25, elem type=char[])
ARR 50000e7f (sz=36, trace=300000, nelems=18, elem type=char[])
OBJ 50000e80 (sz=24, trace=300000, class=java.lang.String@5000016e)
	value		50000e83
OBJ 50000e81 (sz=24, trace=300000, class=java.lang.String@5000016e)
	value		50000e82
ARR 50000e82 (sz=26, trace=300000, nelems=13, elem type=char[])
ARR 50000e83 (sz=4, trace=300000, nelems=2, elem type=char[])
OBJ 50000e84 (sz=24, trace=300000, class=java.lang.String@5000016e)
	value		50000e87
OBJ 50000e85 (sz=24, trace=300000, class=java.lang.String@5000016e)
	value		50000e86
ARR 50000e86 (sz=40, trace=300000, nelems=20, elem type=char[])
ARR 50000e87 (sz=4, trace=300000, nelems=2, elem type=char[])
OBJ 50000e88 (sz=24, trace=300000, class=java.lang.String@5000016e)
	value		50000e8b
OBJ 50000e89 (sz=24, trace=300000, class=java.lang.String@5000016e)
	value		50000e8a
ARR 50000e8a (sz=22, trace=300000, nelems=11, elem type=char[])
ARR 50000e8b (sz=48, trace=300000, nelems=24, elem type=char[])
OBJ 50000e8c (sz=32, trace=300000, class=java.util.Hashtable$Entry@500000c0)
	key		50000e92
	value		50000e91
OBJ 50000e8d (sz=24, trace=300000, class=java.lang.String@5000016e)
	value		50000e90
OBJ 50000e8e (sz=24, trace=300000, class=java.lang.String@5000016e)
	value		50000e8f
ARR 50000e8f (sz=24, trace=300000, nelems=12, elem type=char[])
ARR 50000e90 (sz=38, trace=300000, nelems=19, elem type=char[])
OBJ 50000e91 (sz=24, trace=300000, class=java.lang.String@5000016e)
	value		50000e94
OBJ 50000e92 (sz=24, trace=300000, class=java.lang.String@5000016e)
	value		50000e93
ARR 50000e93 (sz=54, trace=300000, nelems=27, elem type=char[])
ARR 50000e94 (sz=4, trace=300000, nelems=2, elem type=char[])
OBJ 50000e95 (sz=24, trace=300000, class=java.lang.String@5000016e)
	value		50000e98
OBJ 50000e96 (sz=24, trace=300000, class=java.lang.String@5000016e)
	value		50000e97
ARR 50000e97 (sz=24, trace=300000, nelems=12, elem type=char[])
ARR 50000e98 (sz=18, trace=300000, nelems=9, elem type=char[])
OBJ 50000e99 (sz=24, trace=300000, class=java.lang.String@5000016e)
	value		50000e9c
OBJ 50000e9a (sz=24, trace=300000, class=java.lang.String@5000016e)
	value		50000e9b
ARR 50000e9b (sz=26, trace=300000, nelems=13, elem type=char[])
ARR 50000e9c (sz=140, trace=300000, nelems=70, elem type=char[])
OBJ 50000e9d (sz=24, trace=300000, class=java.lang.String@5000016e)
	value		50000ea0
OBJ 50000e9e (sz=24, trace=300000, class=java.lang.String@5000016e)
	value		50000e9f
ARR 50000e9f (sz=38, trace=300000, nelems=19, elem type=char[])
ARR 50000ea0 (sz=778, trace=300000, nelems=389, elem type=char[])
OBJ 50000ea1 (sz=24, trace=300000, class=java.lang.String@5000016e)
	value		50000ea4
OBJ 50000ea2 (sz=24, trace=300000, class=java.lang.String@5000016e)
	value		50000ea3
ARR 50000ea3 (sz=22, trace=300000, nelems=11, elem type=char[])
ARR 50000ea4 (sz=36, trace=300000, nelems=18, elem type=char[])
OBJ 50000ea5 (sz=24, trace=300000, class=java.lang.String@5000016e)
	value		50000ea8
OBJ 50000ea6 (sz=24, trace=300000, class=java.lang.String@5000016e)
	value		50000ea7
ARR 50000ea7 (sz=28, trace=300000, nelems=14, elem type=char[])
ARR 50000ea8 (sz=2, trace=300000, nelems=1, elem type=char[])
OBJ 50000ea9 (sz=24, trace=300000, class=java.lang.String@5000016e)
	value		50000eac
OBJ 50000eaa (sz=24, trace=300000, class=java.lang.String@5000016e)
	value		50000eab
ARR 50000eab (sz=38, trace=300000, nelems=19, elem type=char[])
ARR 50000eac (sz=70, trace=300000, nelems=35, elem type=char[])
OBJ 50000ead (sz=24, trace=300000, class=java.lang.String@5000016e)
	value		50000eb0
OBJ 50000eae (sz=24, trace=300000, class=java.lang.String@5000016e)
	value		50000eaf
ARR 50000eaf (sz=62, trace=300000, nelems=31, elem type=char[])
ARR 50000eb0 (sz=10, trace=300000, nelems=5, elem type=char[])
OBJ 50000eb1 (sz=32, trace=300000, class=java.util.Hashtable$Entry@500000c0)
	key		50000eb7
	value		50000eb6
OBJ 50000eb2 (sz=24, trace=300000, class=java.lang.String@5000016e)
	value		50000eb5
OBJ 50000eb3 (sz=24, trace=300000, class=java.lang.String@5000016e)
	value		50000eb4
ARR 50000eb4 (sz=28, trace=300000, nelems=14, elem type=char[])
ARR 50000eb5 (sz=12, trace=300000, nelems=6, elem type=char[])
OBJ 50000eb6 (sz=24, trace=300000, class=java.lang.String@5000016e)
	value		50000eb9
OBJ 50000eb7 (sz=24, trace=300000, class=java.lang.String@5000016e)
	value		50000eb8
ARR 50000eb8 (sz=46, trace=300000, nelems=23, elem type=char[])
ARR 50000eb9 (sz=26, trace=300000, nelems=13, elem type=char[])
OBJ 50000eba (sz=24, trace=300000, class=java.lang.String@5000016e)
	value		50000ebd
OBJ 50000ebb (sz=24, trace=300000, class=java.lang.String@5000016e)
	value		50000ebc
ARR 50000ebc (sz=22, trace=300000, nelems=11, elem type=char[])
ARR 50000ebd (sz=14, trace=300000, nelems=7, elem type=char[])
OBJ 50000ebe (sz=24, trace=300000, class=java.lang.String@5000016e)
	value		50000ec1
OBJ 50000ebf (sz=24, trace=300000, class=java.lang.String@5000016e)
	value		50000ec0
ARR 50000ec0 (sz=30, trace=300000, nelems=15, elem type=char[])
ARR 50000ec1 (sz=10, trace=300000, nelems=5, elem type=char[])
ARR 50000ec2 (sz=32, trace=300000, nelems=16, elem type=char[])
OBJ 50000ec3 (sz=24, trace=300000, class=java.util.Collections$EmptyMap@500000d7)
OBJ 50000ec4 (sz=16, trace=300000, class=java.util.Collections$EmptyList@500000d9)
OBJ 50000ec5 (sz=16, trace=300000, class=java.util.Collections$EmptySet@500000da)
OBJ 50000ec6 (sz=24, trace=300000, class=java.lang.String@5000016e)
	value		50000eca
OBJ 50000ec7 (sz=16, trace=300000, class=java.lang.Boolean@50000112)
OBJ 50000ec8 (sz=16, trace=300000, class=java.lang.Boolean@50000112)
ARR 50000ec9 (sz=8, trace=300000, nelems=4, elem type=char[])
ARR 50000eca (sz=14, trace=300000, nelems=7, elem type=char[])
OBJ 50000ecb (sz=24, trace=300000, class=java.lang.String@5000016e)
	value		50000ecc
ARR 50000ecc (sz=70, trace=300000, nelems=35, elem type=char[])
OBJ 50000ecd (sz=24, trace=300000, class=java.lang.String@5000016e)
	value		50001863
OBJ 50000ece (sz=24, trace=300000, class=java.lang.String@5000016e)
	value		50001862
ARR 50000ecf (sz=24, trace=300000, nelems=1, elem type=java.lang.String[]@500000c8)
	[0]		50000dd3
ARR 50000ed0 (sz=168, trace=300000, nelems=37, elem type=java.lang.String[]@500000c8)
	[0]		5000180b
	[1]		5000180c
	[2]		5000180d
	[3]		5000180e
	[4]		5000180f
	[5]		50001810
	[6]		50001811
	[7]		50001812
	[8]		50001813
	[9]		50001814
	[10]		50001815
	[11]		50001816
	[12]		50001817
	[13]		50001818
	[14]		50001819
	[15]		5000181a
	[16]		5000181b
	[17]		5000181c
	[18]		5000181d
	[19]		5000181e
	[20]		5000181f
	[21]		50001820
	[22]		50001821
	[23]		50001822
	[24]		50001823
	[25]		50001824
	[26]		50001825
	[27]		50001826
	[28]		50001827
	[29]		50001828
	[30]		50001829
	[31]		5000182a
	[32]		5000182b
	[33]		5000182c
	[34]		5000182d
	[35]		5000182e
	[36]		5000182f
OBJ 50000ed1 (sz=32, trace=300000, class=java.util.Stack@500000e3)
	elementData	5000180a
OBJ 50000ed2 (sz=32, trace=300000, class=java.util.Vector@500000e4)
	elementData	50001808
OBJ 50000ed3 (sz=32, trace=300000, class=java.util.Vector@500000e4)
	elementData	50001807
ARR 50000ed4 (sz=16, trace=300000, nelems=0, elem type=java.security.cert.Certificate[]@500000eb)
OBJ 50000ed5 (sz=48, trace=300000, class=sun.misc.URLClassPath@50000004)
	path		500017fb
	urls		500017fa
	loaders		500017f9
	lmap		500017f8
	jarHandler	500017f7
	acc		50000ed7
OBJ 50000ed6 (sz=48, trace=300000, class=java.util.WeakHashMap@5000009b)
	table		50001805
	queue		50001804
OBJ 50000ed7 (sz=40, trace=300000, class=java.security.AccessControlContext@5000015f)
OBJ 50000ed8 (sz=48, trace=300000, class=java.util.HashMap@500000c6)
OBJ 50000ed9 (sz=16, trace=300000, class=java.lang.Object@50000172)
OBJ 50000eda (sz=32, trace=300000, class=java.util.Vector@500000e4)
	elementData	500017f6
OBJ 50000edb (sz=48, trace=300000, class=java.util.HashMap@500000c6)
OBJ 50000edc (sz=24, trace=300000, class=java.util.Collections$SynchronizedSet@500000ba)
	c		500017f4
	mutex		50000edc
OBJ 50000edd (sz=40, trace=300000, class=java.security.ProtectionDomain@50000160)
	codesource	500017f3
	classloader	50000c75
	principals	500017f2
	key		500017f1
OBJ 50000ede (sz=32, trace=300000, class=java.util.Vector@500000e4)
	elementData	500017f0
OBJ 50000edf (sz=64, trace=300000, class=java.util.concurrent.ConcurrentHashMap@5000002b)
OBJ 50000ee0 (sz=64, trace=300000, class=java.util.concurrent.ConcurrentHashMap@5000002b)
	table		50000454
OBJ 50000ee1 (sz=48, trace=300000, class=java.util.WeakHashMap@5000009b)
	table		500017e4
	queue		500017e3
OBJ 50000ee2 (sz=40, trace=300000, class=java.security.AccessControlContext@5000015f)
OBJ 50000ee3 (sz=48, trace=300000, class=sun.misc.URLClassPath@50000004)
	path		500017bc
	urls		500017bb
	loaders		500017ba
	lmap		500017b9
	jarHandler	500017b8
	acc		50000ee2
OBJ 50000ee4 (sz=48, trace=300000, class=java.util.HashMap@500000c6)
OBJ 50000ee5 (sz=16, trace=300000, class=java.lang.Object@50000172)
OBJ 50000ee6 (sz=32, trace=300000, class=java.util.Vector@500000e4)
	elementData	500017b7
OBJ 50000ee7 (sz=48, trace=300000, class=java.util.HashMap@500000c6)
OBJ 50000ee8 (sz=24, trace=300000, class=java.util.Collections$SynchronizedSet@500000ba)
	c		500017b4
	mutex		50000ee8
OBJ 50000ee9 (sz=40, trace=300000, class=java.security.ProtectionDomain@50000160)
	codesource	50001023
	classloader	50000c77
	principals	50001022
	key		50001021
OBJ 50000eea (sz=32, trace=300000, class=java.util.Vector@500000e4)
	elementData	50001020
OBJ 50000eeb (sz=64, trace=300000, class=java.util.concurrent.ConcurrentHashMap@5000002b)
OBJ 50000eec (sz=64, trace=300000, class=java.util.concurrent.ConcurrentHashMap@5000002b)
	table		50000457
OBJ 50000eed (sz=24, trace=300000, class=java.lang.String@5000016e)
	value		50000eee
ARR 50000eee (sz=62, trace=300000, nelems=31, elem type=char[])
OBJ 50000eef (sz=24, trace=300000, class=java.lang.String@5000016e)
	value		50001017
OBJ 50000ef0 (sz=24, trace=300000, class=java.lang.String@5000016e)
	value		50000efc
OBJ 50000ef1 (sz=24, trace=300000, class=java.lang.String@5000016e)
	value		50001019
OBJ 50000ef2 (sz=24, trace=300000, class=java.lang.String@5000016e)
	value		5000101f
OBJ 50000ef3 (sz=24, trace=300000, class=java.lang.String@5000016e)
	value		5000101e
OBJ 50000ef4 (sz=24, trace=300000, class=java.lang.String@5000016e)
	value		5000101d
OBJ 50000ef5 (sz=24, trace=300000, class=java.lang.String@5000016e)
	value		5000101c
OBJ 50000ef6 (sz=24, trace=300000, class=java.lang.String@5000016e)
	value		5000101b
ARR 50000ef7 (sz=32, trace=300000, nelems=3, elem type=java.io.ObjectStreamField[]@500000fb)
	[0]		50000ef8
	[1]		50000ef9
	[2]		50000efa
OBJ 50000ef8 (sz=40, trace=300000, class=java.io.ObjectStreamField@500000fd)
	name		50000ef1
	signature	50001018
	type		50000025
OBJ 50000ef9 (sz=40, trace=300000, class=java.io.ObjectStreamField@500000fd)
	name		50000eef
	signature	50000efb
	type		50000d3d
OBJ 50000efa (sz=40, trace=300000, class=java.io.ObjectStreamField@500000fd)
	name		50000ef0
	signature	50000efb
	type		50000d3d
OBJ 50000efb (sz=24, trace=300000, class=java.lang.String@5000016e)
	value		50000efd
ARR 50000efc (sz=24, trace=300000, nelems=12, elem type=char[])
ARR 50000efd (sz=2, trace=300000, nelems=1, elem type=char[])
ARR 50000efe (sz=6, trace=300000, nelems=3, elem type=char[])
OBJ 50000eff (sz=24, trace=300000, class=java.lang.String@5000016e)
	value		50001010
OBJ 50000f00 (sz=24, trace=300000, class=java.lang.String@5000016e)
	value		5000100f
ARR 50000f01 (sz=40, trace=300000, nelems=10, elem type=int[])
ARR 50000f02 (sz=200, trace=300000, nelems=100, elem type=char[])
ARR 50000f03 (sz=200, trace=300000, nelems=100, elem type=char[])
ARR 50000f04 (sz=72, trace=300000, nelems=36, elem type=char[])
ARR 50000f05 (sz=1040, trace=300000, nelems=256, elem type=java.lang.Integer[]@50000057)
	[0]		50000f06
	[1]		50000f07
	[2]		50000f08
	[3]		50000f09
	[4]		50000f0a
	[5]		50000f0b
	[6]		50000f0c
	[7]		50000f0d
	[8]		50000f0e
	[9]		50000f0f
	[10]		50000f10
	[11]		50000f11
	[12]		50000f12
	[13]		50000f13
	[14]		50000f14
	[15]		50000f15
	[16]		50000f16
	[17]		50000f17
	[18]		50000f18
	[19]		50000f19
	[20]		50000f1a
	[21]		50000f1b
	[22]		50000f1c
	[23]		50000f1d
	[24]		50000f1e
	[25]		50000f1f
	[26]		50000f20
	[27]		50000f21
	[28]		50000f22
	[29]		50000f23
	[30]		50000f24
	[31]		50000f25
	[32]		50000f26
	[33]		50000f27
	[34]		50000f28
	[35]		50000f29
	[36]		50000f2a
	[37]		50000f2b
	[38]		50000f2c
	[39]		50000f2d
	[40]		50000f2e
	[41]		50000f2f
	[42]		50000f30
	[43]		50000f31
	[44]		50000f32
	[45]		50000f33
	[46]		50000f34
	[47]		50000f35
	[48]		50000f36
	[49]		50000f37
	[50]		50000f38
	[51]		50000f39
	[52]		50000f3a
	[53]		50000f3b
	[54]		50000f3c
	[55]		50000f3d
	[56]		50000f3e
	[57]		50000f3f
	[58]		50000f40
	[59]		50000f41
	[60]		50000f42
	[61]		50000f43
	[62]		50000f44
	[63]		50000f45
	[64]		50000f46
	[65]		50000f47
	[66]		50000f48
	[67]		50000f49
	[68]		50000f4a
	[69]		50000f4b
	[70]		50000f4c
	[71]		50000f4d
	[72]		50000f4e
	[73]		50000f4f
	[74]		50000f50
	[75]		50000f51
	[76]		50000f52
	[77]		50000f53
	[78]		50000f54
	[79]		50000f55
	[80]		50000f56
	[81]		50000f57
	[82]		50000f58
	[83]		50000f59
	[84]		50000f5a
	[85]		50000f5b
	[86]		50000f5c
	[87]		50000f5d
	[88]		50000f5e
	[89]		50000f5f
	[90]		50000f60
	[91]		50000f61
	[92]		50000f62
	[93]		50000f63
	[94]		50000f64
	[95]		50000f65
	[96]		50000f66
	[97]		50000f67
	[98]		50000f68
	[99]		50000f69
	[100]		50000f6a
	[101]		50000f6b
	[102]		50000f6c
	[103]		50000f6d
	[104]		50000f6e
	[105]		50000f6f
	[106]		50000f70
	[107]		50000f71
	[108]		50000f72
	[109]		50000f73
	[110]		50000f74
	[111]		50000f75
	[112]		50000f76
	[113]		50000f77
	[114]		50000f78
	[115]		50000f79
	[116]		50000f7a
	[117]		50000f7b
	[118]		50000f7c
	[119]		50000f7d
	[120]		50000f7e
	[121]		50000f7f
	[122]		50000f80
	[123]		50000f81
	[124]		50000f82
	[125]		50000f83
	[126]		50000f84
	[127]		50000f85
	[128]		50000f86
	[129]		50000f87
	[130]		50000f88
	[131]		50000f89
	[132]		50000f8a
	[133]		50000f8b
	[134]		50000f8c
	[135]		50000f8d
	[136]		50000f8e
	[137]		50000f8f
	[138]		50000f90
	[139]		50000f91
	[140]		50000f92
	[141]		50000f93
	[142]		50000f94
	[143]		50000f95
	[144]		50000f96
	[145]		50000f97
	[146]		50000f98
	[147]		50000f99
	[148]		50000f9a
	[149]		50000f9b
	[150]		50000f9c
	[151]		50000f9d
	[152]		50000f9e
	[153]		50000f9f
	[154]		50000fa0
	[155]		50000fa1
	[156]		50000fa2
	[157]		50000fa3
	[158]		50000fa4
	[159]		50000fa5
	[160]		50000fa6
	[161]		50000fa7
	[162]		50000fa8
	[163]		50000fa9
	[164]		50000faa
	[165]		50000fab
	[166]		50000fac
	[167]		50000fad
	[168]		50000fae
	[169]		50000faf
	[170]		50000fb0
	[171]		50000fb1
	[172]		50000fb2
	[173]		50000fb3
	[174]		50000fb4
	[175]		50000fb5
	[176]		50000fb6
	[177]		50000fb7
	[178]		50000fb8
	[179]		50000fb9
	[180]		50000fba
	[181]		50000fbb
	[182]		50000fbc
	[183]		50000fbd
	[184]		50000fbe
	[185]		50000fbf
	[186]		50000fc0
	[187]		50000fc1
	[188]		50000fc2
	[189]		50000fc3
	[190]		50000fc4
	[191]		50000fc5
	[192]		50000fc6
	[193]		50000fc7
	[194]		50000fc8
	[195]		50000fc9
	[196]		50000fca
	[197]		50000fcb
	[198]		50000fcc
	[199]		50000fcd
	[200]		50000fce
	[201]		50000fcf
	[202]		50000fd0
	[203]		50000fd1
	[204]		50000fd2
	[205]		50000fd3
	[206]		50000fd4
	[207]		50000fd5
	[208]		50000fd6
	[209]		50000fd7
	[210]		50000fd8
	[211]		50000fd9
	[212]		50000fda
	[213]		50000fdb
	[214]		50000fdc
	[215]		50000fdd
	[216]		50000fde
	[217]		50000fdf
	[218]		50000fe0
	[219]		50000fe1
	[220]		50000fe2
	[221]		50000fe3
	[222]		50000fe4
	[223]		50000fe5
	[224]		50000fe6
	[225]		50000fe7
	[226]		50000fe8
	[227]		50000fe9
	[228]		50000fea
	[229]		50000feb
	[230]		50000fec
	[231]		50000fed
	[232]		50000fee
	[233]		50000fef
	[234]		50000ff0
	[235]		50000ff1
	[236]		50000ff2
	[237]		50000ff3
	[238]		50000ff4
	[239]		50000ff5
	[240]		50000ff6
	[241]		50000ff7
	[242]		50000ff8
	[243]		50000ff9
	[244]		50000ffa
	[245]		50000ffb
	[246]		50000ffc
	[247]		50000ffd
	[248]		50000ffe
	[249]		50000fff
	[250]		50001000
	[251]		50001001
	[252]		50001002
	[253]		50001003
	[254]		50001004
	[255]		50001005
OBJ 50000f06 (sz=16, trace=300000, class=java.lang.Integer@5000010b)
OBJ 50000f07 (sz=16, trace=300000, class=java.lang.Integer@5000010b)
OBJ 50000f08 (sz=16, trace=300000, class=java.lang.Integer@5000010b)
OBJ 50000f09 (sz=16, trace=300000, class=java.lang.Integer@5000010b)
OBJ 50000f0a (sz=16, trace=300000, class=java.lang.Integer@5000010b)
OBJ 50000f0b (sz=16, trace=300000, class=java.lang.Integer@5000010b)
OBJ 50000f0c (sz=16, trace=300000, class=java.lang.Integer@5000010b)
OBJ 50000f0d (sz=16, trace=300000, class=java.lang.Integer@5000010b)
OBJ 50000f0e (sz=16, trace=300000, class=java.lang.Integer@5000010b)
OBJ 50000f0f (sz=16, trace=300000, class=java.lang.Integer@5000010b)
OBJ 50000f10 (sz=16, trace=300000, class=java.lang.Integer@5000010b)
OBJ 50000f11 (sz=16, trace=300000, class=java.lang.Integer@5000010b)
OBJ 50000f12 (sz=16, trace=300000, class=java.lang.Integer@5000010b)
OBJ 50000f13 (sz=16, trace=300000, class=java.lang.Integer@5000010b)
OBJ 50000f14 (sz=16, trace=300000, class=java.lang.Integer@5000010b)
OBJ 50000f15 (sz=16, trace=300000, class=java.lang.Integer@5000010b)
OBJ 50000f16 (sz=16, trace=300000, class=java.lang.Integer@5000010b)
OBJ 50000f17 (sz=16, trace=300000, class=java.lang.Integer@5000010b)
OBJ 50000f18 (sz=16, trace=300000, class=java.lang.Integer@5000010b)
OBJ 50000f19 (sz=16, trace=300000, class=java.lang.Integer@5000010b)
OBJ 50000f1a (sz=16, trace=300000, class=java.lang.Integer@5000010b)
OBJ 50000f1b (sz=16, trace=300000, class=java.lang.Integer@5000010b)
OBJ 50000f1c (sz=16, trace=300000, class=java.lang.Integer@5000010b)
OBJ 50000f1d (sz=16, trace=300000, class=java.lang.Integer@5000010b)
OBJ 50000f1e (sz=16, trace=300000, class=java.lang.Integer@5000010b)
OBJ 50000f1f (sz=16, trace=300000, class=java.lang.Integer@5000010b)
OBJ 50000f20 (sz=16, trace=300000, class=java.lang.Integer@5000010b)
OBJ 50000f21 (sz=16, trace=300000, class=java.lang.Integer@5000010b)
OBJ 50000f22 (sz=16, trace=300000, class=java.lang.Integer@5000010b)
OBJ 50000f23 (sz=16, trace=300000, class=java.lang.Integer@5000010b)
OBJ 50000f24 (sz=16, trace=300000, class=java.lang.Integer@5000010b)
OBJ 50000f25 (sz=16, trace=300000, class=java.lang.Integer@5000010b)
OBJ 50000f26 (sz=16, trace=300000, class=java.lang.Integer@5000010b)
OBJ 50000f27 (sz=16, trace=300000, class=java.lang.Integer@5000010b)
OBJ 50000f28 (sz=16, trace=300000, class=java.lang.Integer@5000010b)
OBJ 50000f29 (sz=16, trace=300000, class=java.lang.Integer@5000010b)
OBJ 50000f2a (sz=16, trace=300000, class=java.lang.Integer@5000010b)
OBJ 50000f2b (sz=16, trace=300000, class=java.lang.Integer@5000010b)
OBJ 50000f2c (sz=16, trace=300000, class=java.lang.Integer@5000010b)
OBJ 50000f2d (sz=16, trace=300000, class=java.lang.Integer@5000010b)
OBJ 50000f2e (sz=16, trace=300000, class=java.lang.Integer@5000010b)
OBJ 50000f2f (sz=16, trace=300000, class=java.lang.Integer@5000010b)
OBJ 50000f30 (sz=16, trace=300000, class=java.lang.Integer@5000010b)
OBJ 50000f31 (sz=16, trace=300000, class=java.lang.Integer@5000010b)
OBJ 50000f32 (sz=16, trace=300000, class=java.lang.Integer@5000010b)
OBJ 50000f33 (sz=16, trace=300000, class=java.lang.Integer@5000010b)
OBJ 50000f34 (sz=16, trace=300000, class=java.lang.Integer@5000010b)
OBJ 50000f35 (sz=16, trace=300000, class=java.lang.Integer@5000010b)
OBJ 50000f36 (sz=16, trace=300000, class=java.lang.Integer@5000010b)
OBJ 50000f37 (sz=16, trace=300000, class=java.lang.Integer@5000010b)
OBJ 50000f38 (sz=16, trace=300000, class=java.lang.Integer@5000010b)
OBJ 50000f39 (sz=16, trace=300000, class=java.lang.Integer@5000010b)
OBJ 50000f3a (sz=16, trace=300000, class=java.lang.Integer@5000010b)
OBJ 50000f3b (sz=16, trace=300000, class=java.lang.Integer@5000010b)
OBJ 50000f3c (sz=16, trace=300000, class=java.lang.Integer@5000010b)
OBJ 50000f3d (sz=16, trace=300000, class=java.lang.Integer@5000010b)
OBJ 50000f3e (sz=16, trace=300000, class=java.lang.Integer@5000010b)
OBJ 50000f3f (sz=16, trace=300000, class=java.lang.Integer@5000010b)
OBJ 50000f40 (sz=16, trace=300000, class=java.lang.Integer@5000010b)
OBJ 50000f41 (sz=16, trace=300000, class=java.lang.Integer@5000010b)
OBJ 50000f42 (sz=16, trace=300000, class=java.lang.Integer@5000010b)
OBJ 50000f43 (sz=16, trace=300000, class=java.lang.Integer@5000010b)
OBJ 50000f44 (sz=16, trace=300000, class=java.lang.Integer@5000010b)
OBJ 50000f45 (sz=16, trace=300000, class=java.lang.Integer@5000010b)
OBJ 50000f46 (sz=16, trace=300000, class=java.lang.Integer@5000010b)
OBJ 50000f47 (sz=16, trace=300000, class=java.lang.Integer@5000010b)
OBJ 50000f48 (sz=16, trace=300000, class=java.lang.Integer@5000010b)
OBJ 50000f49 (sz=16, trace=300000, class=java.lang.Integer@5000010b)
OBJ 50000f4a (sz=16, trace=300000, class=java.lang.Integer@5000010b)
OBJ 50000f4b (sz=16, trace=300000, class=java.lang.Integer@5000010b)
OBJ 50000f4c (sz=16, trace=300000, class=java.lang.Integer@5000010b)
OBJ 50000f4d (sz=16, trace=300000, class=java.lang.Integer@5000010b)
OBJ 50000f4e (sz=16, trace=300000, class=java.lang.Integer@5000010b)
OBJ 50000f4f (sz=16, trace=300000, class=java.lang.Integer@5000010b)
OBJ 50000f50 (sz=16, trace=300000, class=java.lang.Integer@5000010b)
OBJ 50000f51 (sz=16, trace=300000, class=java.lang.Integer@5000010b)
OBJ 50000f52 (sz=16, trace=300000, class=java.lang.Integer@5000010b)
OBJ 50000f53 (sz=16, trace=300000, class=java.lang.Integer@5000010b)
OBJ 50000f54 (sz=16, trace=300000, class=java.lang.Integer@5000010b)
OBJ 50000f55 (sz=16, trace=300000, class=java.lang.Integer@5000010b)
OBJ 50000f56 (sz=16, trace=300000, class=java.lang.Integer@5000010b)
OBJ 50000f57 (sz=16, trace=300000, class=java.lang.Integer@5000010b)
OBJ 50000f58 (sz=16, trace=300000, class=java.lang.Integer@5000010b)
OBJ 50000f59 (sz=16, trace=300000, class=java.lang.Integer@5000010b)
OBJ 50000f5a (sz=16, trace=300000, class=java.lang.Integer@5000010b)
OBJ 50000f5b (sz=16, trace=300000, class=java.lang.Integer@5000010b)
OBJ 50000f5c (sz=16, trace=300000, class=java.lang.Integer@5000010b)
OBJ 50000f5d (sz=16, trace=300000, class=java.lang.Integer@5000010b)
OBJ 50000f5e (sz=16, trace=300000, class=java.lang.Integer@5000010b)
OBJ 50000f5f (sz=16, trace=300000, class=java.lang.Integer@5000010b)
OBJ 50000f60 (sz=16, trace=300000, class=java.lang.Integer@5000010b)
OBJ 50000f61 (sz=16, trace=300000, class=java.lang.Integer@5000010b)
OBJ 50000f62 (sz=16, trace=300000, class=java.lang.Integer@5000010b)
OBJ 50000f63 (sz=16, trace=300000, class=java.lang.Integer@5000010b)
OBJ 50000f64 (sz=16, trace=300000, class=java.lang.Integer@5000010b)
OBJ 50000f65 (sz=16, trace=300000, class=java.lang.Integer@5000010b)
OBJ 50000f66 (sz=16, trace=300000, class=java.lang.Integer@5000010b)
OBJ 50000f67 (sz=16, trace=300000, class=java.lang.Integer@5000010b)
OBJ 50000f68 (sz=16, trace=300000, class=java.lang.Integer@5000010b)
OBJ 50000f69 (sz=16, trace=300000, class=java.lang.Integer@5000010b)
OBJ 50000f6a (sz=16, trace=300000, class=java.lang.Integer@5000010b)
OBJ 50000f6b (sz=16, trace=300000, class=java.lang.Integer@5000010b)
OBJ 50000f6c (sz=16, trace=300000, class=java.lang.Integer@5000010b)
OBJ 50000f6d (sz=16, trace=300000, class=java.lang.Integer@5000010b)
OBJ 50000f6e (sz=16, trace=300000, class=java.lang.Integer@5000010b)
OBJ 50000f6f (sz=16, trace=300000, class=java.lang.Integer@5000010b)
OBJ 50000f70 (sz=16, trace=300000, class=java.lang.Integer@5000010b)
OBJ 50000f71 (sz=16, trace=300000, class=java.lang.Integer@5000010b)
OBJ 50000f72 (sz=16, trace=300000, class=java.lang.Integer@5000010b)
OBJ 50000f73 (sz=16, trace=300000, class=java.lang.Integer@5000010b)
OBJ 50000f74 (sz=16, trace=300000, class=java.lang.Integer@5000010b)
OBJ 50000f75 (sz=16, trace=300000, class=java.lang.Integer@5000010b)
OBJ 50000f76 (sz=16, trace=300000, class=java.lang.Integer@5000010b)
OBJ 50000f77 (sz=16, trace=300000, class=java.lang.Integer@5000010b)
OBJ 50000f78 (sz=16, trace=300000, class=java.lang.Integer@5000010b)
OBJ 50000f79 (sz=16, trace=300000, class=java.lang.Integer@5000010b)
OBJ 50000f7a (sz=16, trace=300000, class=java.lang.Integer@5000010b)
OBJ 50000f7b (sz=16, trace=300000, class=java.lang.Integer@5000010b)
OBJ 50000f7c (sz=16, trace=300000, class=java.lang.Integer@5000010b)
OBJ 50000f7d (sz=16, trace=300000, class=java.lang.Integer@5000010b)
OBJ 50000f7e (sz=16, trace=300000, class=java.lang.Integer@5000010b)
OBJ 50000f7f (sz=16, trace=300000, class=java.lang.Integer@5000010b)
OBJ 50000f80 (sz=16, trace=300000, class=java.lang.Integer@5000010b)
OBJ 50000f81 (sz=16, trace=300000, class=java.lang.Integer@5000010b)
OBJ 50000f82 (sz=16, trace=300000, class=java.lang.Integer@5000010b)
OBJ 50000f83 (sz=16, trace=300000, class=java.lang.Integer@5000010b)
OBJ 50000f84 (sz=16, trace=300000, class=java.lang.Integer@5000010b)
OBJ 50000f85 (sz=16, trace=300000, class=java.lang.Integer@5000010b)
OBJ 50000f86 (sz=16, trace=300000, class=java.lang.Integer@5000010b)
OBJ 50000f87 (sz=16, trace=300000, class=java.lang.Integer@5000010b)
OBJ 50000f88 (sz=16, trace=300000, class=java.lang.Integer@5000010b)
OBJ 50000f89 (sz=16, trace=300000, class=java.lang.Integer@5000010b)
OBJ 50000f8a (sz=16, trace=300000, class=java.lang.Integer@5000010b)
OBJ 50000f8b (sz=16, trace=300000, class=java.lang.Integer@5000010b)
OBJ 50000f8c (sz=16, trace=300000, class=java.lang.Integer@5000010b)
OBJ 50000f8d (sz=16, trace=300000, class=java.lang.Integer@5000010b)
OBJ 50000f8e (sz=16, trace=300000, class=java.lang.Integer@5000010b)
OBJ 50000f8f (sz=16, trace=300000, class=java.lang.Integer@5000010b)
OBJ 50000f90 (sz=16, trace=300000, class=java.lang.Integer@5000010b)
OBJ 50000f91 (sz=16, trace=300000, class=java.lang.Integer@5000010b)
OBJ 50000f92 (sz=16, trace=300000, class=java.lang.Integer@5000010b)
OBJ 50000f93 (sz=16, trace=300000, class=java.lang.Integer@5000010b)
OBJ 50000f94 (sz=16, trace=300000, class=java.lang.Integer@5000010b)
OBJ 50000f95 (sz=16, trace=300000, class=java.lang.Integer@5000010b)
OBJ 50000f96 (sz=16, trace=300000, class=java.lang.Integer@5000010b)
OBJ 50000f97 (sz=16, trace=300000, class=java.lang.Integer@5000010b)
OBJ 50000f98 (sz=16, trace=300000, class=java.lang.Integer@5000010b)
OBJ 50000f99 (sz=16, trace=300000, class=java.lang.Integer@5000010b)
OBJ 50000f9a (sz=16, trace=300000, class=java.lang.Integer@5000010b)
OBJ 50000f9b (sz=16, trace=300000, class=java.lang.Integer@5000010b)
OBJ 50000f9c (sz=16, trace=300000, class=java.lang.Integer@5000010b)
OBJ 50000f9d (sz=16, trace=300000, class=java.lang.Integer@5000010b)
OBJ 50000f9e (sz=16, trace=300000, class=java.lang.Integer@5000010b)
OBJ 50000f9f (sz=16, trace=300000, class=java.lang.Integer@5000010b)
OBJ 50000fa0 (sz=16, trace=300000, class=java.lang.Integer@5000010b)
OBJ 50000fa1 (sz=16, trace=300000, class=java.lang.Integer@5000010b)
OBJ 50000fa2 (sz=16, trace=300000, class=java.lang.Integer@5000010b)
OBJ 50000fa3 (sz=16, trace=300000, class=java.lang.Integer@5000010b)
OBJ 50000fa4 (sz=16, trace=300000, class=java.lang.Integer@5000010b)
OBJ 50000fa5 (sz=16, trace=300000, class=java.lang.Integer@5000010b)
OBJ 50000fa6 (sz=16, trace=300000, class=java.lang.Integer@5000010b)
OBJ 50000fa7 (sz=16, trace=300000, class=java.lang.Integer@5000010b)
OBJ 50000fa8 (sz=16, trace=300000, class=java.lang.Integer@5000010b)
OBJ 50000fa9 (sz=16, trace=300000, class=java.lang.Integer@5000010b)
OBJ 50000faa (sz=16, trace=300000, class=java.lang.Integer@5000010b)
OBJ 50000fab (sz=16, trace=300000, class=java.lang.Integer@5000010b)
OBJ 50000fac (sz=16, trace=300000, class=java.lang.Integer@5000010b)
OBJ 50000fad (sz=16, trace=300000, class=java.lang.Integer@5000010b)
OBJ 50000fae (sz=16, trace=300000, class=java.lang.Integer@5000010b)
OBJ 50000faf (sz=16, trace=300000, class=java.lang.Integer@5000010b)
OBJ 50000fb0 (sz=16, trace=300000, class=java.lang.Integer@5000010b)
OBJ 50000fb1 (sz=16, trace=300000, class=java.lang.Integer@5000010b)
OBJ 50000fb2 (sz=16, trace=300000, class=java.lang.Integer@5000010b)
OBJ 50000fb3 (sz=16, trace=300000, class=java.lang.Integer@5000010b)
OBJ 50000fb4 (sz=16, trace=300000, class=java.lang.Integer@5000010b)
OBJ 50000fb5 (sz=16, trace=300000, class=java.lang.Integer@5000010b)
OBJ 50000fb6 (sz=16, trace=300000, class=java.lang.Integer@5000010b)
OBJ 50000fb7 (sz=16, trace=300000, class=java.lang.Integer@5000010b)
OBJ 50000fb8 (sz=16, trace=300000, class=java.lang.Integer@5000010b)
OBJ 50000fb9 (sz=16, trace=300000, class=java.lang.Integer@5000010b)
OBJ 50000fba (sz=16, trace=300000, class=java.lang.Integer@5000010b)
OBJ 50000fbb (sz=16, trace=300000, class=java.lang.Integer@5000010b)
OBJ 50000fbc (sz=16, trace=300000, class=java.lang.Integer@5000010b)
OBJ 50000fbd (sz=16, trace=300000, class=java.lang.Integer@5000010b)
OBJ 50000fbe (sz=16, trace=300000, class=java.lang.Integer@5000010b)
OBJ 50000fbf (sz=16, trace=300000, class=java.lang.Integer@5000010b)
OBJ 50000fc0 (sz=16, trace=300000, class=java.lang.Integer@5000010b)
OBJ 50000fc1 (sz=16, trace=300000, class=java.lang.Integer@5000010b)
OBJ 50000fc2 (sz=16, trace=300000, class=java.lang.Integer@5000010b)
OBJ 50000fc3 (sz=16, trace=300000, class=java.lang.Integer@5000010b)
OBJ 50000fc4 (sz=16, trace=300000, class=java.lang.Integer@5000010b)
OBJ 50000fc5 (sz=16, trace=300000, class=java.lang.Integer@5000010b)
OBJ 50000fc6 (sz=16, trace=300000, class=java.lang.Integer@5000010b)
OBJ 50000fc7 (sz=16, trace=300000, class=java.lang.Integer@5000010b)
OBJ 50000fc8 (sz=16, trace=300000, class=java.lang.Integer@5000010b)
OBJ 50000fc9 (sz=16, trace=300000, class=java.lang.Integer@5000010b)
OBJ 50000fca (sz=16, trace=300000, class=java.lang.Integer@5000010b)
OBJ 50000fcb (sz=16, trace=300000, class=java.lang.Integer@5000010b)
OBJ 50000fcc (sz=16, trace=300000, class=java.lang.Integer@5000010b)
OBJ 50000fcd (sz=16, trace=300000, class=java.lang.Integer@5000010b)
OBJ 50000fce (sz=16, trace=300000, class=java.lang.Integer@5000010b)
OBJ 50000fcf (sz=16, trace=300000, class=java.lang.Integer@5000010b)
OBJ 50000fd0 (sz=16, trace=300000, class=java.lang.Integer@5000010b)
OBJ 50000fd1 (sz=16, trace=300000, class=java.lang.Integer@5000010b)
OBJ 50000fd2 (sz=16, trace=300000, class=java.lang.Integer@5000010b)
OBJ 50000fd3 (sz=16, trace=300000, class=java.lang.Integer@5000010b)
OBJ 50000fd4 (sz=16, trace=300000, class=java.lang.Integer@5000010b)
OBJ 50000fd5 (sz=16, trace=300000, class=java.lang.Integer@5000010b)
OBJ 50000fd6 (sz=16, trace=300000, class=java.lang.Integer@5000010b)
OBJ 50000fd7 (sz=16, trace=300000, class=java.lang.Integer@5000010b)
OBJ 50000fd8 (sz=16, trace=300000, class=java.lang.Integer@5000010b)
OBJ 50000fd9 (sz=16, trace=300000, class=java.lang.Integer@5000010b)
OBJ 50000fda (sz=16, trace=300000, class=java.lang.Integer@5000010b)
OBJ 50000fdb (sz=16, trace=300000, class=java.lang.Integer@5000010b)
OBJ 50000fdc (sz=16, trace=300000, class=java.lang.Integer@5000010b)
OBJ 50000fdd (sz=16, trace=300000, class=java.lang.Integer@5000010b)
OBJ 50000fde (sz=16, trace=300000, class=java.lang.Integer@5000010b)
OBJ 50000fdf (sz=16, trace=300000, class=java.lang.Integer@5000010b)
OBJ 50000fe0 (sz=16, trace=300000, class=java.lang.Integer@5000010b)
OBJ 50000fe1 (sz=16, trace=300000, class=java.lang.Integer@5000010b)
OBJ 50000fe2 (sz=16, trace=300000, class=java.lang.Integer@5000010b)
OBJ 50000fe3 (sz=16, trace=300000, class=java.lang.Integer@5000010b)
OBJ 50000fe4 (sz=16, trace=300000, class=java.lang.Integer@5000010b)
OBJ 50000fe5 (sz=16, trace=300000, class=java.lang.Integer@5000010b)
OBJ 50000fe6 (sz=16, trace=300000, class=java.lang.Integer@5000010b)
OBJ 50000fe7 (sz=16, trace=300000, class=java.lang.Integer@5000010b)
OBJ 50000fe8 (sz=16, trace=300000, class=java.lang.Integer@5000010b)
OBJ 50000fe9 (sz=16, trace=300000, class=java.lang.Integer@5000010b)
OBJ 50000fea (sz=16, trace=300000, class=java.lang.Integer@5000010b)
OBJ 50000feb (sz=16, trace=300000, class=java.lang.Integer@5000010b)
OBJ 50000fec (sz=16, trace=300000, class=java.lang.Integer@5000010b)
OBJ 50000fed (sz=16, trace=300000, class=java.lang.Integer@5000010b)
OBJ 50000fee (sz=16, trace=300000, class=java.lang.Integer@5000010b)
OBJ 50000fef (sz=16, trace=300000, class=java.lang.Integer@5000010b)
OBJ 50000ff0 (sz=16, trace=300000, class=java.lang.Integer@5000010b)
OBJ 50000ff1 (sz=16, trace=300000, class=java.lang.Integer@5000010b)
OBJ 50000ff2 (sz=16, trace=300000, class=java.lang.Integer@5000010b)
OBJ 50000ff3 (sz=16, trace=300000, class=java.lang.Integer@5000010b)
OBJ 50000ff4 (sz=16, trace=300000, class=java.lang.Integer@5000010b)
OBJ 50000ff5 (sz=16, trace=300000, class=java.lang.Integer@5000010b)
OBJ 50000ff6 (sz=16, trace=300000, class=java.lang.Integer@5000010b)
OBJ 50000ff7 (sz=16, trace=300000, class=java.lang.Integer@5000010b)
OBJ 50000ff8 (sz=16, trace=300000, class=java.lang.Integer@5000010b)
OBJ 50000ff9 (sz=16, trace=300000, class=java.lang.Integer@5000010b)
OBJ 50000ffa (sz=16, trace=300000, class=java.lang.Integer@5000010b)
OBJ 50000ffb (sz=16, trace=300000, class=java.lang.Integer@5000010b)
OBJ 50000ffc (sz=16, trace=300000, class=java.lang.Integer@5000010b)
OBJ 50000ffd (sz=16, trace=300000, class=java.lang.Integer@5000010b)
OBJ 50000ffe (sz=16, trace=300000, class=java.lang.Integer@5000010b)
OBJ 50000fff (sz=16, trace=300000, class=java.lang.Integer@5000010b)
OBJ 50001000 (sz=16, trace=300000, class=java.lang.Integer@5000010b)
OBJ 50001001 (sz=16, trace=300000, class=java.lang.Integer@5000010b)
OBJ 50001002 (sz=16, trace=300000, class=java.lang.Integer@5000010b)
OBJ 50001003 (sz=16, trace=300000, class=java.lang.Integer@5000010b)
OBJ 50001004 (sz=16, trace=300000, class=java.lang.Integer@5000010b)
OBJ 50001005 (sz=16, trace=300000, class=java.lang.Integer@5000010b)
ARR 50001006 (sz=70, trace=300000, nelems=35, elem type=char[])
OBJ 50001007 (sz=24, trace=300000, class=java.lang.String@5000016e)
	value		5000100e
OBJ 50001008 (sz=24, trace=300000, class=java.lang.String@5000016e)
	value		5000100d
OBJ 50001009 (sz=24, trace=300000, class=java.lang.String@5000016e)
	value		5000100c
ARR 5000100a (sz=512, trace=300000, nelems=256, elem type=char[])
ARR 5000100b (sz=4, trace=300000, nelems=2, elem type=char[])
ARR 5000100c (sz=1024, trace=300000, nelems=512, elem type=char[])
ARR 5000100d (sz=512, trace=300000, nelems=256, elem type=char[])
ARR 5000100e (sz=8, trace=300000, nelems=4, elem type=char[])
ARR 5000100f (sz=6, trace=300000, nelems=3, elem type=char[])
ARR 50001010 (sz=8, trace=300000, nelems=4, elem type=char[])
OBJ 50001011 (sz=24, trace=300000, class=java.lang.String@5000016e)
	value		50001012
ARR 50001012 (sz=10, trace=300000, nelems=5, elem type=char[])
OBJ 50001013 (sz=24, trace=300000, class=java.lang.String@5000016e)
	value		50001014
ARR 50001014 (sz=12, trace=300000, nelems=6, elem type=char[])
OBJ 50001015 (sz=24, trace=300000, class=java.lang.String@5000016e)
	value		50001016
ARR 50001016 (sz=8, trace=300000, nelems=4, elem type=char[])
ARR 50001017 (sz=22, trace=300000, nelems=11, elem type=char[])
OBJ 50001018 (sz=24, trace=300000, class=java.lang.String@5000016e)
	value		5000101a
ARR 50001019 (sz=16, trace=300000, nelems=8, elem type=char[])
ARR 5000101a (sz=98, trace=300000, nelems=49, elem type=char[])
ARR 5000101b (sz=10, trace=300000, nelems=5, elem type=char[])
ARR 5000101c (sz=26, trace=300000, nelems=13, elem type=char[])
ARR 5000101d (sz=14, trace=300000, nelems=7, elem type=char[])
ARR 5000101e (sz=18, trace=300000, nelems=9, elem type=char[])
ARR 5000101f (sz=18, trace=300000, nelems=9, elem type=char[])
ARR 50001020 (sz=56, trace=300000, nelems=0, elem type=java.lang.Object[]@50000109)
OBJ 50001021 (sz=16, trace=300000, class=java.security.ProtectionDomain$Key@50000008)
ARR 50001022 (sz=16, trace=300000, nelems=0, elem type=java.security.Principal[]@50000006)
OBJ 50001023 (sz=32, trace=300000, class=java.security.CodeSource@50000115)
OBJ 50001024 (sz=24, trace=300000, class=java.lang.String@5000016e)
	value		500017b3
OBJ 50001025 (sz=24, trace=300000, class=java.lang.String@5000016e)
	value		5000102b
OBJ 50001026 (sz=24, trace=300000, class=java.lang.String@5000016e)
	value		5000102a
OBJ 50001027 (sz=24, trace=300000, class=java.lang.String@5000016e)
	value		50001029
ARR 50001028 (sz=32, trace=300000, nelems=16, elem type=char[])
ARR 50001029 (sz=38, trace=300000, nelems=19, elem type=char[])
ARR 5000102a (sz=48, trace=300000, nelems=24, elem type=char[])
ARR 5000102b (sz=32, trace=300000, nelems=16, elem type=char[])
OBJ 5000102c (sz=16, trace=300000, class=java.security.ProtectionDomain$JavaSecurityAccessImpl@5000000b)
OBJ 5000102d (sz=16, trace=300000, class=java.security.ProtectionDomain$2@50000009)
OBJ 5000102e (sz=16, trace=300000, class=java.io.FileDescriptor$1@500000b0)
OBJ 5000102f (sz=16, trace=300000, class=java.nio.Bits$1@50000070)
OBJ 50001030 (sz=16, trace=300000, class=java.net.URLClassLoader$7@50000044)
OBJ 50001031 (sz=16, trace=300000, class=java.lang.ref.Reference$1@500000cd)
OBJ 50001032 (sz=24, trace=300000, class=java.lang.String@5000016e)
	value		500017a5
OBJ 50001033 (sz=24, trace=300000, class=java.lang.String@5000016e)
	value		500017ae
OBJ 50001034 (sz=24, trace=300000, class=java.lang.String@5000016e)
	value		500017ad
OBJ 50001035 (sz=24, trace=300000, class=java.lang.String@5000016e)
	value		500017ab
OBJ 50001036 (sz=24, trace=300000, class=java.lang.String@5000016e)
	value		500017aa
OBJ 50001037 (sz=24, trace=300000, class=java.lang.String@5000016e)
	value		500017a9
OBJ 50001038 (sz=24, trace=300000, class=java.lang.String@5000016e)
	value		5000103b
OBJ 50001039 (sz=24, trace=300000, class=java.lang.String@5000016e)
	value		5000103a
ARR 5000103a (sz=30, trace=300000, nelems=15, elem type=char[])
ARR 5000103b (sz=18, trace=300000, nelems=9, elem type=char[])
OBJ 5000103c (sz=24, trace=300000, class=java.lang.String@5000016e)
	value		50001288
OBJ 5000103d (sz=24, trace=300000, class=java.lang.String@5000016e)
	value		50001287
OBJ 5000103e (sz=24, trace=300000, class=java.lang.String@5000016e)
	value		50001286
OBJ 5000103f (sz=24, trace=300000, class=java.lang.String@5000016e)
	value		50001285
OBJ 50001040 (sz=24, trace=300000, class=java.lang.String@5000016e)
	value		5000127f
OBJ 50001041 (sz=24, trace=300000, class=java.lang.String@5000016e)
	value		50001053
OBJ 50001042 (sz=24, trace=300000, class=java.lang.String@5000016e)
	value		5000127d
OBJ 50001043 (sz=24, trace=300000, class=java.lang.String@5000016e)
	value		50001281
OBJ 50001044 (sz=24, trace=300000, class=java.lang.String@5000016e)
	value		5000104f
OBJ 50001045 (sz=24, trace=300000, class=java.lang.String@5000016e)
	value		50001280
OBJ 50001046 (sz=24, trace=300000, class=java.lang.String@5000016e)
	value		50001282
OBJ 50001047 (sz=24, trace=300000, class=java.lang.String@5000016e)
	value		5000127e
OBJ 50001048 (sz=24, trace=300000, class=java.lang.String@5000016e)
	value		5000104e
OBJ 50001049 (sz=24, trace=300000, class=java.lang.String@5000016e)
	value		50001284
OBJ 5000104a (sz=24, trace=300000, class=java.lang.String@5000016e)
	value		50001283
ARR 5000104b (sz=48, trace=300000, nelems=7, elem type=java.io.ObjectStreamField[]@500000fb)
	[0]		50001276
	[1]		50001277
	[2]		50001278
	[3]		50001279
	[4]		5000127a
	[5]		5000127b
	[6]		5000127c
OBJ 5000104c (sz=16, trace=300000, class=java.lang.Object@50000172)
OBJ 5000104d (sz=48, trace=300000, class=java.util.Hashtable@50000146)
	table		50001050
ARR 5000104e (sz=40, trace=300000, nelems=20, elem type=char[])
ARR 5000104f (sz=52, trace=300000, nelems=26, elem type=char[])
ARR 50001050 (sz=64, trace=300000, nelems=7, elem type=java.util.Hashtable$Entry[]@500000bf)
	[6]		50001051
OBJ 50001051 (sz=32, trace=300000, class=java.util.Hashtable$Entry@500000c0)
	key		50001041
	value		50001052
OBJ 50001052 (sz=16, trace=300000, class=sun.net.www.protocol.file.Handler@5000000e)
ARR 50001053 (sz=8, trace=300000, nelems=4, elem type=char[])
OBJ 50001054 (sz=24, trace=300000, class=java.lang.String@5000016e)
	value		5000106b
OBJ 50001055 (sz=24, trace=300000, class=java.lang.String@5000016e)
	value		5000106a
OBJ 50001056 (sz=24, trace=300000, class=java.lang.String@5000016e)
	value		50001069
OBJ 50001057 (sz=24, trace=300000, class=java.lang.String@5000016e)
	value		50001068
OBJ 50001058 (sz=24, trace=300000, class=java.lang.String@5000016e)
	value		50001067
OBJ 50001059 (sz=24, trace=300000, class=java.lang.String@5000016e)
	value		50001066
OBJ 5000105a (sz=24, trace=300000, class=java.lang.String@5000016e)
	value		50001063
OBJ 5000105b (sz=24, trace=300000, class=java.lang.String@5000016e)
	value		50001061
ARR 5000105c (sz=32, trace=300000, nelems=3, elem type=java.io.ObjectStreamField[]@500000fb)
	[0]		5000105d
	[1]		5000105e
	[2]		5000105f
OBJ 5000105d (sz=40, trace=300000, class=java.io.ObjectStreamField@500000fd)
	name		50000ef6
	signature	50001064
	type		50000179
OBJ 5000105e (sz=40, trace=300000, class=java.io.ObjectStreamField@500000fd)
	name		5000105a
	signature	50000efb
	type		50000d3d
OBJ 5000105f (sz=40, trace=300000, class=java.io.ObjectStreamField@500000fd)
	name		5000105b
	signature	50001060
	type		50000d43
OBJ 50001060 (sz=24, trace=300000, class=java.lang.String@5000016e)
	value		50001062
ARR 50001061 (sz=12, trace=300000, nelems=6, elem type=char[])
ARR 50001062 (sz=2, trace=300000, nelems=1, elem type=char[])
ARR 50001063 (sz=10, trace=300000, nelems=5, elem type=char[])
OBJ 50001064 (sz=24, trace=300000, class=java.lang.String@5000016e)
	value		50001065
ARR 50001065 (sz=4, trace=300000, nelems=2, elem type=char[])
ARR 50001066 (sz=2, trace=300000, nelems=1, elem type=char[])
ARR 50001067 (sz=6, trace=300000, nelems=3, elem type=char[])
ARR 50001068 (sz=8, trace=300000, nelems=4, elem type=char[])
ARR 50001069 (sz=6, trace=300000, nelems=3, elem type=char[])
ARR 5000106a (sz=4, trace=300000, nelems=2, elem type=char[])
ARR 5000106b (sz=4, trace=300000, nelems=2, elem type=char[])
ARR 5000106c (sz=0, trace=300000, nelems=0, elem type=char[])
OBJ 5000106d (sz=24, trace=300000, class=java.lang.String@5000016e)
	value		50001275
OBJ 5000106e (sz=24, trace=300000, class=java.lang.String@5000016e)
	value		50001274
OBJ 5000106f (sz=24, trace=300000, class=java.lang.String@5000016e)
	value		5000126c
OBJ 50001070 (sz=24, trace=300000, class=java.lang.String@5000016e)
	value		5000126b
OBJ 50001071 (sz=32, trace=300000, class=java.io.WinNTFileSystem@5000006c)
	cache		50001073
	prefixCache	50001072
OBJ 50001072 (sz=40, trace=300000, class=java.io.ExpiringCache@5000006b)
	map		500010eb
OBJ 50001073 (sz=40, trace=300000, class=java.io.ExpiringCache@5000006b)
	map		50001074
OBJ 50001074 (sz=64, trace=300000, class=java.io.ExpiringCache$1@50000069)
	table		5000091a
	head		50001075
	tail		50000948
	this$0		50001073
OBJ 50001075 (sz=40, trace=300000, class=java.util.LinkedHashMap$Entry@50000060)
	key		50001090
	value		5000108f
	after		50001081
OBJ 50001076 (sz=40, trace=300000, class=java.util.LinkedHashMap$Entry@50000060)
	key		500010d3
	value		500010d2
	before		50001079
	after		50001080
OBJ 50001077 (sz=40, trace=300000, class=java.util.LinkedHashMap$Entry@50000060)
	key		50001095
	value		50001094
	next		500008fb
	before		50001084
	after		5000107d
OBJ 50001078 (sz=40, trace=300000, class=java.util.LinkedHashMap$Entry@50000060)
	key		500010c9
	value		500010c8
	before		50001080
	after		5000107b
OBJ 50001079 (sz=40, trace=300000, class=java.util.LinkedHashMap$Entry@50000060)
	key		500010d8
	value		500010d7
	before		5000107c
	after		50001076
OBJ 5000107a (sz=40, trace=300000, class=java.util.LinkedHashMap$Entry@50000060)
	key		500010af
	value		500010ae
	next		50000948
	before		50001083
	after		5000107e
OBJ 5000107b (sz=40, trace=300000, class=java.util.LinkedHashMap$Entry@50000060)
	key		500010c4
	value		500010c3
	next		500003f7
	before		50001078
	after		50001082
OBJ 5000107c (sz=40, trace=300000, class=java.util.LinkedHashMap$Entry@50000060)
	key		500010dd
	value		500010dc
	before		5000107f
	after		50001079
OBJ 5000107d (sz=40, trace=300000, class=java.util.LinkedHashMap$Entry@50000060)
	key		500010e7
	value		500010e6
	before		50001077
	after		5000107f
OBJ 5000107e (sz=40, trace=300000, class=java.util.LinkedHashMap$Entry@50000060)
	key		500010aa
	value		500010a9
	before		5000107a
	after		500003f7
OBJ 5000107f (sz=40, trace=300000, class=java.util.LinkedHashMap$Entry@50000060)
	key		500010e2
	value		500010e1
	before		5000107d
	after		5000107c
OBJ 50001080 (sz=40, trace=300000, class=java.util.LinkedHashMap$Entry@50000060)
	key		500010ce
	value		500010cd
	before		50001076
	after		50001078
OBJ 50001081 (sz=40, trace=300000, class=java.util.LinkedHashMap$Entry@50000060)
	key		5000108b
	value		5000108a
	before		50001075
	after		50001084
OBJ 50001082 (sz=40, trace=300000, class=java.util.LinkedHashMap$Entry@50000060)
	key		500010bf
	value		500010be
	before		5000107b
	after		50001083
OBJ 50001083 (sz=40, trace=300000, class=java.util.LinkedHashMap$Entry@50000060)
	key		500010ba
	value		500010b9
	before		50001082
	after		5000107a
OBJ 50001084 (sz=40, trace=300000, class=java.util.LinkedHashMap$Entry@50000060)
	key		50001086
	value		50001085
	before		50001081
	after		50001077
OBJ 50001085 (sz=24, trace=300000, class=java.io.ExpiringCache$Entry@50000061)
	val		50001088
OBJ 50001086 (sz=24, trace=300000, class=java.lang.String@5000016e)
	value		50001087
ARR 50001087 (sz=126, trace=300000, nelems=63, elem type=char[])
OBJ 50001088 (sz=24, trace=300000, class=java.lang.String@5000016e)
	value		50001089
ARR 50001089 (sz=126, trace=300000, nelems=63, elem type=char[])
OBJ 5000108a (sz=24, trace=300000, class=java.io.ExpiringCache$Entry@50000061)
	val		5000108d
OBJ 5000108b (sz=24, trace=300000, class=java.lang.String@5000016e)
	value		5000108c
ARR 5000108c (sz=84, trace=300000, nelems=42, elem type=char[])
OBJ 5000108d (sz=24, trace=300000, class=java.lang.String@5000016e)
	value		5000108e
ARR 5000108e (sz=84, trace=300000, nelems=42, elem type=char[])
OBJ 5000108f (sz=24, trace=300000, class=java.io.ExpiringCache$Entry@50000061)
	val		50001092
OBJ 50001090 (sz=24, trace=300000, class=java.lang.String@5000016e)
	value		50001091
ARR 50001091 (sz=92, trace=300000, nelems=46, elem type=char[])
OBJ 50001092 (sz=24, trace=300000, class=java.lang.String@5000016e)
	value		50001093
ARR 50001093 (sz=92, trace=300000, nelems=46, elem type=char[])
OBJ 50001094 (sz=24, trace=300000, class=java.io.ExpiringCache$Entry@50000061)
	val		50001097
OBJ 50001095 (sz=24, trace=300000, class=java.lang.String@5000016e)
	value		50001096
ARR 50001096 (sz=110, trace=300000, nelems=55, elem type=char[])
OBJ 50001097 (sz=24, trace=300000, class=java.lang.String@5000016e)
	value		50001098
ARR 50001098 (sz=110, trace=300000, nelems=55, elem type=char[])
OBJ 50001099 (sz=24, trace=300000, class=java.lang.String@5000016e)
	value		5000109a
ARR 5000109a (sz=92, trace=300000, nelems=46, elem type=char[])
OBJ 5000109b (sz=24, trace=300000, class=java.lang.String@5000016e)
	value		5000109c
ARR 5000109c (sz=94, trace=300000, nelems=47, elem type=char[])
OBJ 5000109d (sz=24, trace=300000, class=java.lang.String@5000016e)
	value		5000109e
ARR 5000109e (sz=106, trace=300000, nelems=53, elem type=char[])
OBJ 5000109f (sz=24, trace=300000, class=java.lang.String@5000016e)
	value		500010a0
ARR 500010a0 (sz=90, trace=300000, nelems=45, elem type=char[])
OBJ 500010a1 (sz=24, trace=300000, class=java.lang.String@5000016e)
	value		500010a2
ARR 500010a2 (sz=104, trace=300000, nelems=52, elem type=char[])
OBJ 500010a3 (sz=24, trace=300000, class=java.lang.String@5000016e)
	value		500010a4
ARR 500010a4 (sz=76, trace=300000, nelems=38, elem type=char[])
OBJ 500010a5 (sz=24, trace=300000, class=java.lang.String@5000016e)
	value		500010a6
ARR 500010a6 (sz=124, trace=300000, nelems=62, elem type=char[])
OBJ 500010a7 (sz=24, trace=300000, class=java.lang.String@5000016e)
	value		500010a8
ARR 500010a8 (sz=68, trace=300000, nelems=34, elem type=char[])
OBJ 500010a9 (sz=24, trace=300000, class=java.io.ExpiringCache$Entry@50000061)
	val		500010ac
OBJ 500010aa (sz=24, trace=300000, class=java.lang.String@5000016e)
	value		500010ab
ARR 500010ab (sz=120, trace=300000, nelems=60, elem type=char[])
OBJ 500010ac (sz=24, trace=300000, class=java.lang.String@5000016e)
	value		500010ad
ARR 500010ad (sz=120, trace=300000, nelems=60, elem type=char[])
OBJ 500010ae (sz=24, trace=300000, class=java.io.ExpiringCache$Entry@50000061)
	val		500010b1
OBJ 500010af (sz=24, trace=300000, class=java.lang.String@5000016e)
	value		500010b0
ARR 500010b0 (sz=128, trace=300000, nelems=64, elem type=char[])
OBJ 500010b1 (sz=24, trace=300000, class=java.lang.String@5000016e)
	value		500010b2
ARR 500010b2 (sz=124, trace=300000, nelems=62, elem type=char[])
OBJ 500010b3 (sz=24, trace=300000, class=java.lang.String@5000016e)
	value		500010b4
ARR 500010b4 (sz=84, trace=300000, nelems=42, elem type=char[])
OBJ 500010b5 (sz=24, trace=300000, class=java.lang.String@5000016e)
	value		500010b6
ARR 500010b6 (sz=92, trace=300000, nelems=46, elem type=char[])
OBJ 500010b7 (sz=24, trace=300000, class=java.lang.String@5000016e)
	value		500010b8
ARR 500010b8 (sz=102, trace=300000, nelems=51, elem type=char[])
OBJ 500010b9 (sz=24, trace=300000, class=java.io.ExpiringCache$Entry@50000061)
	val		500010bc
OBJ 500010ba (sz=24, trace=300000, class=java.lang.String@5000016e)
	value		500010bb
ARR 500010bb (sz=104, trace=300000, nelems=52, elem type=char[])
OBJ 500010bc (sz=24, trace=300000, class=java.lang.String@5000016e)
	value		500010bd
ARR 500010bd (sz=104, trace=300000, nelems=52, elem type=char[])
OBJ 500010be (sz=24, trace=300000, class=java.io.ExpiringCache$Entry@50000061)
	val		500010c1
OBJ 500010bf (sz=24, trace=300000, class=java.lang.String@5000016e)
	value		500010c0
ARR 500010c0 (sz=112, trace=300000, nelems=56, elem type=char[])
OBJ 500010c1 (sz=24, trace=300000, class=java.lang.String@5000016e)
	value		500010c2
ARR 500010c2 (sz=112, trace=300000, nelems=56, elem type=char[])
OBJ 500010c3 (sz=24, trace=300000, class=java.io.ExpiringCache$Entry@50000061)
	val		500010c6
OBJ 500010c4 (sz=24, trace=300000, class=java.lang.String@5000016e)
	value		500010c5
ARR 500010c5 (sz=112, trace=300000, nelems=56, elem type=char[])
OBJ 500010c6 (sz=24, trace=300000, class=java.lang.String@5000016e)
	value		500010c7
ARR 500010c7 (sz=112, trace=300000, nelems=56, elem type=char[])
OBJ 500010c8 (sz=24, trace=300000, class=java.io.ExpiringCache$Entry@50000061)
	val		500010cb
OBJ 500010c9 (sz=24, trace=300000, class=java.lang.String@5000016e)
	value		500010ca
ARR 500010ca (sz=124, trace=300000, nelems=62, elem type=char[])
OBJ 500010cb (sz=24, trace=300000, class=java.lang.String@5000016e)
	value		500010cc
ARR 500010cc (sz=124, trace=300000, nelems=62, elem type=char[])
OBJ 500010cd (sz=24, trace=300000, class=java.io.ExpiringCache$Entry@50000061)
	val		500010d0
OBJ 500010ce (sz=24, trace=300000, class=java.lang.String@5000016e)
	value		500010cf
ARR 500010cf (sz=104, trace=300000, nelems=52, elem type=char[])
OBJ 500010d0 (sz=24, trace=300000, class=java.lang.String@5000016e)
	value		500010d1
ARR 500010d1 (sz=104, trace=300000, nelems=52, elem type=char[])
OBJ 500010d2 (sz=24, trace=300000, class=java.io.ExpiringCache$Entry@50000061)
	val		500010d5
OBJ 500010d3 (sz=24, trace=300000, class=java.lang.String@5000016e)
	value		500010d4
ARR 500010d4 (sz=108, trace=300000, nelems=54, elem type=char[])
OBJ 500010d5 (sz=24, trace=300000, class=java.lang.String@5000016e)
	value		500010d6
ARR 500010d6 (sz=108, trace=300000, nelems=54, elem type=char[])
OBJ 500010d7 (sz=24, trace=300000, class=java.io.ExpiringCache$Entry@50000061)
	val		500010da
OBJ 500010d8 (sz=24, trace=300000, class=java.lang.String@5000016e)
	value		500010d9
ARR 500010d9 (sz=114, trace=300000, nelems=57, elem type=char[])
OBJ 500010da (sz=24, trace=300000, class=java.lang.String@5000016e)
	value		500010db
ARR 500010db (sz=114, trace=300000, nelems=57, elem type=char[])
OBJ 500010dc (sz=24, trace=300000, class=java.io.ExpiringCache$Entry@50000061)
	val		500010df
OBJ 500010dd (sz=24, trace=300000, class=java.lang.String@5000016e)
	value		500010de
ARR 500010de (sz=104, trace=300000, nelems=52, elem type=char[])
OBJ 500010df (sz=24, trace=300000, class=java.lang.String@5000016e)
	value		500010e0
ARR 500010e0 (sz=104, trace=300000, nelems=52, elem type=char[])
OBJ 500010e1 (sz=24, trace=300000, class=java.io.ExpiringCache$Entry@50000061)
	val		500010e4
OBJ 500010e2 (sz=24, trace=300000, class=java.lang.String@5000016e)
	value		500010e3
ARR 500010e3 (sz=108, trace=300000, nelems=54, elem type=char[])
OBJ 500010e4 (sz=24, trace=300000, class=java.lang.String@5000016e)
	value		500010e5
ARR 500010e5 (sz=108, trace=300000, nelems=54, elem type=char[])
OBJ 500010e6 (sz=24, trace=300000, class=java.io.ExpiringCache$Entry@50000061)
	val		500010e9
OBJ 500010e7 (sz=24, trace=300000, class=java.lang.String@5000016e)
	value		500010e8
ARR 500010e8 (sz=104, trace=300000, nelems=52, elem type=char[])
OBJ 500010e9 (sz=24, trace=300000, class=java.lang.String@5000016e)
	value		500010ea
ARR 500010ea (sz=104, trace=300000, nelems=52, elem type=char[])
OBJ 500010eb (sz=64, trace=300000, class=java.io.ExpiringCache$1@50000069)
	table		500010ed
	head		500010ec
	tail		50000883
	this$0		50001072
OBJ 500010ec (sz=40, trace=300000, class=java.util.LinkedHashMap$Entry@50000060)
	key		500010f5
	value		500010f4
	after		500010ee
ARR 500010ed (sz=80, trace=300000, nelems=15, elem type=java.util.HashMap$Node[]@500000c2)
	[0]		500010ec
	[3]		500010ee
	[14]		50000883
OBJ 500010ee (sz=40, trace=300000, class=java.util.LinkedHashMap$Entry@50000060)
	key		500010f0
	value		500010ef
	before		500010ec
	after		50000883
OBJ 500010ef (sz=24, trace=300000, class=java.io.ExpiringCache$Entry@50000061)
	val		500010f2
OBJ 500010f0 (sz=24, trace=300000, class=java.lang.String@5000016e)
	value		500010f1
ARR 500010f1 (sz=84, trace=300000, nelems=42, elem type=char[])
OBJ 500010f2 (sz=24, trace=300000, class=java.lang.String@5000016e)
	value		500010f3
ARR 500010f3 (sz=84, trace=300000, nelems=42, elem type=char[])
OBJ 500010f4 (sz=24, trace=300000, class=java.io.ExpiringCache$Entry@50000061)
	val		500010f7
OBJ 500010f5 (sz=24, trace=300000, class=java.lang.String@5000016e)
	value		500010f6
ARR 500010f6 (sz=76, trace=300000, nelems=38, elem type=char[])
OBJ 500010f7 (sz=24, trace=300000, class=java.lang.String@5000016e)
	value		500010f8
ARR 500010f8 (sz=76, trace=300000, nelems=38, elem type=char[])
OBJ 500010f9 (sz=24, trace=300000, class=java.lang.String@5000016e)
	value		5000126a
OBJ 500010fa (sz=24, trace=300000, class=java.lang.String@5000016e)
	value		50001269
OBJ 500010fb (sz=24, trace=300000, class=java.lang.String@5000016e)
	value		50001268
ARR 500010fc (sz=120, trace=300000, nelems=0, elem type=java.lang.String[]@500000c8)
OBJ 500010fd (sz=24, trace=300000, class=java.lang.String@5000016e)
	value		50001206
OBJ 500010fe (sz=24, trace=300000, class=java.lang.String@5000016e)
	value		500011a4
OBJ 500010ff (sz=24, trace=300000, class=java.lang.String@5000016e)
	value		500011d7
OBJ 50001100 (sz=24, trace=300000, class=java.lang.String@5000016e)
	value		500011ef
OBJ 50001101 (sz=24, trace=300000, class=java.lang.String@5000016e)
	value		500011ac
OBJ 50001102 (sz=24, trace=300000, class=java.lang.String@5000016e)
	value		500011ce
OBJ 50001103 (sz=24, trace=300000, class=java.lang.String@5000016e)
	value		50001248
OBJ 50001104 (sz=24, trace=300000, class=java.lang.String@5000016e)
	value		500011a3
OBJ 50001105 (sz=24, trace=300000, class=java.lang.String@5000016e)
	value		500011bd
OBJ 50001106 (sz=24, trace=300000, class=java.lang.String@5000016e)
	value		50001243
OBJ 50001107 (sz=24, trace=300000, class=java.lang.String@5000016e)
	value		50001160
OBJ 50001108 (sz=24, trace=300000, class=java.lang.String@5000016e)
	value		50001246
OBJ 50001109 (sz=24, trace=300000, class=java.lang.String@5000016e)
	value		500011b5
OBJ 5000110a (sz=24, trace=300000, class=java.lang.String@5000016e)
	value		5000118a
OBJ 5000110b (sz=24, trace=300000, class=java.lang.String@5000016e)
	value		50001181
OBJ 5000110c (sz=24, trace=300000, class=java.lang.String@5000016e)
	value		50001249
OBJ 5000110d (sz=24, trace=300000, class=java.lang.String@5000016e)
	value		50001245
OBJ 5000110e (sz=24, trace=300000, class=java.lang.String@5000016e)
	value		50001263
OBJ 5000110f (sz=24, trace=300000, class=java.lang.String@5000016e)
	value		50001262
OBJ 50001110 (sz=24, trace=300000, class=java.lang.String@5000016e)
	value		50001261
OBJ 50001111 (sz=24, trace=300000, class=java.lang.String@5000016e)
	value		50001260
OBJ 50001112 (sz=24, trace=300000, class=java.lang.String@5000016e)
	value		5000125f
OBJ 50001113 (sz=24, trace=300000, class=java.lang.String@5000016e)
	value		5000125e
OBJ 50001114 (sz=24, trace=300000, class=java.lang.String@5000016e)
	value		50001247
OBJ 50001115 (sz=24, trace=300000, class=java.lang.String@5000016e)
	value		50001192
OBJ 50001116 (sz=24, trace=300000, class=java.lang.String@5000016e)
	value		50001178
OBJ 50001117 (sz=24, trace=300000, class=java.lang.String@5000016e)
	value		500011be
OBJ 50001118 (sz=24, trace=300000, class=java.lang.String@5000016e)
	value		50001182
OBJ 50001119 (sz=24, trace=300000, class=java.lang.String@5000016e)
	value		500011e0
ARR 5000111a (sz=40, trace=300000, nelems=6, elem type=java.io.ObjectStreamField[]@500000fb)
	[0]		5000123c
	[1]		5000123d
	[2]		5000123e
	[3]		5000123f
	[4]		50001240
	[5]		50001241
OBJ 5000111b (sz=32, trace=300000, class=java.util.Locale@5000002f)
	baseLocale	500011bf
OBJ 5000111c (sz=32, trace=300000, class=java.util.Locale@5000002f)
	baseLocale	5000120e
OBJ 5000111d (sz=32, trace=300000, class=java.util.Locale@5000002f)
	baseLocale	50001179
OBJ 5000111e (sz=32, trace=300000, class=java.util.Locale@5000002f)
	baseLocale	500011e8
OBJ 5000111f (sz=32, trace=300000, class=java.util.Locale@5000002f)
	baseLocale	500011e1
OBJ 50001120 (sz=32, trace=300000, class=java.util.Locale@5000002f)
	baseLocale	500011cf
OBJ 50001121 (sz=32, trace=300000, class=java.util.Locale@5000002f)
	baseLocale	50001207
OBJ 50001122 (sz=32, trace=300000, class=java.util.Locale@5000002f)
	baseLocale	50001183
OBJ 50001123 (sz=32, trace=300000, class=java.util.Locale@5000002f)
	baseLocale	500011ad
OBJ 50001124 (sz=32, trace=300000, class=java.util.Locale@5000002f)
	baseLocale	500011f0
OBJ 50001125 (sz=32, trace=300000, class=java.util.Locale@5000002f)
	baseLocale	500011a5
OBJ 50001126 (sz=32, trace=300000, class=java.util.Locale@5000002f)
	baseLocale	500011d8
OBJ 50001127 (sz=32, trace=300000, class=java.util.Locale@5000002f)
	baseLocale	50001193
OBJ 50001128 (sz=32, trace=300000, class=java.util.Locale@5000002f)
	baseLocale	500011f7
OBJ 50001129 (sz=32, trace=300000, class=java.util.Locale@5000002f)
	baseLocale	5000118b
OBJ 5000112a (sz=32, trace=300000, class=java.util.Locale@5000002f)
	baseLocale	500011b6
OBJ 5000112b (sz=32, trace=300000, class=java.util.Locale@5000002f)
	baseLocale	500011fe
OBJ 5000112c (sz=32, trace=300000, class=java.util.Locale@5000002f)
	baseLocale	5000119b
OBJ 5000112d (sz=32, trace=300000, class=java.util.Locale@5000002f)
	baseLocale	500011c6
OBJ 5000112e (sz=24, trace=300000, class=java.util.Locale$Cache@5000002d)
	map		50001130
	queue		5000112f
OBJ 5000112f (sz=32, trace=300000, class=java.lang.ref.ReferenceQueue@500000d3)
	lock		50001212
OBJ 50001130 (sz=64, trace=300000, class=java.util.concurrent.ConcurrentHashMap@5000002b)
	table		50001131
ARR 50001131 (sz=144, trace=300000, nelems=32, elem type=java.util.concurrent.ConcurrentHashMap$Node[]@50000023)
	[0]		50001132
	[1]		50001133
	[2]		50001134
	[4]		50001135
	[5]		50001136
	[8]		50001137
	[9]		50001138
	[10]		50001139
	[14]		5000113a
	[16]		5000113b
	[20]		5000113c
	[22]		5000113d
	[23]		5000113e
	[26]		5000113f
	[27]		50001140
	[30]		50001141
	[31]		50000c3a
OBJ 50001132 (sz=32, trace=300000, class=java.util.concurrent.ConcurrentHashMap$Node@50000024)
	key		50001239
	val		50001238
	next		50001237
OBJ 50001133 (sz=32, trace=300000, class=java.util.concurrent.ConcurrentHashMap$Node@50000024)
	key		50001236
	val		50001235
OBJ 50001134 (sz=32, trace=300000, class=java.util.concurrent.ConcurrentHashMap$Node@50000024)
	key		50001234
	val		50001233
OBJ 50001135 (sz=32, trace=300000, class=java.util.concurrent.ConcurrentHashMap$Node@50000024)
	key		50001232
	val		50001231
OBJ 50001136 (sz=32, trace=300000, class=java.util.concurrent.ConcurrentHashMap$Node@50000024)
	key		50001230
	val		5000122f
OBJ 50001137 (sz=32, trace=300000, class=java.util.concurrent.ConcurrentHashMap$Node@50000024)
	key		5000122c
	val		5000122b
	next		5000122a
OBJ 50001138 (sz=32, trace=300000, class=java.util.concurrent.ConcurrentHashMap$Node@50000024)
	key		50001229
	val		50001228
OBJ 50001139 (sz=32, trace=300000, class=java.util.concurrent.ConcurrentHashMap$Node@50000024)
	key		50001227
	val		50001226
OBJ 5000113a (sz=32, trace=300000, class=java.util.concurrent.ConcurrentHashMap$Node@50000024)
	key		50001225
	val		50001224
OBJ 5000113b (sz=32, trace=300000, class=java.util.concurrent.ConcurrentHashMap$Node@50000024)
	key		50001223
	val		50001222
OBJ 5000113c (sz=32, trace=300000, class=java.util.concurrent.ConcurrentHashMap$Node@50000024)
	key		50001221
	val		50001220
OBJ 5000113d (sz=32, trace=300000, class=java.util.concurrent.ConcurrentHashMap$Node@50000024)
	key		5000121f
	val		5000121e
OBJ 5000113e (sz=32, trace=300000, class=java.util.concurrent.ConcurrentHashMap$Node@50000024)
	key		5000121d
	val		5000121c
OBJ 5000113f (sz=32, trace=300000, class=java.util.concurrent.ConcurrentHashMap$Node@50000024)
	key		5000121b
	val		5000121a
OBJ 50001140 (sz=32, trace=300000, class=java.util.concurrent.ConcurrentHashMap$Node@50000024)
	key		50001217
	val		50001216
	next		50001215
OBJ 50001141 (sz=32, trace=300000, class=java.util.concurrent.ConcurrentHashMap$Node@50000024)
	key		50001214
	val		50001213
OBJ 50001142 (sz=24, trace=300000, class=java.lang.String@5000016e)
	value		50001143
ARR 50001143 (sz=4, trace=300000, nelems=2, elem type=char[])
OBJ 50001144 (sz=24, trace=300000, class=java.lang.String@5000016e)
	value		50001211
OBJ 50001145 (sz=24, trace=300000, class=java.lang.String@5000016e)
	value		50001210
OBJ 50001146 (sz=24, trace=300000, class=java.lang.String@5000016e)
	value		5000120f
OBJ 50001147 (sz=24, trace=300000, class=sun.util.locale.BaseLocale$Cache@5000001b)
	map		5000114b
	queue		5000114a
OBJ 50001148 (sz=24, trace=300000, class=java.lang.String@5000016e)
	value		50001149
ARR 50001149 (sz=2, trace=300000, nelems=1, elem type=char[])
OBJ 5000114a (sz=32, trace=300000, class=java.lang.ref.ReferenceQueue@500000d3)
	lock		5000117a
OBJ 5000114b (sz=64, trace=300000, class=java.util.concurrent.ConcurrentHashMap@5000002b)
	table		5000114c
ARR 5000114c (sz=144, trace=300000, nelems=27, elem type=java.util.concurrent.ConcurrentHashMap$Node[]@50000023)
	[0]		5000114d
	[1]		5000114e
	[4]		5000114f
	[7]		50001150
	[8]		50001151
	[9]		50001152
	[11]		50001153
	[12]		50001154
	[14]		50001155
	[17]		50000c36
	[23]		50001156
	[25]		50001157
	[26]		50001158
OBJ 5000114d (sz=32, trace=300000, class=java.util.concurrent.ConcurrentHashMap$Node@50000024)
	key		50001201
	val		50001200
	next		500011ff
OBJ 5000114e (sz=32, trace=300000, class=java.util.concurrent.ConcurrentHashMap$Node@50000024)
	key		500011f9
	val		500011f8
OBJ 5000114f (sz=32, trace=300000, class=java.util.concurrent.ConcurrentHashMap$Node@50000024)
	key		500011f2
	val		500011f1
OBJ 50001150 (sz=32, trace=300000, class=java.util.concurrent.ConcurrentHashMap$Node@50000024)
	key		500011ea
	val		500011e9
OBJ 50001151 (sz=32, trace=300000, class=java.util.concurrent.ConcurrentHashMap$Node@50000024)
	key		500011c9
	val		500011c8
	next		500011c7
OBJ 50001152 (sz=32, trace=300000, class=java.util.concurrent.ConcurrentHashMap$Node@50000024)
	key		500011c1
	val		500011c0
OBJ 50001153 (sz=32, trace=300000, class=java.util.concurrent.ConcurrentHashMap$Node@50000024)
	key		500011b0
	val		500011af
	next		500011ae
OBJ 50001154 (sz=32, trace=300000, class=java.util.concurrent.ConcurrentHashMap$Node@50000024)
	key		50001196
	val		50001195
	next		50001194
OBJ 50001155 (sz=32, trace=300000, class=java.util.concurrent.ConcurrentHashMap$Node@50000024)
	key		5000118d
	val		5000118c
OBJ 50001156 (sz=32, trace=300000, class=java.util.concurrent.ConcurrentHashMap$Node@50000024)
	key		50001185
	val		50001184
OBJ 50001157 (sz=32, trace=300000, class=java.util.concurrent.ConcurrentHashMap$Node@50000024)
	key		5000117c
	val		5000117b
OBJ 50001158 (sz=32, trace=300000, class=java.util.concurrent.ConcurrentHashMap$Node@50000024)
	key		5000115a
	val		50001159
OBJ 50001159 (sz=48, trace=300000, class=sun.util.locale.LocaleObjectCache$CacheEntry@50000019)
	referent	50001179
	queue		5000114a
	key		5000115a
OBJ 5000115a (sz=40, trace=300000, class=sun.util.locale.BaseLocale$Key@5000001a)
	lang		5000115e
	scrt		5000115d
	regn		5000115c
	vart		5000115b
OBJ 5000115b (sz=40, trace=300000, class=java.lang.ref.SoftReference@50000152)
	referent	50000d5d
	queue		5000115f
OBJ 5000115c (sz=40, trace=300000, class=java.lang.ref.SoftReference@50000152)
	referent	50001116
	queue		5000115f
OBJ 5000115d (sz=40, trace=300000, class=java.lang.ref.SoftReference@50000152)
	referent	50000d5d
	queue		5000115f
OBJ 5000115e (sz=40, trace=300000, class=java.lang.ref.SoftReference@50000152)
	referent	50001107
	queue		5000115f
OBJ 5000115f (sz=32, trace=300000, class=java.lang.ref.ReferenceQueue$Null@500000d2)
	lock		50001161
ARR 50001160 (sz=4, trace=300000, nelems=2, elem type=char[])
OBJ 50001161 (sz=16, trace=300000, class=java.lang.ref.ReferenceQueue$Lock@500000d1)
OBJ 50001162 (sz=32, trace=300000, class=java.lang.ref.ReferenceQueue$Null@500000d2)
	lock		50001163
OBJ 50001163 (sz=16, trace=300000, class=java.lang.ref.ReferenceQueue$Lock@500000d1)
OBJ 50001164 (sz=24, trace=300000, class=java.lang.String@5000016e)
	value		50001177
OBJ 50001165 (sz=32, trace=300000, class=java.lang.ref.ReferenceQueue@500000d3)
	lock		50001166
OBJ 50001166 (sz=16, trace=300000, class=java.lang.ref.ReferenceQueue$Lock@500000d1)
ARR 50001167 (sz=16, trace=300000, nelems=0, elem type=java.lang.Throwable[]@50000101)
OBJ 50001168 (sz=24, trace=300000, class=java.lang.String@5000016e)
	value		50001174
OBJ 50001169 (sz=24, trace=300000, class=java.lang.String@5000016e)
	value		50001173
OBJ 5000116a (sz=24, trace=300000, class=java.lang.String@5000016e)
	value		50001172
OBJ 5000116b (sz=24, trace=300000, class=java.lang.String@5000016e)
	value		50001171
OBJ 5000116c (sz=24, trace=300000, class=java.util.Collections$UnmodifiableRandomAccessList@500000d4)
	c		5000116e
	list		5000116e
ARR 5000116d (sz=16, trace=300000, nelems=0, elem type=java.lang.StackTraceElement[]@500000f5)
OBJ 5000116e (sz=24, trace=300000, class=java.util.ArrayList@500000de)
	elementData	5000116f
ARR 5000116f (sz=16, trace=300000, nelems=0, elem type=java.lang.Object[]@50000109)
ARR 50001170 (sz=16, trace=300000, nelems=0, elem type=java.lang.Object[]@50000109)
ARR 50001171 (sz=66, trace=300000, nelems=33, elem type=char[])
ARR 50001172 (sz=60, trace=300000, nelems=30, elem type=char[])
ARR 50001173 (sz=22, trace=300000, nelems=11, elem type=char[])
ARR 50001174 (sz=24, trace=300000, nelems=12, elem type=char[])
OBJ 50001175 (sz=24, trace=300000, class=java.lang.String@5000016e)
	value		50001176
ARR 50001176 (sz=12, trace=300000, nelems=6, elem type=char[])
ARR 50001177 (sz=34, trace=300000, nelems=17, elem type=char[])
ARR 50001178 (sz=4, trace=300000, nelems=2, elem type=char[])
OBJ 50001179 (sz=32, trace=300000, class=sun.util.locale.BaseLocale@5000001c)
	language	50001107
	script		50000d5d
	region		50001116
	variant		50000d5d
OBJ 5000117a (sz=16, trace=300000, class=java.lang.ref.ReferenceQueue$Lock@500000d1)
OBJ 5000117b (sz=48, trace=300000, class=sun.util.locale.LocaleObjectCache$CacheEntry@50000019)
	referent	50001183
	queue		5000114a
	key		5000117c
OBJ 5000117c (sz=40, trace=300000, class=sun.util.locale.BaseLocale$Key@5000001a)
	lang		50001180
	scrt		5000117f
	regn		5000117e
	vart		5000117d
OBJ 5000117d (sz=40, trace=300000, class=java.lang.ref.SoftReference@50000152)
	referent	50000d5d
	queue		5000115f
OBJ 5000117e (sz=40, trace=300000, class=java.lang.ref.SoftReference@50000152)
	referent	50001118
	queue		5000115f
OBJ 5000117f (sz=40, trace=300000, class=java.lang.ref.SoftReference@50000152)
	referent	50000d5d
	queue		5000115f
OBJ 50001180 (sz=40, trace=300000, class=java.lang.ref.SoftReference@50000152)
	referent	5000110b
	queue		5000115f
ARR 50001181 (sz=4, trace=300000, nelems=2, elem type=char[])
ARR 50001182 (sz=4, trace=300000, nelems=2, elem type=char[])
OBJ 50001183 (sz=32, trace=300000, class=sun.util.locale.BaseLocale@5000001c)
	language	5000110b
	script		50000d5d
	region		50001118
	variant		50000d5d
OBJ 50001184 (sz=48, trace=300000, class=sun.util.locale.LocaleObjectCache$CacheEntry@50000019)
	referent	5000118b
	queue		5000114a
	key		50001185
OBJ 50001185 (sz=40, trace=300000, class=sun.util.locale.BaseLocale$Key@5000001a)
	lang		50001189
	scrt		50001188
	regn		50001187
	vart		50001186
OBJ 50001186 (sz=40, trace=300000, class=java.lang.ref.SoftReference@50000152)
	referent	50000d5d
	queue		5000115f
OBJ 50001187 (sz=40, trace=300000, class=java.lang.ref.SoftReference@50000152)
	referent	50000d5d
	queue		5000115f
OBJ 50001188 (sz=40, trace=300000, class=java.lang.ref.SoftReference@50000152)
	referent	50000d5d
	queue		5000115f
OBJ 50001189 (sz=40, trace=300000, class=java.lang.ref.SoftReference@50000152)
	referent	5000110a
	queue		5000115f
ARR 5000118a (sz=4, trace=300000, nelems=2, elem type=char[])
OBJ 5000118b (sz=32, trace=300000, class=sun.util.locale.BaseLocale@5000001c)
	language	5000110a
	script		50000d5d
	region		50000d5d
	variant		50000d5d
OBJ 5000118c (sz=48, trace=300000, class=sun.util.locale.LocaleObjectCache$CacheEntry@50000019)
	referent	50001193
	queue		5000114a
	key		5000118d
OBJ 5000118d (sz=40, trace=300000, class=sun.util.locale.BaseLocale$Key@5000001a)
	lang		50001191
	scrt		50001190
	regn		5000118f
	vart		5000118e
OBJ 5000118e (sz=40, trace=300000, class=java.lang.ref.SoftReference@50000152)
	referent	50000d5d
	queue		5000115f
OBJ 5000118f (sz=40, trace=300000, class=java.lang.ref.SoftReference@50000152)
	referent	50000d5d
	queue		5000115f
OBJ 50001190 (sz=40, trace=300000, class=java.lang.ref.SoftReference@50000152)
	referent	50000d5d
	queue		5000115f
OBJ 50001191 (sz=40, trace=300000, class=java.lang.ref.SoftReference@50000152)
	referent	50001115
	queue		5000115f
ARR 50001192 (sz=4, trace=300000, nelems=2, elem type=char[])
OBJ 50001193 (sz=32, trace=300000, class=sun.util.locale.BaseLocale@5000001c)
	language	50001115
	script		50000d5d
	region		50000d5d
	variant		50000d5d
OBJ 50001194 (sz=32, trace=300000, class=java.util.concurrent.ConcurrentHashMap$Node@50000024)
	key		5000119e
	val		5000119d
	next		5000119c
OBJ 50001195 (sz=48, trace=300000, class=sun.util.locale.LocaleObjectCache$CacheEntry@50000019)
	referent	5000119b
	queue		5000114a
	key		50001196
OBJ 50001196 (sz=40, trace=300000, class=sun.util.locale.BaseLocale$Key@5000001a)
	lang		5000119a
	scrt		50001199
	regn		50001198
	vart		50001197
OBJ 50001197 (sz=40, trace=300000, class=java.lang.ref.SoftReference@50000152)
	referent	50000d5d
	queue		5000115f
OBJ 50001198 (sz=40, trace=300000, class=java.lang.ref.SoftReference@50000152)
	referent	50000d5d
	queue		5000115f
OBJ 50001199 (sz=40, trace=300000, class=java.lang.ref.SoftReference@50000152)
	referent	50000d5d
	queue		5000115f
OBJ 5000119a (sz=40, trace=300000, class=java.lang.ref.SoftReference@50000152)
	referent	50001107
	queue		5000115f
OBJ 5000119b (sz=32, trace=300000, class=sun.util.locale.BaseLocale@5000001c)
	language	50001107
	script		50000d5d
	region		50000d5d
	variant		50000d5d
OBJ 5000119c (sz=32, trace=300000, class=java.util.concurrent.ConcurrentHashMap$Node@50000024)
	key		500011a7
	val		500011a6
OBJ 5000119d (sz=48, trace=300000, class=sun.util.locale.LocaleObjectCache$CacheEntry@50000019)
	referent	500011a5
	queue		5000114a
	key		5000119e
OBJ 5000119e (sz=40, trace=300000, class=sun.util.locale.BaseLocale$Key@5000001a)
	lang		500011a2
	scrt		500011a1
	regn		500011a0
	vart		5000119f
OBJ 5000119f (sz=40, trace=300000, class=java.lang.ref.SoftReference@50000152)
	referent	50000d5d
	queue		5000115f
OBJ 500011a0 (sz=40, trace=300000, class=java.lang.ref.SoftReference@50000152)
	referent	500010fe
	queue		5000115f
OBJ 500011a1 (sz=40, trace=300000, class=java.lang.ref.SoftReference@50000152)
	referent	50000d5d
	queue		5000115f
OBJ 500011a2 (sz=40, trace=300000, class=java.lang.ref.SoftReference@50000152)
	referent	50001104
	queue		5000115f
ARR 500011a3 (sz=4, trace=300000, nelems=2, elem type=char[])
ARR 500011a4 (sz=4, trace=300000, nelems=2, elem type=char[])
OBJ 500011a5 (sz=32, trace=300000, class=sun.util.locale.BaseLocale@5000001c)
	language	50001104
	script		50000d5d
	region		500010fe
	variant		50000d5d
OBJ 500011a6 (sz=48, trace=300000, class=sun.util.locale.LocaleObjectCache$CacheEntry@50000019)
	referent	500011ad
	queue		5000114a
	key		500011a7
OBJ 500011a7 (sz=40, trace=300000, class=sun.util.locale.BaseLocale$Key@5000001a)
	lang		500011ab
	scrt		500011aa
	regn		500011a9
	vart		500011a8
OBJ 500011a8 (sz=40, trace=300000, class=java.lang.ref.SoftReference@50000152)
	referent	50000d5d
	queue		5000115f
OBJ 500011a9 (sz=40, trace=300000, class=java.lang.ref.SoftReference@50000152)
	referent	50001101
	queue		5000115f
OBJ 500011aa (sz=40, trace=300000, class=java.lang.ref.SoftReference@50000152)
	referent	50000d5d
	queue		5000115f
OBJ 500011ab (sz=40, trace=300000, class=java.lang.ref.SoftReference@50000152)
	referent	5000110a
	queue		5000115f
ARR 500011ac (sz=4, trace=300000, nelems=2, elem type=char[])
OBJ 500011ad (sz=32, trace=300000, class=sun.util.locale.BaseLocale@5000001c)
	language	5000110a
	script		50000d5d
	region		50001101
	variant		50000d5d
OBJ 500011ae (sz=32, trace=300000, class=java.util.concurrent.ConcurrentHashMap$Node@50000024)
	key		500011b8
	val		500011b7
OBJ 500011af (sz=48, trace=300000, class=sun.util.locale.LocaleObjectCache$CacheEntry@50000019)
	referent	500011b6
	queue		5000114a
	key		500011b0
OBJ 500011b0 (sz=40, trace=300000, class=sun.util.locale.BaseLocale$Key@5000001a)
	lang		500011b4
	scrt		500011b3
	regn		500011b2
	vart		500011b1
OBJ 500011b1 (sz=40, trace=300000, class=java.lang.ref.SoftReference@50000152)
	referent	50000d5d
	queue		5000115f
OBJ 500011b2 (sz=40, trace=300000, class=java.lang.ref.SoftReference@50000152)
	referent	50000d5d
	queue		5000115f
OBJ 500011b3 (sz=40, trace=300000, class=java.lang.ref.SoftReference@50000152)
	referent	50000d5d
	queue		5000115f
OBJ 500011b4 (sz=40, trace=300000, class=java.lang.ref.SoftReference@50000152)
	referent	50001109
	queue		5000115f
ARR 500011b5 (sz=4, trace=300000, nelems=2, elem type=char[])
OBJ 500011b6 (sz=32, trace=300000, class=sun.util.locale.BaseLocale@5000001c)
	language	50001109
	script		50000d5d
	region		50000d5d
	variant		50000d5d
OBJ 500011b7 (sz=48, trace=300000, class=sun.util.locale.LocaleObjectCache$CacheEntry@50000019)
	referent	500011bf
	queue		5000114a
	key		500011b8
OBJ 500011b8 (sz=40, trace=300000, class=sun.util.locale.BaseLocale$Key@5000001a)
	lang		500011bc
	scrt		500011bb
	regn		500011ba
	vart		500011b9
OBJ 500011b9 (sz=40, trace=300000, class=java.lang.ref.SoftReference@50000152)
	referent	50000d5d
	queue		5000115f
OBJ 500011ba (sz=40, trace=300000, class=java.lang.ref.SoftReference@50000152)
	referent	50001117
	queue		5000115f
OBJ 500011bb (sz=40, trace=300000, class=java.lang.ref.SoftReference@50000152)
	referent	50000d5d
	queue		5000115f
OBJ 500011bc (sz=40, trace=300000, class=java.lang.ref.SoftReference@50000152)
	referent	50001105
	queue		5000115f
ARR 500011bd (sz=4, trace=300000, nelems=2, elem type=char[])
ARR 500011be (sz=4, trace=300000, nelems=2, elem type=char[])
OBJ 500011bf (sz=32, trace=300000, class=sun.util.locale.BaseLocale@5000001c)
	language	50001105
	script		50000d5d
	region		50001117
	variant		50000d5d
OBJ 500011c0 (sz=48, trace=300000, class=sun.util.locale.LocaleObjectCache$CacheEntry@50000019)
	referent	500011c6
	queue		5000114a
	key		500011c1
OBJ 500011c1 (sz=40, trace=300000, class=sun.util.locale.BaseLocale$Key@5000001a)
	lang		500011c5
	scrt		500011c4
	regn		500011c3
	vart		500011c2
OBJ 500011c2 (sz=40, trace=300000, class=java.lang.ref.SoftReference@50000152)
	referent	50000d5d
	queue		5000115f
OBJ 500011c3 (sz=40, trace=300000, class=java.lang.ref.SoftReference@50000152)
	referent	50000d5d
	queue		5000115f
OBJ 500011c4 (sz=40, trace=300000, class=java.lang.ref.SoftReference@50000152)
	referent	50000d5d
	queue		5000115f
OBJ 500011c5 (sz=40, trace=300000, class=java.lang.ref.SoftReference@50000152)
	referent	50001105
	queue		5000115f
OBJ 500011c6 (sz=32, trace=300000, class=sun.util.locale.BaseLocale@5000001c)
	language	50001105
	script		50000d5d
	region		50000d5d
	variant		50000d5d
OBJ 500011c7 (sz=32, trace=300000, class=java.util.concurrent.ConcurrentHashMap$Node@50000024)
	key		500011d2
	val		500011d1
	next		500011d0
OBJ 500011c8 (sz=48, trace=300000, class=sun.util.locale.LocaleObjectCache$CacheEntry@50000019)
	referent	500011cf
	queue		5000114a
	key		500011c9
OBJ 500011c9 (sz=40, trace=300000, class=sun.util.locale.BaseLocale$Key@5000001a)
	lang		500011cd
	scrt		500011cc
	regn		500011cb
	vart		500011ca
OBJ 500011ca (sz=40, trace=300000, class=java.lang.ref.SoftReference@50000152)
	referent	50000d5d
	queue		5000115f
OBJ 500011cb (sz=40, trace=300000, class=java.lang.ref.SoftReference@50000152)
	referent	50001102
	queue		5000115f
OBJ 500011cc (sz=40, trace=300000, class=java.lang.ref.SoftReference@50000152)
	referent	50000d5d
	queue		5000115f
OBJ 500011cd (sz=40, trace=300000, class=java.lang.ref.SoftReference@50000152)
	referent	50001115
	queue		5000115f
ARR 500011ce (sz=4, trace=300000, nelems=2, elem type=char[])
OBJ 500011cf (sz=32, trace=300000, class=sun.util.locale.BaseLocale@5000001c)
	language	50001115
	script		50000d5d
	region		50001102
	variant		50000d5d
OBJ 500011d0 (sz=32, trace=300000, class=java.util.concurrent.ConcurrentHashMap$Node@50000024)
	key		500011db
	val		500011da
	next		500011d9
OBJ 500011d1 (sz=48, trace=300000, class=sun.util.locale.LocaleObjectCache$CacheEntry@50000019)
	referent	500011d8
	queue		5000114a
	key		500011d2
OBJ 500011d2 (sz=40, trace=300000, class=sun.util.locale.BaseLocale$Key@5000001a)
	lang		500011d6
	scrt		500011d5
	regn		500011d4
	vart		500011d3
OBJ 500011d3 (sz=40, trace=300000, class=java.lang.ref.SoftReference@50000152)
	referent	50000d5d
	queue		5000115f
OBJ 500011d4 (sz=40, trace=300000, class=java.lang.ref.SoftReference@50000152)
	referent	500010ff
	queue		5000115f
OBJ 500011d5 (sz=40, trace=300000, class=java.lang.ref.SoftReference@50000152)
	referent	50000d5d
	queue		5000115f
OBJ 500011d6 (sz=40, trace=300000, class=java.lang.ref.SoftReference@50000152)
	referent	50001107
	queue		5000115f
ARR 500011d7 (sz=4, trace=300000, nelems=2, elem type=char[])
OBJ 500011d8 (sz=32, trace=300000, class=sun.util.locale.BaseLocale@5000001c)
	language	50001107
	script		50000d5d
	region		500010ff
	variant		50000d5d
OBJ 500011d9 (sz=32, trace=300000, class=java.util.concurrent.ConcurrentHashMap$Node@50000024)
	key		500011e3
	val		500011e2
OBJ 500011da (sz=48, trace=300000, class=sun.util.locale.LocaleObjectCache$CacheEntry@50000019)
	referent	500011e1
	queue		5000114a
	key		500011db
OBJ 500011db (sz=40, trace=300000, class=sun.util.locale.BaseLocale$Key@5000001a)
	lang		500011df
	scrt		500011de
	regn		500011dd
	vart		500011dc
OBJ 500011dc (sz=40, trace=300000, class=java.lang.ref.SoftReference@50000152)
	referent	50000d5d
	queue		5000115f
OBJ 500011dd (sz=40, trace=300000, class=java.lang.ref.SoftReference@50000152)
	referent	50001119
	queue		5000115f
OBJ 500011de (sz=40, trace=300000, class=java.lang.ref.SoftReference@50000152)
	referent	50000d5d
	queue		5000115f
OBJ 500011df (sz=40, trace=300000, class=java.lang.ref.SoftReference@50000152)
	referent	50001105
	queue		5000115f
ARR 500011e0 (sz=4, trace=300000, nelems=2, elem type=char[])
OBJ 500011e1 (sz=32, trace=300000, class=sun.util.locale.BaseLocale@5000001c)
	language	50001105
	script		50000d5d
	region		50001119
	variant		50000d5d
OBJ 500011e2 (sz=48, trace=300000, class=sun.util.locale.LocaleObjectCache$CacheEntry@50000019)
	referent	500011e8
	queue		5000114a
	key		500011e3
OBJ 500011e3 (sz=40, trace=300000, class=sun.util.locale.BaseLocale$Key@5000001a)
	lang		500011e7
	scrt		500011e6
	regn		500011e5
	vart		500011e4
OBJ 500011e4 (sz=40, trace=300000, class=java.lang.ref.SoftReference@50000152)
	referent	50000d5d
	queue		5000115f
OBJ 500011e5 (sz=40, trace=300000, class=java.lang.ref.SoftReference@50000152)
	referent	50001116
	queue		5000115f
OBJ 500011e6 (sz=40, trace=300000, class=java.lang.ref.SoftReference@50000152)
	referent	50000d5d
	queue		5000115f
OBJ 500011e7 (sz=40, trace=300000, class=java.lang.ref.SoftReference@50000152)
	referent	50001105
	queue		5000115f
OBJ 500011e8 (sz=32, trace=300000, class=sun.util.locale.BaseLocale@5000001c)
	language	50001105
	script		50000d5d
	region		50001116
	variant		50000d5d
OBJ 500011e9 (sz=48, trace=300000, class=sun.util.locale.LocaleObjectCache$CacheEntry@50000019)
	referent	500011f0
	queue		5000114a
	key		500011ea
OBJ 500011ea (sz=40, trace=300000, class=sun.util.locale.BaseLocale$Key@5000001a)
	lang		500011ee
	scrt		500011ed
	regn		500011ec
	vart		500011eb
OBJ 500011eb (sz=40, trace=300000, class=java.lang.ref.SoftReference@50000152)
	referent	50000d5d
	queue		5000115f
OBJ 500011ec (sz=40, trace=300000, class=java.lang.ref.SoftReference@50000152)
	referent	50001100
	queue		5000115f
OBJ 500011ed (sz=40, trace=300000, class=java.lang.ref.SoftReference@50000152)
	referent	50000d5d
	queue		5000115f
OBJ 500011ee (sz=40, trace=300000, class=java.lang.ref.SoftReference@50000152)
	referent	50001109
	queue		5000115f
ARR 500011ef (sz=4, trace=300000, nelems=2, elem type=char[])
OBJ 500011f0 (sz=32, trace=300000, class=sun.util.locale.BaseLocale@5000001c)
	language	50001109
	script		50000d5d
	region		50001100
	variant		50000d5d
OBJ 500011f1 (sz=48, trace=300000, class=sun.util.locale.LocaleObjectCache$CacheEntry@50000019)
	referent	500011f7
	queue		5000114a
	key		500011f2
OBJ 500011f2 (sz=40, trace=300000, class=sun.util.locale.BaseLocale$Key@5000001a)
	lang		500011f6
	scrt		500011f5
	regn		500011f4
	vart		500011f3
OBJ 500011f3 (sz=40, trace=300000, class=java.lang.ref.SoftReference@50000152)
	referent	50000d5d
	queue		5000115f
OBJ 500011f4 (sz=40, trace=300000, class=java.lang.ref.SoftReference@50000152)
	referent	50000d5d
	queue		5000115f
OBJ 500011f5 (sz=40, trace=300000, class=java.lang.ref.SoftReference@50000152)
	referent	50000d5d
	queue		5000115f
OBJ 500011f6 (sz=40, trace=300000, class=java.lang.ref.SoftReference@50000152)
	referent	5000110b
	queue		5000115f
OBJ 500011f7 (sz=32, trace=300000, class=sun.util.locale.BaseLocale@5000001c)
	language	5000110b
	script		50000d5d
	region		50000d5d
	variant		50000d5d
OBJ 500011f8 (sz=48, trace=300000, class=sun.util.locale.LocaleObjectCache$CacheEntry@50000019)
	referent	500011fe
	queue		5000114a
	key		500011f9
OBJ 500011f9 (sz=40, trace=300000, class=sun.util.locale.BaseLocale$Key@5000001a)
	lang		500011fd
	scrt		500011fc
	regn		500011fb
	vart		500011fa
OBJ 500011fa (sz=40, trace=300000, class=java.lang.ref.SoftReference@50000152)
	referent	50000d5d
	queue		5000115f
OBJ 500011fb (sz=40, trace=300000, class=java.lang.ref.SoftReference@50000152)
	referent	50000d5d
	queue		5000115f
OBJ 500011fc (sz=40, trace=300000, class=java.lang.ref.SoftReference@50000152)
	referent	50000d5d
	queue		5000115f
OBJ 500011fd (sz=40, trace=300000, class=java.lang.ref.SoftReference@50000152)
	referent	50001104
	queue		5000115f
OBJ 500011fe (sz=32, trace=300000, class=sun.util.locale.BaseLocale@5000001c)
	language	50001104
	script		50000d5d
	region		50000d5d
	variant		50000d5d
OBJ 500011ff (sz=32, trace=300000, class=java.util.concurrent.ConcurrentHashMap$Node@50000024)
	key		50001209
	val		50001208
OBJ 50001200 (sz=48, trace=300000, class=sun.util.locale.LocaleObjectCache$CacheEntry@50000019)
	referent	50001207
	queue		5000114a
	key		50001201
OBJ 50001201 (sz=40, trace=300000, class=sun.util.locale.BaseLocale$Key@5000001a)
	lang		50001205
	scrt		50001204
	regn		50001203
	vart		50001202
OBJ 50001202 (sz=40, trace=300000, class=java.lang.ref.SoftReference@50000152)
	referent	50000d5d
	queue		5000115f
OBJ 50001203 (sz=40, trace=300000, class=java.lang.ref.SoftReference@50000152)
	referent	500010fd
	queue		5000115f
OBJ 50001204 (sz=40, trace=300000, class=java.lang.ref.SoftReference@50000152)
	referent	50000d5d
	queue		5000115f
OBJ 50001205 (sz=40, trace=300000, class=java.lang.ref.SoftReference@50000152)
	referent	50001115
	queue		5000115f
ARR 50001206 (sz=4, trace=300000, nelems=2, elem type=char[])
OBJ 50001207 (sz=32, trace=300000, class=sun.util.locale.BaseLocale@5000001c)
	language	50001115
	script		50000d5d
	region		500010fd
	variant		50000d5d
OBJ 50001208 (sz=48, trace=300000, class=sun.util.locale.LocaleObjectCache$CacheEntry@50000019)
	referent	5000120e
	queue		5000114a
	key		50001209
OBJ 50001209 (sz=40, trace=300000, class=sun.util.locale.BaseLocale$Key@5000001a)
	lang		5000120d
	scrt		5000120c
	regn		5000120b
	vart		5000120a
OBJ 5000120a (sz=40, trace=300000, class=java.lang.ref.SoftReference@50000152)
	referent	50000d5d
	queue		5000115f
OBJ 5000120b (sz=40, trace=300000, class=java.lang.ref.SoftReference@50000152)
	referent	50000d5d
	queue		5000115f
OBJ 5000120c (sz=40, trace=300000, class=java.lang.ref.SoftReference@50000152)
	referent	50000d5d
	queue		5000115f
OBJ 5000120d (sz=40, trace=300000, class=java.lang.ref.SoftReference@50000152)
	referent	50000d5d
	queue		5000115f
OBJ 5000120e (sz=32, trace=300000, class=sun.util.locale.BaseLocale@5000001c)
	language	50000d5d
	script		50000d5d
	region		50000d5d
	variant		50000d5d
ARR 5000120f (sz=4, trace=300000, nelems=2, elem type=char[])
ARR 50001210 (sz=4, trace=300000, nelems=2, elem type=char[])
ARR 50001211 (sz=4, trace=300000, nelems=2, elem type=char[])
OBJ 50001212 (sz=16, trace=300000, class=java.lang.ref.ReferenceQueue$Lock@500000d1)
OBJ 50001213 (sz=48, trace=300000, class=sun.util.locale.LocaleObjectCache$CacheEntry@50000019)
	referent	5000111b
	queue		5000112f
	key		50001214
OBJ 50001214 (sz=24, trace=300000, class=java.util.Locale$LocaleKey@50000018)
	base		500011bf
OBJ 50001215 (sz=32, trace=300000, class=java.util.concurrent.ConcurrentHashMap$Node@50000024)
	key		50001219
	val		50001218
OBJ 50001216 (sz=48, trace=300000, class=sun.util.locale.LocaleObjectCache$CacheEntry@50000019)
	referent	5000111f
	queue		5000112f
	key		50001217
OBJ 50001217 (sz=24, trace=300000, class=java.util.Locale$LocaleKey@50000018)
	base		500011e1
OBJ 50001218 (sz=48, trace=300000, class=sun.util.locale.LocaleObjectCache$CacheEntry@50000019)
	referent	5000111e
	queue		5000112f
	key		50001219
OBJ 50001219 (sz=24, trace=300000, class=java.util.Locale$LocaleKey@50000018)
	base		500011e8
OBJ 5000121a (sz=48, trace=300000, class=sun.util.locale.LocaleObjectCache$CacheEntry@50000019)
	referent	50001126
	queue		5000112f
	key		5000121b
OBJ 5000121b (sz=24, trace=300000, class=java.util.Locale$LocaleKey@50000018)
	base		500011d8
OBJ 5000121c (sz=48, trace=300000, class=sun.util.locale.LocaleObjectCache$CacheEntry@50000019)
	referent	50001124
	queue		5000112f
	key		5000121d
OBJ 5000121d (sz=24, trace=300000, class=java.util.Locale$LocaleKey@50000018)
	base		500011f0
OBJ 5000121e (sz=48, trace=300000, class=sun.util.locale.LocaleObjectCache$CacheEntry@50000019)
	referent	5000112d
	queue		5000112f
	key		5000121f
OBJ 5000121f (sz=24, trace=300000, class=java.util.Locale$LocaleKey@50000018)
	base		500011c6
OBJ 50001220 (sz=48, trace=300000, class=sun.util.locale.LocaleObjectCache$CacheEntry@50000019)
	referent	50001127
	queue		5000112f
	key		50001221
OBJ 50001221 (sz=24, trace=300000, class=java.util.Locale$LocaleKey@50000018)
	base		50001193
OBJ 50001222 (sz=48, trace=300000, class=sun.util.locale.LocaleObjectCache$CacheEntry@50000019)
	referent	5000112b
	queue		5000112f
	key		50001223
OBJ 50001223 (sz=24, trace=300000, class=java.util.Locale$LocaleKey@50000018)
	base		500011fe
OBJ 50001224 (sz=48, trace=300000, class=sun.util.locale.LocaleObjectCache$CacheEntry@50000019)
	referent	50001125
	queue		5000112f
	key		50001225
OBJ 50001225 (sz=24, trace=300000, class=java.util.Locale$LocaleKey@50000018)
	base		500011a5
OBJ 50001226 (sz=48, trace=300000, class=sun.util.locale.LocaleObjectCache$CacheEntry@50000019)
	referent	50001128
	queue		5000112f
	key		50001227
OBJ 50001227 (sz=24, trace=300000, class=java.util.Locale$LocaleKey@50000018)
	base		500011f7
OBJ 50001228 (sz=48, trace=300000, class=sun.util.locale.LocaleObjectCache$CacheEntry@50000019)
	referent	5000112a
	queue		5000112f
	key		50001229
OBJ 50001229 (sz=24, trace=300000, class=java.util.Locale$LocaleKey@50000018)
	base		500011b6
OBJ 5000122a (sz=32, trace=300000, class=java.util.concurrent.ConcurrentHashMap$Node@50000024)
	key		5000122e
	val		5000122d
OBJ 5000122b (sz=48, trace=300000, class=sun.util.locale.LocaleObjectCache$CacheEntry@50000019)
	referent	50001129
	queue		5000112f
	key		5000122c
OBJ 5000122c (sz=24, trace=300000, class=java.util.Locale$LocaleKey@50000018)
	base		5000118b
OBJ 5000122d (sz=48, trace=300000, class=sun.util.locale.LocaleObjectCache$CacheEntry@50000019)
	referent	50001120
	queue		5000112f
	key		5000122e
OBJ 5000122e (sz=24, trace=300000, class=java.util.Locale$LocaleKey@50000018)
	base		500011cf
OBJ 5000122f (sz=48, trace=300000, class=sun.util.locale.LocaleObjectCache$CacheEntry@50000019)
	referent	5000112c
	queue		5000112f
	key		50001230
OBJ 50001230 (sz=24, trace=300000, class=java.util.Locale$LocaleKey@50000018)
	base		5000119b
OBJ 50001231 (sz=48, trace=300000, class=sun.util.locale.LocaleObjectCache$CacheEntry@50000019)
	referent	5000111d
	queue		5000112f
	key		50001232
OBJ 50001232 (sz=24, trace=300000, class=java.util.Locale$LocaleKey@50000018)
	base		50001179
OBJ 50001233 (sz=48, trace=300000, class=sun.util.locale.LocaleObjectCache$CacheEntry@50000019)
	referent	50001122
	queue		5000112f
	key		50001234
OBJ 50001234 (sz=24, trace=300000, class=java.util.Locale$LocaleKey@50000018)
	base		50001183
OBJ 50001235 (sz=48, trace=300000, class=sun.util.locale.LocaleObjectCache$CacheEntry@50000019)
	referent	50001123
	queue		5000112f
	key		50001236
OBJ 50001236 (sz=24, trace=300000, class=java.util.Locale$LocaleKey@50000018)
	base		500011ad
OBJ 50001237 (sz=32, trace=300000, class=java.util.concurrent.ConcurrentHashMap$Node@50000024)
	key		5000123b
	val		5000123a
OBJ 50001238 (sz=48, trace=300000, class=sun.util.locale.LocaleObjectCache$CacheEntry@50000019)
	referent	50001121
	queue		5000112f
	key		50001239
OBJ 50001239 (sz=24, trace=300000, class=java.util.Locale$LocaleKey@50000018)
	base		50001207
OBJ 5000123a (sz=48, trace=300000, class=sun.util.locale.LocaleObjectCache$CacheEntry@50000019)
	referent	5000111c
	queue		5000112f
	key		5000123b
OBJ 5000123b (sz=24, trace=300000, class=java.util.Locale$LocaleKey@50000018)
	base		5000120e
OBJ 5000123c (sz=40, trace=300000, class=java.io.ObjectStreamField@500000fd)
	name		5000110c
	signature	50001242
	type		5000016e
OBJ 5000123d (sz=40, trace=300000, class=java.io.ObjectStreamField@500000fd)
	name		50001103
	signature	50001242
	type		5000016e
OBJ 5000123e (sz=40, trace=300000, class=java.io.ObjectStreamField@500000fd)
	name		50001114
	signature	50001242
	type		5000016e
OBJ 5000123f (sz=40, trace=300000, class=java.io.ObjectStreamField@500000fd)
	name		50001108
	signature	50000efb
	type		50000d3d
OBJ 50001240 (sz=40, trace=300000, class=java.io.ObjectStreamField@500000fd)
	name		5000110d
	signature	50001242
	type		5000016e
OBJ 50001241 (sz=40, trace=300000, class=java.io.ObjectStreamField@500000fd)
	name		50001106
	signature	50001242
	type		5000016e
OBJ 50001242 (sz=24, trace=300000, class=java.lang.String@5000016e)
	value		50001244
ARR 50001243 (sz=20, trace=300000, nelems=10, elem type=char[])
ARR 50001244 (sz=36, trace=300000, nelems=18, elem type=char[])
ARR 50001245 (sz=12, trace=300000, nelems=6, elem type=char[])
ARR 50001246 (sz=16, trace=300000, nelems=8, elem type=char[])
ARR 50001247 (sz=14, trace=300000, nelems=7, elem type=char[])
ARR 50001248 (sz=14, trace=300000, nelems=7, elem type=char[])
ARR 50001249 (sz=16, trace=300000, nelems=8, elem type=char[])
OBJ 5000124a (sz=24, trace=300000, class=java.lang.String@5000016e)
	value		50001254
OBJ 5000124b (sz=24, trace=300000, class=java.lang.String@5000016e)
	value		50001259
OBJ 5000124c (sz=24, trace=300000, class=java.lang.String@5000016e)
	value		50001257
OBJ 5000124d (sz=24, trace=300000, class=java.lang.String@5000016e)
	value		5000125c
OBJ 5000124e (sz=24, trace=300000, class=java.lang.String@5000016e)
	value		50001255
OBJ 5000124f (sz=24, trace=300000, class=java.lang.String@5000016e)
	value		5000125a
OBJ 50001250 (sz=24, trace=300000, class=java.lang.String@5000016e)
	value		50001256
OBJ 50001251 (sz=24, trace=300000, class=java.lang.String@5000016e)
	value		5000125b
OBJ 50001252 (sz=24, trace=300000, class=java.lang.String@5000016e)
	value		50001258
OBJ 50001253 (sz=24, trace=300000, class=java.lang.String@5000016e)
	value		5000125d
ARR 50001254 (sz=14, trace=300000, nelems=7, elem type=char[])
ARR 50001255 (sz=42, trace=300000, nelems=21, elem type=char[])
ARR 50001256 (sz=38, trace=300000, nelems=19, elem type=char[])
ARR 50001257 (sz=40, trace=300000, nelems=20, elem type=char[])
ARR 50001258 (sz=40, trace=300000, nelems=20, elem type=char[])
ARR 50001259 (sz=12, trace=300000, nelems=6, elem type=char[])
ARR 5000125a (sz=40, trace=300000, nelems=20, elem type=char[])
ARR 5000125b (sz=36, trace=300000, nelems=18, elem type=char[])
ARR 5000125c (sz=38, trace=300000, nelems=19, elem type=char[])
ARR 5000125d (sz=38, trace=300000, nelems=19, elem type=char[])
ARR 5000125e (sz=24, trace=300000, nelems=12, elem type=char[])
ARR 5000125f (sz=22, trace=300000, nelems=11, elem type=char[])
ARR 50001260 (sz=22, trace=300000, nelems=11, elem type=char[])
ARR 50001261 (sz=26, trace=300000, nelems=13, elem type=char[])
ARR 50001262 (sz=24, trace=300000, nelems=12, elem type=char[])
ARR 50001263 (sz=4, trace=300000, nelems=2, elem type=char[])
OBJ 50001264 (sz=24, trace=300000, class=java.lang.String@5000016e)
	value		50001267
OBJ 50001265 (sz=24, trace=300000, class=java.lang.String@5000016e)
	value		50001266
ARR 50001266 (sz=52, trace=300000, nelems=26, elem type=char[])
ARR 50001267 (sz=42, trace=300000, nelems=21, elem type=char[])
ARR 50001268 (sz=16, trace=300000, nelems=8, elem type=char[])
ARR 50001269 (sz=28, trace=300000, nelems=14, elem type=char[])
ARR 5000126a (sz=28, trace=300000, nelems=14, elem type=char[])
ARR 5000126b (sz=2, trace=300000, nelems=1, elem type=char[])
ARR 5000126c (sz=2, trace=300000, nelems=1, elem type=char[])
OBJ 5000126d (sz=24, trace=300000, class=java.lang.String@5000016e)
	value		50001273
OBJ 5000126e (sz=24, trace=300000, class=java.lang.String@5000016e)
	value		50001272
ARR 5000126f (sz=24, trace=300000, nelems=2, elem type=java.io.File$PathStatus[]@50000062)
	[0]		50001271
	[1]		50001270
OBJ 50001270 (sz=24, trace=300000, class=java.io.File$PathStatus@50000067)
	name		5000126d
OBJ 50001271 (sz=24, trace=300000, class=java.io.File$PathStatus@50000067)
	name		5000126e
ARR 50001272 (sz=14, trace=300000, nelems=7, elem type=char[])
ARR 50001273 (sz=14, trace=300000, nelems=7, elem type=char[])
ARR 50001274 (sz=24, trace=300000, nelems=12, elem type=char[])
ARR 50001275 (sz=8, trace=300000, nelems=4, elem type=char[])
OBJ 50001276 (sz=40, trace=300000, class=java.io.ObjectStreamField@500000fd)
	name		50001046
	signature	50001242
	type		5000016e
OBJ 50001277 (sz=40, trace=300000, class=java.io.ObjectStreamField@500000fd)
	name		50001043
	signature	50001242
	type		5000016e
OBJ 50001278 (sz=40, trace=300000, class=java.io.ObjectStreamField@500000fd)
	name		50001045
	signature	50000efb
	type		50000d3d
OBJ 50001279 (sz=40, trace=300000, class=java.io.ObjectStreamField@500000fd)
	name		50001040
	signature	50001242
	type		5000016e
OBJ 5000127a (sz=40, trace=300000, class=java.io.ObjectStreamField@500000fd)
	name		50001041
	signature	50001242
	type		5000016e
OBJ 5000127b (sz=40, trace=300000, class=java.io.ObjectStreamField@500000fd)
	name		50001047
	signature	50001242
	type		5000016e
OBJ 5000127c (sz=40, trace=300000, class=java.io.ObjectStreamField@500000fd)
	name		50001042
	signature	50000efb
	type		50000d3d
ARR 5000127d (sz=16, trace=300000, nelems=8, elem type=char[])
ARR 5000127e (sz=6, trace=300000, nelems=3, elem type=char[])
ARR 5000127f (sz=18, trace=300000, nelems=9, elem type=char[])
ARR 50001280 (sz=8, trace=300000, nelems=4, elem type=char[])
ARR 50001281 (sz=8, trace=300000, nelems=4, elem type=char[])
ARR 50001282 (sz=16, trace=300000, nelems=8, elem type=char[])
ARR 50001283 (sz=2, trace=300000, nelems=1, elem type=char[])
ARR 50001284 (sz=8, trace=300000, nelems=4, elem type=char[])
ARR 50001285 (sz=2, trace=300000, nelems=1, elem type=char[])
ARR 50001286 (sz=16, trace=300000, nelems=8, elem type=char[])
ARR 50001287 (sz=2, trace=300000, nelems=1, elem type=char[])
ARR 50001288 (sz=6, trace=300000, nelems=3, elem type=char[])
OBJ 50001289 (sz=24, trace=300000, class=java.lang.String@5000016e)
	value		500017a6
OBJ 5000128a (sz=24, trace=300000, class=java.lang.String@5000016e)
	value		500016e4
OBJ 5000128b (sz=24, trace=300000, class=java.lang.String@5000016e)
	value		500016e3
OBJ 5000128c (sz=24, trace=300000, class=java.lang.String@5000016e)
	value		500016e2
OBJ 5000128d (sz=24, trace=300000, class=java.lang.String@5000016e)
	value		500016e1
OBJ 5000128e (sz=24, trace=300000, class=java.lang.String@5000016e)
	value		500016e0
OBJ 5000128f (sz=24, trace=300000, class=java.lang.String@5000016e)
	value		500016df
OBJ 50001290 (sz=24, trace=300000, class=java.lang.String@5000016e)
	value		500016de
OBJ 50001291 (sz=24, trace=300000, class=java.lang.String@5000016e)
	value		500016dd
OBJ 50001292 (sz=24, trace=300000, class=java.lang.String@5000016e)
	value		50001615
ARR 50001293 (sz=32, trace=300000, nelems=16, elem type=char[])
OBJ 50001294 (sz=24, trace=300000, class=java.util.BitSet@50000011)
	words		50001295
ARR 50001295 (sz=32, trace=300000, nelems=4, elem type=long[])
OBJ 50001296 (sz=24, trace=300000, class=java.lang.String@5000016e)
	value		5000129a
ARR 50001297 (sz=24, trace=300000, nelems=1, elem type=java.io.ObjectStreamField[]@500000fb)
	[0]		50001298
OBJ 50001298 (sz=40, trace=300000, class=java.io.ObjectStreamField@500000fd)
	name		50001296
	signature	50001299
	type		50000173
OBJ 50001299 (sz=24, trace=300000, class=java.lang.String@5000016e)
	value		5000129b
ARR 5000129a (sz=8, trace=300000, nelems=4, elem type=char[])
ARR 5000129b (sz=4, trace=300000, nelems=2, elem type=char[])
OBJ 5000129c (sz=16, trace=300000, class=java.util.concurrent.atomic.AtomicInteger@50000085)
OBJ 5000129d (sz=24, trace=300000, class=java.lang.String@5000016e)
	value		50001619
OBJ 5000129e (sz=24, trace=300000, class=java.lang.String@5000016e)
	value		500012a6
OBJ 5000129f (sz=24, trace=300000, class=java.lang.String@5000016e)
	value		500012a5
OBJ 500012a0 (sz=24, trace=300000, class=java.lang.String@5000016e)
	value		500012a4
OBJ 500012a1 (sz=24, trace=300000, class=java.lang.String@5000016e)
	value		500012a7
OBJ 500012a2 (sz=24, trace=300000, class=java.lang.String@5000016e)
	value		500016dc
ARR 500012a3 (sz=32, trace=300000, nelems=4, elem type=java.lang.String[]@500000c8)
	[0]		500012a1
	[1]		5000129e
	[2]		5000129f
	[3]		500012a0
ARR 500012a4 (sz=14, trace=300000, nelems=7, elem type=char[])
ARR 500012a5 (sz=20, trace=300000, nelems=10, elem type=char[])
ARR 500012a6 (sz=12, trace=300000, nelems=6, elem type=char[])
ARR 500012a7 (sz=10, trace=300000, nelems=5, elem type=char[])
OBJ 500012a8 (sz=24, trace=300000, class=java.lang.String@5000016e)
	value		500012ae
OBJ 500012a9 (sz=24, trace=300000, class=java.lang.String@5000016e)
	value		500012af
OBJ 500012aa (sz=24, trace=300000, class=java.lang.String@5000016e)
	value		500012b0
OBJ 500012ab (sz=16, trace=300000, class=java.nio.charset.CodingErrorAction@50000077)
	name		500012aa
OBJ 500012ac (sz=16, trace=300000, class=java.nio.charset.CodingErrorAction@50000077)
	name		500012a9
OBJ 500012ad (sz=16, trace=300000, class=java.nio.charset.CodingErrorAction@50000077)
	name		500012a8
ARR 500012ae (sz=12, trace=300000, nelems=6, elem type=char[])
ARR 500012af (sz=14, trace=300000, nelems=7, elem type=char[])
ARR 500012b0 (sz=12, trace=300000, nelems=6, elem type=char[])
OBJ 500012b1 (sz=24, trace=300000, class=java.lang.String@5000016e)
	value		500012bb
OBJ 500012b2 (sz=24, trace=300000, class=java.lang.String@5000016e)
	value		500012bc
OBJ 500012b3 (sz=24, trace=300000, class=java.lang.String@5000016e)
	value		500012bd
OBJ 500012b4 (sz=24, trace=300000, class=java.lang.String@5000016e)
	value		500012ba
OBJ 500012b5 (sz=16, trace=300000, class=java.nio.charset.CoderResult$2@50000031)
OBJ 500012b6 (sz=16, trace=300000, class=java.nio.charset.CoderResult$1@50000032)
OBJ 500012b7 (sz=24, trace=300000, class=java.nio.charset.CoderResult@50000034)
OBJ 500012b8 (sz=24, trace=300000, class=java.nio.charset.CoderResult@50000034)
ARR 500012b9 (sz=32, trace=300000, nelems=4, elem type=java.lang.String[]@500000c8)
	[0]		500012b3
	[1]		500012b2
	[2]		500012b1
	[3]		500012b4
ARR 500012ba (sz=20, trace=300000, nelems=10, elem type=char[])
ARR 500012bb (sz=18, trace=300000, nelems=9, elem type=char[])
ARR 500012bc (sz=16, trace=300000, nelems=8, elem type=char[])
ARR 500012bd (sz=18, trace=300000, nelems=9, elem type=char[])
OBJ 500012be (sz=24, trace=300000, class=java.lang.String@5000016e)
	value		500016db
OBJ 500012bf (sz=24, trace=300000, class=java.lang.String@5000016e)
	value		500016da
OBJ 500012c0 (sz=24, trace=300000, class=sun.nio.cs.MS1252@50000082)
	name		50001365
	aliases		50001673
OBJ 500012c1 (sz=16, trace=300000, class=java.lang.ThreadLocal@50000086)
OBJ 500012c2 (sz=32, trace=300000, class=sun.nio.cs.StandardCharsets@5000008b)
	classMap	500012c6
	aliasMap	500012c5
	cache		500012c4
	packagePrefix	500012c3
OBJ 500012c3 (sz=24, trace=300000, class=java.lang.String@5000016e)
	value		500016cd
OBJ 500012c4 (sz=40, trace=300000, class=sun.nio.cs.StandardCharsets$Cache@50000087)
	ht		500015f3
OBJ 500012c5 (sz=40, trace=300000, class=sun.nio.cs.StandardCharsets$Aliases@50000089)
	ht		5000138b
OBJ 500012c6 (sz=40, trace=300000, class=sun.nio.cs.StandardCharsets$Classes@50000088)
	ht		500012c7
ARR 500012c7 (sz=144, trace=300000, nelems=32, elem type=java.lang.Object[]@50000109)
	[0]		500012c8
	[2]		500012c9
	[3]		500012ca
	[4]		500012cb
	[5]		500012cc
	[6]		500012cd
	[7]		500012ce
	[8]		500012cf
	[9]		500012d0
	[10]		500012d1
	[11]		500012d2
	[12]		500012d3
	[14]		500012d4
	[15]		500012d5
	[16]		500012d6
	[17]		500012d7
	[18]		500012d8
	[19]		500012d9
	[22]		500012da
	[23]		500012db
	[24]		500012dc
	[28]		500012dd
	[29]		500012de
	[31]		500012df
ARR 500012c8 (sz=24, trace=300000, nelems=2, elem type=java.lang.Object[]@50000109)
	[0]		50001387
	[1]		50001388
ARR 500012c9 (sz=32, trace=300000, nelems=3, elem type=java.lang.Object[]@50000109)
	[0]		50001379
	[1]		5000137a
	[2]		5000137b
ARR 500012ca (sz=32, trace=300000, nelems=3, elem type=java.lang.Object[]@50000109)
	[0]		50001370
	[1]		50001371
	[2]		50001372
ARR 500012cb (sz=32, trace=300000, nelems=3, elem type=java.lang.Object[]@50000109)
	[0]		50001362
	[1]		50001363
	[2]		50001364
ARR 500012cc (sz=32, trace=300000, nelems=3, elem type=java.lang.Object[]@50000109)
	[0]		50001359
	[1]		5000135a
	[2]		5000135b
ARR 500012cd (sz=24, trace=300000, nelems=2, elem type=java.lang.Object[]@50000109)
	[0]		50001355
	[1]		50001356
ARR 500012ce (sz=24, trace=300000, nelems=2, elem type=java.lang.Object[]@50000109)
	[0]		50001351
	[1]		50001352
ARR 500012cf (sz=32, trace=300000, nelems=3, elem type=java.lang.Object[]@50000109)
	[0]		50001348
	[1]		50001349
	[2]		5000134a
ARR 500012d0 (sz=32, trace=300000, nelems=3, elem type=java.lang.Object[]@50000109)
	[0]		5000133f
	[1]		50001340
	[2]		50001341
ARR 500012d1 (sz=24, trace=300000, nelems=2, elem type=java.lang.Object[]@50000109)
	[0]		5000133b
	[1]		5000133c
ARR 500012d2 (sz=32, trace=300000, nelems=3, elem type=java.lang.Object[]@50000109)
	[0]		50001332
	[1]		50001333
	[2]		50001334
ARR 500012d3 (sz=24, trace=300000, nelems=2, elem type=java.lang.Object[]@50000109)
	[0]		5000132e
	[1]		5000132f
ARR 500012d4 (sz=24, trace=300000, nelems=2, elem type=java.lang.Object[]@50000109)
	[0]		5000132a
	[1]		5000132b
ARR 500012d5 (sz=24, trace=300000, nelems=2, elem type=java.lang.Object[]@50000109)
	[0]		50001326
	[1]		50001327
ARR 500012d6 (sz=32, trace=300000, nelems=3, elem type=java.lang.Object[]@50000109)
	[0]		5000131d
	[1]		5000131e
	[2]		5000131f
ARR 500012d7 (sz=32, trace=300000, nelems=3, elem type=java.lang.Object[]@50000109)
	[0]		50001314
	[1]		50001315
	[2]		50001316
ARR 500012d8 (sz=32, trace=300000, nelems=3, elem type=java.lang.Object[]@50000109)
	[0]		50001306
	[1]		50001307
	[2]		50001308
ARR 500012d9 (sz=32, trace=300000, nelems=3, elem type=java.lang.Object[]@50000109)
	[0]		500012f8
	[1]		500012f9
	[2]		500012fa
ARR 500012da (sz=24, trace=300000, nelems=2, elem type=java.lang.Object[]@50000109)
	[0]		500012f4
	[1]		500012f5
ARR 500012db (sz=24, trace=300000, nelems=2, elem type=java.lang.Object[]@50000109)
	[0]		500012f0
	[1]		500012f1
ARR 500012dc (sz=24, trace=300000, nelems=2, elem type=java.lang.Object[]@50000109)
	[0]		500012ec
	[1]		500012ed
ARR 500012dd (sz=24, trace=300000, nelems=2, elem type=java.lang.Object[]@50000109)
	[0]		500012e8
	[1]		500012e9
ARR 500012de (sz=24, trace=300000, nelems=2, elem type=java.lang.Object[]@50000109)
	[0]		500012e4
	[1]		500012e5
ARR 500012df (sz=24, trace=300000, nelems=2, elem type=java.lang.Object[]@50000109)
	[0]		500012e0
	[1]		500012e1
OBJ 500012e0 (sz=24, trace=300000, class=java.lang.String@5000016e)
	value		500012e3
OBJ 500012e1 (sz=24, trace=300000, class=java.lang.String@5000016e)
	value		500012e2
ARR 500012e2 (sz=16, trace=300000, nelems=8, elem type=char[])
ARR 500012e3 (sz=16, trace=300000, nelems=8, elem type=char[])
OBJ 500012e4 (sz=24, trace=300000, class=java.lang.String@5000016e)
	value		500012e7
OBJ 500012e5 (sz=24, trace=300000, class=java.lang.String@5000016e)
	value		500012e6
ARR 500012e6 (sz=12, trace=300000, nelems=6, elem type=char[])
ARR 500012e7 (sz=12, trace=300000, nelems=6, elem type=char[])
OBJ 500012e8 (sz=24, trace=300000, class=java.lang.String@5000016e)
	value		500012eb
OBJ 500012e9 (sz=24, trace=300000, class=java.lang.String@5000016e)
	value		500012ea
ARR 500012ea (sz=12, trace=300000, nelems=6, elem type=char[])
ARR 500012eb (sz=12, trace=300000, nelems=6, elem type=char[])
OBJ 500012ec (sz=24, trace=300000, class=java.lang.String@5000016e)
	value		500012ef
OBJ 500012ed (sz=24, trace=300000, class=java.lang.String@5000016e)
	value		500012ee
ARR 500012ee (sz=24, trace=300000, nelems=12, elem type=char[])
ARR 500012ef (sz=28, trace=300000, nelems=14, elem type=char[])
OBJ 500012f0 (sz=24, trace=300000, class=java.lang.String@5000016e)
	value		500012f3
OBJ 500012f1 (sz=24, trace=300000, class=java.lang.String@5000016e)
	value		500012f2
ARR 500012f2 (sz=12, trace=300000, nelems=6, elem type=char[])
ARR 500012f3 (sz=12, trace=300000, nelems=6, elem type=char[])
OBJ 500012f4 (sz=24, trace=300000, class=java.lang.String@5000016e)
	value		500012f7
OBJ 500012f5 (sz=24, trace=300000, class=java.lang.String@5000016e)
	value		500012f6
ARR 500012f6 (sz=24, trace=300000, nelems=12, elem type=char[])
ARR 500012f7 (sz=28, trace=300000, nelems=14, elem type=char[])
OBJ 500012f8 (sz=24, trace=300000, class=java.lang.String@5000016e)
	value		50001305
OBJ 500012f9 (sz=24, trace=300000, class=java.lang.String@5000016e)
	value		50001304
ARR 500012fa (sz=32, trace=300000, nelems=3, elem type=java.lang.Object[]@50000109)
	[0]		500012fb
	[1]		500012fc
	[2]		500012fd
OBJ 500012fb (sz=24, trace=300000, class=java.lang.String@5000016e)
	value		50001303
OBJ 500012fc (sz=24, trace=300000, class=java.lang.String@5000016e)
	value		50001302
ARR 500012fd (sz=24, trace=300000, nelems=2, elem type=java.lang.Object[]@50000109)
	[0]		500012fe
	[1]		500012ff
OBJ 500012fe (sz=24, trace=300000, class=java.lang.String@5000016e)
	value		50001301
OBJ 500012ff (sz=24, trace=300000, class=java.lang.String@5000016e)
	value		50001300
ARR 50001300 (sz=24, trace=300000, nelems=12, elem type=char[])
ARR 50001301 (sz=28, trace=300000, nelems=14, elem type=char[])
ARR 50001302 (sz=12, trace=300000, nelems=6, elem type=char[])
ARR 50001303 (sz=12, trace=300000, nelems=6, elem type=char[])
ARR 50001304 (sz=12, trace=300000, nelems=6, elem type=char[])
ARR 50001305 (sz=16, trace=300000, nelems=8, elem type=char[])
OBJ 50001306 (sz=24, trace=300000, class=java.lang.String@5000016e)
	value		50001313
OBJ 50001307 (sz=24, trace=300000, class=java.lang.String@5000016e)
	value		50001312
ARR 50001308 (sz=32, trace=300000, nelems=3, elem type=java.lang.Object[]@50000109)
	[0]		50001309
	[1]		5000130a
	[2]		5000130b
OBJ 50001309 (sz=24, trace=300000, class=java.lang.String@5000016e)
	value		50001311
OBJ 5000130a (sz=24, trace=300000, class=java.lang.String@5000016e)
	value		50001310
ARR 5000130b (sz=24, trace=300000, nelems=2, elem type=java.lang.Object[]@50000109)
	[0]		5000130c
	[1]		5000130d
OBJ 5000130c (sz=24, trace=300000, class=java.lang.String@5000016e)
	value		5000130f
OBJ 5000130d (sz=24, trace=300000, class=java.lang.String@5000016e)
	value		5000130e
ARR 5000130e (sz=22, trace=300000, nelems=11, elem type=char[])
ARR 5000130f (sz=22, trace=300000, nelems=11, elem type=char[])
ARR 50001310 (sz=12, trace=300000, nelems=6, elem type=char[])
ARR 50001311 (sz=12, trace=300000, nelems=6, elem type=char[])
ARR 50001312 (sz=12, trace=300000, nelems=6, elem type=char[])
ARR 50001313 (sz=12, trace=300000, nelems=6, elem type=char[])
OBJ 50001314 (sz=24, trace=300000, class=java.lang.String@5000016e)
	value		5000131c
OBJ 50001315 (sz=24, trace=300000, class=java.lang.String@5000016e)
	value		5000131b
ARR 50001316 (sz=24, trace=300000, nelems=2, elem type=java.lang.Object[]@50000109)
	[0]		50001317
	[1]		50001318
OBJ 50001317 (sz=24, trace=300000, class=java.lang.String@5000016e)
	value		5000131a
OBJ 50001318 (sz=24, trace=300000, class=java.lang.String@5000016e)
	value		50001319
ARR 50001319 (sz=16, trace=300000, nelems=8, elem type=char[])
ARR 5000131a (sz=16, trace=300000, nelems=8, elem type=char[])
ARR 5000131b (sz=22, trace=300000, nelems=11, elem type=char[])
ARR 5000131c (sz=22, trace=300000, nelems=11, elem type=char[])
OBJ 5000131d (sz=24, trace=300000, class=java.lang.String@5000016e)
	value		50001325
OBJ 5000131e (sz=24, trace=300000, class=java.lang.String@5000016e)
	value		50001324
ARR 5000131f (sz=24, trace=300000, nelems=2, elem type=java.lang.Object[]@50000109)
	[0]		50001320
	[1]		50001321
OBJ 50001320 (sz=24, trace=300000, class=java.lang.String@5000016e)
	value		50001323
OBJ 50001321 (sz=24, trace=300000, class=java.lang.String@5000016e)
	value		50001322
ARR 50001322 (sz=12, trace=300000, nelems=6, elem type=char[])
ARR 50001323 (sz=12, trace=300000, nelems=6, elem type=char[])
ARR 50001324 (sz=12, trace=300000, nelems=6, elem type=char[])
ARR 50001325 (sz=12, trace=300000, nelems=6, elem type=char[])
OBJ 50001326 (sz=24, trace=300000, class=java.lang.String@5000016e)
	value		50001329
OBJ 50001327 (sz=24, trace=300000, class=java.lang.String@5000016e)
	value		50001328
ARR 50001328 (sz=12, trace=300000, nelems=6, elem type=char[])
ARR 50001329 (sz=12, trace=300000, nelems=6, elem type=char[])
OBJ 5000132a (sz=24, trace=300000, class=java.lang.String@5000016e)
	value		5000132d
OBJ 5000132b (sz=24, trace=300000, class=java.lang.String@5000016e)
	value		5000132c
ARR 5000132c (sz=12, trace=300000, nelems=6, elem type=char[])
ARR 5000132d (sz=16, trace=300000, nelems=8, elem type=char[])
OBJ 5000132e (sz=24, trace=300000, class=java.lang.String@5000016e)
	value		50001331
OBJ 5000132f (sz=24, trace=300000, class=java.lang.String@5000016e)
	value		50001330
ARR 50001330 (sz=20, trace=300000, nelems=10, elem type=char[])
ARR 50001331 (sz=20, trace=300000, nelems=10, elem type=char[])
OBJ 50001332 (sz=24, trace=300000, class=java.lang.String@5000016e)
	value		5000133a
OBJ 50001333 (sz=24, trace=300000, class=java.lang.String@5000016e)
	value		50001339
ARR 50001334 (sz=24, trace=300000, nelems=2, elem type=java.lang.Object[]@50000109)
	[0]		50001335
	[1]		50001336
OBJ 50001335 (sz=24, trace=300000, class=java.lang.String@5000016e)
	value		50001338
OBJ 50001336 (sz=24, trace=300000, class=java.lang.String@5000016e)
	value		50001337
ARR 50001337 (sz=20, trace=300000, nelems=10, elem type=char[])
ARR 50001338 (sz=20, trace=300000, nelems=10, elem type=char[])
ARR 50001339 (sz=12, trace=300000, nelems=6, elem type=char[])
ARR 5000133a (sz=16, trace=300000, nelems=8, elem type=char[])
OBJ 5000133b (sz=24, trace=300000, class=java.lang.String@5000016e)
	value		5000133e
OBJ 5000133c (sz=24, trace=300000, class=java.lang.String@5000016e)
	value		5000133d
ARR 5000133d (sz=20, trace=300000, nelems=10, elem type=char[])
ARR 5000133e (sz=20, trace=300000, nelems=10, elem type=char[])
OBJ 5000133f (sz=24, trace=300000, class=java.lang.String@5000016e)
	value		50001347
OBJ 50001340 (sz=24, trace=300000, class=java.lang.String@5000016e)
	value		50001346
ARR 50001341 (sz=24, trace=300000, nelems=2, elem type=java.lang.Object[]@50000109)
	[0]		50001342
	[1]		50001343
OBJ 50001342 (sz=24, trace=300000, class=java.lang.String@5000016e)
	value		50001345
OBJ 50001343 (sz=24, trace=300000, class=java.lang.String@5000016e)
	value		50001344
ARR 50001344 (sz=10, trace=300000, nelems=5, elem type=char[])
ARR 50001345 (sz=10, trace=300000, nelems=5, elem type=char[])
ARR 50001346 (sz=20, trace=300000, nelems=10, elem type=char[])
ARR 50001347 (sz=20, trace=300000, nelems=10, elem type=char[])
OBJ 50001348 (sz=24, trace=300000, class=java.lang.String@5000016e)
	value		50001350
OBJ 50001349 (sz=24, trace=300000, class=java.lang.String@5000016e)
	value		5000134f
ARR 5000134a (sz=24, trace=300000, nelems=2, elem type=java.lang.Object[]@50000109)
	[0]		5000134b
	[1]		5000134c
OBJ 5000134b (sz=24, trace=300000, class=java.lang.String@5000016e)
	value		5000134e
OBJ 5000134c (sz=24, trace=300000, class=java.lang.String@5000016e)
	value		5000134d
ARR 5000134d (sz=20, trace=300000, nelems=10, elem type=char[])
ARR 5000134e (sz=20, trace=300000, nelems=10, elem type=char[])
ARR 5000134f (sz=20, trace=300000, nelems=10, elem type=char[])
ARR 50001350 (sz=20, trace=300000, nelems=10, elem type=char[])
OBJ 50001351 (sz=24, trace=300000, class=java.lang.String@5000016e)
	value		50001354
OBJ 50001352 (sz=24, trace=300000, class=java.lang.String@5000016e)
	value		50001353
ARR 50001353 (sz=16, trace=300000, nelems=8, elem type=char[])
ARR 50001354 (sz=16, trace=300000, nelems=8, elem type=char[])
OBJ 50001355 (sz=24, trace=300000, class=java.lang.String@5000016e)
	value		50001358
OBJ 50001356 (sz=24, trace=300000, class=java.lang.String@5000016e)
	value		50001357
ARR 50001357 (sz=12, trace=300000, nelems=6, elem type=char[])
ARR 50001358 (sz=24, trace=300000, nelems=12, elem type=char[])
OBJ 50001359 (sz=24, trace=300000, class=java.lang.String@5000016e)
	value		50001361
OBJ 5000135a (sz=24, trace=300000, class=java.lang.String@5000016e)
	value		50001360
ARR 5000135b (sz=24, trace=300000, nelems=2, elem type=java.lang.Object[]@50000109)
	[0]		5000135c
	[1]		5000135d
OBJ 5000135c (sz=24, trace=300000, class=java.lang.String@5000016e)
	value		5000135f
OBJ 5000135d (sz=24, trace=300000, class=java.lang.String@5000016e)
	value		5000135e
ARR 5000135e (sz=12, trace=300000, nelems=6, elem type=char[])
ARR 5000135f (sz=12, trace=300000, nelems=6, elem type=char[])
ARR 50001360 (sz=12, trace=300000, nelems=6, elem type=char[])
ARR 50001361 (sz=24, trace=300000, nelems=12, elem type=char[])
OBJ 50001362 (sz=24, trace=300000, class=java.lang.String@5000016e)
	value		5000136f
OBJ 50001363 (sz=24, trace=300000, class=java.lang.String@5000016e)
	value		5000136e
ARR 50001364 (sz=32, trace=300000, nelems=3, elem type=java.lang.Object[]@50000109)
	[0]		50001365
	[1]		50001366
	[2]		50001367
OBJ 50001365 (sz=24, trace=300000, class=java.lang.String@5000016e)
	value		5000136d
OBJ 50001366 (sz=24, trace=300000, class=java.lang.String@5000016e)
	value		5000136c
ARR 50001367 (sz=24, trace=300000, nelems=2, elem type=java.lang.Object[]@50000109)
	[0]		50001368
	[1]		50001369
OBJ 50001368 (sz=24, trace=300000, class=java.lang.String@5000016e)
	value		5000136b
OBJ 50001369 (sz=24, trace=300000, class=java.lang.String@5000016e)
	value		5000136a
ARR 5000136a (sz=16, trace=300000, nelems=8, elem type=char[])
ARR 5000136b (sz=16, trace=300000, nelems=8, elem type=char[])
ARR 5000136c (sz=12, trace=300000, nelems=6, elem type=char[])
ARR 5000136d (sz=24, trace=300000, nelems=12, elem type=char[])
ARR 5000136e (sz=12, trace=300000, nelems=6, elem type=char[])
ARR 5000136f (sz=24, trace=300000, nelems=12, elem type=char[])
OBJ 50001370 (sz=24, trace=300000, class=java.lang.String@5000016e)
	value		50001378
OBJ 50001371 (sz=24, trace=300000, class=java.lang.String@5000016e)
	value		50001377
ARR 50001372 (sz=24, trace=300000, nelems=2, elem type=java.lang.Object[]@50000109)
	[0]		50001373
	[1]		50001374
OBJ 50001373 (sz=24, trace=300000, class=java.lang.String@5000016e)
	value		50001376
OBJ 50001374 (sz=24, trace=300000, class=java.lang.String@5000016e)
	value		50001375
ARR 50001375 (sz=12, trace=300000, nelems=6, elem type=char[])
ARR 50001376 (sz=24, trace=300000, nelems=12, elem type=char[])
ARR 50001377 (sz=12, trace=300000, nelems=6, elem type=char[])
ARR 50001378 (sz=24, trace=300000, nelems=12, elem type=char[])
OBJ 50001379 (sz=24, trace=300000, class=java.lang.String@5000016e)
	value		50001386
OBJ 5000137a (sz=24, trace=300000, class=java.lang.String@5000016e)
	value		50001385
ARR 5000137b (sz=32, trace=300000, nelems=3, elem type=java.lang.Object[]@50000109)
	[0]		5000137c
	[1]		5000137d
	[2]		5000137e
OBJ 5000137c (sz=24, trace=300000, class=java.lang.String@5000016e)
	value		50001384
OBJ 5000137d (sz=24, trace=300000, class=java.lang.String@5000016e)
	value		50001383
ARR 5000137e (sz=24, trace=300000, nelems=2, elem type=java.lang.Object[]@50000109)
	[0]		5000137f
	[1]		50001380
OBJ 5000137f (sz=24, trace=300000, class=java.lang.String@5000016e)
	value		50001382
OBJ 50001380 (sz=24, trace=300000, class=java.lang.String@5000016e)
	value		50001381
ARR 50001381 (sz=16, trace=300000, nelems=8, elem type=char[])
ARR 50001382 (sz=16, trace=300000, nelems=8, elem type=char[])
ARR 50001383 (sz=12, trace=300000, nelems=6, elem type=char[])
ARR 50001384 (sz=12, trace=300000, nelems=6, elem type=char[])
ARR 50001385 (sz=12, trace=300000, nelems=6, elem type=char[])
ARR 50001386 (sz=12, trace=300000, nelems=6, elem type=char[])
OBJ 50001387 (sz=24, trace=300000, class=java.lang.String@5000016e)
	value		5000138a
OBJ 50001388 (sz=24, trace=300000, class=java.lang.String@5000016e)
	value		50001389
ARR 50001389 (sz=12, trace=300000, nelems=6, elem type=char[])
ARR 5000138a (sz=12, trace=300000, nelems=6, elem type=char[])
ARR 5000138b (sz=4112, trace=300000, nelems=1016, elem type=java.lang.Object[]@50000109)
	[1]		5000138c
	[2]		5000138d
	[3]		5000138e
	[5]		5000138f
	[6]		50001390
	[10]		50001391
	[19]		50001392
	[24]		50001393
	[25]		50001394
	[26]		50001395
	[28]		50001396
	[29]		50001397
	[55]		50001398
	[58]		50001399
	[86]		5000139a
	[87]		5000139b
	[89]		5000139c
	[90]		5000139d
	[92]		5000139e
	[94]		5000139f
	[95]		500013a0
	[96]		500013a1
	[106]		500013a2
	[121]		500013a3
	[125]		500013a4
	[134]		500013a5
	[137]		500013a6
	[141]		500013a7
	[143]		500013a8
	[144]		500013a9
	[170]		500013aa
	[173]		500013ab
	[177]		500013ac
	[192]		500013ad
	[199]		500013ae
	[205]		500013af
	[211]		500013b0
	[213]		500013b1
	[216]		500013b2
	[218]		500013b3
	[219]		500013b4
	[225]		500013b5
	[244]		500013b6
	[248]		500013b7
	[253]		500013b8
	[254]		500013b9
	[259]		500013ba
	[269]		500013bb
	[277]		500013bc
	[280]		500013bd
	[283]		500013be
	[284]		500013bf
	[286]		500013c0
	[287]		500013c1
	[289]		500013c2
	[291]		500013c3
	[294]		500013c4
	[296]		500013c5
	[297]		500013c6
	[305]		500013c7
	[307]		500013c8
	[312]		500013c9
	[321]		500013ca
	[323]		500013cb
	[324]		500013cc
	[325]		500013cd
	[326]		500013ce
	[327]		500013cf
	[328]		500013d0
	[329]		500013d1
	[331]		500013d2
	[333]		500013d3
	[334]		500013d4
	[336]		500013d5
	[339]		500013d6
	[341]		500013d7
	[345]		500013d8
	[350]		500013d9
	[353]		500013da
	[358]		500013db
	[359]		500013dc
	[363]		500013dd
	[364]		500013de
	[378]		500013df
	[385]		500013e0
	[391]		500013e1
	[392]		500013e2
	[405]		500013e3
	[406]		500013e4
	[408]		500013e5
	[421]		500013e6
	[428]		500013e7
	[429]		500013e8
	[430]		500013e9
	[432]		500013ea
	[433]		500013eb
	[436]		500013ec
	[437]		500013ed
	[438]		500013ee
	[443]		500013ef
	[456]		500013f0
	[473]		500013f1
	[479]		500013f2
	[481]		500013f3
	[484]		500013f4
	[486]		500013f5
	[487]		500013f6
	[502]		500013f7
	[506]		500013f8
	[508]		500013f9
	[511]		500013fa
	[512]		500013fb
	[513]		500013fc
	[514]		500013fd
	[516]		500013fe
	[520]		500013ff
	[523]		50001400
	[524]		50001401
	[533]		50001402
	[537]		50001403
	[539]		50001404
	[543]		50001405
	[545]		50001406
	[563]		50001407
	[572]		50001408
	[573]		50001409
	[577]		5000140a
	[582]		5000140b
	[583]		5000140c
	[588]		5000140d
	[593]		5000140e
	[598]		5000140f
	[609]		50001410
	[617]		50001411
	[618]		50001412
	[619]		50001413
	[620]		50001414
	[621]		50001415
	[624]		50001416
	[628]		50001417
	[632]		50001418
	[634]		50001419
	[635]		5000141a
	[636]		5000141b
	[654]		5000141c
	[669]		5000141d
	[670]		5000141e
	[671]		5000141f
	[676]		50001420
	[679]		50001421
	[686]		50001422
	[703]		50001423
	[710]		50001424
	[712]		50001425
	[732]		50001426
	[733]		50001427
	[768]		50001428
	[774]		50001429
	[781]		5000142a
	[782]		5000142b
	[783]		5000142c
	[784]		5000142d
	[785]		5000142e
	[787]		5000142f
	[789]		50001430
	[813]		50001431
	[818]		50001432
	[832]		50001433
	[834]		50001434
	[835]		50001435
	[836]		50001436
	[837]		50001437
	[838]		50001438
	[840]		50001439
	[842]		5000143a
	[843]		5000143b
	[846]		5000143c
	[849]		5000143d
	[863]		5000143e
	[881]		5000143f
	[896]		50001440
	[909]		50001441
	[910]		50001442
	[911]		50001443
	[912]		50001444
	[925]		50001445
	[934]		50001446
	[937]		50001447
	[944]		50001448
	[957]		50001449
	[993]		5000144a
	[1009]		5000144b
	[1015]		5000144c
ARR 5000138c (sz=24, trace=300000, nelems=2, elem type=java.lang.Object[]@50000109)
	[0]		500015f1
	[1]		5000130c
ARR 5000138d (sz=24, trace=300000, nelems=2, elem type=java.lang.Object[]@50000109)
	[0]		500015ef
	[1]		5000134b
ARR 5000138e (sz=24, trace=300000, nelems=2, elem type=java.lang.Object[]@50000109)
	[0]		500015ed
	[1]		50001348
ARR 5000138f (sz=24, trace=300000, nelems=2, elem type=java.lang.Object[]@50000109)
	[0]		500015eb
	[1]		5000133f
ARR 50001390 (sz=24, trace=300000, nelems=2, elem type=java.lang.Object[]@50000109)
	[0]		500015e9
	[1]		5000132e
ARR 50001391 (sz=24, trace=300000, nelems=2, elem type=java.lang.Object[]@50000109)
	[0]		500015e7
	[1]		5000130c
ARR 50001392 (sz=24, trace=300000, nelems=2, elem type=java.lang.Object[]@50000109)
	[0]		500015e5
	[1]		500012f4
ARR 50001393 (sz=24, trace=300000, nelems=2, elem type=java.lang.Object[]@50000109)
	[0]		500015e3
	[1]		50001317
ARR 50001394 (sz=24, trace=300000, nelems=2, elem type=java.lang.Object[]@50000109)
	[0]		500015e1
	[1]		50001335
ARR 50001395 (sz=24, trace=300000, nelems=2, elem type=java.lang.Object[]@50000109)
	[0]		500015df
	[1]		50001348
ARR 50001396 (sz=24, trace=300000, nelems=2, elem type=java.lang.Object[]@50000109)
	[0]		500015dd
	[1]		5000133f
ARR 50001397 (sz=24, trace=300000, nelems=2, elem type=java.lang.Object[]@50000109)
	[0]		500015db
	[1]		5000133b
ARR 50001398 (sz=24, trace=300000, nelems=2, elem type=java.lang.Object[]@50000109)
	[0]		500015d9
	[1]		5000132e
ARR 50001399 (sz=24, trace=300000, nelems=2, elem type=java.lang.Object[]@50000109)
	[0]		500015d7
	[1]		5000130c
ARR 5000139a (sz=32, trace=300000, nelems=3, elem type=java.lang.Object[]@50000109)
	[0]		500015d2
	[1]		5000133b
	[2]		500015d3
ARR 5000139b (sz=24, trace=300000, nelems=2, elem type=java.lang.Object[]@50000109)
	[0]		500015d0
	[1]		50001348
ARR 5000139c (sz=24, trace=300000, nelems=2, elem type=java.lang.Object[]@50000109)
	[0]		500015ce
	[1]		5000133f
ARR 5000139d (sz=32, trace=300000, nelems=3, elem type=java.lang.Object[]@50000109)
	[0]		500015c9
	[1]		50001335
	[2]		500015ca
ARR 5000139e (sz=24, trace=300000, nelems=2, elem type=java.lang.Object[]@50000109)
	[0]		500015c7
	[1]		50001335
ARR 5000139f (sz=24, trace=300000, nelems=2, elem type=java.lang.Object[]@50000109)
	[0]		500015c5
	[1]		5000132e
ARR 500013a0 (sz=24, trace=300000, nelems=2, elem type=java.lang.Object[]@50000109)
	[0]		500015c3
	[1]		5000134b
ARR 500013a1 (sz=24, trace=300000, nelems=2, elem type=java.lang.Object[]@50000109)
	[0]		500015c1
	[1]		5000134b
ARR 500013a2 (sz=24, trace=300000, nelems=2, elem type=java.lang.Object[]@50000109)
	[0]		500015bf
	[1]		50001342
ARR 500013a3 (sz=24, trace=300000, nelems=2, elem type=java.lang.Object[]@50000109)
	[0]		500015bd
	[1]		5000137f
ARR 500013a4 (sz=24, trace=300000, nelems=2, elem type=java.lang.Object[]@50000109)
	[0]		500015bb
	[1]		50001335
ARR 500013a5 (sz=24, trace=300000, nelems=2, elem type=java.lang.Object[]@50000109)
	[0]		500015b9
	[1]		500012e8
ARR 500013a6 (sz=24, trace=300000, nelems=2, elem type=java.lang.Object[]@50000109)
	[0]		500015b7
	[1]		500012e4
ARR 500013a7 (sz=24, trace=300000, nelems=2, elem type=java.lang.Object[]@50000109)
	[0]		500015b5
	[1]		50001348
ARR 500013a8 (sz=24, trace=300000, nelems=2, elem type=java.lang.Object[]@50000109)
	[0]		500015b3
	[1]		5000133f
ARR 500013a9 (sz=24, trace=300000, nelems=2, elem type=java.lang.Object[]@50000109)
	[0]		500015b1
	[1]		5000133b
ARR 500013aa (sz=24, trace=300000, nelems=2, elem type=java.lang.Object[]@50000109)
	[0]		500015af
	[1]		5000132e
ARR 500013ab (sz=24, trace=300000, nelems=2, elem type=java.lang.Object[]@50000109)
	[0]		500015ad
	[1]		5000130c
ARR 500013ac (sz=24, trace=300000, nelems=2, elem type=java.lang.Object[]@50000109)
	[0]		500015ab
	[1]		500012fe
ARR 500013ad (sz=24, trace=300000, nelems=2, elem type=java.lang.Object[]@50000109)
	[0]		500015a9
	[1]		50001351
ARR 500013ae (sz=32, trace=300000, nelems=3, elem type=java.lang.Object[]@50000109)
	[0]		500015a4
	[1]		50001309
	[2]		500015a5
ARR 500013af (sz=24, trace=300000, nelems=2, elem type=java.lang.Object[]@50000109)
	[0]		500015a2
	[1]		50001335
ARR 500013b0 (sz=32, trace=300000, nelems=3, elem type=java.lang.Object[]@50000109)
	[0]		5000159d
	[1]		50001326
	[2]		5000159e
ARR 500013b1 (sz=24, trace=300000, nelems=2, elem type=java.lang.Object[]@50000109)
	[0]		5000159b
	[1]		5000131d
ARR 500013b2 (sz=24, trace=300000, nelems=2, elem type=java.lang.Object[]@50000109)
	[0]		50001599
	[1]		50001306
ARR 500013b3 (sz=32, trace=300000, nelems=3, elem type=java.lang.Object[]@50000109)
	[0]		50001594
	[1]		500012fb
	[2]		50001595
ARR 500013b4 (sz=32, trace=300000, nelems=3, elem type=java.lang.Object[]@50000109)
	[0]		5000158f
	[1]		500012f8
	[2]		50001590
ARR 500013b5 (sz=24, trace=300000, nelems=2, elem type=java.lang.Object[]@50000109)
	[0]		5000158d
	[1]		50001317
ARR 500013b6 (sz=24, trace=300000, nelems=2, elem type=java.lang.Object[]@50000109)
	[0]		5000158b
	[1]		50001387
ARR 500013b7 (sz=24, trace=300000, nelems=2, elem type=java.lang.Object[]@50000109)
	[0]		50001589
	[1]		50001379
ARR 500013b8 (sz=24, trace=300000, nelems=2, elem type=java.lang.Object[]@50000109)
	[0]		50001587
	[1]		50001368
ARR 500013b9 (sz=24, trace=300000, nelems=2, elem type=java.lang.Object[]@50000109)
	[0]		50001585
	[1]		50001348
ARR 500013ba (sz=24, trace=300000, nelems=2, elem type=java.lang.Object[]@50000109)
	[0]		50001583
	[1]		5000135c
ARR 500013bb (sz=24, trace=300000, nelems=2, elem type=java.lang.Object[]@50000109)
	[0]		50001581
	[1]		5000130c
ARR 500013bc (sz=24, trace=300000, nelems=2, elem type=java.lang.Object[]@50000109)
	[0]		5000157f
	[1]		50001332
ARR 500013bd (sz=24, trace=300000, nelems=2, elem type=java.lang.Object[]@50000109)
	[0]		5000157d
	[1]		5000137f
ARR 500013be (sz=24, trace=300000, nelems=2, elem type=java.lang.Object[]@50000109)
	[0]		5000157b
	[1]		5000134b
ARR 500013bf (sz=24, trace=300000, nelems=2, elem type=java.lang.Object[]@50000109)
	[0]		50001579
	[1]		50001348
ARR 500013c0 (sz=24, trace=300000, nelems=2, elem type=java.lang.Object[]@50000109)
	[0]		50001577
	[1]		5000133f
ARR 500013c1 (sz=24, trace=300000, nelems=2, elem type=java.lang.Object[]@50000109)
	[0]		50001575
	[1]		5000133b
ARR 500013c2 (sz=24, trace=300000, nelems=2, elem type=java.lang.Object[]@50000109)
	[0]		50001573
	[1]		50001335
ARR 500013c3 (sz=24, trace=300000, nelems=2, elem type=java.lang.Object[]@50000109)
	[0]		50001571
	[1]		5000132e
ARR 500013c4 (sz=24, trace=300000, nelems=2, elem type=java.lang.Object[]@50000109)
	[0]		5000156f
	[1]		50001348
ARR 500013c5 (sz=24, trace=300000, nelems=2, elem type=java.lang.Object[]@50000109)
	[0]		5000156d
	[1]		5000133f
ARR 500013c6 (sz=24, trace=300000, nelems=2, elem type=java.lang.Object[]@50000109)
	[0]		5000156b
	[1]		5000133b
ARR 500013c7 (sz=24, trace=300000, nelems=2, elem type=java.lang.Object[]@50000109)
	[0]		50001569
	[1]		50001314
ARR 500013c8 (sz=24, trace=300000, nelems=2, elem type=java.lang.Object[]@50000109)
	[0]		50001567
	[1]		5000130c
ARR 500013c9 (sz=32, trace=300000, nelems=3, elem type=java.lang.Object[]@50000109)
	[0]		50001562
	[1]		50001335
	[2]		50001563
ARR 500013ca (sz=24, trace=300000, nelems=2, elem type=java.lang.Object[]@50000109)
	[0]		50001560
	[1]		50001348
ARR 500013cb (sz=32, trace=300000, nelems=3, elem type=java.lang.Object[]@50000109)
	[0]		5000155b
	[1]		5000132e
	[2]		5000155c
ARR 500013cc (sz=24, trace=300000, nelems=2, elem type=java.lang.Object[]@50000109)
	[0]		50001559
	[1]		5000133b
ARR 500013cd (sz=24, trace=300000, nelems=2, elem type=java.lang.Object[]@50000109)
	[0]		50001557
	[1]		5000134b
ARR 500013ce (sz=32, trace=300000, nelems=3, elem type=java.lang.Object[]@50000109)
	[0]		5000154f
	[1]		50001326
	[2]		50001550
ARR 500013cf (sz=24, trace=300000, nelems=2, elem type=java.lang.Object[]@50000109)
	[0]		5000154d
	[1]		5000133b
ARR 500013d0 (sz=32, trace=300000, nelems=3, elem type=java.lang.Object[]@50000109)
	[0]		50001548
	[1]		5000131d
	[2]		50001549
ARR 500013d1 (sz=24, trace=300000, nelems=2, elem type=java.lang.Object[]@50000109)
	[0]		50001546
	[1]		5000132e
ARR 500013d2 (sz=24, trace=300000, nelems=2, elem type=java.lang.Object[]@50000109)
	[0]		50001544
	[1]		50001306
ARR 500013d3 (sz=32, trace=300000, nelems=3, elem type=java.lang.Object[]@50000109)
	[0]		5000153f
	[1]		500012fb
	[2]		50001540
ARR 500013d4 (sz=32, trace=300000, nelems=3, elem type=java.lang.Object[]@50000109)
	[0]		5000153a
	[1]		500012f8
	[2]		5000153b
ARR 500013d5 (sz=24, trace=300000, nelems=2, elem type=java.lang.Object[]@50000109)
	[0]		50001538
	[1]		5000134b
ARR 500013d6 (sz=24, trace=300000, nelems=2, elem type=java.lang.Object[]@50000109)
	[0]		50001536
	[1]		500012e8
ARR 500013d7 (sz=24, trace=300000, nelems=2, elem type=java.lang.Object[]@50000109)
	[0]		50001534
	[1]		50001320
ARR 500013d8 (sz=24, trace=300000, nelems=2, elem type=java.lang.Object[]@50000109)
	[0]		50001532
	[1]		5000132e
ARR 500013d9 (sz=24, trace=300000, nelems=2, elem type=java.lang.Object[]@50000109)
	[0]		50001530
	[1]		5000132e
ARR 500013da (sz=24, trace=300000, nelems=2, elem type=java.lang.Object[]@50000109)
	[0]		5000152e
	[1]		5000130c
ARR 500013db (sz=24, trace=300000, nelems=2, elem type=java.lang.Object[]@50000109)
	[0]		5000152c
	[1]		50001335
ARR 500013dc (sz=24, trace=300000, nelems=2, elem type=java.lang.Object[]@50000109)
	[0]		5000152a
	[1]		50001387
ARR 500013dd (sz=24, trace=300000, nelems=2, elem type=java.lang.Object[]@50000109)
	[0]		50001528
	[1]		50001379
ARR 500013de (sz=24, trace=300000, nelems=2, elem type=java.lang.Object[]@50000109)
	[0]		50001526
	[1]		5000134b
ARR 500013df (sz=24, trace=300000, nelems=2, elem type=java.lang.Object[]@50000109)
	[0]		50001524
	[1]		50001317
ARR 500013e0 (sz=24, trace=300000, nelems=2, elem type=java.lang.Object[]@50000109)
	[0]		50001522
	[1]		50001335
ARR 500013e1 (sz=24, trace=300000, nelems=2, elem type=java.lang.Object[]@50000109)
	[0]		50001520
	[1]		5000134b
ARR 500013e2 (sz=24, trace=300000, nelems=2, elem type=java.lang.Object[]@50000109)
	[0]		5000151e
	[1]		50001332
ARR 500013e3 (sz=24, trace=300000, nelems=2, elem type=java.lang.Object[]@50000109)
	[0]		5000151c
	[1]		5000134b
ARR 500013e4 (sz=24, trace=300000, nelems=2, elem type=java.lang.Object[]@50000109)
	[0]		5000151a
	[1]		50001348
ARR 500013e5 (sz=24, trace=300000, nelems=2, elem type=java.lang.Object[]@50000109)
	[0]		50001518
	[1]		50001309
ARR 500013e6 (sz=24, trace=300000, nelems=2, elem type=java.lang.Object[]@50000109)
	[0]		5000130c
	[1]		5000130c
ARR 500013e7 (sz=24, trace=300000, nelems=2, elem type=java.lang.Object[]@50000109)
	[0]		50001516
	[1]		5000130c
ARR 500013e8 (sz=24, trace=300000, nelems=2, elem type=java.lang.Object[]@50000109)
	[0]		50001514
	[1]		5000134b
ARR 500013e9 (sz=24, trace=300000, nelems=2, elem type=java.lang.Object[]@50000109)
	[0]		50001512
	[1]		50001348
ARR 500013ea (sz=24, trace=300000, nelems=2, elem type=java.lang.Object[]@50000109)
	[0]		50001510
	[1]		5000133f
ARR 500013eb (sz=24, trace=300000, nelems=2, elem type=java.lang.Object[]@50000109)
	[0]		5000150e
	[1]		5000132e
ARR 500013ec (sz=24, trace=300000, nelems=2, elem type=java.lang.Object[]@50000109)
	[0]		5000150c
	[1]		5000133f
ARR 500013ed (sz=24, trace=300000, nelems=2, elem type=java.lang.Object[]@50000109)
	[0]		5000150a
	[1]		5000130c
ARR 500013ee (sz=24, trace=300000, nelems=2, elem type=java.lang.Object[]@50000109)
	[0]		50001508
	[1]		50001317
ARR 500013ef (sz=24, trace=300000, nelems=2, elem type=java.lang.Object[]@50000109)
	[0]		50001506
	[1]		500012ec
ARR 500013f0 (sz=24, trace=300000, nelems=2, elem type=java.lang.Object[]@50000109)
	[0]		50001504
	[1]		50001320
ARR 500013f1 (sz=24, trace=300000, nelems=2, elem type=java.lang.Object[]@50000109)
	[0]		50001502
	[1]		50001335
ARR 500013f2 (sz=24, trace=300000, nelems=2, elem type=java.lang.Object[]@50000109)
	[0]		50001326
	[1]		50001326
ARR 500013f3 (sz=24, trace=300000, nelems=2, elem type=java.lang.Object[]@50000109)
	[0]		5000131d
	[1]		5000131d
ARR 500013f4 (sz=24, trace=300000, nelems=2, elem type=java.lang.Object[]@50000109)
	[0]		50001306
	[1]		50001306
ARR 500013f5 (sz=24, trace=300000, nelems=2, elem type=java.lang.Object[]@50000109)
	[0]		500012fb
	[1]		500012fb
ARR 500013f6 (sz=24, trace=300000, nelems=2, elem type=java.lang.Object[]@50000109)
	[0]		50001500
	[1]		5000132a
ARR 500013f7 (sz=24, trace=300000, nelems=2, elem type=java.lang.Object[]@50000109)
	[0]		500014fe
	[1]		5000137f
ARR 500013f8 (sz=24, trace=300000, nelems=2, elem type=java.lang.Object[]@50000109)
	[0]		500014fc
	[1]		50001326
ARR 500013f9 (sz=24, trace=300000, nelems=2, elem type=java.lang.Object[]@50000109)
	[0]		500014fa
	[1]		5000131d
ARR 500013fa (sz=24, trace=300000, nelems=2, elem type=java.lang.Object[]@50000109)
	[0]		500014f8
	[1]		50001306
ARR 500013fb (sz=24, trace=300000, nelems=2, elem type=java.lang.Object[]@50000109)
	[0]		50001387
	[1]		50001387
ARR 500013fc (sz=24, trace=300000, nelems=2, elem type=java.lang.Object[]@50000109)
	[0]		500014f6
	[1]		500012fb
ARR 500013fd (sz=24, trace=300000, nelems=2, elem type=java.lang.Object[]@50000109)
	[0]		500014f4
	[1]		5000132a
ARR 500013fe (sz=24, trace=300000, nelems=2, elem type=java.lang.Object[]@50000109)
	[0]		50001379
	[1]		50001379
ARR 500013ff (sz=24, trace=300000, nelems=2, elem type=java.lang.Object[]@50000109)
	[0]		500014f2
	[1]		50001351
ARR 50001400 (sz=24, trace=300000, nelems=2, elem type=java.lang.Object[]@50000109)
	[0]		500014f0
	[1]		50001309
ARR 50001401 (sz=24, trace=300000, nelems=2, elem type=java.lang.Object[]@50000109)
	[0]		500014ee
	[1]		5000135c
ARR 50001402 (sz=24, trace=300000, nelems=2, elem type=java.lang.Object[]@50000109)
	[0]		500014ec
	[1]		5000133b
ARR 50001403 (sz=24, trace=300000, nelems=2, elem type=java.lang.Object[]@50000109)
	[0]		500014ea
	[1]		5000132e
ARR 50001404 (sz=24, trace=300000, nelems=2, elem type=java.lang.Object[]@50000109)
	[0]		500014e8
	[1]		50001387
ARR 50001405 (sz=24, trace=300000, nelems=2, elem type=java.lang.Object[]@50000109)
	[0]		500014e6
	[1]		50001379
ARR 50001406 (sz=24, trace=300000, nelems=2, elem type=java.lang.Object[]@50000109)
	[0]		500014e4
	[1]		50001332
ARR 50001407 (sz=24, trace=300000, nelems=2, elem type=java.lang.Object[]@50000109)
	[0]		500014e2
	[1]		500012e0
ARR 50001408 (sz=24, trace=300000, nelems=2, elem type=java.lang.Object[]@50000109)
	[0]		500014e0
	[1]		50001332
ARR 50001409 (sz=24, trace=300000, nelems=2, elem type=java.lang.Object[]@50000109)
	[0]		500014de
	[1]		5000133f
ARR 5000140a (sz=24, trace=300000, nelems=2, elem type=java.lang.Object[]@50000109)
	[0]		500014dc
	[1]		50001317
ARR 5000140b (sz=24, trace=300000, nelems=2, elem type=java.lang.Object[]@50000109)
	[0]		500014da
	[1]		5000137c
ARR 5000140c (sz=24, trace=300000, nelems=2, elem type=java.lang.Object[]@50000109)
	[0]		500014d8
	[1]		500012f8
ARR 5000140d (sz=24, trace=300000, nelems=2, elem type=java.lang.Object[]@50000109)
	[0]		500014d6
	[1]		50001335
ARR 5000140e (sz=24, trace=300000, nelems=2, elem type=java.lang.Object[]@50000109)
	[0]		500014d4
	[1]		50001335
ARR 5000140f (sz=24, trace=300000, nelems=2, elem type=java.lang.Object[]@50000109)
	[0]		500014d2
	[1]		500012fb
ARR 50001410 (sz=24, trace=300000, nelems=2, elem type=java.lang.Object[]@50000109)
	[0]		50001320
	[1]		50001320
ARR 50001411 (sz=24, trace=300000, nelems=2, elem type=java.lang.Object[]@50000109)
	[0]		500014d0
	[1]		50001373
ARR 50001412 (sz=24, trace=300000, nelems=2, elem type=java.lang.Object[]@50000109)
	[0]		500014ce
	[1]		50001370
ARR 50001413 (sz=24, trace=300000, nelems=2, elem type=java.lang.Object[]@50000109)
	[0]		500014cc
	[1]		50001365
ARR 50001414 (sz=24, trace=300000, nelems=2, elem type=java.lang.Object[]@50000109)
	[0]		500014ca
	[1]		50001362
ARR 50001415 (sz=24, trace=300000, nelems=2, elem type=java.lang.Object[]@50000109)
	[0]		500014c8
	[1]		50001359
ARR 50001416 (sz=32, trace=300000, nelems=3, elem type=java.lang.Object[]@50000109)
	[0]		500014c3
	[1]		50001387
	[2]		500014c4
ARR 50001417 (sz=32, trace=300000, nelems=3, elem type=java.lang.Object[]@50000109)
	[0]		500014be
	[1]		50001379
	[2]		500014bf
ARR 50001418 (sz=24, trace=300000, nelems=2, elem type=java.lang.Object[]@50000109)
	[0]		500014bc
	[1]		50001314
ARR 50001419 (sz=32, trace=300000, nelems=3, elem type=java.lang.Object[]@50000109)
	[0]		500014b7
	[1]		5000130c
	[2]		500014b8
ARR 5000141a (sz=24, trace=300000, nelems=2, elem type=java.lang.Object[]@50000109)
	[0]		500014b5
	[1]		500012ec
ARR 5000141b (sz=24, trace=300000, nelems=2, elem type=java.lang.Object[]@50000109)
	[0]		500014b3
	[1]		50001320
ARR 5000141c (sz=24, trace=300000, nelems=2, elem type=java.lang.Object[]@50000109)
	[0]		500014b1
	[1]		500012f8
ARR 5000141d (sz=24, trace=300000, nelems=2, elem type=java.lang.Object[]@50000109)
	[0]		500014af
	[1]		50001314
ARR 5000141e (sz=24, trace=300000, nelems=2, elem type=java.lang.Object[]@50000109)
	[0]		500014ad
	[1]		50001317
ARR 5000141f (sz=24, trace=300000, nelems=2, elem type=java.lang.Object[]@50000109)
	[0]		500014ab
	[1]		5000130c
ARR 50001420 (sz=24, trace=300000, nelems=2, elem type=java.lang.Object[]@50000109)
	[0]		50001309
	[1]		50001309
ARR 50001421 (sz=24, trace=300000, nelems=2, elem type=java.lang.Object[]@50000109)
	[0]		500014a9
	[1]		50001317
ARR 50001422 (sz=24, trace=300000, nelems=2, elem type=java.lang.Object[]@50000109)
	[0]		500014a7
	[1]		50001351
ARR 50001423 (sz=24, trace=300000, nelems=2, elem type=java.lang.Object[]@50000109)
	[0]		500014a5
	[1]		50001309
ARR 50001424 (sz=24, trace=300000, nelems=2, elem type=java.lang.Object[]@50000109)
	[0]		500014a3
	[1]		50001314
ARR 50001425 (sz=24, trace=300000, nelems=2, elem type=java.lang.Object[]@50000109)
	[0]		500014a1
	[1]		5000130c
ARR 50001426 (sz=24, trace=300000, nelems=2, elem type=java.lang.Object[]@50000109)
	[0]		5000149f
	[1]		5000133b
ARR 50001427 (sz=24, trace=300000, nelems=2, elem type=java.lang.Object[]@50000109)
	[0]		5000149d
	[1]		5000135c
ARR 50001428 (sz=24, trace=300000, nelems=2, elem type=java.lang.Object[]@50000109)
	[0]		5000149b
	[1]		50001335
ARR 50001429 (sz=24, trace=300000, nelems=2, elem type=java.lang.Object[]@50000109)
	[0]		50001499
	[1]		50001317
ARR 5000142a (sz=24, trace=300000, nelems=2, elem type=java.lang.Object[]@50000109)
	[0]		50001497
	[1]		5000134b
ARR 5000142b (sz=24, trace=300000, nelems=2, elem type=java.lang.Object[]@50000109)
	[0]		50001495
	[1]		50001348
ARR 5000142c (sz=24, trace=300000, nelems=2, elem type=java.lang.Object[]@50000109)
	[0]		50001493
	[1]		500012e8
ARR 5000142d (sz=24, trace=300000, nelems=2, elem type=java.lang.Object[]@50000109)
	[0]		50001491
	[1]		5000133f
ARR 5000142e (sz=24, trace=300000, nelems=2, elem type=java.lang.Object[]@50000109)
	[0]		5000148f
	[1]		5000133b
ARR 5000142f (sz=24, trace=300000, nelems=2, elem type=java.lang.Object[]@50000109)
	[0]		5000148d
	[1]		50001335
ARR 50001430 (sz=24, trace=300000, nelems=2, elem type=java.lang.Object[]@50000109)
	[0]		5000148b
	[1]		5000132e
ARR 50001431 (sz=24, trace=300000, nelems=2, elem type=java.lang.Object[]@50000109)
	[0]		50001489
	[1]		500012f8
ARR 50001432 (sz=24, trace=300000, nelems=2, elem type=java.lang.Object[]@50000109)
	[0]		50001487
	[1]		50001387
ARR 50001433 (sz=24, trace=300000, nelems=2, elem type=java.lang.Object[]@50000109)
	[0]		50001485
	[1]		50001317
ARR 50001434 (sz=24, trace=300000, nelems=2, elem type=java.lang.Object[]@50000109)
	[0]		50001483
	[1]		5000134b
ARR 50001435 (sz=32, trace=300000, nelems=3, elem type=java.lang.Object[]@50000109)
	[0]		5000147e
	[1]		50001348
	[2]		5000147f
ARR 50001436 (sz=24, trace=300000, nelems=2, elem type=java.lang.Object[]@50000109)
	[0]		5000147c
	[1]		50001335
ARR 50001437 (sz=24, trace=300000, nelems=2, elem type=java.lang.Object[]@50000109)
	[0]		5000147a
	[1]		5000133f
ARR 50001438 (sz=24, trace=300000, nelems=2, elem type=java.lang.Object[]@50000109)
	[0]		50001478
	[1]		5000133b
ARR 50001439 (sz=32, trace=300000, nelems=3, elem type=java.lang.Object[]@50000109)
	[0]		50001473
	[1]		5000131d
	[2]		50001474
ARR 5000143a (sz=24, trace=300000, nelems=2, elem type=java.lang.Object[]@50000109)
	[0]		50001471
	[1]		5000132e
ARR 5000143b (sz=24, trace=300000, nelems=2, elem type=java.lang.Object[]@50000109)
	[0]		5000146f
	[1]		50001306
ARR 5000143c (sz=24, trace=300000, nelems=2, elem type=java.lang.Object[]@50000109)
	[0]		5000146d
	[1]		50001309
ARR 5000143d (sz=24, trace=300000, nelems=2, elem type=java.lang.Object[]@50000109)
	[0]		5000146b
	[1]		50001317
ARR 5000143e (sz=24, trace=300000, nelems=2, elem type=java.lang.Object[]@50000109)
	[0]		50001469
	[1]		500012f0
ARR 5000143f (sz=24, trace=300000, nelems=2, elem type=java.lang.Object[]@50000109)
	[0]		50001467
	[1]		50001342
ARR 50001440 (sz=24, trace=300000, nelems=2, elem type=java.lang.Object[]@50000109)
	[0]		50001465
	[1]		50001317
ARR 50001441 (sz=24, trace=300000, nelems=2, elem type=java.lang.Object[]@50000109)
	[0]		50001463
	[1]		50001373
ARR 50001442 (sz=24, trace=300000, nelems=2, elem type=java.lang.Object[]@50000109)
	[0]		50001461
	[1]		50001370
ARR 50001443 (sz=24, trace=300000, nelems=2, elem type=java.lang.Object[]@50000109)
	[0]		5000145f
	[1]		50001365
ARR 50001444 (sz=24, trace=300000, nelems=2, elem type=java.lang.Object[]@50000109)
	[0]		5000145d
	[1]		50001362
ARR 50001445 (sz=24, trace=300000, nelems=2, elem type=java.lang.Object[]@50000109)
	[0]		5000145b
	[1]		50001317
ARR 50001446 (sz=24, trace=300000, nelems=2, elem type=java.lang.Object[]@50000109)
	[0]		50001459
	[1]		50001359
ARR 50001447 (sz=24, trace=300000, nelems=2, elem type=java.lang.Object[]@50000109)
	[0]		50001457
	[1]		50001355
ARR 50001448 (sz=24, trace=300000, nelems=2, elem type=java.lang.Object[]@50000109)
	[0]		50001455
	[1]		500012e0
ARR 50001449 (sz=24, trace=300000, nelems=2, elem type=java.lang.Object[]@50000109)
	[0]		50001453
	[1]		5000135c
ARR 5000144a (sz=24, trace=300000, nelems=2, elem type=java.lang.Object[]@50000109)
	[0]		50001451
	[1]		50001326
ARR 5000144b (sz=24, trace=300000, nelems=2, elem type=java.lang.Object[]@50000109)
	[0]		5000144f
	[1]		500012fe
ARR 5000144c (sz=24, trace=300000, nelems=2, elem type=java.lang.Object[]@50000109)
	[0]		5000144d
	[1]		5000137c
OBJ 5000144d (sz=24, trace=300000, class=java.lang.String@5000016e)
	value		5000144e
ARR 5000144e (sz=12, trace=300000, nelems=6, elem type=char[])
OBJ 5000144f (sz=24, trace=300000, class=java.lang.String@5000016e)
	value		50001450
ARR 50001450 (sz=24, trace=300000, nelems=12, elem type=char[])
OBJ 50001451 (sz=24, trace=300000, class=java.lang.String@5000016e)
	value		50001452
ARR 50001452 (sz=38, trace=300000, nelems=19, elem type=char[])
OBJ 50001453 (sz=24, trace=300000, class=java.lang.String@5000016e)
	value		50001454
ARR 50001454 (sz=12, trace=300000, nelems=6, elem type=char[])
OBJ 50001455 (sz=24, trace=300000, class=java.lang.String@5000016e)
	value		50001456
ARR 50001456 (sz=16, trace=300000, nelems=8, elem type=char[])
OBJ 50001457 (sz=24, trace=300000, class=java.lang.String@5000016e)
	value		50001458
ARR 50001458 (sz=12, trace=300000, nelems=6, elem type=char[])
OBJ 50001459 (sz=24, trace=300000, class=java.lang.String@5000016e)
	value		5000145a
ARR 5000145a (sz=12, trace=300000, nelems=6, elem type=char[])
OBJ 5000145b (sz=24, trace=300000, class=java.lang.String@5000016e)
	value		5000145c
ARR 5000145c (sz=32, trace=300000, nelems=16, elem type=char[])
OBJ 5000145d (sz=24, trace=300000, class=java.lang.String@5000016e)
	value		5000145e
ARR 5000145e (sz=12, trace=300000, nelems=6, elem type=char[])
OBJ 5000145f (sz=24, trace=300000, class=java.lang.String@5000016e)
	value		50001460
ARR 50001460 (sz=12, trace=300000, nelems=6, elem type=char[])
OBJ 50001461 (sz=24, trace=300000, class=java.lang.String@5000016e)
	value		50001462
ARR 50001462 (sz=12, trace=300000, nelems=6, elem type=char[])
OBJ 50001463 (sz=24, trace=300000, class=java.lang.String@5000016e)
	value		50001464
ARR 50001464 (sz=12, trace=300000, nelems=6, elem type=char[])
OBJ 50001465 (sz=24, trace=300000, class=java.lang.String@5000016e)
	value		50001466
ARR 50001466 (sz=32, trace=300000, nelems=16, elem type=char[])
OBJ 50001467 (sz=24, trace=300000, class=java.lang.String@5000016e)
	value		50001468
ARR 50001468 (sz=8, trace=300000, nelems=4, elem type=char[])
OBJ 50001469 (sz=24, trace=300000, class=java.lang.String@5000016e)
	value		5000146a
ARR 5000146a (sz=16, trace=300000, nelems=8, elem type=char[])
OBJ 5000146b (sz=24, trace=300000, class=java.lang.String@5000016e)
	value		5000146c
ARR 5000146c (sz=10, trace=300000, nelems=5, elem type=char[])
OBJ 5000146d (sz=24, trace=300000, class=java.lang.String@5000016e)
	value		5000146e
ARR 5000146e (sz=22, trace=300000, nelems=11, elem type=char[])
OBJ 5000146f (sz=24, trace=300000, class=java.lang.String@5000016e)
	value		50001470
ARR 50001470 (sz=16, trace=300000, nelems=8, elem type=char[])
OBJ 50001471 (sz=24, trace=300000, class=java.lang.String@5000016e)
	value		50001472
ARR 50001472 (sz=20, trace=300000, nelems=10, elem type=char[])
OBJ 50001473 (sz=24, trace=300000, class=java.lang.String@5000016e)
	value		50001477
ARR 50001474 (sz=24, trace=300000, nelems=2, elem type=java.lang.Object[]@50000109)
	[0]		50001475
	[1]		50001335
OBJ 50001475 (sz=24, trace=300000, class=java.lang.String@5000016e)
	value		50001476
ARR 50001476 (sz=20, trace=300000, nelems=10, elem type=char[])
ARR 50001477 (sz=16, trace=300000, nelems=8, elem type=char[])
OBJ 50001478 (sz=24, trace=300000, class=java.lang.String@5000016e)
	value		50001479
ARR 50001479 (sz=20, trace=300000, nelems=10, elem type=char[])
OBJ 5000147a (sz=24, trace=300000, class=java.lang.String@5000016e)
	value		5000147b
ARR 5000147b (sz=20, trace=300000, nelems=10, elem type=char[])
OBJ 5000147c (sz=24, trace=300000, class=java.lang.String@5000016e)
	value		5000147d
ARR 5000147d (sz=24, trace=300000, nelems=12, elem type=char[])
OBJ 5000147e (sz=24, trace=300000, class=java.lang.String@5000016e)
	value		50001482
ARR 5000147f (sz=24, trace=300000, nelems=2, elem type=java.lang.Object[]@50000109)
	[0]		50001480
	[1]		50001351
OBJ 50001480 (sz=24, trace=300000, class=java.lang.String@5000016e)
	value		50001481
ARR 50001481 (sz=20, trace=300000, nelems=10, elem type=char[])
ARR 50001482 (sz=20, trace=300000, nelems=10, elem type=char[])
OBJ 50001483 (sz=24, trace=300000, class=java.lang.String@5000016e)
	value		50001484
ARR 50001484 (sz=20, trace=300000, nelems=10, elem type=char[])
OBJ 50001485 (sz=24, trace=300000, class=java.lang.String@5000016e)
	value		50001486
ARR 50001486 (sz=12, trace=300000, nelems=6, elem type=char[])
OBJ 50001487 (sz=24, trace=300000, class=java.lang.String@5000016e)
	value		50001488
ARR 50001488 (sz=36, trace=300000, nelems=18, elem type=char[])
OBJ 50001489 (sz=24, trace=300000, class=java.lang.String@5000016e)
	value		5000148a
ARR 5000148a (sz=20, trace=300000, nelems=10, elem type=char[])
OBJ 5000148b (sz=24, trace=300000, class=java.lang.String@5000016e)
	value		5000148c
ARR 5000148c (sz=18, trace=300000, nelems=9, elem type=char[])
OBJ 5000148d (sz=24, trace=300000, class=java.lang.String@5000016e)
	value		5000148e
ARR 5000148e (sz=18, trace=300000, nelems=9, elem type=char[])
OBJ 5000148f (sz=24, trace=300000, class=java.lang.String@5000016e)
	value		50001490
ARR 50001490 (sz=18, trace=300000, nelems=9, elem type=char[])
OBJ 50001491 (sz=24, trace=300000, class=java.lang.String@5000016e)
	value		50001492
ARR 50001492 (sz=18, trace=300000, nelems=9, elem type=char[])
OBJ 50001493 (sz=24, trace=300000, class=java.lang.String@5000016e)
	value		50001494
ARR 50001494 (sz=14, trace=300000, nelems=7, elem type=char[])
OBJ 50001495 (sz=24, trace=300000, class=java.lang.String@5000016e)
	value		50001496
ARR 50001496 (sz=18, trace=300000, nelems=9, elem type=char[])
OBJ 50001497 (sz=24, trace=300000, class=java.lang.String@5000016e)
	value		50001498
ARR 50001498 (sz=18, trace=300000, nelems=9, elem type=char[])
OBJ 50001499 (sz=24, trace=300000, class=java.lang.String@5000016e)
	value		5000149a
ARR 5000149a (sz=12, trace=300000, nelems=6, elem type=char[])
OBJ 5000149b (sz=24, trace=300000, class=java.lang.String@5000016e)
	value		5000149c
ARR 5000149c (sz=10, trace=300000, nelems=5, elem type=char[])
OBJ 5000149d (sz=24, trace=300000, class=java.lang.String@5000016e)
	value		5000149e
ARR 5000149e (sz=14, trace=300000, nelems=7, elem type=char[])
OBJ 5000149f (sz=24, trace=300000, class=java.lang.String@5000016e)
	value		500014a0
ARR 500014a0 (sz=30, trace=300000, nelems=15, elem type=char[])
OBJ 500014a1 (sz=24, trace=300000, class=java.lang.String@5000016e)
	value		500014a2
ARR 500014a2 (sz=20, trace=300000, nelems=10, elem type=char[])
OBJ 500014a3 (sz=24, trace=300000, class=java.lang.String@5000016e)
	value		500014a4
ARR 500014a4 (sz=20, trace=300000, nelems=10, elem type=char[])
OBJ 500014a5 (sz=24, trace=300000, class=java.lang.String@5000016e)
	value		500014a6
ARR 500014a6 (sz=14, trace=300000, nelems=7, elem type=char[])
OBJ 500014a7 (sz=24, trace=300000, class=java.lang.String@5000016e)
	value		500014a8
ARR 500014a8 (sz=30, trace=300000, nelems=15, elem type=char[])
OBJ 500014a9 (sz=24, trace=300000, class=java.lang.String@5000016e)
	value		500014aa
ARR 500014aa (sz=10, trace=300000, nelems=5, elem type=char[])
OBJ 500014ab (sz=24, trace=300000, class=java.lang.String@5000016e)
	value		500014ac
ARR 500014ac (sz=14, trace=300000, nelems=7, elem type=char[])
OBJ 500014ad (sz=24, trace=300000, class=java.lang.String@5000016e)
	value		500014ae
ARR 500014ae (sz=4, trace=300000, nelems=2, elem type=char[])
OBJ 500014af (sz=24, trace=300000, class=java.lang.String@5000016e)
	value		500014b0
ARR 500014b0 (sz=14, trace=300000, nelems=7, elem type=char[])
OBJ 500014b1 (sz=24, trace=300000, class=java.lang.String@5000016e)
	value		500014b2
ARR 500014b2 (sz=14, trace=300000, nelems=7, elem type=char[])
OBJ 500014b3 (sz=24, trace=300000, class=java.lang.String@5000016e)
	value		500014b4
ARR 500014b4 (sz=14, trace=300000, nelems=7, elem type=char[])
OBJ 500014b5 (sz=24, trace=300000, class=java.lang.String@5000016e)
	value		500014b6
ARR 500014b6 (sz=24, trace=300000, nelems=12, elem type=char[])
OBJ 500014b7 (sz=24, trace=300000, class=java.lang.String@5000016e)
	value		500014bb
ARR 500014b8 (sz=24, trace=300000, nelems=2, elem type=java.lang.Object[]@50000109)
	[0]		500014b9
	[1]		50001368
OBJ 500014b9 (sz=24, trace=300000, class=java.lang.String@5000016e)
	value		500014ba
ARR 500014ba (sz=16, trace=300000, nelems=8, elem type=char[])
ARR 500014bb (sz=20, trace=300000, nelems=10, elem type=char[])
OBJ 500014bc (sz=24, trace=300000, class=java.lang.String@5000016e)
	value		500014bd
ARR 500014bd (sz=20, trace=300000, nelems=10, elem type=char[])
OBJ 500014be (sz=24, trace=300000, class=java.lang.String@5000016e)
	value		500014c2
ARR 500014bf (sz=24, trace=300000, nelems=2, elem type=java.lang.Object[]@50000109)
	[0]		500014c0
	[1]		500012f0
OBJ 500014c0 (sz=24, trace=300000, class=java.lang.String@5000016e)
	value		500014c1
ARR 500014c1 (sz=10, trace=300000, nelems=5, elem type=char[])
ARR 500014c2 (sz=16, trace=300000, nelems=8, elem type=char[])
OBJ 500014c3 (sz=24, trace=300000, class=java.lang.String@5000016e)
	value		500014c7
ARR 500014c4 (sz=24, trace=300000, nelems=2, elem type=java.lang.Object[]@50000109)
	[0]		500014c5
	[1]		50001355
OBJ 500014c5 (sz=24, trace=300000, class=java.lang.String@5000016e)
	value		500014c6
ARR 500014c6 (sz=12, trace=300000, nelems=6, elem type=char[])
ARR 500014c7 (sz=16, trace=300000, nelems=8, elem type=char[])
OBJ 500014c8 (sz=24, trace=300000, class=java.lang.String@5000016e)
	value		500014c9
ARR 500014c9 (sz=12, trace=300000, nelems=6, elem type=char[])
OBJ 500014ca (sz=24, trace=300000, class=java.lang.String@5000016e)
	value		500014cb
ARR 500014cb (sz=12, trace=300000, nelems=6, elem type=char[])
OBJ 500014cc (sz=24, trace=300000, class=java.lang.String@5000016e)
	value		500014cd
ARR 500014cd (sz=12, trace=300000, nelems=6, elem type=char[])
OBJ 500014ce (sz=24, trace=300000, class=java.lang.String@5000016e)
	value		500014cf
ARR 500014cf (sz=12, trace=300000, nelems=6, elem type=char[])
OBJ 500014d0 (sz=24, trace=300000, class=java.lang.String@5000016e)
	value		500014d1
ARR 500014d1 (sz=12, trace=300000, nelems=6, elem type=char[])
OBJ 500014d2 (sz=24, trace=300000, class=java.lang.String@5000016e)
	value		500014d3
ARR 500014d3 (sz=16, trace=300000, nelems=8, elem type=char[])
OBJ 500014d4 (sz=24, trace=300000, class=java.lang.String@5000016e)
	value		500014d5
ARR 500014d5 (sz=30, trace=300000, nelems=15, elem type=char[])
OBJ 500014d6 (sz=24, trace=300000, class=java.lang.String@5000016e)
	value		500014d7
ARR 500014d7 (sz=16, trace=300000, nelems=8, elem type=char[])
OBJ 500014d8 (sz=24, trace=300000, class=java.lang.String@5000016e)
	value		500014d9
ARR 500014d9 (sz=48, trace=300000, nelems=24, elem type=char[])
OBJ 500014da (sz=24, trace=300000, class=java.lang.String@5000016e)
	value		500014db
ARR 500014db (sz=10, trace=300000, nelems=5, elem type=char[])
OBJ 500014dc (sz=24, trace=300000, class=java.lang.String@5000016e)
	value		500014dd
ARR 500014dd (sz=14, trace=300000, nelems=7, elem type=char[])
OBJ 500014de (sz=24, trace=300000, class=java.lang.String@5000016e)
	value		500014df
ARR 500014df (sz=30, trace=300000, nelems=15, elem type=char[])
OBJ 500014e0 (sz=24, trace=300000, class=java.lang.String@5000016e)
	value		500014e1
ARR 500014e1 (sz=14, trace=300000, nelems=7, elem type=char[])
OBJ 500014e2 (sz=24, trace=300000, class=java.lang.String@5000016e)
	value		500014e3
ARR 500014e3 (sz=20, trace=300000, nelems=10, elem type=char[])
OBJ 500014e4 (sz=24, trace=300000, class=java.lang.String@5000016e)
	value		500014e5
ARR 500014e5 (sz=12, trace=300000, nelems=6, elem type=char[])
OBJ 500014e6 (sz=24, trace=300000, class=java.lang.String@5000016e)
	value		500014e7
ARR 500014e7 (sz=14, trace=300000, nelems=7, elem type=char[])
OBJ 500014e8 (sz=24, trace=300000, class=java.lang.String@5000016e)
	value		500014e9
ARR 500014e9 (sz=14, trace=300000, nelems=7, elem type=char[])
OBJ 500014ea (sz=24, trace=300000, class=java.lang.String@5000016e)
	value		500014eb
ARR 500014eb (sz=20, trace=300000, nelems=10, elem type=char[])
OBJ 500014ec (sz=24, trace=300000, class=java.lang.String@5000016e)
	value		500014ed
ARR 500014ed (sz=20, trace=300000, nelems=10, elem type=char[])
OBJ 500014ee (sz=24, trace=300000, class=java.lang.String@5000016e)
	value		500014ef
ARR 500014ef (sz=10, trace=300000, nelems=5, elem type=char[])
OBJ 500014f0 (sz=24, trace=300000, class=java.lang.String@5000016e)
	value		500014f1
ARR 500014f1 (sz=10, trace=300000, nelems=5, elem type=char[])
OBJ 500014f2 (sz=24, trace=300000, class=java.lang.String@5000016e)
	value		500014f3
ARR 500014f3 (sz=36, trace=300000, nelems=18, elem type=char[])
OBJ 500014f4 (sz=24, trace=300000, class=java.lang.String@5000016e)
	value		500014f5
ARR 500014f5 (sz=14, trace=300000, nelems=7, elem type=char[])
OBJ 500014f6 (sz=24, trace=300000, class=java.lang.String@5000016e)
	value		500014f7
ARR 500014f7 (sz=14, trace=300000, nelems=7, elem type=char[])
OBJ 500014f8 (sz=24, trace=300000, class=java.lang.String@5000016e)
	value		500014f9
ARR 500014f9 (sz=14, trace=300000, nelems=7, elem type=char[])
OBJ 500014fa (sz=24, trace=300000, class=java.lang.String@5000016e)
	value		500014fb
ARR 500014fb (sz=14, trace=300000, nelems=7, elem type=char[])
OBJ 500014fc (sz=24, trace=300000, class=java.lang.String@5000016e)
	value		500014fd
ARR 500014fd (sz=14, trace=300000, nelems=7, elem type=char[])
OBJ 500014fe (sz=24, trace=300000, class=java.lang.String@5000016e)
	value		500014ff
ARR 500014ff (sz=16, trace=300000, nelems=8, elem type=char[])
OBJ 50001500 (sz=24, trace=300000, class=java.lang.String@5000016e)
	value		50001501
ARR 50001501 (sz=12, trace=300000, nelems=6, elem type=char[])
OBJ 50001502 (sz=24, trace=300000, class=java.lang.String@5000016e)
	value		50001503
ARR 50001503 (sz=20, trace=300000, nelems=10, elem type=char[])
OBJ 50001504 (sz=24, trace=300000, class=java.lang.String@5000016e)
	value		50001505
ARR 50001505 (sz=10, trace=300000, nelems=5, elem type=char[])
OBJ 50001506 (sz=24, trace=300000, class=java.lang.String@5000016e)
	value		50001507
ARR 50001507 (sz=24, trace=300000, nelems=12, elem type=char[])
OBJ 50001508 (sz=24, trace=300000, class=java.lang.String@5000016e)
	value		50001509
ARR 50001509 (sz=28, trace=300000, nelems=14, elem type=char[])
OBJ 5000150a (sz=24, trace=300000, class=java.lang.String@5000016e)
	value		5000150b
ARR 5000150b (sz=12, trace=300000, nelems=6, elem type=char[])
OBJ 5000150c (sz=24, trace=300000, class=java.lang.String@5000016e)
	value		5000150d
ARR 5000150d (sz=20, trace=300000, nelems=10, elem type=char[])
OBJ 5000150e (sz=24, trace=300000, class=java.lang.String@5000016e)
	value		5000150f
ARR 5000150f (sz=12, trace=300000, nelems=6, elem type=char[])
OBJ 50001510 (sz=24, trace=300000, class=java.lang.String@5000016e)
	value		50001511
ARR 50001511 (sz=12, trace=300000, nelems=6, elem type=char[])
OBJ 50001512 (sz=24, trace=300000, class=java.lang.String@5000016e)
	value		50001513
ARR 50001513 (sz=12, trace=300000, nelems=6, elem type=char[])
OBJ 50001514 (sz=24, trace=300000, class=java.lang.String@5000016e)
	value		50001515
ARR 50001515 (sz=12, trace=300000, nelems=6, elem type=char[])
OBJ 50001516 (sz=24, trace=300000, class=java.lang.String@5000016e)
	value		50001517
ARR 50001517 (sz=12, trace=300000, nelems=6, elem type=char[])
OBJ 50001518 (sz=24, trace=300000, class=java.lang.String@5000016e)
	value		50001519
ARR 50001519 (sz=6, trace=300000, nelems=3, elem type=char[])
OBJ 5000151a (sz=24, trace=300000, class=java.lang.String@5000016e)
	value		5000151b
ARR 5000151b (sz=20, trace=300000, nelems=10, elem type=char[])
OBJ 5000151c (sz=24, trace=300000, class=java.lang.String@5000016e)
	value		5000151d
ARR 5000151d (sz=20, trace=300000, nelems=10, elem type=char[])
OBJ 5000151e (sz=24, trace=300000, class=java.lang.String@5000016e)
	value		5000151f
ARR 5000151f (sz=10, trace=300000, nelems=5, elem type=char[])
OBJ 50001520 (sz=24, trace=300000, class=java.lang.String@5000016e)
	value		50001521
ARR 50001521 (sz=14, trace=300000, nelems=7, elem type=char[])
OBJ 50001522 (sz=24, trace=300000, class=java.lang.String@5000016e)
	value		50001523
ARR 50001523 (sz=14, trace=300000, nelems=7, elem type=char[])
OBJ 50001524 (sz=24, trace=300000, class=java.lang.String@5000016e)
	value		50001525
ARR 50001525 (sz=28, trace=300000, nelems=14, elem type=char[])
OBJ 50001526 (sz=24, trace=300000, class=java.lang.String@5000016e)
	value		50001527
ARR 50001527 (sz=12, trace=300000, nelems=6, elem type=char[])
OBJ 50001528 (sz=24, trace=300000, class=java.lang.String@5000016e)
	value		50001529
ARR 50001529 (sz=10, trace=300000, nelems=5, elem type=char[])
OBJ 5000152a (sz=24, trace=300000, class=java.lang.String@5000016e)
	value		5000152b
ARR 5000152b (sz=10, trace=300000, nelems=5, elem type=char[])
OBJ 5000152c (sz=24, trace=300000, class=java.lang.String@5000016e)
	value		5000152d
ARR 5000152d (sz=12, trace=300000, nelems=6, elem type=char[])
OBJ 5000152e (sz=24, trace=300000, class=java.lang.String@5000016e)
	value		5000152f
ARR 5000152f (sz=14, trace=300000, nelems=7, elem type=char[])
OBJ 50001530 (sz=24, trace=300000, class=java.lang.String@5000016e)
	value		50001531
ARR 50001531 (sz=14, trace=300000, nelems=7, elem type=char[])
OBJ 50001532 (sz=24, trace=300000, class=java.lang.String@5000016e)
	value		50001533
ARR 50001533 (sz=30, trace=300000, nelems=15, elem type=char[])
OBJ 50001534 (sz=24, trace=300000, class=java.lang.String@5000016e)
	value		50001535
ARR 50001535 (sz=6, trace=300000, nelems=3, elem type=char[])
OBJ 50001536 (sz=24, trace=300000, class=java.lang.String@5000016e)
	value		50001537
ARR 50001537 (sz=8, trace=300000, nelems=4, elem type=char[])
OBJ 50001538 (sz=24, trace=300000, class=java.lang.String@5000016e)
	value		50001539
ARR 50001539 (sz=20, trace=300000, nelems=10, elem type=char[])
OBJ 5000153a (sz=24, trace=300000, class=java.lang.String@5000016e)
	value		5000153e
ARR 5000153b (sz=24, trace=300000, nelems=2, elem type=java.lang.Object[]@50000109)
	[0]		5000153c
	[1]		5000132a
OBJ 5000153c (sz=24, trace=300000, class=java.lang.String@5000016e)
	value		5000153d
ARR 5000153d (sz=10, trace=300000, nelems=5, elem type=char[])
ARR 5000153e (sz=10, trace=300000, nelems=5, elem type=char[])
OBJ 5000153f (sz=24, trace=300000, class=java.lang.String@5000016e)
	value		50001543
ARR 50001540 (sz=24, trace=300000, nelems=2, elem type=java.lang.Object[]@50000109)
	[0]		50001541
	[1]		5000130c
OBJ 50001541 (sz=24, trace=300000, class=java.lang.String@5000016e)
	value		50001542
ARR 50001542 (sz=4, trace=300000, nelems=2, elem type=char[])
ARR 50001543 (sz=10, trace=300000, nelems=5, elem type=char[])
OBJ 50001544 (sz=24, trace=300000, class=java.lang.String@5000016e)
	value		50001545
ARR 50001545 (sz=10, trace=300000, nelems=5, elem type=char[])
OBJ 50001546 (sz=24, trace=300000, class=java.lang.String@5000016e)
	value		50001547
ARR 50001547 (sz=4, trace=300000, nelems=2, elem type=char[])
OBJ 50001548 (sz=24, trace=300000, class=java.lang.String@5000016e)
	value		5000154c
ARR 50001549 (sz=24, trace=300000, nelems=2, elem type=java.lang.Object[]@50000109)
	[0]		5000154a
	[1]		5000133f
OBJ 5000154a (sz=24, trace=300000, class=java.lang.String@5000016e)
	value		5000154b
ARR 5000154b (sz=4, trace=300000, nelems=2, elem type=char[])
ARR 5000154c (sz=10, trace=300000, nelems=5, elem type=char[])
OBJ 5000154d (sz=24, trace=300000, class=java.lang.String@5000016e)
	value		5000154e
ARR 5000154e (sz=16, trace=300000, nelems=8, elem type=char[])
OBJ 5000154f (sz=24, trace=300000, class=java.lang.String@5000016e)
	value		50001556
ARR 50001550 (sz=32, trace=300000, nelems=3, elem type=java.lang.Object[]@50000109)
	[0]		50001551
	[1]		5000130c
	[2]		50001552
OBJ 50001551 (sz=24, trace=300000, class=java.lang.String@5000016e)
	value		50001555
ARR 50001552 (sz=24, trace=300000, nelems=2, elem type=java.lang.Object[]@50000109)
	[0]		50001553
	[1]		50001348
OBJ 50001553 (sz=24, trace=300000, class=java.lang.String@5000016e)
	value		50001554
ARR 50001554 (sz=4, trace=300000, nelems=2, elem type=char[])
ARR 50001555 (sz=12, trace=300000, nelems=6, elem type=char[])
ARR 50001556 (sz=10, trace=300000, nelems=5, elem type=char[])
OBJ 50001557 (sz=24, trace=300000, class=java.lang.String@5000016e)
	value		50001558
ARR 50001558 (sz=4, trace=300000, nelems=2, elem type=char[])
OBJ 50001559 (sz=24, trace=300000, class=java.lang.String@5000016e)
	value		5000155a
ARR 5000155a (sz=14, trace=300000, nelems=7, elem type=char[])
OBJ 5000155b (sz=24, trace=300000, class=java.lang.String@5000016e)
	value		5000155f
ARR 5000155c (sz=24, trace=300000, nelems=2, elem type=java.lang.Object[]@50000109)
	[0]		5000155d
	[1]		5000133f
OBJ 5000155d (sz=24, trace=300000, class=java.lang.String@5000016e)
	value		5000155e
ARR 5000155e (sz=14, trace=300000, nelems=7, elem type=char[])
ARR 5000155f (sz=12, trace=300000, nelems=6, elem type=char[])
OBJ 50001560 (sz=24, trace=300000, class=java.lang.String@5000016e)
	value		50001561
ARR 50001561 (sz=14, trace=300000, nelems=7, elem type=char[])
OBJ 50001562 (sz=24, trace=300000, class=java.lang.String@5000016e)
	value		50001566
ARR 50001563 (sz=24, trace=300000, nelems=2, elem type=java.lang.Object[]@50000109)
	[0]		50001564
	[1]		50001317
OBJ 50001564 (sz=24, trace=300000, class=java.lang.String@5000016e)
	value		50001565
ARR 50001565 (sz=6, trace=300000, nelems=3, elem type=char[])
ARR 50001566 (sz=12, trace=300000, nelems=6, elem type=char[])
OBJ 50001567 (sz=24, trace=300000, class=java.lang.String@5000016e)
	value		50001568
ARR 50001568 (sz=22, trace=300000, nelems=11, elem type=char[])
OBJ 50001569 (sz=24, trace=300000, class=java.lang.String@5000016e)
	value		5000156a
ARR 5000156a (sz=22, trace=300000, nelems=11, elem type=char[])
OBJ 5000156b (sz=24, trace=300000, class=java.lang.String@5000016e)
	value		5000156c
ARR 5000156c (sz=12, trace=300000, nelems=6, elem type=char[])
OBJ 5000156d (sz=24, trace=300000, class=java.lang.String@5000016e)
	value		5000156e
ARR 5000156e (sz=12, trace=300000, nelems=6, elem type=char[])
OBJ 5000156f (sz=24, trace=300000, class=java.lang.String@5000016e)
	value		50001570
ARR 50001570 (sz=12, trace=300000, nelems=6, elem type=char[])
OBJ 50001571 (sz=24, trace=300000, class=java.lang.String@5000016e)
	value		50001572
ARR 50001572 (sz=18, trace=300000, nelems=9, elem type=char[])
OBJ 50001573 (sz=24, trace=300000, class=java.lang.String@5000016e)
	value		50001574
ARR 50001574 (sz=18, trace=300000, nelems=9, elem type=char[])
OBJ 50001575 (sz=24, trace=300000, class=java.lang.String@5000016e)
	value		50001576
ARR 50001576 (sz=18, trace=300000, nelems=9, elem type=char[])
OBJ 50001577 (sz=24, trace=300000, class=java.lang.String@5000016e)
	value		50001578
ARR 50001578 (sz=18, trace=300000, nelems=9, elem type=char[])
OBJ 50001579 (sz=24, trace=300000, class=java.lang.String@5000016e)
	value		5000157a
ARR 5000157a (sz=18, trace=300000, nelems=9, elem type=char[])
OBJ 5000157b (sz=24, trace=300000, class=java.lang.String@5000016e)
	value		5000157c
ARR 5000157c (sz=18, trace=300000, nelems=9, elem type=char[])
OBJ 5000157d (sz=24, trace=300000, class=java.lang.String@5000016e)
	value		5000157e
ARR 5000157e (sz=42, trace=300000, nelems=21, elem type=char[])
OBJ 5000157f (sz=24, trace=300000, class=java.lang.String@5000016e)
	value		50001580
ARR 50001580 (sz=6, trace=300000, nelems=3, elem type=char[])
OBJ 50001581 (sz=24, trace=300000, class=java.lang.String@5000016e)
	value		50001582
ARR 50001582 (sz=30, trace=300000, nelems=15, elem type=char[])
OBJ 50001583 (sz=24, trace=300000, class=java.lang.String@5000016e)
	value		50001584
ARR 50001584 (sz=20, trace=300000, nelems=10, elem type=char[])
OBJ 50001585 (sz=24, trace=300000, class=java.lang.String@5000016e)
	value		50001586
ARR 50001586 (sz=30, trace=300000, nelems=15, elem type=char[])
OBJ 50001587 (sz=24, trace=300000, class=java.lang.String@5000016e)
	value		50001588
ARR 50001588 (sz=20, trace=300000, nelems=10, elem type=char[])
OBJ 50001589 (sz=24, trace=300000, class=java.lang.String@5000016e)
	value		5000158a
ARR 5000158a (sz=6, trace=300000, nelems=3, elem type=char[])
OBJ 5000158b (sz=24, trace=300000, class=java.lang.String@5000016e)
	value		5000158c
ARR 5000158c (sz=6, trace=300000, nelems=3, elem type=char[])
OBJ 5000158d (sz=24, trace=300000, class=java.lang.String@5000016e)
	value		5000158e
ARR 5000158e (sz=14, trace=300000, nelems=7, elem type=char[])
OBJ 5000158f (sz=24, trace=300000, class=java.lang.String@5000016e)
	value		50001593
ARR 50001590 (sz=24, trace=300000, nelems=2, elem type=java.lang.Object[]@50000109)
	[0]		50001591
	[1]		5000132a
OBJ 50001591 (sz=24, trace=300000, class=java.lang.String@5000016e)
	value		50001592
ARR 50001592 (sz=6, trace=300000, nelems=3, elem type=char[])
ARR 50001593 (sz=6, trace=300000, nelems=3, elem type=char[])
OBJ 50001594 (sz=24, trace=300000, class=java.lang.String@5000016e)
	value		50001598
ARR 50001595 (sz=24, trace=300000, nelems=2, elem type=java.lang.Object[]@50000109)
	[0]		50001596
	[1]		50001317
OBJ 50001596 (sz=24, trace=300000, class=java.lang.String@5000016e)
	value		50001597
ARR 50001597 (sz=16, trace=300000, nelems=8, elem type=char[])
ARR 50001598 (sz=6, trace=300000, nelems=3, elem type=char[])
OBJ 50001599 (sz=24, trace=300000, class=java.lang.String@5000016e)
	value		5000159a
ARR 5000159a (sz=6, trace=300000, nelems=3, elem type=char[])
OBJ 5000159b (sz=24, trace=300000, class=java.lang.String@5000016e)
	value		5000159c
ARR 5000159c (sz=6, trace=300000, nelems=3, elem type=char[])
OBJ 5000159d (sz=24, trace=300000, class=java.lang.String@5000016e)
	value		500015a1
ARR 5000159e (sz=24, trace=300000, nelems=2, elem type=java.lang.Object[]@50000109)
	[0]		5000159f
	[1]		5000134b
OBJ 5000159f (sz=24, trace=300000, class=java.lang.String@5000016e)
	value		500015a0
ARR 500015a0 (sz=10, trace=300000, nelems=5, elem type=char[])
ARR 500015a1 (sz=6, trace=300000, nelems=3, elem type=char[])
OBJ 500015a2 (sz=24, trace=300000, class=java.lang.String@5000016e)
	value		500015a3
ARR 500015a3 (sz=10, trace=300000, nelems=5, elem type=char[])
OBJ 500015a4 (sz=24, trace=300000, class=java.lang.String@5000016e)
	value		500015a8
ARR 500015a5 (sz=24, trace=300000, nelems=2, elem type=java.lang.Object[]@50000109)
	[0]		500015a6
	[1]		50001370
OBJ 500015a6 (sz=24, trace=300000, class=java.lang.String@5000016e)
	value		500015a7
ARR 500015a7 (sz=18, trace=300000, nelems=9, elem type=char[])
ARR 500015a8 (sz=32, trace=300000, nelems=16, elem type=char[])
OBJ 500015a9 (sz=24, trace=300000, class=java.lang.String@5000016e)
	value		500015aa
ARR 500015aa (sz=16, trace=300000, nelems=8, elem type=char[])
OBJ 500015ab (sz=24, trace=300000, class=java.lang.String@5000016e)
	value		500015ac
ARR 500015ac (sz=24, trace=300000, nelems=12, elem type=char[])
OBJ 500015ad (sz=24, trace=300000, class=java.lang.String@5000016e)
	value		500015ae
ARR 500015ae (sz=10, trace=300000, nelems=5, elem type=char[])
OBJ 500015af (sz=24, trace=300000, class=java.lang.String@5000016e)
	value		500015b0
ARR 500015b0 (sz=10, trace=300000, nelems=5, elem type=char[])
OBJ 500015b1 (sz=24, trace=300000, class=java.lang.String@5000016e)
	value		500015b2
ARR 500015b2 (sz=10, trace=300000, nelems=5, elem type=char[])
OBJ 500015b3 (sz=24, trace=300000, class=java.lang.String@5000016e)
	value		500015b4
ARR 500015b4 (sz=10, trace=300000, nelems=5, elem type=char[])
OBJ 500015b5 (sz=24, trace=300000, class=java.lang.String@5000016e)
	value		500015b6
ARR 500015b6 (sz=10, trace=300000, nelems=5, elem type=char[])
OBJ 500015b7 (sz=24, trace=300000, class=java.lang.String@5000016e)
	value		500015b8
ARR 500015b8 (sz=12, trace=300000, nelems=6, elem type=char[])
OBJ 500015b9 (sz=24, trace=300000, class=java.lang.String@5000016e)
	value		500015ba
ARR 500015ba (sz=12, trace=300000, nelems=6, elem type=char[])
OBJ 500015bb (sz=24, trace=300000, class=java.lang.String@5000016e)
	value		500015bc
ARR 500015bc (sz=16, trace=300000, nelems=8, elem type=char[])
OBJ 500015bd (sz=24, trace=300000, class=java.lang.String@5000016e)
	value		500015be
ARR 500015be (sz=20, trace=300000, nelems=10, elem type=char[])
OBJ 500015bf (sz=24, trace=300000, class=java.lang.String@5000016e)
	value		500015c0
ARR 500015c0 (sz=34, trace=300000, nelems=17, elem type=char[])
OBJ 500015c1 (sz=24, trace=300000, class=java.lang.String@5000016e)
	value		500015c2
ARR 500015c2 (sz=6, trace=300000, nelems=3, elem type=char[])
OBJ 500015c3 (sz=24, trace=300000, class=java.lang.String@5000016e)
	value		500015c4
ARR 500015c4 (sz=30, trace=300000, nelems=15, elem type=char[])
OBJ 500015c5 (sz=24, trace=300000, class=java.lang.String@5000016e)
	value		500015c6
ARR 500015c6 (sz=12, trace=300000, nelems=6, elem type=char[])
OBJ 500015c7 (sz=24, trace=300000, class=java.lang.String@5000016e)
	value		500015c8
ARR 500015c8 (sz=12, trace=300000, nelems=6, elem type=char[])
OBJ 500015c9 (sz=24, trace=300000, class=java.lang.String@5000016e)
	value		500015cd
ARR 500015ca (sz=24, trace=300000, nelems=2, elem type=java.lang.Object[]@50000109)
	[0]		500015cb
	[1]		5000133b
OBJ 500015cb (sz=24, trace=300000, class=java.lang.String@5000016e)
	value		500015cc
ARR 500015cc (sz=12, trace=300000, nelems=6, elem type=char[])
ARR 500015cd (sz=6, trace=300000, nelems=3, elem type=char[])
OBJ 500015ce (sz=24, trace=300000, class=java.lang.String@5000016e)
	value		500015cf
ARR 500015cf (sz=12, trace=300000, nelems=6, elem type=char[])
OBJ 500015d0 (sz=24, trace=300000, class=java.lang.String@5000016e)
	value		500015d1
ARR 500015d1 (sz=12, trace=300000, nelems=6, elem type=char[])
OBJ 500015d2 (sz=24, trace=300000, class=java.lang.String@5000016e)
	value		500015d6
ARR 500015d3 (sz=24, trace=300000, nelems=2, elem type=java.lang.Object[]@50000109)
	[0]		500015d4
	[1]		5000134b
OBJ 500015d4 (sz=24, trace=300000, class=java.lang.String@5000016e)
	value		500015d5
ARR 500015d5 (sz=12, trace=300000, nelems=6, elem type=char[])
ARR 500015d6 (sz=36, trace=300000, nelems=18, elem type=char[])
OBJ 500015d7 (sz=24, trace=300000, class=java.lang.String@5000016e)
	value		500015d8
ARR 500015d8 (sz=6, trace=300000, nelems=3, elem type=char[])
OBJ 500015d9 (sz=24, trace=300000, class=java.lang.String@5000016e)
	value		500015da
ARR 500015da (sz=6, trace=300000, nelems=3, elem type=char[])
OBJ 500015db (sz=24, trace=300000, class=java.lang.String@5000016e)
	value		500015dc
ARR 500015dc (sz=6, trace=300000, nelems=3, elem type=char[])
OBJ 500015dd (sz=24, trace=300000, class=java.lang.String@5000016e)
	value		500015de
ARR 500015de (sz=6, trace=300000, nelems=3, elem type=char[])
OBJ 500015df (sz=24, trace=300000, class=java.lang.String@5000016e)
	value		500015e0
ARR 500015e0 (sz=6, trace=300000, nelems=3, elem type=char[])
OBJ 500015e1 (sz=24, trace=300000, class=java.lang.String@5000016e)
	value		500015e2
ARR 500015e2 (sz=30, trace=300000, nelems=15, elem type=char[])
OBJ 500015e3 (sz=24, trace=300000, class=java.lang.String@5000016e)
	value		500015e4
ARR 500015e4 (sz=18, trace=300000, nelems=9, elem type=char[])
OBJ 500015e5 (sz=24, trace=300000, class=java.lang.String@5000016e)
	value		500015e6
ARR 500015e6 (sz=26, trace=300000, nelems=13, elem type=char[])
OBJ 500015e7 (sz=24, trace=300000, class=java.lang.String@5000016e)
	value		500015e8
ARR 500015e8 (sz=22, trace=300000, nelems=11, elem type=char[])
OBJ 500015e9 (sz=24, trace=300000, class=java.lang.String@5000016e)
	value		500015ea
ARR 500015ea (sz=22, trace=300000, nelems=11, elem type=char[])
OBJ 500015eb (sz=24, trace=300000, class=java.lang.String@5000016e)
	value		500015ec
ARR 500015ec (sz=22, trace=300000, nelems=11, elem type=char[])
OBJ 500015ed (sz=24, trace=300000, class=java.lang.String@5000016e)
	value		500015ee
ARR 500015ee (sz=22, trace=300000, nelems=11, elem type=char[])
OBJ 500015ef (sz=24, trace=300000, class=java.lang.String@5000016e)
	value		500015f0
ARR 500015f0 (sz=22, trace=300000, nelems=11, elem type=char[])
OBJ 500015f1 (sz=24, trace=300000, class=java.lang.String@5000016e)
	value		500015f2
ARR 500015f2 (sz=22, trace=300000, nelems=11, elem type=char[])
ARR 500015f3 (sz=144, trace=300000, nelems=32, elem type=java.lang.Object[]@50000109)
	[0]		500015f4
	[2]		500015f5
	[3]		500015f6
	[4]		500015f7
	[5]		500015f8
	[6]		500015f9
	[7]		500015fa
	[8]		500015fb
	[9]		500015fc
	[10]		500015fd
	[11]		500015fe
	[12]		500015ff
	[14]		50001600
	[15]		50001601
	[16]		50001602
	[17]		50001603
	[18]		50001604
	[19]		50001605
	[22]		50001606
	[23]		50001607
	[24]		50001608
	[28]		50001609
	[29]		5000160a
	[31]		5000160b
ARR 500015f4 (sz=24, trace=300000, nelems=1, elem type=java.lang.Object[]@50000109)
	[0]		50001387
ARR 500015f5 (sz=32, trace=300000, nelems=3, elem type=java.lang.Object[]@50000109)
	[0]		50001379
	[2]		500016d8
ARR 500015f6 (sz=32, trace=300000, nelems=3, elem type=java.lang.Object[]@50000109)
	[0]		50001370
	[2]		500016d7
ARR 500015f7 (sz=32, trace=300000, nelems=3, elem type=java.lang.Object[]@50000109)
	[0]		50001362
	[2]		500016d0
ARR 500015f8 (sz=32, trace=300000, nelems=3, elem type=java.lang.Object[]@50000109)
	[0]		50001359
	[2]		500016cf
ARR 500015f9 (sz=24, trace=300000, nelems=1, elem type=java.lang.Object[]@50000109)
	[0]		50001355
ARR 500015fa (sz=24, trace=300000, nelems=1, elem type=java.lang.Object[]@50000109)
	[0]		50001351
ARR 500015fb (sz=32, trace=300000, nelems=3, elem type=java.lang.Object[]@50000109)
	[0]		50001348
	[2]		500016ce
ARR 500015fc (sz=32, trace=300000, nelems=3, elem type=java.lang.Object[]@50000109)
	[0]		5000133f
	[2]		50001613
ARR 500015fd (sz=24, trace=300000, nelems=1, elem type=java.lang.Object[]@50000109)
	[0]		5000133b
ARR 500015fe (sz=32, trace=300000, nelems=3, elem type=java.lang.Object[]@50000109)
	[0]		50001332
	[2]		50001612
ARR 500015ff (sz=24, trace=300000, nelems=1, elem type=java.lang.Object[]@50000109)
	[0]		5000132e
ARR 50001600 (sz=24, trace=300000, nelems=1, elem type=java.lang.Object[]@50000109)
	[0]		5000132a
ARR 50001601 (sz=24, trace=300000, nelems=1, elem type=java.lang.Object[]@50000109)
	[0]		50001326
ARR 50001602 (sz=32, trace=300000, nelems=3, elem type=java.lang.Object[]@50000109)
	[0]		5000131d
	[2]		50001611
ARR 50001603 (sz=32, trace=300000, nelems=3, elem type=java.lang.Object[]@50000109)
	[0]		50001314
	[2]		50001610
ARR 50001604 (sz=32, trace=300000, nelems=3, elem type=java.lang.Object[]@50000109)
	[0]		50001306
	[2]		5000160e
ARR 50001605 (sz=32, trace=300000, nelems=3, elem type=java.lang.Object[]@50000109)
	[0]		500012f8
	[2]		5000160c
ARR 50001606 (sz=24, trace=300000, nelems=1, elem type=java.lang.Object[]@50000109)
	[0]		500012f4
ARR 50001607 (sz=24, trace=300000, nelems=1, elem type=java.lang.Object[]@50000109)
	[0]		500012f0
ARR 50001608 (sz=24, trace=300000, nelems=1, elem type=java.lang.Object[]@50000109)
	[0]		500012ec
ARR 50001609 (sz=24, trace=300000, nelems=1, elem type=java.lang.Object[]@50000109)
	[0]		500012e8
ARR 5000160a (sz=24, trace=300000, nelems=1, elem type=java.lang.Object[]@50000109)
	[0]		500012e4
ARR 5000160b (sz=24, trace=300000, nelems=1, elem type=java.lang.Object[]@50000109)
	[0]		500012e0
ARR 5000160c (sz=32, trace=300000, nelems=3, elem type=java.lang.Object[]@50000109)
	[0]		500012fb
	[2]		5000160d
ARR 5000160d (sz=24, trace=300000, nelems=1, elem type=java.lang.Object[]@50000109)
	[0]		500012fe
ARR 5000160e (sz=32, trace=300000, nelems=3, elem type=java.lang.Object[]@50000109)
	[0]		50001309
	[2]		5000160f
ARR 5000160f (sz=24, trace=300000, nelems=1, elem type=java.lang.Object[]@50000109)
	[0]		5000130c
ARR 50001610 (sz=24, trace=300000, nelems=1, elem type=java.lang.Object[]@50000109)
	[0]		50001317
ARR 50001611 (sz=24, trace=300000, nelems=1, elem type=java.lang.Object[]@50000109)
	[0]		50001320
ARR 50001612 (sz=24, trace=300000, nelems=1, elem type=java.lang.Object[]@50000109)
	[0]		50001335
ARR 50001613 (sz=24, trace=300000, nelems=2, elem type=java.lang.Object[]@50000109)
	[0]		50001342
	[1]		50000434
ARR 50001614 (sz=24, trace=300000, nelems=2, elem type=java.lang.String[]@500000c8)
	[0]		50001616
	[1]		500015bf
ARR 50001615 (sz=10, trace=300000, nelems=5, elem type=char[])
OBJ 50001616 (sz=24, trace=300000, class=java.lang.String@5000016e)
	value		50001617
ARR 50001617 (sz=8, trace=300000, nelems=4, elem type=char[])
ARR 50001618 (sz=32, trace=300000, nelems=4, elem type=java.lang.String[]@500000c8)
	[0]		500012a1
	[1]		5000129e
	[2]		5000129f
	[3]		500012a0
ARR 50001619 (sz=6, trace=300000, nelems=3, elem type=char[])
OBJ 5000161a (sz=24, trace=300000, class=java.lang.String@5000016e)
	value		5000161e
OBJ 5000161b (sz=24, trace=300000, class=java.lang.String@5000016e)
	value		5000161f
OBJ 5000161c (sz=16, trace=300000, class=java.nio.ByteOrder@50000073)
	name		5000161b
OBJ 5000161d (sz=16, trace=300000, class=java.nio.ByteOrder@50000073)
	name		5000161a
ARR 5000161e (sz=20, trace=300000, nelems=10, elem type=char[])
ARR 5000161f (sz=26, trace=300000, nelems=13, elem type=char[])
OBJ 50001620 (sz=24, trace=300000, class=java.util.concurrent.atomic.AtomicLong@50000072)
OBJ 50001621 (sz=24, trace=300000, class=java.util.concurrent.atomic.AtomicLong@50000072)
OBJ 50001622 (sz=24, trace=300000, class=java.util.concurrent.atomic.AtomicLong@50000072)
OBJ 50001623 (sz=24, trace=300000, class=java.lang.String@5000016e)
	value		5000168b
OBJ 50001624 (sz=24, trace=300000, class=java.lang.String@5000016e)
	value		50001691
OBJ 50001625 (sz=24, trace=300000, class=java.lang.String@5000016e)
	value		5000168f
OBJ 50001626 (sz=24, trace=300000, class=java.lang.String@5000016e)
	value		50001693
OBJ 50001627 (sz=24, trace=300000, class=java.lang.String@5000016e)
	value		500016b3
OBJ 50001628 (sz=24, trace=300000, class=java.lang.String@5000016e)
	value		500016b4
OBJ 50001629 (sz=24, trace=300000, class=java.lang.String@5000016e)
	value		500016a3
OBJ 5000162a (sz=24, trace=300000, class=java.lang.String@5000016e)
	value		500016c2
OBJ 5000162b (sz=24, trace=300000, class=java.lang.String@5000016e)
	value		5000168d
OBJ 5000162c (sz=24, trace=300000, class=java.lang.String@5000016e)
	value		500016a5
OBJ 5000162d (sz=24, trace=300000, class=java.lang.String@5000016e)
	value		500016c3
OBJ 5000162e (sz=24, trace=300000, class=java.lang.String@5000016e)
	value		50001697
OBJ 5000162f (sz=24, trace=300000, class=java.lang.String@5000016e)
	value		500016c6
OBJ 50001630 (sz=24, trace=300000, class=java.lang.String@5000016e)
	value		5000168e
OBJ 50001631 (sz=24, trace=300000, class=java.lang.String@5000016e)
	value		500016a0
OBJ 50001632 (sz=24, trace=300000, class=java.lang.String@5000016e)
	value		500016bb
OBJ 50001633 (sz=24, trace=300000, class=java.lang.String@5000016e)
	value		500016c4
OBJ 50001634 (sz=24, trace=300000, class=java.lang.String@5000016e)
	value		500016a8
OBJ 50001635 (sz=24, trace=300000, class=java.lang.String@5000016e)
	value		500016af
OBJ 50001636 (sz=24, trace=300000, class=java.lang.String@5000016e)
	value		500016b8
OBJ 50001637 (sz=24, trace=300000, class=java.lang.String@5000016e)
	value		500016a2
OBJ 50001638 (sz=24, trace=300000, class=java.lang.String@5000016e)
	value		500016c5
OBJ 50001639 (sz=24, trace=300000, class=java.lang.String@5000016e)
	value		500016bc
OBJ 5000163a (sz=24, trace=300000, class=java.lang.String@5000016e)
	value		50001690
OBJ 5000163b (sz=24, trace=300000, class=java.lang.String@5000016e)
	value		500016a6
OBJ 5000163c (sz=24, trace=300000, class=java.lang.String@5000016e)
	value		500016c7
OBJ 5000163d (sz=24, trace=300000, class=java.lang.String@5000016e)
	value		500016a1
OBJ 5000163e (sz=24, trace=300000, class=java.lang.String@5000016e)
	value		500016aa
OBJ 5000163f (sz=24, trace=300000, class=java.lang.String@5000016e)
	value		500016a9
OBJ 50001640 (sz=24, trace=300000, class=java.lang.String@5000016e)
	value		500016ad
OBJ 50001641 (sz=24, trace=300000, class=java.lang.String@5000016e)
	value		500016ac
OBJ 50001642 (sz=24, trace=300000, class=java.lang.String@5000016e)
	value		500016b1
OBJ 50001643 (sz=24, trace=300000, class=java.lang.String@5000016e)
	value		500016b0
OBJ 50001644 (sz=24, trace=300000, class=java.lang.String@5000016e)
	value		500016b6
OBJ 50001645 (sz=24, trace=300000, class=java.lang.String@5000016e)
	value		500016b5
OBJ 50001646 (sz=24, trace=300000, class=java.lang.String@5000016e)
	value		500016ba
OBJ 50001647 (sz=24, trace=300000, class=java.lang.String@5000016e)
	value		500016b9
OBJ 50001648 (sz=24, trace=300000, class=java.lang.String@5000016e)
	value		500016bf
OBJ 50001649 (sz=24, trace=300000, class=java.lang.String@5000016e)
	value		500016c1
OBJ 5000164a (sz=24, trace=300000, class=java.lang.String@5000016e)
	value		500016c0
OBJ 5000164b (sz=24, trace=300000, class=java.lang.String@5000016e)
	value		500016ca
OBJ 5000164c (sz=24, trace=300000, class=java.lang.String@5000016e)
	value		5000169f
OBJ 5000164d (sz=24, trace=300000, class=java.lang.String@5000016e)
	value		5000169e
OBJ 5000164e (sz=24, trace=300000, class=java.lang.String@5000016e)
	value		5000169b
OBJ 5000164f (sz=24, trace=300000, class=java.lang.String@5000016e)
	value		50001694
OBJ 50001650 (sz=24, trace=300000, class=java.lang.String@5000016e)
	value		50001695
OBJ 50001651 (sz=24, trace=300000, class=java.lang.String@5000016e)
	value		5000169a
OBJ 50001652 (sz=24, trace=300000, class=java.lang.String@5000016e)
	value		50001698
OBJ 50001653 (sz=24, trace=300000, class=java.lang.String@5000016e)
	value		50001696
OBJ 50001654 (sz=24, trace=300000, class=java.lang.String@5000016e)
	value		50001699
OBJ 50001655 (sz=24, trace=300000, class=java.lang.String@5000016e)
	value		5000169d
OBJ 50001656 (sz=24, trace=300000, class=java.lang.String@5000016e)
	value		5000169c
OBJ 50001657 (sz=24, trace=300000, class=java.lang.String@5000016e)
	value		5000168c
OBJ 50001658 (sz=24, trace=300000, class=java.lang.String@5000016e)
	value		50001692
OBJ 50001659 (sz=24, trace=300000, class=java.lang.String@5000016e)
	value		500016c9
OBJ 5000165a (sz=24, trace=300000, class=java.lang.String@5000016e)
	value		500016cb
OBJ 5000165b (sz=24, trace=300000, class=java.lang.String@5000016e)
	value		500016cc
OBJ 5000165c (sz=24, trace=300000, class=java.lang.String@5000016e)
	value		500016a4
OBJ 5000165d (sz=24, trace=300000, class=java.lang.String@5000016e)
	value		500016a7
OBJ 5000165e (sz=24, trace=300000, class=java.lang.String@5000016e)
	value		500016ab
OBJ 5000165f (sz=24, trace=300000, class=java.lang.String@5000016e)
	value		500016b7
OBJ 50001660 (sz=24, trace=300000, class=java.lang.String@5000016e)
	value		500016ae
OBJ 50001661 (sz=24, trace=300000, class=java.lang.String@5000016e)
	value		500016b2
OBJ 50001662 (sz=24, trace=300000, class=java.lang.String@5000016e)
	value		500016be
OBJ 50001663 (sz=24, trace=300000, class=java.lang.String@5000016e)
	value		500016bd
OBJ 50001664 (sz=24, trace=300000, class=java.lang.String@5000016e)
	value		500016c8
ARR 50001665 (sz=32, trace=300000, nelems=4, elem type=java.lang.String[]@500000c8)
	[0]		5000151e
	[1]		500014e4
	[2]		500014e0
	[3]		5000157f
ARR 50001666 (sz=40, trace=300000, nelems=5, elem type=java.lang.String[]@500000c8)
	[0]		50001528
	[1]		50001379
	[2]		500014e6
	[3]		50001589
	[4]		5000165b
ARR 50001667 (sz=40, trace=300000, nelems=6, elem type=java.lang.String[]@500000c8)
	[0]		5000152a
	[1]		50001387
	[2]		500014e8
	[3]		5000158b
	[4]		5000165a
	[5]		50001487
ARR 50001668 (sz=40, trace=300000, nelems=5, elem type=java.lang.String[]@500000c8)
	[0]		5000153a
	[1]		50001489
	[2]		500014b1
	[3]		5000158f
	[4]		5000164b
ARR 50001669 (sz=40, trace=300000, nelems=5, elem type=java.lang.String[]@500000c8)
	[0]		5000153f
	[1]		500012fb
	[2]		500014f6
	[3]		50001594
	[4]		50001659
ARR 5000166a (sz=40, trace=300000, nelems=5, elem type=java.lang.String[]@500000c8)
	[0]		50001544
	[1]		500014f8
	[2]		50001306
	[3]		50001599
	[4]		5000146f
ARR 5000166b (sz=40, trace=300000, nelems=5, elem type=java.lang.String[]@500000c8)
	[0]		50001548
	[1]		5000131d
	[2]		500014fa
	[3]		5000159b
	[4]		50001664
ARR 5000166c (sz=40, trace=300000, nelems=5, elem type=java.lang.String[]@500000c8)
	[0]		5000154f
	[1]		500014fc
	[2]		50001326
	[3]		5000159d
	[4]		50001451
ARR 5000166d (sz=32, trace=300000, nelems=4, elem type=java.lang.String[]@500000c8)
	[0]		50001504
	[1]		50001320
	[2]		500014b3
	[3]		50001534
ARR 5000166e (sz=32, trace=300000, nelems=4, elem type=java.lang.String[]@500000c8)
	[0]		5000153c
	[1]		50001500
	[2]		500014f4
	[3]		50001591
ARR 5000166f (sz=40, trace=300000, nelems=6, elem type=java.lang.String[]@500000c8)
	[0]		500014f0
	[1]		50001309
	[2]		500014a5
	[3]		50001518
	[4]		500015a4
	[5]		5000146d
ARR 50001670 (sz=24, trace=300000, nelems=2, elem type=java.lang.String[]@500000c8)
	[0]		500014c5
	[1]		50001457
ARR 50001671 (sz=24, trace=300000, nelems=2, elem type=java.lang.String[]@500000c8)
	[0]		500014c8
	[1]		50001459
ARR 50001672 (sz=24, trace=300000, nelems=2, elem type=java.lang.String[]@500000c8)
	[0]		500014ca
	[1]		5000145d
ARR 50001673 (sz=24, trace=300000, nelems=2, elem type=java.lang.String[]@500000c8)
	[0]		500014cc
	[1]		5000145f
ARR 50001674 (sz=32, trace=300000, nelems=3, elem type=java.lang.String[]@500000c8)
	[0]		500014ce
	[1]		50001461
	[2]		500015a6
ARR 50001675 (sz=24, trace=300000, nelems=2, elem type=java.lang.String[]@500000c8)
	[0]		500014d0
	[1]		50001463
ARR 50001676 (sz=24, trace=300000, nelems=1, elem type=java.lang.String[]@500000c8)
	[0]		500015b7
ARR 50001677 (sz=32, trace=300000, nelems=3, elem type=java.lang.String[]@500000c8)
	[0]		500015b9
	[1]		50001536
	[2]		50001493
ARR 50001678 (sz=80, trace=300000, nelems=15, elem type=java.lang.String[]@500000c8)
	[0]		5000163c
	[1]		500014ab
	[2]		5000162f
	[3]		50001638
	[4]		50001633
	[5]		5000162d
	[6]		5000162a
	[7]		500015ad
	[8]		500015d7
	[9]		50001649
	[10]		5000164a
	[11]		50001648
	[12]		50001662
	[13]		50001663
	[14]		50001639
ARR 50001679 (sz=32, trace=300000, nelems=4, elem type=java.lang.String[]@500000c8)
	[0]		500014bc
	[1]		500014af
	[2]		50001569
	[3]		50001632
ARR 5000167a (sz=72, trace=300000, nelems=13, elem type=java.lang.String[]@500000c8)
	[0]		50001571
	[1]		500015c5
	[2]		500014ea
	[3]		50001646
	[4]		50001647
	[5]		50001636
	[6]		5000150e
	[7]		50001546
	[8]		5000155b
	[9]		50001530
	[10]		500015d9
	[11]		500015af
	[12]		5000165f
ARR 5000167b (sz=80, trace=300000, nelems=16, elem type=java.lang.String[]@500000c8)
	[0]		50001573
	[1]		500015c7
	[2]		50001502
	[3]		50001644
	[4]		50001645
	[5]		50001628
	[6]		50001627
	[7]		5000149b
	[8]		50001562
	[9]		50001661
	[10]		5000147c
	[11]		5000152c
	[12]		50001522
	[13]		500015c9
	[14]		500015a2
	[15]		5000148d
ARR 5000167c (sz=64, trace=300000, nelems=12, elem type=java.lang.String[]@500000c8)
	[0]		50001575
	[1]		500015cb
	[2]		500014ec
	[3]		50001642
	[4]		50001643
	[5]		50001635
	[6]		5000154d
	[7]		5000156b
	[8]		50001559
	[9]		500015b1
	[10]		500015db
	[11]		50001660
ARR 5000167d (sz=72, trace=300000, nelems=13, elem type=java.lang.String[]@500000c8)
	[0]		50001577
	[1]		50001491
	[2]		500015ce
	[3]		5000150c
	[4]		50001640
	[5]		50001641
	[6]		50001510
	[7]		5000154a
	[8]		5000156d
	[9]		5000155d
	[10]		500015b3
	[11]		500015dd
	[12]		5000165e
ARR 5000167e (sz=72, trace=300000, nelems=13, elem type=java.lang.String[]@500000c8)
	[0]		50001579
	[1]		500015d0
	[2]		5000151a
	[3]		5000163e
	[4]		5000163f
	[5]		50001634
	[6]		50001512
	[7]		50001553
	[8]		5000156f
	[9]		50001560
	[10]		500015b5
	[11]		500015df
	[12]		5000165d
ARR 5000167f (sz=72, trace=300000, nelems=14, elem type=java.lang.String[]@500000c8)
	[0]		5000151c
	[1]		5000163b
	[2]		50001514
	[3]		50001557
	[4]		5000162c
	[5]		5000159f
	[6]		5000165c
	[7]		500015c1
	[8]		50001629
	[9]		50001637
	[10]		5000163d
	[11]		5000134c
	[12]		500015d4
	[13]		50001631
ARR 50001680 (sz=24, trace=300000, nelems=2, elem type=java.lang.String[]@500000c8)
	[0]		500012ed
	[1]		5000164c
ARR 50001681 (sz=24, trace=300000, nelems=2, elem type=java.lang.String[]@500000c8)
	[0]		500012ff
	[1]		5000164d
ARR 50001682 (sz=24, trace=300000, nelems=2, elem type=java.lang.String[]@500000c8)
	[0]		50001369
	[1]		50001655
ARR 50001683 (sz=24, trace=300000, nelems=2, elem type=java.lang.String[]@500000c8)
	[0]		500012e1
	[1]		50001656
ARR 50001684 (sz=24, trace=300000, nelems=2, elem type=java.lang.String[]@500000c8)
	[0]		5000137d
	[1]		5000164e
ARR 50001685 (sz=24, trace=300000, nelems=1, elem type=java.lang.String[]@500000c8)
	[0]		50001651
ARR 50001686 (sz=32, trace=300000, nelems=3, elem type=java.lang.String[]@500000c8)
	[0]		50001380
	[1]		50001654
	[2]		50001652
ARR 50001687 (sz=32, trace=300000, nelems=4, elem type=java.lang.String[]@500000c8)
	[0]		50001352
	[1]		5000162e
	[2]		50001653
	[3]		50001650
ARR 50001688 (sz=32, trace=300000, nelems=4, elem type=java.lang.String[]@500000c8)
	[0]		5000135d
	[1]		500014ee
	[2]		5000149d
	[3]		5000164f
ARR 50001689 (sz=24, trace=300000, nelems=2, elem type=java.lang.String[]@500000c8)
	[0]		50001626
	[1]		50001658
ARR 5000168a (sz=72, trace=300000, nelems=14, elem type=java.lang.String[]@500000c8)
	[0]		50001596
	[1]		50001624
	[2]		5000163a
	[3]		50001625
	[4]		50001630
	[5]		500014ad
	[6]		5000162b
	[7]		500014a9
	[8]		50001657
	[9]		500014dc
	[10]		50001564
	[11]		50001465
	[12]		50001623
	[13]		50001499
ARR 5000168b (sz=28, trace=300000, nelems=14, elem type=char[])
ARR 5000168c (sz=14, trace=300000, nelems=7, elem type=char[])
ARR 5000168d (sz=12, trace=300000, nelems=6, elem type=char[])
ARR 5000168e (sz=18, trace=300000, nelems=9, elem type=char[])
ARR 5000168f (sz=10, trace=300000, nelems=5, elem type=char[])
ARR 50001690 (sz=32, trace=300000, nelems=16, elem type=char[])
ARR 50001691 (sz=28, trace=300000, nelems=14, elem type=char[])
ARR 50001692 (sz=16, trace=300000, nelems=8, elem type=char[])
ARR 50001693 (sz=10, trace=300000, nelems=5, elem type=char[])
ARR 50001694 (sz=20, trace=300000, nelems=10, elem type=char[])
ARR 50001695 (sz=36, trace=300000, nelems=18, elem type=char[])
ARR 50001696 (sz=20, trace=300000, nelems=10, elem type=char[])
ARR 50001697 (sz=30, trace=300000, nelems=15, elem type=char[])
ARR 50001698 (sz=42, trace=300000, nelems=21, elem type=char[])
ARR 50001699 (sz=20, trace=300000, nelems=10, elem type=char[])
ARR 5000169a (sz=26, trace=300000, nelems=13, elem type=char[])
ARR 5000169b (sz=10, trace=300000, nelems=5, elem type=char[])
ARR 5000169c (sz=20, trace=300000, nelems=10, elem type=char[])
ARR 5000169d (sz=20, trace=300000, nelems=10, elem type=char[])
ARR 5000169e (sz=24, trace=300000, nelems=12, elem type=char[])
ARR 5000169f (sz=24, trace=300000, nelems=12, elem type=char[])
ARR 500016a0 (sz=18, trace=300000, nelems=9, elem type=char[])
ARR 500016a1 (sz=30, trace=300000, nelems=15, elem type=char[])
ARR 500016a2 (sz=18, trace=300000, nelems=9, elem type=char[])
ARR 500016a3 (sz=14, trace=300000, nelems=7, elem type=char[])
ARR 500016a4 (sz=22, trace=300000, nelems=11, elem type=char[])
ARR 500016a5 (sz=12, trace=300000, nelems=6, elem type=char[])
ARR 500016a6 (sz=20, trace=300000, nelems=10, elem type=char[])
ARR 500016a7 (sz=22, trace=300000, nelems=11, elem type=char[])
ARR 500016a8 (sz=18, trace=300000, nelems=9, elem type=char[])
ARR 500016a9 (sz=30, trace=300000, nelems=15, elem type=char[])
ARR 500016aa (sz=20, trace=300000, nelems=10, elem type=char[])
ARR 500016ab (sz=22, trace=300000, nelems=11, elem type=char[])
ARR 500016ac (sz=30, trace=300000, nelems=15, elem type=char[])
ARR 500016ad (sz=20, trace=300000, nelems=10, elem type=char[])
ARR 500016ae (sz=36, trace=300000, nelems=18, elem type=char[])
ARR 500016af (sz=18, trace=300000, nelems=9, elem type=char[])
ARR 500016b0 (sz=30, trace=300000, nelems=15, elem type=char[])
ARR 500016b1 (sz=20, trace=300000, nelems=10, elem type=char[])
ARR 500016b2 (sz=30, trace=300000, nelems=15, elem type=char[])
ARR 500016b3 (sz=16, trace=300000, nelems=8, elem type=char[])
ARR 500016b4 (sz=16, trace=300000, nelems=8, elem type=char[])
ARR 500016b5 (sz=30, trace=300000, nelems=15, elem type=char[])
ARR 500016b6 (sz=20, trace=300000, nelems=10, elem type=char[])
ARR 500016b7 (sz=22, trace=300000, nelems=11, elem type=char[])
ARR 500016b8 (sz=18, trace=300000, nelems=9, elem type=char[])
ARR 500016b9 (sz=30, trace=300000, nelems=15, elem type=char[])
ARR 500016ba (sz=20, trace=300000, nelems=10, elem type=char[])
ARR 500016bb (sz=20, trace=300000, nelems=10, elem type=char[])
ARR 500016bc (sz=30, trace=300000, nelems=15, elem type=char[])
ARR 500016bd (sz=22, trace=300000, nelems=11, elem type=char[])
ARR 500016be (sz=22, trace=300000, nelems=11, elem type=char[])
ARR 500016bf (sz=4, trace=300000, nelems=2, elem type=char[])
ARR 500016c0 (sz=12, trace=300000, nelems=6, elem type=char[])
ARR 500016c1 (sz=12, trace=300000, nelems=6, elem type=char[])
ARR 500016c2 (sz=14, trace=300000, nelems=7, elem type=char[])
ARR 500016c3 (sz=12, trace=300000, nelems=6, elem type=char[])
ARR 500016c4 (sz=20, trace=300000, nelems=10, elem type=char[])
ARR 500016c5 (sz=20, trace=300000, nelems=10, elem type=char[])
ARR 500016c6 (sz=22, trace=300000, nelems=11, elem type=char[])
ARR 500016c7 (sz=22, trace=300000, nelems=11, elem type=char[])
ARR 500016c8 (sz=16, trace=300000, nelems=8, elem type=char[])
ARR 500016c9 (sz=16, trace=300000, nelems=8, elem type=char[])
ARR 500016ca (sz=48, trace=300000, nelems=24, elem type=char[])
ARR 500016cb (sz=16, trace=300000, nelems=8, elem type=char[])
ARR 500016cc (sz=16, trace=300000, nelems=8, elem type=char[])
ARR 500016cd (sz=20, trace=300000, nelems=10, elem type=char[])
ARR 500016ce (sz=24, trace=300000, nelems=1, elem type=java.lang.Object[]@50000109)
	[0]		5000134b
ARR 500016cf (sz=24, trace=300000, nelems=1, elem type=java.lang.Object[]@50000109)
	[0]		5000135c
ARR 500016d0 (sz=32, trace=300000, nelems=3, elem type=java.lang.Object[]@50000109)
	[0]		50001365
	[1]		500012c0
	[2]		500016d1
ARR 500016d1 (sz=24, trace=300000, nelems=1, elem type=java.lang.Object[]@50000109)
	[0]		50001368
OBJ 500016d2 (sz=24, trace=300000, class=java.lang.String@5000016e)
	value		500016d6
ARR 500016d3 (sz=512, trace=300000, nelems=256, elem type=char[])
ARR 500016d4 (sz=3072, trace=300000, nelems=1536, elem type=char[])
ARR 500016d5 (sz=512, trace=300000, nelems=256, elem type=char[])
ARR 500016d6 (sz=512, trace=300000, nelems=256, elem type=char[])
ARR 500016d7 (sz=24, trace=300000, nelems=1, elem type=java.lang.Object[]@50000109)
	[0]		50001373
ARR 500016d8 (sz=32, trace=300000, nelems=3, elem type=java.lang.Object[]@50000109)
	[0]		5000137c
	[2]		500016d9
ARR 500016d9 (sz=24, trace=300000, nelems=1, elem type=java.lang.Object[]@50000109)
	[0]		5000137f
ARR 500016da (sz=38, trace=300000, nelems=19, elem type=char[])
ARR 500016db (sz=26, trace=300000, nelems=13, elem type=char[])
ARR 500016dc (sz=2, trace=300000, nelems=1, elem type=char[])
ARR 500016dd (sz=14, trace=300000, nelems=7, elem type=char[])
ARR 500016de (sz=24, trace=300000, nelems=12, elem type=char[])
ARR 500016df (sz=4, trace=300000, nelems=2, elem type=char[])
ARR 500016e0 (sz=14, trace=300000, nelems=7, elem type=char[])
ARR 500016e1 (sz=10, trace=300000, nelems=5, elem type=char[])
ARR 500016e2 (sz=18, trace=300000, nelems=9, elem type=char[])
ARR 500016e3 (sz=2, trace=300000, nelems=1, elem type=char[])
ARR 500016e4 (sz=16, trace=300000, nelems=8, elem type=char[])
OBJ 500016e5 (sz=24, trace=300000, class=java.lang.String@5000016e)
	value		500017a4
OBJ 500016e6 (sz=24, trace=300000, class=java.lang.String@5000016e)
	value		500017a3
OBJ 500016e7 (sz=24, trace=300000, class=java.lang.String@5000016e)
	value		500017a2
OBJ 500016e8 (sz=48, trace=300000, class=java.util.HashMap@500000c6)
	table		5000075c
OBJ 500016e9 (sz=32, trace=300000, class=java.util.HashMap$Node@500000c4)
	key		50001797
	value		50001796
	next		50000786
OBJ 500016ea (sz=32, trace=300000, class=java.util.HashMap$Node@500000c4)
	key		50001745
	value		50001744
	next		50001743
OBJ 500016eb (sz=32, trace=300000, class=java.util.HashMap$Node@500000c4)
	key		50001739
	value		50001738
OBJ 500016ec (sz=32, trace=300000, class=java.util.HashMap$Node@500000c4)
	key		5000172d
	value		5000172c
OBJ 500016ed (sz=32, trace=300000, class=java.util.HashMap$Node@500000c4)
	key		50001723
	value		50001722
OBJ 500016ee (sz=32, trace=300000, class=java.util.HashMap$Node@500000c4)
	key		5000171b
	value		5000171a
	next		500007ef
OBJ 500016ef (sz=32, trace=300000, class=java.util.HashMap$Node@500000c4)
	key		5000170f
	value		5000170e
	next		50000798
OBJ 500016f0 (sz=32, trace=300000, class=java.util.HashMap$Node@500000c4)
	key		50001708
	value		50001707
OBJ 500016f1 (sz=32, trace=300000, class=java.util.HashMap$Node@500000c4)
	key		500016fd
	value		500016fc
OBJ 500016f2 (sz=32, trace=300000, class=java.util.HashMap$Node@500000c4)
	key		500016f4
	value		500016f3
OBJ 500016f3 (sz=24, trace=300000, class=sun.misc.MetaIndex@50000040)
	contents	500016f7
OBJ 500016f4 (sz=32, trace=300000, class=java.io.File@5000011c)
	path		500016f5
OBJ 500016f5 (sz=24, trace=300000, class=java.lang.String@5000016e)
	value		500016f6
ARR 500016f6 (sz=110, trace=300000, nelems=55, elem type=char[])
ARR 500016f7 (sz=24, trace=300000, nelems=2, elem type=java.lang.String[]@500000c8)
	[0]		500016f8
	[1]		500016f9
OBJ 500016f8 (sz=24, trace=300000, class=java.lang.String@5000016e)
	value		500016fb
OBJ 500016f9 (sz=24, trace=300000, class=java.lang.String@5000016e)
	value		500016fa
ARR 500016fa (sz=16, trace=300000, nelems=8, elem type=char[])
ARR 500016fb (sz=16, trace=300000, nelems=8, elem type=char[])
OBJ 500016fc (sz=24, trace=300000, class=sun.misc.MetaIndex@50000040)
	contents	50001700
OBJ 500016fd (sz=32, trace=300000, class=java.io.File@5000011c)
	path		500016fe
OBJ 500016fe (sz=24, trace=300000, class=java.lang.String@5000016e)
	value		500016ff
ARR 500016ff (sz=124, trace=300000, nelems=62, elem type=char[])
ARR 50001700 (sz=32, trace=300000, nelems=3, elem type=java.lang.String[]@500000c8)
	[0]		50001701
	[1]		50001702
	[2]		50001703
OBJ 50001701 (sz=24, trace=300000, class=java.lang.String@5000016e)
	value		50001706
OBJ 50001702 (sz=24, trace=300000, class=java.lang.String@5000016e)
	value		50001705
OBJ 50001703 (sz=24, trace=300000, class=java.lang.String@5000016e)
	value		50001704
ARR 50001704 (sz=40, trace=300000, nelems=20, elem type=char[])
ARR 50001705 (sz=42, trace=300000, nelems=21, elem type=char[])
ARR 50001706 (sz=30, trace=300000, nelems=15, elem type=char[])
OBJ 50001707 (sz=24, trace=300000, class=sun.misc.MetaIndex@50000040)
	contents	5000170b
OBJ 50001708 (sz=32, trace=300000, class=java.io.File@5000011c)
	path		50001709
OBJ 50001709 (sz=24, trace=300000, class=java.lang.String@5000016e)
	value		5000170a
ARR 5000170a (sz=126, trace=300000, nelems=63, elem type=char[])
ARR 5000170b (sz=24, trace=300000, nelems=1, elem type=java.lang.String[]@500000c8)
	[0]		5000170c
OBJ 5000170c (sz=24, trace=300000, class=java.lang.String@5000016e)
	value		5000170d
ARR 5000170d (sz=54, trace=300000, nelems=27, elem type=char[])
OBJ 5000170e (sz=24, trace=300000, class=sun.misc.MetaIndex@50000040)
	contents	50001712
OBJ 5000170f (sz=32, trace=300000, class=java.io.File@5000011c)
	path		50001710
OBJ 50001710 (sz=24, trace=300000, class=java.lang.String@5000016e)
	value		50001711
ARR 50001711 (sz=104, trace=300000, nelems=52, elem type=char[])
ARR 50001712 (sz=32, trace=300000, nelems=3, elem type=java.lang.String[]@500000c8)
	[0]		50001713
	[1]		50001714
	[2]		50001715
OBJ 50001713 (sz=24, trace=300000, class=java.lang.String@5000016e)
	value		50001718
OBJ 50001714 (sz=24, trace=300000, class=java.lang.String@5000016e)
	value		50001717
OBJ 50001715 (sz=24, trace=300000, class=java.lang.String@5000016e)
	value		50001716
ARR 50001716 (sz=40, trace=300000, nelems=20, elem type=char[])
ARR 50001717 (sz=42, trace=300000, nelems=21, elem type=char[])
ARR 50001718 (sz=24, trace=300000, nelems=12, elem type=char[])
ARR 50001719 (sz=24, trace=300000, nelems=2, elem type=java.lang.String[]@500000c8)
	[0]		50000789
	[1]		5000078b
OBJ 5000171a (sz=24, trace=300000, class=sun.misc.MetaIndex@50000040)
	contents	5000171e
OBJ 5000171b (sz=32, trace=300000, class=java.io.File@5000011c)
	path		5000171c
OBJ 5000171c (sz=24, trace=300000, class=java.lang.String@5000016e)
	value		5000171d
ARR 5000171d (sz=108, trace=300000, nelems=54, elem type=char[])
ARR 5000171e (sz=24, trace=300000, nelems=1, elem type=java.lang.String[]@500000c8)
	[0]		5000171f
OBJ 5000171f (sz=24, trace=300000, class=java.lang.String@5000016e)
	value		50001720
ARR 50001720 (sz=54, trace=300000, nelems=27, elem type=char[])
ARR 50001721 (sz=152, trace=300000, nelems=33, elem type=java.lang.String[]@500000c8)
	[0]		5000079f
	[1]		500007a1
	[2]		500007a3
	[3]		500007a5
	[4]		500007a7
	[5]		500007a9
	[6]		500007ab
	[7]		500007ad
	[8]		500007af
	[9]		500007b1
	[10]		500007b3
	[11]		500007b6
	[12]		500007b8
	[13]		500007ba
	[14]		500007bc
	[15]		500007be
	[16]		500007c1
	[17]		500007c3
	[18]		500007c5
	[19]		500007c7
	[20]		500007c9
	[21]		500007cb
	[22]		500007cd
	[23]		500007d0
	[24]		500007d2
	[25]		500007d4
	[26]		500007d6
	[27]		500007d8
	[28]		500007da
	[29]		500007dc
	[30]		500007de
	[31]		500007e0
	[32]		500007e2
OBJ 50001722 (sz=24, trace=300000, class=sun.misc.MetaIndex@50000040)
	contents	50001726
OBJ 50001723 (sz=32, trace=300000, class=java.io.File@5000011c)
	path		50001724
OBJ 50001724 (sz=24, trace=300000, class=java.lang.String@5000016e)
	value		50001725
ARR 50001725 (sz=114, trace=300000, nelems=57, elem type=char[])
ARR 50001726 (sz=24, trace=300000, nelems=2, elem type=java.lang.String[]@500000c8)
	[0]		50001727
	[1]		50001728
OBJ 50001727 (sz=24, trace=300000, class=java.lang.String@5000016e)
	value		5000172a
OBJ 50001728 (sz=24, trace=300000, class=java.lang.String@5000016e)
	value		50001729
ARR 50001729 (sz=16, trace=300000, nelems=8, elem type=char[])
ARR 5000172a (sz=16, trace=300000, nelems=8, elem type=char[])
ARR 5000172b (sz=32, trace=300000, nelems=4, elem type=java.lang.String[]@500000c8)
	[0]		5000075f
	[1]		50000761
	[2]		50000763
	[3]		50000765
OBJ 5000172c (sz=24, trace=300000, class=sun.misc.MetaIndex@50000040)
	contents	50001730
OBJ 5000172d (sz=32, trace=300000, class=java.io.File@5000011c)
	path		5000172e
OBJ 5000172e (sz=24, trace=300000, class=java.lang.String@5000016e)
	value		5000172f
ARR 5000172f (sz=112, trace=300000, nelems=56, elem type=char[])
ARR 50001730 (sz=32, trace=300000, nelems=3, elem type=java.lang.String[]@500000c8)
	[0]		50001731
	[1]		50001732
	[2]		50001733
OBJ 50001731 (sz=24, trace=300000, class=java.lang.String@5000016e)
	value		50001736
OBJ 50001732 (sz=24, trace=300000, class=java.lang.String@5000016e)
	value		50001735
OBJ 50001733 (sz=24, trace=300000, class=java.lang.String@5000016e)
	value		50001734
ARR 50001734 (sz=40, trace=300000, nelems=20, elem type=char[])
ARR 50001735 (sz=42, trace=300000, nelems=21, elem type=char[])
ARR 50001736 (sz=24, trace=300000, nelems=12, elem type=char[])
ARR 50001737 (sz=24, trace=300000, nelems=2, elem type=java.lang.String[]@500000c8)
	[0]		5000074b
	[1]		5000074e
OBJ 50001738 (sz=24, trace=300000, class=sun.misc.MetaIndex@50000040)
	contents	5000173c
OBJ 50001739 (sz=32, trace=300000, class=java.io.File@5000011c)
	path		5000173a
OBJ 5000173a (sz=24, trace=300000, class=java.lang.String@5000016e)
	value		5000173b
ARR 5000173b (sz=108, trace=300000, nelems=54, elem type=char[])
ARR 5000173c (sz=32, trace=300000, nelems=3, elem type=java.lang.String[]@500000c8)
	[0]		5000173d
	[1]		5000173e
	[2]		5000173f
OBJ 5000173d (sz=24, trace=300000, class=java.lang.String@5000016e)
	value		50001742
OBJ 5000173e (sz=24, trace=300000, class=java.lang.String@5000016e)
	value		50001741
OBJ 5000173f (sz=24, trace=300000, class=java.lang.String@5000016e)
	value		50001740
ARR 50001740 (sz=24, trace=300000, nelems=12, elem type=char[])
ARR 50001741 (sz=100, trace=300000, nelems=50, elem type=char[])
ARR 50001742 (sz=22, trace=300000, nelems=11, elem type=char[])
OBJ 50001743 (sz=32, trace=300000, class=java.util.HashMap$Node@500000c4)
	key		50001751
	value		50001750
	next		5000174f
OBJ 50001744 (sz=24, trace=300000, class=sun.misc.MetaIndex@50000040)
	contents	50001748
OBJ 50001745 (sz=32, trace=300000, class=java.io.File@5000011c)
	path		50001746
OBJ 50001746 (sz=24, trace=300000, class=java.lang.String@5000016e)
	value		50001747
ARR 50001747 (sz=112, trace=300000, nelems=56, elem type=char[])
ARR 50001748 (sz=32, trace=300000, nelems=3, elem type=java.lang.String[]@500000c8)
	[0]		50001749
	[1]		5000174a
	[2]		5000174b
OBJ 50001749 (sz=24, trace=300000, class=java.lang.String@5000016e)
	value		5000174e
OBJ 5000174a (sz=24, trace=300000, class=java.lang.String@5000016e)
	value		5000174d
OBJ 5000174b (sz=24, trace=300000, class=java.lang.String@5000016e)
	value		5000174c
ARR 5000174c (sz=40, trace=300000, nelems=20, elem type=char[])
ARR 5000174d (sz=42, trace=300000, nelems=21, elem type=char[])
ARR 5000174e (sz=24, trace=300000, nelems=12, elem type=char[])
OBJ 5000174f (sz=32, trace=300000, class=java.util.HashMap$Node@500000c4)
	key		5000175a
	value		50001759
OBJ 50001750 (sz=24, trace=300000, class=sun.misc.MetaIndex@50000040)
	contents	50001754
OBJ 50001751 (sz=32, trace=300000, class=java.io.File@5000011c)
	path		50001752
OBJ 50001752 (sz=24, trace=300000, class=java.lang.String@5000016e)
	value		50001753
ARR 50001753 (sz=104, trace=300000, nelems=52, elem type=char[])
ARR 50001754 (sz=24, trace=300000, nelems=2, elem type=java.lang.String[]@500000c8)
	[0]		50001755
	[1]		50001756
OBJ 50001755 (sz=24, trace=300000, class=java.lang.String@5000016e)
	value		50001758
OBJ 50001756 (sz=24, trace=300000, class=java.lang.String@5000016e)
	value		50001757
ARR 50001757 (sz=24, trace=300000, nelems=12, elem type=char[])
ARR 50001758 (sz=108, trace=300000, nelems=54, elem type=char[])
OBJ 50001759 (sz=24, trace=300000, class=sun.misc.MetaIndex@50000040)
	contents	5000175d
OBJ 5000175a (sz=32, trace=300000, class=java.io.File@5000011c)
	path		5000175b
OBJ 5000175b (sz=24, trace=300000, class=java.lang.String@5000016e)
	value		5000175c
ARR 5000175c (sz=104, trace=300000, nelems=52, elem type=char[])
ARR 5000175d (sz=128, trace=300000, nelems=28, elem type=java.lang.String[]@500000c8)
	[0]		5000175e
	[1]		5000175f
	[2]		50001760
	[3]		50001761
	[4]		50001762
	[5]		50001763
	[6]		50001764
	[7]		50001765
	[8]		50001766
	[9]		50001767
	[10]		50001768
	[11]		50001769
	[12]		5000176a
	[13]		5000176b
	[14]		5000176c
	[15]		5000176d
	[16]		5000176e
	[17]		5000176f
	[18]		50001770
	[19]		50001771
	[20]		50001772
	[21]		50001773
	[22]		50001774
	[23]		50001775
	[24]		50001776
	[25]		50001777
	[26]		50001778
	[27]		50001779
OBJ 5000175e (sz=24, trace=300000, class=java.lang.String@5000016e)
	value		50001795
OBJ 5000175f (sz=24, trace=300000, class=java.lang.String@5000016e)
	value		50001794
OBJ 50001760 (sz=24, trace=300000, class=java.lang.String@5000016e)
	value		50001793
OBJ 50001761 (sz=24, trace=300000, class=java.lang.String@5000016e)
	value		50001792
OBJ 50001762 (sz=24, trace=300000, class=java.lang.String@5000016e)
	value		50001791
OBJ 50001763 (sz=24, trace=300000, class=java.lang.String@5000016e)
	value		50001790
OBJ 50001764 (sz=24, trace=300000, class=java.lang.String@5000016e)
	value		5000178f
OBJ 50001765 (sz=24, trace=300000, class=java.lang.String@5000016e)
	value		5000178e
OBJ 50001766 (sz=24, trace=300000, class=java.lang.String@5000016e)
	value		5000178d
OBJ 50001767 (sz=24, trace=300000, class=java.lang.String@5000016e)
	value		5000178c
OBJ 50001768 (sz=24, trace=300000, class=java.lang.String@5000016e)
	value		5000178b
OBJ 50001769 (sz=24, trace=300000, class=java.lang.String@5000016e)
	value		5000178a
OBJ 5000176a (sz=24, trace=300000, class=java.lang.String@5000016e)
	value		50001789
OBJ 5000176b (sz=24, trace=300000, class=java.lang.String@5000016e)
	value		50001788
OBJ 5000176c (sz=24, trace=300000, class=java.lang.String@5000016e)
	value		50001787
OBJ 5000176d (sz=24, trace=300000, class=java.lang.String@5000016e)
	value		50001786
OBJ 5000176e (sz=24, trace=300000, class=java.lang.String@5000016e)
	value		50001785
OBJ 5000176f (sz=24, trace=300000, class=java.lang.String@5000016e)
	value		50001784
OBJ 50001770 (sz=24, trace=300000, class=java.lang.String@5000016e)
	value		50001783
OBJ 50001771 (sz=24, trace=300000, class=java.lang.String@5000016e)
	value		50001782
OBJ 50001772 (sz=24, trace=300000, class=java.lang.String@5000016e)
	value		50001781
OBJ 50001773 (sz=24, trace=300000, class=java.lang.String@5000016e)
	value		50001780
OBJ 50001774 (sz=24, trace=300000, class=java.lang.String@5000016e)
	value		5000177f
OBJ 50001775 (sz=24, trace=300000, class=java.lang.String@5000016e)
	value		5000177e
OBJ 50001776 (sz=24, trace=300000, class=java.lang.String@5000016e)
	value		5000177d
OBJ 50001777 (sz=24, trace=300000, class=java.lang.String@5000016e)
	value		5000177c
OBJ 50001778 (sz=24, trace=300000, class=java.lang.String@5000016e)
	value		5000177b
OBJ 50001779 (sz=24, trace=300000, class=java.lang.String@5000016e)
	value		5000177a
ARR 5000177a (sz=40, trace=300000, nelems=20, elem type=char[])
ARR 5000177b (sz=24, trace=300000, nelems=12, elem type=char[])
ARR 5000177c (sz=26, trace=300000, nelems=13, elem type=char[])
ARR 5000177d (sz=26, trace=300000, nelems=13, elem type=char[])
ARR 5000177e (sz=26, trace=300000, nelems=13, elem type=char[])
ARR 5000177f (sz=32, trace=300000, nelems=16, elem type=char[])
ARR 50001780 (sz=24, trace=300000, nelems=12, elem type=char[])
ARR 50001781 (sz=26, trace=300000, nelems=13, elem type=char[])
ARR 50001782 (sz=38, trace=300000, nelems=19, elem type=char[])
ARR 50001783 (sz=22, trace=300000, nelems=11, elem type=char[])
ARR 50001784 (sz=36, trace=300000, nelems=18, elem type=char[])
ARR 50001785 (sz=38, trace=300000, nelems=19, elem type=char[])
ARR 50001786 (sz=26, trace=300000, nelems=13, elem type=char[])
ARR 50001787 (sz=38, trace=300000, nelems=19, elem type=char[])
ARR 50001788 (sz=34, trace=300000, nelems=17, elem type=char[])
ARR 50001789 (sz=30, trace=300000, nelems=15, elem type=char[])
ARR 5000178a (sz=34, trace=300000, nelems=17, elem type=char[])
ARR 5000178b (sz=28, trace=300000, nelems=14, elem type=char[])
ARR 5000178c (sz=30, trace=300000, nelems=15, elem type=char[])
ARR 5000178d (sz=38, trace=300000, nelems=19, elem type=char[])
ARR 5000178e (sz=54, trace=300000, nelems=27, elem type=char[])
ARR 5000178f (sz=46, trace=300000, nelems=23, elem type=char[])
ARR 50001790 (sz=30, trace=300000, nelems=15, elem type=char[])
ARR 50001791 (sz=40, trace=300000, nelems=20, elem type=char[])
ARR 50001792 (sz=34, trace=300000, nelems=17, elem type=char[])
ARR 50001793 (sz=42, trace=300000, nelems=21, elem type=char[])
ARR 50001794 (sz=66, trace=300000, nelems=33, elem type=char[])
ARR 50001795 (sz=38, trace=300000, nelems=19, elem type=char[])
OBJ 50001796 (sz=24, trace=300000, class=sun.misc.MetaIndex@50000040)
	contents	5000179a
OBJ 50001797 (sz=32, trace=300000, class=java.io.File@5000011c)
	path		50001798
OBJ 50001798 (sz=24, trace=300000, class=java.lang.String@5000016e)
	value		50001799
ARR 50001799 (sz=104, trace=300000, nelems=52, elem type=char[])
ARR 5000179a (sz=24, trace=300000, nelems=2, elem type=java.lang.String[]@500000c8)
	[0]		5000179b
	[1]		5000179c
OBJ 5000179b (sz=24, trace=300000, class=java.lang.String@5000016e)
	value		5000179e
OBJ 5000179c (sz=24, trace=300000, class=java.lang.String@5000016e)
	value		5000179d
ARR 5000179d (sz=14, trace=300000, nelems=7, elem type=char[])
ARR 5000179e (sz=126, trace=300000, nelems=63, elem type=char[])
ARR 5000179f (sz=32, trace=300000, nelems=3, elem type=java.lang.String[]@500000c8)
	[0]		50000775
	[1]		50000777
	[2]		50000779
ARR 500017a0 (sz=168, trace=300000, nelems=37, elem type=java.lang.String[]@500000c8)
	[0]		500007f2
	[1]		500007f4
	[2]		500007f6
	[3]		500007f8
	[4]		500007fa
	[5]		500007fc
	[6]		500007fe
	[7]		50000800
	[8]		50000802
	[9]		50000804
	[10]		50000806
	[11]		50000808
	[12]		5000080a
	[13]		5000080c
	[14]		5000080e
	[15]		50000810
	[16]		50000812
	[17]		50000814
	[18]		50000816
	[19]		50000818
	[20]		5000081a
	[21]		5000081c
	[22]		5000081e
	[23]		50000820
	[24]		50000822
	[25]		50000824
	[26]		50000826
	[27]		50000828
	[28]		5000082a
	[29]		5000082c
	[30]		5000082e
	[31]		50000830
	[32]		50000832
	[33]		50000834
	[34]		50000837
	[35]		50000839
	[36]		5000083b
ARR 500017a1 (sz=26, trace=300000, nelems=13, elem type=char[])
ARR 500017a2 (sz=20, trace=300000, nelems=10, elem type=char[])
ARR 500017a3 (sz=12, trace=300000, nelems=6, elem type=char[])
ARR 500017a4 (sz=22, trace=300000, nelems=11, elem type=char[])
ARR 500017a5 (sz=6, trace=300000, nelems=3, elem type=char[])
ARR 500017a6 (sz=4, trace=300000, nelems=2, elem type=char[])
OBJ 500017a7 (sz=24, trace=300000, class=java.lang.String@5000016e)
	value		500017a8
ARR 500017a8 (sz=4, trace=300000, nelems=2, elem type=char[])
ARR 500017a9 (sz=80, trace=300000, nelems=40, elem type=char[])
ARR 500017aa (sz=76, trace=300000, nelems=38, elem type=char[])
ARR 500017ab (sz=54, trace=300000, nelems=27, elem type=char[])
ARR 500017ac (sz=62, trace=300000, nelems=31, elem type=char[])
ARR 500017ad (sz=98, trace=300000, nelems=49, elem type=char[])
ARR 500017ae (sz=24, trace=300000, nelems=12, elem type=char[])
OBJ 500017af (sz=16, trace=300000, class=java.lang.Object@50000172)
OBJ 500017b0 (sz=24, trace=300000, class=java.lang.String@5000016e)
	value		500017b1
ARR 500017b1 (sz=6, trace=300000, nelems=3, elem type=char[])
ARR 500017b2 (sz=56, trace=300000, nelems=28, elem type=char[])
ARR 500017b3 (sz=12, trace=300000, nelems=6, elem type=char[])
OBJ 500017b4 (sz=16, trace=300000, class=java.util.HashSet@50000005)
	map		500017b5
OBJ 500017b5 (sz=48, trace=300000, class=java.util.HashMap@500000c6)
OBJ 500017b6 (sz=16, trace=300000, class=java.lang.Object@50000172)
ARR 500017b7 (sz=56, trace=300000, nelems=0, elem type=java.lang.Object[]@50000109)
OBJ 500017b8 (sz=16, trace=300000, class=sun.net.www.protocol.jar.Handler@50000003)
OBJ 500017b9 (sz=48, trace=300000, class=java.util.HashMap@500000c6)
	table		5000049c
OBJ 500017ba (sz=24, trace=300000, class=java.util.ArrayList@500000de)
	elementData	5000062d
OBJ 500017bb (sz=32, trace=300000, class=java.util.Stack@500000e3)
	elementData	500017e2
OBJ 500017bc (sz=24, trace=300000, class=java.util.ArrayList@500000de)
	elementData	500017bd
ARR 500017bd (sz=80, trace=300000, nelems=12, elem type=java.lang.Object[]@50000109)
	[0]		500017be
	[1]		500017bf
	[2]		500017c0
	[3]		500017c1
	[4]		500017c2
	[5]		500017c3
	[6]		500017c4
	[7]		500017c5
	[8]		500017c6
	[9]		500017c7
	[10]		500017c8
	[11]		500017c9
OBJ 500017be (sz=64, trace=300000, class=java.net.URL@5000011a)
	protocol	50001041
	host		50000d5d
	file		500017e0
	authority	50000d5d
	path		500017e0
	handler		50001052
OBJ 500017bf (sz=64, trace=300000, class=java.net.URL@5000011a)
	protocol	50001041
	host		50000d5d
	file		500017de
	authority	50000d5d
	path		500017de
	handler		50001052
OBJ 500017c0 (sz=64, trace=300000, class=java.net.URL@5000011a)
	protocol	50001041
	host		50000d5d
	file		500017dc
	authority	50000d5d
	path		500017dc
	handler		50001052
OBJ 500017c1 (sz=64, trace=300000, class=java.net.URL@5000011a)
	protocol	50001041
	host		50000d5d
	file		500017da
	authority	50000d5d
	path		500017da
	handler		50001052
OBJ 500017c2 (sz=64, trace=300000, class=java.net.URL@5000011a)
	protocol	50001041
	host		50000d5d
	file		500017d8
	authority	50000d5d
	path		500017d8
	handler		50001052
OBJ 500017c3 (sz=64, trace=300000, class=java.net.URL@5000011a)
	protocol	50001041
	host		50000d5d
	file		500017d6
	authority	50000d5d
	path		500017d6
	handler		50001052
OBJ 500017c4 (sz=64, trace=300000, class=java.net.URL@5000011a)
	protocol	50001041
	host		50000d5d
	file		500017d4
	authority	50000d5d
	path		500017d4
	handler		50001052
OBJ 500017c5 (sz=64, trace=300000, class=java.net.URL@5000011a)
	protocol	50001041
	host		50000d5d
	file		500017d2
	authority	50000d5d
	path		500017d2
	handler		50001052
OBJ 500017c6 (sz=64, trace=300000, class=java.net.URL@5000011a)
	protocol	50001041
	host		50000d5d
	file		500017d0
	authority	50000d5d
	path		500017d0
	handler		50001052
OBJ 500017c7 (sz=64, trace=300000, class=java.net.URL@5000011a)
	protocol	50001041
	host		50000d5d
	file		500017ce
	authority	50000d5d
	path		500017ce
	handler		50001052
OBJ 500017c8 (sz=64, trace=300000, class=java.net.URL@5000011a)
	protocol	50001041
	host		50000d5d
	file		500017cc
	authority	50000d5d
	path		500017cc
	handler		50001052
OBJ 500017c9 (sz=64, trace=300000, class=java.net.URL@5000011a)
	protocol	50001041
	host		50000d5d
	file		500017ca
	authority	50000d5d
	path		500017ca
	handler		50001052
OBJ 500017ca (sz=24, trace=300000, class=java.lang.String@5000016e)
	value		500017cb
ARR 500017cb (sz=110, trace=300000, nelems=55, elem type=char[])
OBJ 500017cc (sz=24, trace=300000, class=java.lang.String@5000016e)
	value		500017cd
ARR 500017cd (sz=118, trace=300000, nelems=59, elem type=char[])
OBJ 500017ce (sz=24, trace=300000, class=java.lang.String@5000016e)
	value		500017cf
ARR 500017cf (sz=118, trace=300000, nelems=59, elem type=char[])
OBJ 500017d0 (sz=24, trace=300000, class=java.lang.String@5000016e)
	value		500017d1
ARR 500017d1 (sz=130, trace=300000, nelems=65, elem type=char[])
OBJ 500017d2 (sz=24, trace=300000, class=java.lang.String@5000016e)
	value		500017d3
ARR 500017d3 (sz=110, trace=300000, nelems=55, elem type=char[])
OBJ 500017d4 (sz=24, trace=300000, class=java.lang.String@5000016e)
	value		500017d5
ARR 500017d5 (sz=114, trace=300000, nelems=57, elem type=char[])
OBJ 500017d6 (sz=24, trace=300000, class=java.lang.String@5000016e)
	value		500017d7
ARR 500017d7 (sz=120, trace=300000, nelems=60, elem type=char[])
OBJ 500017d8 (sz=24, trace=300000, class=java.lang.String@5000016e)
	value		500017d9
ARR 500017d9 (sz=110, trace=300000, nelems=55, elem type=char[])
OBJ 500017da (sz=24, trace=300000, class=java.lang.String@5000016e)
	value		500017db
ARR 500017db (sz=114, trace=300000, nelems=57, elem type=char[])
OBJ 500017dc (sz=24, trace=300000, class=java.lang.String@5000016e)
	value		500017dd
ARR 500017dd (sz=110, trace=300000, nelems=55, elem type=char[])
OBJ 500017de (sz=24, trace=300000, class=java.lang.String@5000016e)
	value		500017df
ARR 500017df (sz=116, trace=300000, nelems=58, elem type=char[])
OBJ 500017e0 (sz=24, trace=300000, class=java.lang.String@5000016e)
	value		500017e1
ARR 500017e1 (sz=132, trace=300000, nelems=66, elem type=char[])
ARR 500017e2 (sz=96, trace=300000, nelems=0, elem type=java.lang.Object[]@50000109)
OBJ 500017e3 (sz=32, trace=300000, class=java.lang.ref.ReferenceQueue@500000d3)
	lock		500017e5
ARR 500017e4 (sz=80, trace=300000, nelems=0, elem type=java.util.WeakHashMap$Entry[]@50000048)
OBJ 500017e5 (sz=16, trace=300000, class=java.lang.ref.ReferenceQueue$Lock@500000d1)
OBJ 500017e6 (sz=24, trace=300000, class=java.lang.String@5000016e)
	value		500017ef
OBJ 500017e7 (sz=24, trace=300000, class=java.lang.String@5000016e)
	value		500017ee
OBJ 500017e8 (sz=24, trace=300000, class=java.lang.String@5000016e)
	value		500017ed
OBJ 500017e9 (sz=16, trace=300000, class=sun.misc.Launcher@50000118)
	loader		50000c75
OBJ 500017ea (sz=16, trace=300000, class=sun.misc.Launcher$Factory@5000004e)
OBJ 500017eb (sz=24, trace=300000, class=java.lang.String@5000016e)
	value		500017ec
ARR 500017ec (sz=30, trace=300000, nelems=15, elem type=char[])
ARR 500017ed (sz=38, trace=300000, nelems=19, elem type=char[])
ARR 500017ee (sz=42, trace=300000, nelems=21, elem type=char[])
ARR 500017ef (sz=26, trace=300000, nelems=13, elem type=char[])
ARR 500017f0 (sz=56, trace=300000, nelems=0, elem type=java.lang.Object[]@50000109)
OBJ 500017f1 (sz=16, trace=300000, class=java.security.ProtectionDomain$Key@50000008)
ARR 500017f2 (sz=16, trace=300000, nelems=0, elem type=java.security.Principal[]@50000006)
OBJ 500017f3 (sz=32, trace=300000, class=java.security.CodeSource@50000115)
OBJ 500017f4 (sz=16, trace=300000, class=java.util.HashSet@50000005)
	map		500017f5
OBJ 500017f5 (sz=48, trace=300000, class=java.util.HashMap@500000c6)
ARR 500017f6 (sz=56, trace=300000, nelems=0, elem type=java.lang.Object[]@50000109)
OBJ 500017f7 (sz=16, trace=300000, class=sun.net.www.protocol.jar.Handler@50000003)
OBJ 500017f8 (sz=48, trace=300000, class=java.util.HashMap@500000c6)
	table		50000681
OBJ 500017f9 (sz=24, trace=300000, class=java.util.ArrayList@500000de)
	elementData	50000680
OBJ 500017fa (sz=32, trace=300000, class=java.util.Stack@500000e3)
	elementData	50001803
OBJ 500017fb (sz=24, trace=300000, class=java.util.ArrayList@500000de)
	elementData	500017fc
ARR 500017fc (sz=56, trace=300000, nelems=2, elem type=java.lang.Object[]@50000109)
	[0]		500017fd
	[1]		500017fe
OBJ 500017fd (sz=64, trace=300000, class=java.net.URL@5000011a)
	protocol	50001041
	host		50000d5d
	file		50001801
	authority	50000d5d
	path		50001801
	handler		50001052
OBJ 500017fe (sz=64, trace=300000, class=java.net.URL@5000011a)
	protocol	50001041
	host		50000d5d
	file		500017ff
	authority	50000d5d
	path		500017ff
	handler		50001052
OBJ 500017ff (sz=24, trace=300000, class=java.lang.String@5000016e)
	value		50001800
ARR 50001800 (sz=126, trace=300000, nelems=63, elem type=char[])
OBJ 50001801 (sz=24, trace=300000, class=java.lang.String@5000016e)
	value		50001802
ARR 50001802 (sz=132, trace=300000, nelems=66, elem type=char[])
ARR 50001803 (sz=56, trace=300000, nelems=0, elem type=java.lang.Object[]@50000109)
OBJ 50001804 (sz=32, trace=300000, class=java.lang.ref.ReferenceQueue@500000d3)
	lock		50001806
ARR 50001805 (sz=80, trace=300000, nelems=0, elem type=java.util.WeakHashMap$Entry[]@50000048)
OBJ 50001806 (sz=16, trace=300000, class=java.lang.ref.ReferenceQueue$Lock@500000d1)
ARR 50001807 (sz=56, trace=300000, nelems=1, elem type=java.lang.Object[]@50000109)
	[0]		50001092
ARR 50001808 (sz=56, trace=300000, nelems=1, elem type=java.lang.Object[]@50000109)
	[0]		50001809
OBJ 50001809 (sz=40, trace=300000, class=java.lang.ClassLoader$NativeLibrary@5000005f)
	fromClass	50000167
	name		50001092
ARR 5000180a (sz=56, trace=300000, nelems=0, elem type=java.lang.Object[]@50000109)
OBJ 5000180b (sz=24, trace=300000, class=java.lang.String@5000016e)
	value		50001854
OBJ 5000180c (sz=24, trace=300000, class=java.lang.String@5000016e)
	value		50001853
OBJ 5000180d (sz=24, trace=300000, class=java.lang.String@5000016e)
	value		50001852
OBJ 5000180e (sz=24, trace=300000, class=java.lang.String@5000016e)
	value		50001851
OBJ 5000180f (sz=24, trace=300000, class=java.lang.String@5000016e)
	value		50001850
OBJ 50001810 (sz=24, trace=300000, class=java.lang.String@5000016e)
	value		5000184f
OBJ 50001811 (sz=24, trace=300000, class=java.lang.String@5000016e)
	value		5000184e
OBJ 50001812 (sz=24, trace=300000, class=java.lang.String@5000016e)
	value		5000184d
OBJ 50001813 (sz=24, trace=300000, class=java.lang.String@5000016e)
	value		5000184c
OBJ 50001814 (sz=24, trace=300000, class=java.lang.String@5000016e)
	value		5000184b
OBJ 50001815 (sz=24, trace=300000, class=java.lang.String@5000016e)
	value		5000184a
OBJ 50001816 (sz=24, trace=300000, class=java.lang.String@5000016e)
	value		50001849
OBJ 50001817 (sz=24, trace=300000, class=java.lang.String@5000016e)
	value		50001848
OBJ 50001818 (sz=24, trace=300000, class=java.lang.String@5000016e)
	value		50001847
OBJ 50001819 (sz=24, trace=300000, class=java.lang.String@5000016e)
	value		50001846
OBJ 5000181a (sz=24, trace=300000, class=java.lang.String@5000016e)
	value		50001845
OBJ 5000181b (sz=24, trace=300000, class=java.lang.String@5000016e)
	value		50001844
OBJ 5000181c (sz=24, trace=300000, class=java.lang.String@5000016e)
	value		50001843
OBJ 5000181d (sz=24, trace=300000, class=java.lang.String@5000016e)
	value		50001842
OBJ 5000181e (sz=24, trace=300000, class=java.lang.String@5000016e)
	value		50001841
OBJ 5000181f (sz=24, trace=300000, class=java.lang.String@5000016e)
	value		50001840
OBJ 50001820 (sz=24, trace=300000, class=java.lang.String@5000016e)
	value		5000183f
OBJ 50001821 (sz=24, trace=300000, class=java.lang.String@5000016e)
	value		5000183e
OBJ 50001822 (sz=24, trace=300000, class=java.lang.String@5000016e)
	value		5000183d
OBJ 50001823 (sz=24, trace=300000, class=java.lang.String@5000016e)
	value		5000183c
OBJ 50001824 (sz=24, trace=300000, class=java.lang.String@5000016e)
	value		5000183b
OBJ 50001825 (sz=24, trace=300000, class=java.lang.String@5000016e)
	value		5000183a
OBJ 50001826 (sz=24, trace=300000, class=java.lang.String@5000016e)
	value		50001839
OBJ 50001827 (sz=24, trace=300000, class=java.lang.String@5000016e)
	value		50001838
OBJ 50001828 (sz=24, trace=300000, class=java.lang.String@5000016e)
	value		50001837
OBJ 50001829 (sz=24, trace=300000, class=java.lang.String@5000016e)
	value		50001836
OBJ 5000182a (sz=24, trace=300000, class=java.lang.String@5000016e)
	value		50001835
OBJ 5000182b (sz=24, trace=300000, class=java.lang.String@5000016e)
	value		50001834
OBJ 5000182c (sz=24, trace=300000, class=java.lang.String@5000016e)
	value		50001833
OBJ 5000182d (sz=24, trace=300000, class=java.lang.String@5000016e)
	value		50001832
OBJ 5000182e (sz=24, trace=300000, class=java.lang.String@5000016e)
	value		50001831
OBJ 5000182f (sz=24, trace=300000, class=java.lang.String@5000016e)
	value		50001830
ARR 50001830 (sz=2, trace=300000, nelems=1, elem type=char[])
ARR 50001831 (sz=76, trace=300000, nelems=38, elem type=char[])
ARR 50001832 (sz=80, trace=300000, nelems=40, elem type=char[])
ARR 50001833 (sz=102, trace=300000, nelems=51, elem type=char[])
ARR 50001834 (sz=76, trace=300000, nelems=38, elem type=char[])
ARR 50001835 (sz=108, trace=300000, nelems=54, elem type=char[])
ARR 50001836 (sz=84, trace=300000, nelems=42, elem type=char[])
ARR 50001837 (sz=84, trace=300000, nelems=42, elem type=char[])
ARR 50001838 (sz=48, trace=300000, nelems=24, elem type=char[])
ARR 50001839 (sz=20, trace=300000, nelems=10, elem type=char[])
ARR 5000183a (sz=38, trace=300000, nelems=19, elem type=char[])
ARR 5000183b (sz=48, trace=300000, nelems=24, elem type=char[])
ARR 5000183c (sz=80, trace=300000, nelems=40, elem type=char[])
ARR 5000183d (sz=68, trace=300000, nelems=34, elem type=char[])
ARR 5000183e (sz=128, trace=300000, nelems=64, elem type=char[])
ARR 5000183f (sz=140, trace=300000, nelems=70, elem type=char[])
ARR 50001840 (sz=128, trace=300000, nelems=64, elem type=char[])
ARR 50001841 (sz=140, trace=300000, nelems=70, elem type=char[])
ARR 50001842 (sz=84, trace=300000, nelems=42, elem type=char[])
ARR 50001843 (sz=48, trace=300000, nelems=24, elem type=char[])
ARR 50001844 (sz=20, trace=300000, nelems=10, elem type=char[])
ARR 50001845 (sz=38, trace=300000, nelems=19, elem type=char[])
ARR 50001846 (sz=68, trace=300000, nelems=34, elem type=char[])
ARR 50001847 (sz=80, trace=300000, nelems=40, elem type=char[])
ARR 50001848 (sz=70, trace=300000, nelems=35, elem type=char[])
ARR 50001849 (sz=38, trace=300000, nelems=19, elem type=char[])
ARR 5000184a (sz=56, trace=300000, nelems=28, elem type=char[])
ARR 5000184b (sz=64, trace=300000, nelems=32, elem type=char[])
ARR 5000184c (sz=56, trace=300000, nelems=28, elem type=char[])
ARR 5000184d (sz=56, trace=300000, nelems=28, elem type=char[])
ARR 5000184e (sz=68, trace=300000, nelems=34, elem type=char[])
ARR 5000184f (sz=64, trace=300000, nelems=32, elem type=char[])
ARR 50001850 (sz=38, trace=300000, nelems=19, elem type=char[])
ARR 50001851 (sz=20, trace=300000, nelems=10, elem type=char[])
ARR 50001852 (sz=38, trace=300000, nelems=19, elem type=char[])
ARR 50001853 (sz=46, trace=300000, nelems=23, elem type=char[])
ARR 50001854 (sz=70, trace=300000, nelems=35, elem type=char[])
OBJ 50001855 (sz=24, trace=300000, class=java.lang.String@5000016e)
	value		50001856
ARR 50001856 (sz=48, trace=300000, nelems=24, elem type=char[])
OBJ 50001857 (sz=24, trace=300000, class=java.util.Collections$SetFromMap@50000047)
	m		50001859
	s		50001858
OBJ 50001858 (sz=16, trace=300000, class=java.util.WeakHashMap$KeySet@50000046)
	this$0		50001859
OBJ 50001859 (sz=48, trace=300000, class=java.util.WeakHashMap@5000009b)
	keySet		50001858
	table		5000185b
	queue		5000185a
OBJ 5000185a (sz=32, trace=300000, class=java.lang.ref.ReferenceQueue@500000d3)
	lock		50001860
ARR 5000185b (sz=80, trace=300000, nelems=14, elem type=java.util.WeakHashMap$Entry[]@50000048)
	[4]		5000185c
	[6]		5000185d
	[13]		5000185e
OBJ 5000185c (sz=40, trace=300000, class=java.util.WeakHashMap$Entry@5000004b)
	referent	5000011b
	queue		5000185a
	value		50000ec8
OBJ 5000185d (sz=40, trace=300000, class=java.util.WeakHashMap$Entry@5000004b)
	referent	5000015e
	queue		5000185a
	value		50000ec8
	next		50001861
OBJ 5000185e (sz=40, trace=300000, class=java.util.WeakHashMap$Entry@5000004b)
	referent	50000117
	queue		5000185a
	value		50000ec8
	next		5000185f
OBJ 5000185f (sz=40, trace=300000, class=java.util.WeakHashMap$Entry@5000004b)
	referent	50000116
	queue		5000185a
	value		50000ec8
OBJ 50001860 (sz=16, trace=300000, class=java.lang.ref.ReferenceQueue$Lock@500000d1)
OBJ 50001861 (sz=40, trace=300000, class=java.util.WeakHashMap$Entry@5000004b)
	referent	50000168
	queue		5000185a
	value		50000ec8
ARR 50001862 (sz=42, trace=300000, nelems=21, elem type=char[])
ARR 50001863 (sz=34, trace=300000, nelems=17, elem type=char[])
ARR 50001864 (sz=58, trace=300000, nelems=29, elem type=char[])
ARR 50001865 (sz=54, trace=300000, nelems=27, elem type=char[])
ARR 50001866 (sz=74, trace=300000, nelems=37, elem type=char[])
ARR 50001867 (sz=44, trace=300000, nelems=22, elem type=char[])
ARR 50001868 (sz=4, trace=300000, nelems=2, elem type=char[])
ARR 50001869 (sz=18, trace=300000, nelems=9, elem type=char[])
OBJ 5000186a (sz=24, trace=300000, class=java.lang.String@5000016e)
	value		5000186f
OBJ 5000186b (sz=24, trace=300000, class=java.lang.String@5000016e)
	value		5000186e
OBJ 5000186c (sz=24, trace=300000, class=java.lang.String@5000016e)
	value		5000186d
ARR 5000186d (sz=28, trace=300000, nelems=14, elem type=char[])
ARR 5000186e (sz=28, trace=300000, nelems=14, elem type=char[])
ARR 5000186f (sz=28, trace=300000, nelems=14, elem type=char[])
OBJ 50001870 (sz=24, trace=300000, class=java.lang.String@5000016e)
	value		50001871
ARR 50001871 (sz=40, trace=300000, nelems=20, elem type=char[])
ARR 50001872 (sz=10, trace=300000, nelems=5, elem type=char[])
ARR 50001873 (sz=4, trace=300000, nelems=2, elem type=char[])
ARR 50001874 (sz=8, trace=300000, nelems=4, elem type=char[])
ARR 50001875 (sz=4, trace=300000, nelems=2, elem type=char[])
ARR 50001876 (sz=10, trace=300000, nelems=5, elem type=char[])
ARR 50001877 (sz=22, trace=300000, nelems=11, elem type=char[])
ARR 50001878 (sz=14, trace=300000, nelems=7, elem type=char[])
ARR 50001879 (sz=4, trace=300000, nelems=2, elem type=char[])
ARR 5000187a (sz=24, trace=300000, nelems=12, elem type=char[])
ARR 5000187b (sz=24, trace=300000, nelems=12, elem type=char[])
OBJ 5000187c (sz=32, trace=300000, class=java.io.FileOutputStream@500000ad)
	fd		50000d6b
	closeLock	5000187d
OBJ 5000187d (sz=16, trace=300000, class=java.lang.Object@50000172)
OBJ 5000187e (sz=24, trace=300000, class=java.lang.String@5000016e)
	value		50001882
OBJ 5000187f (sz=32, trace=300000, class=java.util.concurrent.atomic.AtomicReferenceFieldUpdater$AtomicReferenceFieldUpdaterImpl@500000a9)
	cclass		500000ab
	tclass		500000ab
	vclass		50000176
OBJ 50001880 (sz=24, trace=300000, class=java.lang.String@5000016e)
	value		50001881
ARR 50001881 (sz=26, trace=300000, nelems=13, elem type=char[])
ARR 50001882 (sz=6, trace=300000, nelems=3, elem type=char[])
OBJ 50001883 (sz=24, trace=300000, class=java.io.OutputStreamWriter@50000090)
	lock		50000d65
	se		50001888
OBJ 50001884 (sz=40, trace=300000, class=java.io.BufferedWriter@5000006f)
	lock		50001883
	out		50001883
	cb		50001887
	lineSeparator	50000d62
OBJ 50001885 (sz=24, trace=300000, class=java.io.BufferedOutputStream@50000092)
	out		50000d6d
	buf		50001886
ARR 50001886 (sz=128, trace=300000, nelems=128, elem type=byte[])
ARR 50001887 (sz=16384, trace=300000, nelems=8192, elem type=char[])
OBJ 50001888 (sz=48, trace=300000, class=sun.nio.cs.StreamEncoder@5000008f)
	lock		50001883
	cs		500012c0
	encoder		5000188a
	bb		50001889
	out		50000d65
OBJ 50001889 (sz=48, trace=300000, class=java.nio.HeapByteBuffer@50000075)
	hb		5000188c
OBJ 5000188a (sz=64, trace=300000, class=sun.nio.cs.SingleByte$Encoder@50000078)
	charset		500012c0
	replacement	5000188b
	malformedInputAction	500012ac
	unmappableCharacterAction	500012ac
	c2b		500016d4
	c2bIndex	500016d3
ARR 5000188b (sz=1, trace=300000, nelems=1, elem type=byte[])
ARR 5000188c (sz=8192, trace=300000, nelems=8192, elem type=byte[])
ARR 5000188d (sz=28, trace=300000, nelems=14, elem type=char[])
OBJ 5000188e (sz=24, trace=300000, class=java.lang.String@5000016e)
	value		5000188f
ARR 5000188f (sz=36, trace=300000, nelems=18, elem type=char[])
OBJ 50001890 (sz=24, trace=300000, class=java.io.OutputStreamWriter@50000090)
	lock		50000d64
	se		50001895
OBJ 50001891 (sz=40, trace=300000, class=java.io.BufferedWriter@5000006f)
	lock		50001890
	out		50001890
	cb		50001894
	lineSeparator	50000d62
OBJ 50001892 (sz=24, trace=300000, class=java.io.BufferedOutputStream@50000092)
	out		5000187c
	buf		50001893
ARR 50001893 (sz=128, trace=300000, nelems=128, elem type=byte[])
ARR 50001894 (sz=16384, trace=300000, nelems=8192, elem type=char[])
OBJ 50001895 (sz=48, trace=300000, class=sun.nio.cs.StreamEncoder@5000008f)
	lock		50001890
	cs		500012c0
	encoder		50001897
	bb		50001896
	out		50000d64
OBJ 50001896 (sz=48, trace=300000, class=java.nio.HeapByteBuffer@50000075)
	hb		50001899
OBJ 50001897 (sz=64, trace=300000, class=sun.nio.cs.SingleByte$Encoder@50000078)
	charset		500012c0
	replacement	50001898
	malformedInputAction	500012ac
	unmappableCharacterAction	500012ac
	c2b		500016d4
	c2bIndex	500016d3
ARR 50001898 (sz=1, trace=300000, nelems=1, elem type=byte[])
ARR 50001899 (sz=8192, trace=300000, nelems=8192, elem type=byte[])
OBJ 5000189a (sz=24, trace=300000, class=java.util.Collections$SynchronizedSet@500000ba)
	c		500018de
	mutex		50000d63
ARR 5000189b (sz=400, trace=300000, nelems=92, elem type=java.util.Hashtable$Entry[]@500000bf)
	[0]		5000189c
	[2]		5000189d
	[9]		5000189e
	[11]		5000189f
	[13]		500018a0
	[16]		500018a1
	[17]		500018a2
	[18]		500018a3
	[19]		500018a4
	[21]		500018a5
	[22]		500018a6
	[23]		500018a7
	[24]		500018a8
	[26]		500018a9
	[27]		500018aa
	[33]		500018ab
	[38]		500018ac
	[39]		500018ad
	[40]		500018ae
	[41]		500018af
	[44]		500018b0
	[47]		500018b1
	[49]		500018b2
	[54]		500018b3
	[57]		500018b4
	[63]		500018b5
	[64]		500018b6
	[65]		500018b7
	[67]		500018b8
	[70]		500018b9
	[72]		500018ba
	[74]		500018bb
	[76]		500018bc
	[79]		500018bd
	[80]		500018be
	[81]		500018bf
	[82]		500018c0
	[86]		500018c1
	[88]		500018c2
	[91]		500018c3
OBJ 5000189c (sz=32, trace=300000, class=java.util.Hashtable$Entry@500000c0)
	key		50000ebf
	value		50000ebe
OBJ 5000189d (sz=32, trace=300000, class=java.util.Hashtable$Entry@500000c0)
	key		50000ebb
	value		50000eba
OBJ 5000189e (sz=32, trace=300000, class=java.util.Hashtable$Entry@500000c0)
	key		50000eb7
	value		50000eb6
	next		500018dd
OBJ 5000189f (sz=32, trace=300000, class=java.util.Hashtable$Entry@500000c0)
	key		50000eaa
	value		50000ea9
OBJ 500018a0 (sz=32, trace=300000, class=java.util.Hashtable$Entry@500000c0)
	key		50000ea6
	value		50000ea5
OBJ 500018a1 (sz=32, trace=300000, class=java.util.Hashtable$Entry@500000c0)
	key		50000ea2
	value		50000ea1
OBJ 500018a2 (sz=32, trace=300000, class=java.util.Hashtable$Entry@500000c0)
	key		50000e9e
	value		50000e9d
OBJ 500018a3 (sz=32, trace=300000, class=java.util.Hashtable$Entry@500000c0)
	key		50000e9a
	value		50000e99
OBJ 500018a4 (sz=32, trace=300000, class=java.util.Hashtable$Entry@500000c0)
	key		50000e96
	value		50001038
OBJ 500018a5 (sz=32, trace=300000, class=java.util.Hashtable$Entry@500000c0)
	key		50000e8e
	value		500018db
OBJ 500018a6 (sz=32, trace=300000, class=java.util.Hashtable$Entry@500000c0)
	key		50000e89
	value		50000e88
OBJ 500018a7 (sz=32, trace=300000, class=java.util.Hashtable$Entry@500000c0)
	key		50000e85
	value		50000e84
OBJ 500018a8 (sz=32, trace=300000, class=java.util.Hashtable$Entry@500000c0)
	key		50000e81
	value		50000e80
	next		500018da
OBJ 500018a9 (sz=32, trace=300000, class=java.util.Hashtable$Entry@500000c0)
	key		50000e78
	value		50000e77
	next		500018d8
OBJ 500018aa (sz=32, trace=300000, class=java.util.Hashtable$Entry@500000c0)
	key		50000e6a
	value		50000e69
OBJ 500018ab (sz=32, trace=300000, class=java.util.Hashtable$Entry@500000c0)
	key		50000e66
	value		50000e65
	next		500018d7
OBJ 500018ac (sz=32, trace=300000, class=java.util.Hashtable$Entry@500000c0)
	key		50000e59
	value		50000e58
	next		500018d6
OBJ 500018ad (sz=32, trace=300000, class=java.util.Hashtable$Entry@500000c0)
	key		50000e54
	value		50000e53
OBJ 500018ae (sz=32, trace=300000, class=java.util.Hashtable$Entry@500000c0)
	key		50000e50
	value		50000e4f
OBJ 500018af (sz=32, trace=300000, class=java.util.Hashtable$Entry@500000c0)
	key		50000e4c
	value		50000e4b
OBJ 500018b0 (sz=32, trace=300000, class=java.util.Hashtable$Entry@500000c0)
	key		50000e48
	value		50000e47
OBJ 500018b1 (sz=32, trace=300000, class=java.util.Hashtable$Entry@500000c0)
	key		50000e44
	value		50000e43
OBJ 500018b2 (sz=32, trace=300000, class=java.util.Hashtable$Entry@500000c0)
	key		50000e3c
	value		50000e3b
	next		500018d5
OBJ 500018b3 (sz=32, trace=300000, class=java.util.Hashtable$Entry@500000c0)
	key		50000e37
	value		50000e36
OBJ 500018b4 (sz=32, trace=300000, class=java.util.Hashtable$Entry@500000c0)
	key		50000e33
	value		50000e32
OBJ 500018b5 (sz=32, trace=300000, class=java.util.Hashtable$Entry@500000c0)
	key		50000e2f
	value		50000e2e
OBJ 500018b6 (sz=32, trace=300000, class=java.util.Hashtable$Entry@500000c0)
	key		50000e2b
	value		50000e2a
OBJ 500018b7 (sz=32, trace=300000, class=java.util.Hashtable$Entry@500000c0)
	key		50000e27
	value		50000e26
OBJ 500018b8 (sz=32, trace=300000, class=java.util.Hashtable$Entry@500000c0)
	key		50000e20
	value		50000e1f
	next		500018d4
OBJ 500018b9 (sz=32, trace=300000, class=java.util.Hashtable$Entry@500000c0)
	key		50000e17
	value		50000e16
	next		500018d3
OBJ 500018ba (sz=32, trace=300000, class=java.util.Hashtable$Entry@500000c0)
	key		50000e12
	value		50000e11
OBJ 500018bb (sz=32, trace=300000, class=java.util.Hashtable$Entry@500000c0)
	key		500018d0
	value		500018cf
OBJ 500018bc (sz=32, trace=300000, class=java.util.Hashtable$Entry@500000c0)
	key		50000e0a
	value		50000e09
	next		500018ce
OBJ 500018bd (sz=32, trace=300000, class=java.util.Hashtable$Entry@500000c0)
	key		50000dfc
	value		50000dfb
	next		500018cb
OBJ 500018be (sz=32, trace=300000, class=java.util.Hashtable$Entry@500000c0)
	key		50000dee
	value		50000ded
	next		500018ca
OBJ 500018bf (sz=32, trace=300000, class=java.util.Hashtable$Entry@500000c0)
	key		50000de9
	value		50000de8
OBJ 500018c0 (sz=32, trace=300000, class=java.util.Hashtable$Entry@500000c0)
	key		50000de1
	value		50000de0
	next		500018c9
OBJ 500018c1 (sz=32, trace=300000, class=java.util.Hashtable$Entry@500000c0)
	key		50000ddc
	value		50000ddb
OBJ 500018c2 (sz=32, trace=300000, class=java.util.Hashtable$Entry@500000c0)
	key		50000dd4
	value		50000dd3
	next		500018c8
OBJ 500018c3 (sz=32, trace=300000, class=java.util.Hashtable$Entry@500000c0)
	key		500018c5
	value		500018c4
OBJ 500018c4 (sz=24, trace=300000, class=java.lang.String@5000016e)
	value		500018c7
OBJ 500018c5 (sz=24, trace=300000, class=java.lang.String@5000016e)
	value		500018c6
ARR 500018c6 (sz=34, trace=300000, nelems=17, elem type=char[])
ARR 500018c7 (sz=62, trace=300000, nelems=31, elem type=char[])
OBJ 500018c8 (sz=32, trace=300000, class=java.util.Hashtable$Entry@500000c0)
	key		50000dd8
	value		50000dd7
OBJ 500018c9 (sz=32, trace=300000, class=java.util.Hashtable$Entry@500000c0)
	key		50000de5
	value		50000de4
OBJ 500018ca (sz=32, trace=300000, class=java.util.Hashtable$Entry@500000c0)
	key		50000df2
	value		50000df1
OBJ 500018cb (sz=32, trace=300000, class=java.util.Hashtable$Entry@500000c0)
	key		50000df7
	value		50000df6
	next		500018cc
OBJ 500018cc (sz=32, trace=300000, class=java.util.Hashtable$Entry@500000c0)
	key		50000e01
	value		50000e00
	next		500018cd
OBJ 500018cd (sz=32, trace=300000, class=java.util.Hashtable$Entry@500000c0)
	key		50000e05
	value		50000e04
OBJ 500018ce (sz=32, trace=300000, class=java.util.Hashtable$Entry@500000c0)
	key		50000e0e
	value		50000e0d
OBJ 500018cf (sz=24, trace=300000, class=java.lang.String@5000016e)
	value		500018d2
OBJ 500018d0 (sz=24, trace=300000, class=java.lang.String@5000016e)
	value		500018d1
ARR 500018d1 (sz=40, trace=300000, nelems=20, elem type=char[])
ARR 500018d2 (sz=26, trace=300000, nelems=13, elem type=char[])
OBJ 500018d3 (sz=32, trace=300000, class=java.util.Hashtable$Entry@500000c0)
	key		50000e1b
	value		50000e1a
OBJ 500018d4 (sz=32, trace=300000, class=java.util.Hashtable$Entry@500000c0)
	key		50000e23
	value		50000d62
OBJ 500018d5 (sz=32, trace=300000, class=java.util.Hashtable$Entry@500000c0)
	key		50000e40
	value		50000e3f
OBJ 500018d6 (sz=32, trace=300000, class=java.util.Hashtable$Entry@500000c0)
	key		50000e5d
	value		50000e5c
OBJ 500018d7 (sz=32, trace=300000, class=java.util.Hashtable$Entry@500000c0)
	key		50000e62
	value		50000e61
OBJ 500018d8 (sz=32, trace=300000, class=java.util.Hashtable$Entry@500000c0)
	key		50000e74
	value		50000e73
	next		500018d9
OBJ 500018d9 (sz=32, trace=300000, class=java.util.Hashtable$Entry@500000c0)
	key		50000e6f
	value		50000e6e
OBJ 500018da (sz=32, trace=300000, class=java.util.Hashtable$Entry@500000c0)
	key		50000e7d
	value		50000e7c
OBJ 500018db (sz=24, trace=300000, class=java.lang.String@5000016e)
	value		500018dc
ARR 500018dc (sz=20, trace=300000, nelems=10, elem type=char[])
OBJ 500018dd (sz=32, trace=300000, class=java.util.Hashtable$Entry@500000c0)
	key		50000eb3
	value		50000eb2
OBJ 500018de (sz=16, trace=300000, class=java.util.Hashtable$EntrySet@500000bc)
	this$0		50000d63
OBJ 500018df (sz=24, trace=300000, class=java.lang.String@5000016e)
	value		500018e0
ARR 500018e0 (sz=8, trace=300000, nelems=4, elem type=char[])
OBJ 500018e1 (sz=24, trace=300000, class=java.lang.String@5000016e)
	value		500018ee
OBJ 500018e2 (sz=24, trace=300000, class=java.lang.String@5000016e)
	value		500018ec
OBJ 500018e3 (sz=16, trace=300000, class=java.lang.Terminator$1@5000005c)
OBJ 500018e4 (sz=24, trace=300000, class=sun.misc.NativeSignalHandler@5000005a)
OBJ 500018e5 (sz=24, trace=300000, class=sun.misc.NativeSignalHandler@5000005a)
OBJ 500018e6 (sz=48, trace=300000, class=java.util.Hashtable@50000146)
	table		500018ef
OBJ 500018e7 (sz=48, trace=300000, class=java.util.Hashtable@50000146)
	table		500018e8
ARR 500018e8 (sz=32, trace=300000, nelems=4, elem type=java.util.Hashtable$Entry[]@500000bf)
	[2]		500018e9
	[3]		500018ea
OBJ 500018e9 (sz=32, trace=300000, class=java.util.Hashtable$Entry@500000c0)
	key		500018ed
	value		500018e3
OBJ 500018ea (sz=32, trace=300000, class=java.util.Hashtable$Entry@500000c0)
	key		500018eb
	value		500018e3
OBJ 500018eb (sz=24, trace=300000, class=sun.misc.Signal@5000005b)
	name		500018e2
ARR 500018ec (sz=8, trace=300000, nelems=4, elem type=char[])
OBJ 500018ed (sz=24, trace=300000, class=sun.misc.Signal@5000005b)
	name		500018e1
ARR 500018ee (sz=6, trace=300000, nelems=3, elem type=char[])
ARR 500018ef (sz=32, trace=300000, nelems=4, elem type=java.util.Hashtable$Entry[]@500000bf)
	[2]		500018f0
	[3]		500018f1
OBJ 500018f0 (sz=32, trace=300000, class=java.util.Hashtable$Entry@500000c0)
	key		50000f88
	value		500018ed
OBJ 500018f1 (sz=32, trace=300000, class=java.util.Hashtable$Entry@500000c0)
	key		50000f95
	value		500018eb
ARR 500018f2 (sz=6, trace=300000, nelems=3, elem type=char[])
ARR 500018f3 (sz=38, trace=300000, nelems=19, elem type=char[])
ARR 500018f4 (sz=38, trace=300000, nelems=19, elem type=char[])
ARR 500018f5 (sz=32, trace=300000, nelems=1, elem type=java.lang.ThreadGroup[]@500000f6)
	[0]		50000d52
ARR 500018f6 (sz=32, trace=300000, nelems=4, elem type=java.lang.Thread[]@500000cf)
	[0]		50000c70
	[1]		50000c6c
	[2]		50000c6b
	[3]		50000c6a
OBJ 500018f7 (sz=16, trace=300000, class=java.lang.Object@50000172)
OBJ 500018f8 (sz=40, trace=300000, class=java.security.AccessControlContext@5000015f)
OBJ 500018f9 (sz=24, trace=300000, class=java.lang.String@5000016e)
	value		500018fa
ARR 500018fa (sz=30, trace=300000, nelems=15, elem type=char[])
OBJ 500018fb (sz=16, trace=300000, class=java.lang.Object@50000172)
OBJ 500018fc (sz=40, trace=300000, class=java.security.AccessControlContext@5000015f)
OBJ 500018fd (sz=24, trace=300000, class=java.lang.String@5000016e)
	value		500018fe
ARR 500018fe (sz=34, trace=300000, nelems=17, elem type=char[])
OBJ 500018ff (sz=16, trace=300000, class=java.lang.Object@50000172)
OBJ 50001900 (sz=40, trace=300000, class=java.security.AccessControlContext@5000015f)
OBJ 50001901 (sz=24, trace=300000, class=java.lang.String@5000016e)
	value		50001902
ARR 50001902 (sz=18, trace=300000, nelems=9, elem type=char[])
OBJ 50001903 (sz=16, trace=300000, class=java.lang.Object@50000172)
OBJ 50001904 (sz=40, trace=300000, class=java.lang.ref.Finalizer@5000014d)
	referent	50001906
	queue		50000c6d
	next		50001905
	prev		50000412
OBJ 50001905 (sz=40, trace=300000, class=java.lang.ref.Finalizer@5000014d)
	referent	50001809
	queue		50000c6d
	next		5000190b
	prev		50001904
OBJ 50001906 (sz=32, trace=300000, class=java.io.FileInputStream@500000b3)
	fd		50001909
	path		50001908
	closeLock	50001907
OBJ 50001907 (sz=16, trace=300000, class=java.lang.Object@50000172)
OBJ 50001908 (sz=24, trace=300000, class=java.lang.String@5000016e)
	value		5000190a
OBJ 50001909 (sz=40, trace=300000, class=java.io.FileDescriptor@500000b2)
	parent		50001906
ARR 5000190a (sz=106, trace=300000, nelems=53, elem type=char[])
OBJ 5000190b (sz=40, trace=300000, class=java.lang.ref.Finalizer@5000014d)
	referent	5000187c
	queue		50000c6d
	next		5000190c
	prev		50001905
OBJ 5000190c (sz=40, trace=300000, class=java.lang.ref.Finalizer@5000014d)
	referent	50000d6d
	queue		50000c6d
	next		5000190d
	prev		5000190b
OBJ 5000190d (sz=40, trace=300000, class=java.lang.ref.Finalizer@5000014d)
	referent	50000d68
	queue		50000c6d
	prev		5000190c
OBJ 5000190e (sz=16, trace=300000, class=java.lang.Object@50000172)
OBJ 5000190f (sz=40, trace=300000, class=java.security.AccessControlContext@5000015f)
ARR 50001910 (sz=32, trace=300000, nelems=1, elem type=java.lang.Thread[]@500000cf)
	[0]		50000c72
OBJ 50001911 (sz=24, trace=300000, class=java.lang.String@5000016e)
	value		50001912
ARR 50001912 (sz=8, trace=300000, nelems=4, elem type=char[])
OBJ 50001913 (sz=16, trace=300000, class=java.lang.Object@50000172)
OBJ 50001914 (sz=40, trace=300000, class=java.security.AccessControlContext@5000015f)
OBJ 50001915 (sz=24, trace=300000, class=java.lang.String@5000016e)
	value		50001916
ARR 50001916 (sz=8, trace=300000, nelems=4, elem type=char[])
OBJ 50001917 (sz=24, trace=300000, class=java.lang.String@5000016e)
	value		50001918
ARR 50001918 (sz=18, trace=300000, nelems=9, elem type=char[])
OBJ 50001919 (sz=32, trace=300000, class=java.lang.OutOfMemoryError@50000156)
OBJ 5000191a (sz=32, trace=300000, class=java.lang.OutOfMemoryError@50000156)
OBJ 5000191b (sz=32, trace=300000, class=java.lang.OutOfMemoryError@50000156)
OBJ 5000191c (sz=32, trace=300000, class=java.lang.OutOfMemoryError@50000156)
OBJ 5000191d (sz=24, trace=300000, class=java.lang.String@5000016e)
	value		5000191e
ARR 5000191e (sz=126, trace=300000, nelems=63, elem type=char[])
OBJ 5000191f (sz=24, trace=300000, class=java.lang.String@5000016e)
	value		50001920
ARR 50001920 (sz=52, trace=300000, nelems=26, elem type=char[])
OBJ 50001921 (sz=24, trace=300000, class=java.lang.String@5000016e)
	value		50001922
ARR 50001922 (sz=74, trace=300000, nelems=37, elem type=char[])
OBJ 50001923 (sz=24, trace=300000, class=java.lang.String@5000016e)
	value		50001924
ARR 50001924 (sz=44, trace=300000, nelems=22, elem type=char[])
OBJ 50001925 (sz=24, trace=300000, class=java.lang.String@5000016e)
	value		50001926
ARR 50001926 (sz=18, trace=300000, nelems=9, elem type=char[])
OBJ 50001927 (sz=24, trace=300000, class=java.lang.String@5000016e)
	value		50001928
ARR 50001928 (sz=30, trace=300000, nelems=15, elem type=char[])
ARR 50001929 (sz=22, trace=300000, nelems=11, elem type=char[])
OBJ 5000192a (sz=24, trace=300000, class=java.lang.String@5000016e)
	value		50001941
OBJ 5000192b (sz=24, trace=300000, class=java.lang.String@5000016e)
	value		5000193c
OBJ 5000192c (sz=24, trace=300000, class=java.lang.String@5000016e)
	value		5000193b
OBJ 5000192d (sz=24, trace=300000, class=java.lang.String@5000016e)
	value		5000193a
OBJ 5000192e (sz=24, trace=300000, class=java.lang.String@5000016e)
	value		50001939
OBJ 5000192f (sz=24, trace=300000, class=java.lang.String@5000016e)
	value		50001938
OBJ 50001930 (sz=24, trace=300000, class=java.lang.String@5000016e)
	value		50001937
OBJ 50001931 (sz=24, trace=300000, class=java.lang.String@5000016e)
	value		50001936
OBJ 50001932 (sz=24, trace=300000, class=java.lang.String@5000016e)
	value		50001935
OBJ 50001933 (sz=24, trace=300000, class=java.lang.String@5000016e)
	value		50001934
ARR 50001934 (sz=100, trace=300000, nelems=50, elem type=char[])
ARR 50001935 (sz=94, trace=300000, nelems=47, elem type=char[])
ARR 50001936 (sz=86, trace=300000, nelems=43, elem type=char[])
ARR 50001937 (sz=82, trace=300000, nelems=41, elem type=char[])
ARR 50001938 (sz=92, trace=300000, nelems=46, elem type=char[])
ARR 50001939 (sz=102, trace=300000, nelems=51, elem type=char[])
ARR 5000193a (sz=82, trace=300000, nelems=41, elem type=char[])
ARR 5000193b (sz=98, trace=300000, nelems=49, elem type=char[])
ARR 5000193c (sz=94, trace=300000, nelems=47, elem type=char[])
OBJ 5000193d (sz=24, trace=300000, class=java.lang.String@5000016e)
	value		5000193e
ARR 5000193e (sz=20, trace=300000, nelems=10, elem type=char[])
OBJ 5000193f (sz=24, trace=300000, class=java.lang.String@5000016e)
	value		50001940
ARR 50001940 (sz=12, trace=300000, nelems=6, elem type=char[])
ARR 50001941 (sz=8, trace=300000, nelems=4, elem type=char[])
OBJ 50001942 (sz=24, trace=300000, class=java.lang.String@5000016e)
	value		50001947
OBJ 50001943 (sz=24, trace=300000, class=java.lang.String@5000016e)
	value		50001946
OBJ 50001944 (sz=24, trace=300000, class=java.lang.String@5000016e)
	value		50001945
ARR 50001945 (sz=24, trace=300000, nelems=12, elem type=char[])
ARR 50001946 (sz=26, trace=300000, nelems=13, elem type=char[])
ARR 50001947 (sz=14, trace=300000, nelems=7, elem type=char[])
OBJ 50001948 (sz=24, trace=300000, class=java.lang.String@5000016e)
	value		50001991
OBJ 50001949 (sz=24, trace=300000, class=java.lang.String@5000016e)
	value		50001990
OBJ 5000194a (sz=24, trace=300000, class=java.lang.String@5000016e)
	value		5000198f
OBJ 5000194b (sz=24, trace=300000, class=java.lang.String@5000016e)
	value		5000196d
OBJ 5000194c (sz=24, trace=300000, class=java.lang.String@5000016e)
	value		5000198e
OBJ 5000194d (sz=24, trace=300000, class=java.lang.String@5000016e)
	value		5000198d
OBJ 5000194e (sz=24, trace=300000, class=java.lang.String@5000016e)
	value		5000198c
OBJ 5000194f (sz=24, trace=300000, class=java.lang.String@5000016e)
	value		5000198b
OBJ 50001950 (sz=24, trace=300000, class=java.lang.String@5000016e)
	value		5000198a
OBJ 50001951 (sz=24, trace=300000, class=java.lang.String@5000016e)
	value		50001989
OBJ 50001952 (sz=24, trace=300000, class=java.lang.String@5000016e)
	value		50001988
OBJ 50001953 (sz=24, trace=300000, class=java.lang.String@5000016e)
	value		50001970
OBJ 50001954 (sz=24, trace=300000, class=java.lang.String@5000016e)
	value		50001987
OBJ 50001955 (sz=24, trace=300000, class=java.lang.String@5000016e)
	value		50001986
OBJ 50001956 (sz=24, trace=300000, class=java.lang.String@5000016e)
	value		50001985
OBJ 50001957 (sz=24, trace=300000, class=java.lang.String@5000016e)
	value		50001984
OBJ 50001958 (sz=24, trace=300000, class=java.lang.String@5000016e)
	value		50001983
OBJ 50001959 (sz=24, trace=300000, class=java.lang.String@5000016e)
	value		50001982
OBJ 5000195a (sz=24, trace=300000, class=java.lang.String@5000016e)
	value		5000196c
OBJ 5000195b (sz=24, trace=300000, class=java.lang.String@5000016e)
	value		50001981
OBJ 5000195c (sz=24, trace=300000, class=java.lang.String@5000016e)
	value		5000197e
OBJ 5000195d (sz=24, trace=300000, class=java.lang.String@5000016e)
	value		5000197d
OBJ 5000195e (sz=24, trace=300000, class=java.lang.String@5000016e)
	value		5000197c
OBJ 5000195f (sz=24, trace=300000, class=java.lang.String@5000016e)
	value		5000197b
OBJ 50001960 (sz=24, trace=300000, class=java.lang.String@5000016e)
	value		5000197a
OBJ 50001961 (sz=24, trace=300000, class=java.lang.String@5000016e)
	value		50001979
OBJ 50001962 (sz=24, trace=300000, class=java.lang.String@5000016e)
	value		50001978
OBJ 50001963 (sz=24, trace=300000, class=java.lang.String@5000016e)
	value		50001977
OBJ 50001964 (sz=24, trace=300000, class=java.lang.String@5000016e)
	value		50001976
OBJ 50001965 (sz=24, trace=300000, class=java.lang.String@5000016e)
	value		50001975
OBJ 50001966 (sz=24, trace=300000, class=java.lang.String@5000016e)
	value		50001974
OBJ 50001967 (sz=24, trace=300000, class=java.lang.String@5000016e)
	value		50001973
OBJ 50001968 (sz=24, trace=300000, class=java.lang.String@5000016e)
	value		50001972
OBJ 50001969 (sz=24, trace=300000, class=java.lang.String@5000016e)
	value		50001971
OBJ 5000196a (sz=24, trace=300000, class=java.lang.String@5000016e)
	value		5000196f
OBJ 5000196b (sz=24, trace=300000, class=java.lang.String@5000016e)
	value		5000196e
ARR 5000196c (sz=46, trace=300000, nelems=23, elem type=char[])
ARR 5000196d (sz=34, trace=300000, nelems=17, elem type=char[])
ARR 5000196e (sz=48, trace=300000, nelems=24, elem type=char[])
ARR 5000196f (sz=78, trace=300000, nelems=39, elem type=char[])
ARR 50001970 (sz=70, trace=300000, nelems=35, elem type=char[])
ARR 50001971 (sz=66, trace=300000, nelems=33, elem type=char[])
ARR 50001972 (sz=76, trace=300000, nelems=38, elem type=char[])
ARR 50001973 (sz=64, trace=300000, nelems=32, elem type=char[])
ARR 50001974 (sz=80, trace=300000, nelems=40, elem type=char[])
ARR 50001975 (sz=62, trace=300000, nelems=31, elem type=char[])
ARR 50001976 (sz=58, trace=300000, nelems=29, elem type=char[])
ARR 50001977 (sz=88, trace=300000, nelems=44, elem type=char[])
ARR 50001978 (sz=66, trace=300000, nelems=33, elem type=char[])
ARR 50001979 (sz=58, trace=300000, nelems=29, elem type=char[])
ARR 5000197a (sz=68, trace=300000, nelems=34, elem type=char[])
ARR 5000197b (sz=2, trace=300000, nelems=1, elem type=char[])
ARR 5000197c (sz=2, trace=300000, nelems=1, elem type=char[])
ARR 5000197d (sz=2, trace=300000, nelems=1, elem type=char[])
ARR 5000197e (sz=24, trace=300000, nelems=12, elem type=char[])
OBJ 5000197f (sz=24, trace=300000, class=java.lang.String@5000016e)
	value		50001980
ARR 50001980 (sz=68, trace=300000, nelems=34, elem type=char[])
ARR 50001981 (sz=6, trace=300000, nelems=3, elem type=char[])
ARR 50001982 (sz=10, trace=300000, nelems=5, elem type=char[])
ARR 50001983 (sz=14, trace=300000, nelems=7, elem type=char[])
ARR 50001984 (sz=20, trace=300000, nelems=10, elem type=char[])
ARR 50001985 (sz=6, trace=300000, nelems=3, elem type=char[])
ARR 50001986 (sz=6, trace=300000, nelems=3, elem type=char[])
ARR 50001987 (sz=18, trace=300000, nelems=9, elem type=char[])
ARR 50001988 (sz=22, trace=300000, nelems=11, elem type=char[])
ARR 50001989 (sz=36, trace=300000, nelems=18, elem type=char[])
ARR 5000198a (sz=24, trace=300000, nelems=12, elem type=char[])
ARR 5000198b (sz=22, trace=300000, nelems=11, elem type=char[])
ARR 5000198c (sz=12, trace=300000, nelems=6, elem type=char[])
ARR 5000198d (sz=8, trace=300000, nelems=4, elem type=char[])
ARR 5000198e (sz=20, trace=300000, nelems=10, elem type=char[])
ARR 5000198f (sz=30, trace=300000, nelems=15, elem type=char[])
ARR 50001990 (sz=32, trace=300000, nelems=16, elem type=char[])
ARR 50001991 (sz=16, trace=300000, nelems=8, elem type=char[])
OBJ 50001992 (sz=24, trace=300000, class=java.lang.String@5000016e)
	value		5000199a
OBJ 50001993 (sz=24, trace=300000, class=java.lang.String@5000016e)
	value		50001a15
OBJ 50001994 (sz=24, trace=300000, class=java.lang.String@5000016e)
	value		500019a0
OBJ 50001995 (sz=24, trace=300000, class=java.lang.String@5000016e)
	value		5000199f
OBJ 50001996 (sz=24, trace=300000, class=java.lang.String@5000016e)
	value		5000199e
OBJ 50001997 (sz=24, trace=300000, class=java.lang.String@5000016e)
	value		5000199d
OBJ 50001998 (sz=24, trace=300000, class=java.lang.String@5000016e)
	value		5000199c
OBJ 50001999 (sz=24, trace=300000, class=java.lang.String@5000016e)
	value		5000199b
ARR 5000199a (sz=16, trace=300000, nelems=8, elem type=char[])
ARR 5000199b (sz=20, trace=300000, nelems=10, elem type=char[])
ARR 5000199c (sz=8, trace=300000, nelems=4, elem type=char[])
ARR 5000199d (sz=24, trace=300000, nelems=12, elem type=char[])
ARR 5000199e (sz=36, trace=300000, nelems=18, elem type=char[])
ARR 5000199f (sz=32, trace=300000, nelems=16, elem type=char[])
ARR 500019a0 (sz=32, trace=300000, nelems=16, elem type=char[])
OBJ 500019a1 (sz=56, trace=300000, class=java.util.ResourceBundle$CacheKey@50000b03)
	name		50000eed
	locale		5000111c
	loaderRef	50000b31
	format		500019a2
OBJ 500019a2 (sz=24, trace=300000, class=java.lang.String@5000016e)
	value		500019a3
ARR 500019a3 (sz=20, trace=300000, nelems=10, elem type=char[])
OBJ 500019a4 (sz=56, trace=300000, class=java.util.ResourceBundle$CacheKey@50000b03)
	name		50000eed
	locale		5000111b
	loaderRef	50000be7
	format		500019a2
OBJ 500019a5 (sz=56, trace=300000, class=java.util.ResourceBundle$CacheKey@50000b03)
	name		50000eed
	locale		5000112d
	loaderRef	50000b8e
	format		500019a2
OBJ 500019a6 (sz=24, trace=300000, class=java.lang.String@5000016e)
	value		500019a9
OBJ 500019a7 (sz=24, trace=300000, class=java.lang.String@5000016e)
	value		500019a8
ARR 500019a8 (sz=36, trace=300000, nelems=18, elem type=char[])
ARR 500019a9 (sz=64, trace=300000, nelems=32, elem type=char[])
OBJ 500019aa (sz=24, trace=300000, class=java.lang.String@5000016e)
	value		500019ac
OBJ 500019ab (sz=24, trace=300000, class=java.lang.String@5000016e)
	value		500019b1
ARR 500019ac (sz=30, trace=300000, nelems=15, elem type=char[])
OBJ 500019ad (sz=24, trace=300000, class=java.lang.String@5000016e)
	value		500019b0
OBJ 500019ae (sz=24, trace=300000, class=java.lang.String@5000016e)
	value		500019af
ARR 500019af (sz=4, trace=300000, nelems=2, elem type=char[])
ARR 500019b0 (sz=4, trace=300000, nelems=2, elem type=char[])
ARR 500019b1 (sz=20, trace=300000, nelems=10, elem type=char[])
OBJ 500019b2 (sz=24, trace=300000, class=java.lang.String@5000016e)
	value		500019b5
OBJ 500019b3 (sz=24, trace=300000, class=java.lang.String@5000016e)
	value		500019b4
ARR 500019b4 (sz=48, trace=300000, nelems=24, elem type=char[])
ARR 500019b5 (sz=238, trace=300000, nelems=119, elem type=char[])
OBJ 500019b6 (sz=24, trace=300000, class=java.lang.String@5000016e)
	value		500019b9
OBJ 500019b7 (sz=24, trace=300000, class=java.lang.String@5000016e)
	value		500019b8
ARR 500019b8 (sz=48, trace=300000, nelems=24, elem type=char[])
ARR 500019b9 (sz=68, trace=300000, nelems=34, elem type=char[])
OBJ 500019ba (sz=24, trace=300000, class=java.lang.String@5000016e)
	value		500019bd
OBJ 500019bb (sz=24, trace=300000, class=java.lang.String@5000016e)
	value		500019bc
ARR 500019bc (sz=48, trace=300000, nelems=24, elem type=char[])
ARR 500019bd (sz=284, trace=300000, nelems=142, elem type=char[])
OBJ 500019be (sz=24, trace=300000, class=java.lang.String@5000016e)
	value		500019c1
OBJ 500019bf (sz=24, trace=300000, class=java.lang.String@5000016e)
	value		500019c0
ARR 500019c0 (sz=48, trace=300000, nelems=24, elem type=char[])
ARR 500019c1 (sz=328, trace=300000, nelems=164, elem type=char[])
OBJ 500019c2 (sz=24, trace=300000, class=java.lang.String@5000016e)
	value		500019c5
OBJ 500019c3 (sz=24, trace=300000, class=java.lang.String@5000016e)
	value		500019c4
ARR 500019c4 (sz=48, trace=300000, nelems=24, elem type=char[])
ARR 500019c5 (sz=172, trace=300000, nelems=86, elem type=char[])
OBJ 500019c6 (sz=24, trace=300000, class=java.lang.String@5000016e)
	value		500019c9
OBJ 500019c7 (sz=24, trace=300000, class=java.lang.String@5000016e)
	value		500019c8
ARR 500019c8 (sz=54, trace=300000, nelems=27, elem type=char[])
ARR 500019c9 (sz=100, trace=300000, nelems=50, elem type=char[])
OBJ 500019ca (sz=24, trace=300000, class=java.lang.String@5000016e)
	value		500019cd
OBJ 500019cb (sz=24, trace=300000, class=java.lang.String@5000016e)
	value		500019cc
ARR 500019cc (sz=48, trace=300000, nelems=24, elem type=char[])
ARR 500019cd (sz=346, trace=300000, nelems=173, elem type=char[])
OBJ 500019ce (sz=24, trace=300000, class=java.lang.String@5000016e)
	value		500019d1
OBJ 500019cf (sz=24, trace=300000, class=java.lang.String@5000016e)
	value		500019d0
ARR 500019d0 (sz=54, trace=300000, nelems=27, elem type=char[])
ARR 500019d1 (sz=252, trace=300000, nelems=126, elem type=char[])
OBJ 500019d2 (sz=24, trace=300000, class=java.lang.String@5000016e)
	value		500019d5
OBJ 500019d3 (sz=24, trace=300000, class=java.lang.String@5000016e)
	value		500019d4
ARR 500019d4 (sz=52, trace=300000, nelems=26, elem type=char[])
ARR 500019d5 (sz=66, trace=300000, nelems=33, elem type=char[])
OBJ 500019d6 (sz=24, trace=300000, class=java.lang.String@5000016e)
	value		500019d9
OBJ 500019d7 (sz=24, trace=300000, class=java.lang.String@5000016e)
	value		500019d8
ARR 500019d8 (sz=54, trace=300000, nelems=27, elem type=char[])
ARR 500019d9 (sz=138, trace=300000, nelems=69, elem type=char[])
OBJ 500019da (sz=24, trace=300000, class=java.lang.String@5000016e)
	value		500019dd
OBJ 500019db (sz=24, trace=300000, class=java.lang.String@5000016e)
	value		500019dc
ARR 500019dc (sz=56, trace=300000, nelems=28, elem type=char[])
ARR 500019dd (sz=706, trace=300000, nelems=353, elem type=char[])
OBJ 500019de (sz=24, trace=300000, class=java.lang.String@5000016e)
	value		500019e1
OBJ 500019df (sz=24, trace=300000, class=java.lang.String@5000016e)
	value		500019e0
ARR 500019e0 (sz=54, trace=300000, nelems=27, elem type=char[])
ARR 500019e1 (sz=78, trace=300000, nelems=39, elem type=char[])
OBJ 500019e2 (sz=24, trace=300000, class=java.lang.String@5000016e)
	value		500019e5
OBJ 500019e3 (sz=24, trace=300000, class=java.lang.String@5000016e)
	value		500019e4
ARR 500019e4 (sz=42, trace=300000, nelems=21, elem type=char[])
ARR 500019e5 (sz=3734, trace=300000, nelems=1867, elem type=char[])
OBJ 500019e6 (sz=24, trace=300000, class=java.lang.String@5000016e)
	value		500019e9
OBJ 500019e7 (sz=24, trace=300000, class=java.lang.String@5000016e)
	value		500019e8
ARR 500019e8 (sz=48, trace=300000, nelems=24, elem type=char[])
ARR 500019e9 (sz=40, trace=300000, nelems=20, elem type=char[])
OBJ 500019ea (sz=24, trace=300000, class=java.lang.String@5000016e)
	value		500019ed
OBJ 500019eb (sz=24, trace=300000, class=java.lang.String@5000016e)
	value		500019ec
ARR 500019ec (sz=50, trace=300000, nelems=25, elem type=char[])
ARR 500019ed (sz=108, trace=300000, nelems=54, elem type=char[])
OBJ 500019ee (sz=24, trace=300000, class=java.lang.String@5000016e)
	value		500019f1
OBJ 500019ef (sz=24, trace=300000, class=java.lang.String@5000016e)
	value		500019f0
ARR 500019f0 (sz=48, trace=300000, nelems=24, elem type=char[])
ARR 500019f1 (sz=4126, trace=300000, nelems=2063, elem type=char[])
OBJ 500019f2 (sz=24, trace=300000, class=java.lang.String@5000016e)
	value		500019f5
OBJ 500019f3 (sz=24, trace=300000, class=java.lang.String@5000016e)
	value		500019f4
ARR 500019f4 (sz=48, trace=300000, nelems=24, elem type=char[])
ARR 500019f5 (sz=130, trace=300000, nelems=65, elem type=char[])
OBJ 500019f6 (sz=24, trace=300000, class=java.lang.String@5000016e)
	value		500019f8
ARR 500019f7 (sz=48, trace=300000, nelems=24, elem type=char[])
ARR 500019f8 (sz=88, trace=300000, nelems=44, elem type=char[])
OBJ 500019f9 (sz=24, trace=300000, class=java.lang.String@5000016e)
	value		500019fc
OBJ 500019fa (sz=24, trace=300000, class=java.lang.String@5000016e)
	value		500019fb
ARR 500019fb (sz=48, trace=300000, nelems=24, elem type=char[])
ARR 500019fc (sz=50, trace=300000, nelems=25, elem type=char[])
OBJ 500019fd (sz=24, trace=300000, class=java.lang.String@5000016e)
	value		50001a06
OBJ 500019fe (sz=24, trace=300000, class=java.lang.String@5000016e)
	value		50001a0c
OBJ 500019ff (sz=24, trace=300000, class=java.lang.String@5000016e)
	value		50001a08
OBJ 50001a00 (sz=24, trace=300000, class=java.lang.String@5000016e)
	value		50001a0d
OBJ 50001a01 (sz=24, trace=300000, class=java.lang.String@5000016e)
	value		50001a0a
OBJ 50001a02 (sz=24, trace=300000, class=java.lang.String@5000016e)
	value		50001a0e
OBJ 50001a03 (sz=24, trace=300000, class=java.lang.String@5000016e)
	value		50001a09
OBJ 50001a04 (sz=24, trace=300000, class=java.lang.String@5000016e)
	value		50001a0b
OBJ 50001a05 (sz=24, trace=300000, class=java.lang.String@5000016e)
	value		50001a07
ARR 50001a06 (sz=12, trace=300000, nelems=6, elem type=char[])
ARR 50001a07 (sz=8, trace=300000, nelems=4, elem type=char[])
ARR 50001a08 (sz=8, trace=300000, nelems=4, elem type=char[])
ARR 50001a09 (sz=12, trace=300000, nelems=6, elem type=char[])
ARR 50001a0a (sz=14, trace=300000, nelems=7, elem type=char[])
ARR 50001a0b (sz=14, trace=300000, nelems=7, elem type=char[])
ARR 50001a0c (sz=16, trace=300000, nelems=8, elem type=char[])
ARR 50001a0d (sz=8, trace=300000, nelems=4, elem type=char[])
ARR 50001a0e (sz=12, trace=300000, nelems=6, elem type=char[])
OBJ 50001a0f (sz=24, trace=300000, class=java.lang.String@5000016e)
	value		50001a10
ARR 50001a10 (sz=44, trace=300000, nelems=22, elem type=char[])
OBJ 50001a11 (sz=24, trace=300000, class=java.lang.String@5000016e)
	value		50001a13
OBJ 50001a12 (sz=24, trace=300000, class=java.lang.String@5000016e)
	value		50001a14
ARR 50001a13 (sz=40, trace=300000, nelems=20, elem type=char[])
ARR 50001a14 (sz=14, trace=300000, nelems=7, elem type=char[])
ARR 50001a15 (sz=8, trace=300000, nelems=4, elem type=char[])
CLS 50000172 (name=java.lang.Object, trace=300000)
	constant pool entry 76	500000f8
	constant pool entry 49	50000172
CLS 50000001 (name=java.lang.SystemClassLoaderAction, trace=300000)
	super		50000172
	constant pool entry 36	50000001
	constant pool entry 35	50000167
	constant pool entry 33	50000172
	constant pool entry 1	50001855
CLS 50000002 (name=sun.misc.Launcher$AppClassLoader$1, trace=300000)
	super		50000172
	constant pool entry 30	50000002
	constant pool entry 29	50000117
	constant pool entry 28	50000118
	constant pool entry 25	50000172
CLS 5000000f (name=java.net.URLStreamHandler, trace=300000)
	super		50000172
	constant pool entry 112	5000000f
	constant pool entry 111	5000011a
	constant pool entry 108	50000122
	constant pool entry 107	50000123
	constant pool entry 106	5000016e
	constant pool entry 104	50000172
	constant pool entry 10	50001059
	constant pool entry 8	50001058
	constant pool entry 7	50001057
	constant pool entry 6	50001056
	constant pool entry 5	50001055
	constant pool entry 3	50001054
	constant pool entry 1	50000d5d
CLS 50000003 (name=sun.net.www.protocol.jar.Handler, trace=300000)
	super		5000000f
	static separator	50001289
	constant pool entry 81	5000000f
CLS 50000004 (name=sun.misc.URLClassPath, trace=300000)
	super		50000172
	static USER_AGENT_JAVA_VERSION	50001039
	static JAVA_VERSION	50001038
	constant pool entry 246	50000084
	constant pool entry 244	5000045f
	constant pool entry 243	500000c1
	constant pool entry 242	50000467
	constant pool entry 239	50000465
	constant pool entry 238	50000965
	constant pool entry 237	50000969
	constant pool entry 236	50000004
	constant pool entry 234	500000e3
	constant pool entry 230	500000c6
	constant pool entry 228	500000de
	constant pool entry 227	500006de
	constant pool entry 225	500000f0
	constant pool entry 223	5000004f
	constant pool entry 221	5000011a
	constant pool entry 217	50000167
	constant pool entry 215	5000016e
	constant pool entry 212	50000172
	constant pool entry 209	500006db
	constant pool entry 23	50000d77
	constant pool entry 22	50001037
	constant pool entry 21	50001036
	constant pool entry 20	50001035
	constant pool entry 19	50000da2
	constant pool entry 17	50001034
	constant pool entry 16	50001033
	constant pool entry 15	50001032
CLS 500000e6 (name=java.util.AbstractCollection, trace=300000)
	super		50000172
	constant pool entry 66	50000172
CLS 500000db (name=java.util.AbstractSet, trace=300000)
	super		500000e6
	constant pool entry 34	500000e6
CLS 50000005 (name=java.util.HashSet, trace=300000)
	super		500000db
	static PRESENT	500017b6
	constant pool entry 114	50000005
	constant pool entry 112	500000c6
	constant pool entry 110	500000db
	constant pool entry 108	50000172
CLS 50000006 (name=java.security.Principal[], trace=300000)
	super		50000172
CLS 50000007 (name=java.security.Principal, trace=300000)
CLS 50000008 (name=java.security.ProtectionDomain$Key, trace=300000)
	super		50000172
	constant pool entry 9	50000172
CLS 50000009 (name=java.security.ProtectionDomain$2, trace=300000)
	super		50000172
	constant pool entry 16	50000172
CLS 5000000a (name=sun.misc.JavaSecurityProtectionDomainAccess, trace=300000)
CLS 5000000b (name=java.security.ProtectionDomain$JavaSecurityAccessImpl, trace=300000)
	super		50000172
	constant pool entry 27	5000000b
	constant pool entry 22	50000172
CLS 5000000c (name=sun.misc.JavaSecurityAccess, trace=300000)
CLS 5000000d (name=java.net.URL[], trace=300000)
	super		50000172
CLS 5000000e (name=sun.net.www.protocol.file.Handler, trace=300000)
	super		5000000f
	constant pool entry 61	5000000f
	constant pool entry 56	5000016e
	constant pool entry 54	5000011c
CLS 50000010 (name=java.net.Parts, trace=300000)
	super		50000172
	constant pool entry 25	50000010
	constant pool entry 24	5000016e
	constant pool entry 23	50000172
CLS 50000011 (name=java.util.BitSet, trace=300000)
	super		50000172
	static serialPersistentFields	50001297
	constant pool entry 391	500000f8
	constant pool entry 196	50000172
	constant pool entry 187	5000016a
	constant pool entry 184	500000fd
	constant pool entry 11	50000011
	constant pool entry 10	50000173
	constant pool entry 4	50001296
CLS 50000012 (name=sun.net.www.ParseUtil, trace=300000)
	super		50000172
	static encodedInPath	50001294
	static hexDigits	50001293
	constant pool entry 505	500000f8
	constant pool entry 242	50000481
	constant pool entry 241	50000011
	constant pool entry 240	50000077
	constant pool entry 239	50000034
	constant pool entry 237	50000038
	constant pool entry 235	50000036
	constant pool entry 234	50000076
	constant pool entry 233	5000011a
	constant pool entry 228	50000122
	constant pool entry 226	5000016e
	constant pool entry 225	50000172
	constant pool entry 223	500000be
	constant pool entry 222	5000010b
	constant pool entry 220	5000016a
	constant pool entry 219	50000111
	constant pool entry 217	5000011c
	constant pool entry 26	50000012
	constant pool entry 25	50001041
	constant pool entry 22	50001292
	constant pool entry 19	50001291
	constant pool entry 18	50001290
	constant pool entry 17	5000128f
	constant pool entry 16	5000128e
	constant pool entry 7	5000103f
	constant pool entry 6	5000128d
	constant pool entry 5	5000128c
	constant pool entry 4	5000128b
	constant pool entry 3	5000128a
	constant pool entry 2	50000d5d
CLS 50000013 (name=java.io.FileInputStream$1, trace=300000)
	super		50000172
	constant pool entry 19	50000172
	constant pool entry 17	50000013
	constant pool entry 16	500000b3
CLS 500000c4 (name=java.util.HashMap$Node, trace=300000)
	super		50000172
	constant pool entry 44	500000c4
	constant pool entry 41	50000172
CLS 50000060 (name=java.util.LinkedHashMap$Entry, trace=300000)
	super		500000c4
	constant pool entry 14	500000c4
CLS 50000014 (name=java.util.HashMap$TreeNode, trace=300000)
	super		50000060
CLS 50000016 (name=java.lang.CharacterData, trace=300000)
	super		50000172
	constant pool entry 50	50000172
	constant pool entry 47	50000015
CLS 50000015 (name=java.lang.CharacterDataLatin1, trace=300000)
	super		50000016
	static sharpsMap	5000100b
	static instance	50000d5b
	static A	50000d5a
	static A_DATA	50001009
	static B	5000100a
	constant pool entry 94	500000f8
	constant pool entry 67	5000016e
	constant pool entry 66	5000016a
	constant pool entry 65	50000016
	constant pool entry 8	50000015
	constant pool entry 7	50001009
	constant pool entry 6	50001008
CLS 50000017 (name=sun.util.locale.LocaleUtils, trace=300000)
	super		50000172
	constant pool entry 47	50000017
	constant pool entry 43	5000016e
CLS 50000018 (name=java.util.Locale$LocaleKey, trace=300000)
	super		50000172
	constant pool entry 26	5000001c
	constant pool entry 25	50000018
	constant pool entry 22	50000172
CLS 50000153 (name=java.lang.ref.Reference, trace=300000)
	super		50000172
	static lock	50000c71
	constant pool entry 67	500000cc
	constant pool entry 65	500000d3
	constant pool entry 64	500000e0
	constant pool entry 63	500000e1
	constant pool entry 62	500000cd
	constant pool entry 61	50000153
	constant pool entry 59	50000149
	constant pool entry 58	5000014b
	constant pool entry 56	50000172
	constant pool entry 1	50001164
CLS 50000152 (name=java.lang.ref.SoftReference, trace=300000)
	super		50000153
	constant pool entry 17	50000152
	constant pool entry 16	50000153
CLS 50000019 (name=sun.util.locale.LocaleObjectCache$CacheEntry, trace=300000)
	super		50000152
	constant pool entry 16	50000019
	constant pool entry 14	50000152
CLS 5000001a (name=sun.util.locale.BaseLocale$Key, trace=300000)
	super		50000172
	constant pool entry 63	50000017
	constant pool entry 62	5000001a
	constant pool entry 60	50000152
	constant pool entry 59	5000016e
	constant pool entry 58	50000172
	constant pool entry 57	5000016a
	constant pool entry 2	5000001c
	constant pool entry 1	50000d5d
CLS 5000002e (name=sun.util.locale.LocaleObjectCache, trace=300000)
	super		50000172
	constant pool entry 36	50000019
	constant pool entry 35	5000002e
	constant pool entry 34	5000002c
	constant pool entry 33	5000002b
	constant pool entry 32	500000d3
	constant pool entry 31	50000172
CLS 5000001b (name=sun.util.locale.BaseLocale$Cache, trace=300000)
	super		5000002e
	constant pool entry 40	5000002e
	constant pool entry 39	5000001a
	constant pool entry 38	5000001b
	constant pool entry 36	50000152
	constant pool entry 35	5000016e
	constant pool entry 34	5000016a
	constant pool entry 1	5000001c
CLS 5000001c (name=sun.util.locale.BaseLocale, trace=300000)
	super		50000172
	static SEP	50001148
	static CACHE	50001147
	constant pool entry 83	50000017
	constant pool entry 82	5000001a
	constant pool entry 81	5000001b
	constant pool entry 79	5000001c
	constant pool entry 77	5000016e
	constant pool entry 76	50000172
	constant pool entry 12	50001146
	constant pool entry 4	50001145
	constant pool entry 3	50001144
	constant pool entry 1	50000d5d
CLS 50000020 (name=java.util.concurrent.ConcurrentHashMap$CollectionView, trace=300000)
	super		50000172
CLS 5000001d (name=java.util.concurrent.ConcurrentHashMap$EntrySetView, trace=300000)
	super		50000020
CLS 5000001e (name=java.util.concurrent.ConcurrentHashMap$ValuesView, trace=300000)
	super		50000020
CLS 5000001f (name=java.util.concurrent.ConcurrentHashMap$KeySetView, trace=300000)
	super		50000020
CLS 50000021 (name=java.util.concurrent.ConcurrentHashMap$CounterCell[], trace=300000)
	super		50000172
CLS 50000022 (name=java.util.concurrent.ConcurrentHashMap$CounterCell, trace=300000)
	super		50000172
CLS 50000023 (name=java.util.concurrent.ConcurrentHashMap$Node[], trace=300000)
	super		50000172
CLS 50000024 (name=java.util.concurrent.ConcurrentHashMap$Node, trace=300000)
	super		50000172
	constant pool entry 48	50000024
	constant pool entry 42	50000172
CLS 50000025 (name=java.util.concurrent.ConcurrentHashMap$Segment[], trace=300000)
	super		50000172
CLS 50000026 (name=java.util.concurrent.locks.ReentrantLock[], trace=300000)
	super		50000172
CLS 50000027 (name=java.util.concurrent.locks.Lock[], trace=300000)
	super		50000172
CLS 50000029 (name=java.util.concurrent.locks.ReentrantLock, trace=300000)
	super		50000172
CLS 50000028 (name=java.util.concurrent.ConcurrentHashMap$Segment, trace=300000)
	super		50000029
CLS 5000002a (name=java.util.concurrent.locks.Lock, trace=300000)
CLS 500000d8 (name=java.util.AbstractMap, trace=300000)
	super		50000172
	constant pool entry 75	500000dc
	constant pool entry 74	500000c5
	constant pool entry 73	50000148
	constant pool entry 72	500000b7
	constant pool entry 66	500000d8
	constant pool entry 63	50000172
CLS 5000002b (name=java.util.concurrent.ConcurrentHashMap, trace=300000)
	super		500000d8
	static serialPersistentFields	50000ef7
	static U	50000d9f
	constant pool entry 1010	500000f8
	constant pool entry 435	50000121
	constant pool entry 411	50000024
	constant pool entry 370	500000d8
	constant pool entry 364	500000b5
	constant pool entry 363	50000172
	constant pool entry 360	5000010b
	constant pool entry 354	5000016a
	constant pool entry 351	500000fd
	constant pool entry 344	50000ef6
	constant pool entry 343	50000ef5
	constant pool entry 342	50000ef4
	constant pool entry 340	50000ef3
	constant pool entry 339	50000ef2
	constant pool entry 14	50000022
	constant pool entry 13	5000002b
	constant pool entry 10	50000025
	constant pool entry 9	50000023
	constant pool entry 8	50000ef1
	constant pool entry 7	50000ef0
	constant pool entry 6	50000eef
CLS 5000002c (name=java.util.concurrent.ConcurrentMap, trace=300000)
CLS 5000002d (name=java.util.Locale$Cache, trace=300000)
	super		5000002e
	constant pool entry 19	5000002e
	constant pool entry 18	50000018
	constant pool entry 17	5000002d
	constant pool entry 15	5000002f
CLS 5000002f (name=java.util.Locale, trace=300000)
	super		50000172
	static LOCALECACHE	5000112e
	static ENGLISH	5000112d
	static FRENCH	5000112c
	static GERMAN	5000112b
	static ITALIAN	5000112a
	static JAPANESE	50001129
	static KOREAN	50001128
	static CHINESE	50001127
	static SIMPLIFIED_CHINESE	50001121
	static TRADITIONAL_CHINESE	50001120
	static FRANCE	50001126
	static GERMANY	50001125
	static ITALY	50001124
	static JAPAN	50001123
	static KOREA	50001122
	static CHINA	50001121
	static PRC	50001121
	static TAIWAN	50001120
	static UK	5000111b
	static US	5000111f
	static CANADA	5000111e
	static CANADA_FRENCH	5000111d
	static ROOT	5000111c
	static defaultLocale	5000111b
	static defaultFormatLocale	50000c38
	static serialPersistentFields	5000111a
	constant pool entry 889	500000f8
	constant pool entry 443	50000017
	constant pool entry 437	5000001c
	constant pool entry 436	50000084
	constant pool entry 431	50000018
	constant pool entry 428	50000c1f
	constant pool entry 427	5000002d
	constant pool entry 425	50000c24
	constant pool entry 417	500000f0
	constant pool entry 412	50000172
	constant pool entry 409	5000010b
	constant pool entry 404	5000016a
	constant pool entry 400	500000fd
	constant pool entry 391	50001119
	constant pool entry 390	50001118
	constant pool entry 389	50001117
	constant pool entry 388	50001116
	constant pool entry 58	5000002f
	constant pool entry 57	5000016e
	constant pool entry 56	50001115
	constant pool entry 52	50001114
	constant pool entry 51	50001113
	constant pool entry 50	50001112
	constant pool entry 49	50001111
	constant pool entry 48	50001110
	constant pool entry 47	5000110f
	constant pool entry 46	5000110e
	constant pool entry 45	5000110d
	constant pool entry 44	5000110c
	constant pool entry 43	5000110b
	constant pool entry 40	5000110a
	constant pool entry 38	50001109
	constant pool entry 34	50001108
	constant pool entry 33	50001107
	constant pool entry 32	50001106
	constant pool entry 31	50001105
	constant pool entry 30	50001104
	constant pool entry 29	50001103
	constant pool entry 24	50001102
	constant pool entry 18	50001101
	constant pool entry 15	50001100
	constant pool entry 13	500010ff
	constant pool entry 11	500010fe
	constant pool entry 6	500010fd
	constant pool entry 1	50000d5d
CLS 50000030 (name=java.lang.reflect.Array, trace=300000)
	super		50000172
	constant pool entry 37	50000030
CLS 50000033 (name=java.nio.charset.CoderResult$Cache, trace=300000)
	super		50000172
	constant pool entry 33	50000033
	constant pool entry 29	50000172
CLS 50000031 (name=java.nio.charset.CoderResult$2, trace=300000)
	super		50000033
	constant pool entry 14	50000033
CLS 50000032 (name=java.nio.charset.CoderResult$1, trace=300000)
	super		50000033
	constant pool entry 12	50000033
CLS 50000034 (name=java.nio.charset.CoderResult, trace=300000)
	super		50000172
	static names	500012b9
	static UNDERFLOW	500012b8
	static OVERFLOW	500012b7
	static malformedCache	500012b6
	static unmappableCache	500012b5
	constant pool entry 137	500000f8
	constant pool entry 82	50000031
	constant pool entry 81	50000032
	constant pool entry 75	5000016e
	constant pool entry 74	50000172
	constant pool entry 73	5000016a
	constant pool entry 7	50000034
	constant pool entry 4	500012b4
	constant pool entry 3	500012b3
	constant pool entry 2	500012b2
	constant pool entry 1	500012b1
CLS 50000113 (name=java.nio.Buffer, trace=300000)
	super		50000172
	constant pool entry 64	50000113
	constant pool entry 62	50000172
CLS 50000036 (name=java.nio.CharBuffer, trace=300000)
	super		50000113
	constant pool entry 114	50000035
	constant pool entry 112	50000036
	constant pool entry 109	50000113
CLS 50000035 (name=java.nio.HeapCharBuffer, trace=300000)
	super		50000036
	constant pool entry 136	500000f8
	constant pool entry 66	50000035
	constant pool entry 65	50000036
	constant pool entry 59	5000016e
CLS 50000038 (name=java.nio.charset.CharsetDecoder, trace=300000)
	super		50000172
	static stateNames	500012a3
	constant pool entry 273	500000f8
	constant pool entry 140	50000077
	constant pool entry 139	50000034
	constant pool entry 137	5000008e
	constant pool entry 134	50000076
	constant pool entry 129	5000016e
	constant pool entry 128	50000172
	constant pool entry 125	5000016a
	constant pool entry 16	50000038
	constant pool entry 15	500012a2
	constant pool entry 12	500012a1
	constant pool entry 7	500012a0
	constant pool entry 4	5000129f
	constant pool entry 3	5000129e
	constant pool entry 2	5000129d
CLS 50000037 (name=sun.nio.cs.SingleByte$Decoder, trace=300000)
	super		50000038
	constant pool entry 56	50000037
	constant pool entry 55	50000081
	constant pool entry 53	50000034
	constant pool entry 52	50000038
	constant pool entry 51	50000036
	constant pool entry 50	50000076
	constant pool entry 48	5000016e
CLS 50000039 (name=sun.nio.cs.ArrayDecoder, trace=300000)
CLS 5000003e (name=java.io.Reader, trace=300000)
	super		50000172
	constant pool entry 57	50000172
	constant pool entry 53	5000003e
CLS 5000003a (name=sun.nio.cs.StreamDecoder, trace=300000)
	super		5000003e
	constant pool entry 136	50000077
	constant pool entry 135	50000034
	constant pool entry 134	50000038
	constant pool entry 133	5000008e
	constant pool entry 130	50000036
	constant pool entry 129	50000076
	constant pool entry 122	5000016a
	constant pool entry 119	5000003e
	constant pool entry 118	5000011e
	constant pool entry 5	5000003a
CLS 5000003c (name=java.io.InputStreamReader, trace=300000)
	super		5000003e
	constant pool entry 45	5000003a
	constant pool entry 38	5000003e
	constant pool entry 37	5000003c
CLS 5000003b (name=java.io.FileReader, trace=300000)
	super		5000003c
	constant pool entry 12	5000003c
	constant pool entry 9	500000b3
CLS 5000003d (name=java.io.BufferedReader, trace=300000)
	super		5000003e
	constant pool entry 176	500000f8
	constant pool entry 93	50000123
	constant pool entry 92	5000016e
	constant pool entry 87	5000003e
	constant pool entry 84	5000003d
	constant pool entry 4	50000d59
CLS 5000003f (name=java.lang.Readable, trace=300000)
CLS 50000040 (name=sun.misc.MetaIndex, trace=300000)
	super		50000172
	static jarMap	500016e8
	constant pool entry 149	500000f8
	constant pool entry 78	50000148
	constant pool entry 77	500000e8
	constant pool entry 76	500000c6
	constant pool entry 75	500000de
	constant pool entry 73	5000016e
	constant pool entry 72	50000172
	constant pool entry 70	5000016a
	constant pool entry 67	5000003b
	constant pool entry 66	5000011c
	constant pool entry 65	5000003d
	constant pool entry 64	500000c8
	constant pool entry 4	50000040
	constant pool entry 3	500016e7
	constant pool entry 2	500016e6
	constant pool entry 1	500016e5
CLS 50000041 (name=sun.misc.Launcher$ExtClassLoader$1, trace=300000)
	super		50000172
	constant pool entry 30	50000040
	constant pool entry 29	50000041
	constant pool entry 28	50000116
	constant pool entry 25	50000172
CLS 50000042 (name=java.io.File[], trace=300000)
	super		50000172
CLS 50000043 (name=java.util.StringTokenizer, trace=300000)
	super		50000172
	constant pool entry 63	50000043
	constant pool entry 60	5000016e
	constant pool entry 59	50000172
	constant pool entry 57	50000111
CLS 50000044 (name=java.net.URLClassLoader$7, trace=300000)
	super		50000172
	constant pool entry 20	5000011b
	constant pool entry 17	50000172
CLS 50000045 (name=sun.misc.JavaNetAccess, trace=300000)
CLS 50000046 (name=java.util.WeakHashMap$KeySet, trace=300000)
	super		500000db
	constant pool entry 28	50000046
	constant pool entry 24	500000db
CLS 50000047 (name=java.util.Collections$SetFromMap, trace=300000)
	super		500000db
	constant pool entry 72	50000148
	constant pool entry 71	50000047
	constant pool entry 69	500000db
	constant pool entry 65	50000112
CLS 50000048 (name=java.util.WeakHashMap$Entry[], trace=300000)
	super		50000172
CLS 50000049 (name=java.lang.ref.WeakReference[], trace=300000)
	super		50000172
CLS 5000004a (name=java.lang.ref.Reference[], trace=300000)
	super		50000172
CLS 50000151 (name=java.lang.ref.WeakReference, trace=300000)
	super		50000153
	constant pool entry 7	50000153
CLS 5000004b (name=java.util.WeakHashMap$Entry, trace=300000)
	super		50000151
	constant pool entry 48	5000004b
	constant pool entry 43	50000151
CLS 5000004c (name=java.lang.ClassLoader$ParallelLoaders, trace=300000)
	super		50000172
	static loaderTypes	50001857
	constant pool entry 31	5000009b
	constant pool entry 30	500000dc
	constant pool entry 29	500000dd
	constant pool entry 26	5000004c
	constant pool entry 25	5000016a
	constant pool entry 1	50000168
CLS 5000004d (name=sun.security.util.Debug, trace=300000)
	super		50000172
	static hexDigits	50001028
	constant pool entry 202	5000004d
	constant pool entry 201	50000084
	constant pool entry 197	500000f0
	constant pool entry 192	5000016e
	constant pool entry 50	50001027
	constant pool entry 49	50001026
	constant pool entry 23	50001025
CLS 5000004e (name=sun.misc.Launcher$Factory, trace=300000)
	super		50000172
	static PREFIX	50001048
	constant pool entry 48	5000004e
	constant pool entry 44	5000000f
	constant pool entry 43	50000122
	constant pool entry 40	50000172
	constant pool entry 38	5000016a
	constant pool entry 4	50001048
	constant pool entry 2	5000103e
	constant pool entry 1	5000103d
CLS 5000004f (name=java.net.URLStreamHandlerFactory, trace=300000)
CLS 50000050 (name=java.lang.Compiler$1, trace=300000)
	super		50000172
	constant pool entry 55	50000167
	constant pool entry 54	50000122
	constant pool entry 52	50000172
	constant pool entry 51	50000050
	constant pool entry 8	50001944
	constant pool entry 7	50001943
	constant pool entry 4	50001942
CLS 50000051 (name=java.lang.Compiler, trace=300000)
	super		50000172
	constant pool entry 25	500000f0
	constant pool entry 23	50000050
	constant pool entry 22	50000051
CLS 50000166 (name=java.lang.Throwable, trace=300000)
	super		50000172
	static UNASSIGNED_STACK	5000116d
	static SUPPRESSED_SENTINEL	5000116c
	static NULL_CAUSE_MESSAGE	5000116b
	static SELF_SUPPRESSION_MESSAGE	5000116a
	static CAUSE_CAPTION	50001169
	static SUPPRESSED_CAPTION	50001168
	static EMPTY_THROWABLE_ARRAY	50001167
	constant pool entry 325	500000f8
	constant pool entry 171	500000dd
	constant pool entry 170	500000de
	constant pool entry 160	50000114
	constant pool entry 159	50000172
	constant pool entry 154	5000016a
	constant pool entry 18	50000166
CLS 50000163 (name=java.lang.Exception, trace=300000)
	super		50000166
	constant pool entry 14	50000166
CLS 50000162 (name=java.lang.RuntimeException, trace=300000)
	super		50000163
CLS 50000052 (name=java.lang.IllegalArgumentException, trace=300000)
	super		50000162
CLS 50000053 (name=java.lang.System$2, trace=300000)
	super		50000172
	constant pool entry 44	50000172
CLS 50000054 (name=sun.misc.JavaLangAccess, trace=300000)
CLS 50000055 (name=sun.io.Win32ErrorMode, trace=300000)
	super		50000172
	constant pool entry 44	500000c1
	constant pool entry 43	50000055
	constant pool entry 42	50000167
	constant pool entry 1	50000ecb
CLS 50000056 (name=sun.misc.OSEnvironment, trace=300000)
	super		50000172
	constant pool entry 9	50000055
CLS 50000057 (name=java.lang.Integer[], trace=300000)
	super		50000172
CLS 50000058 (name=java.lang.Number[], trace=300000)
	super		50000172
CLS 50000059 (name=java.lang.Integer$IntegerCache, trace=300000)
	super		50000172
	static cache	50000f05
	constant pool entry 70	500000f8
	constant pool entry 46	500000c1
	constant pool entry 41	50000059
	constant pool entry 40	5000016a
	constant pool entry 3	5000010b
	constant pool entry 2	50000da1
CLS 5000005a (name=sun.misc.NativeSignalHandler, trace=300000)
	super		50000172
	constant pool entry 19	5000005a
	constant pool entry 18	50000172
CLS 5000005b (name=sun.misc.Signal, trace=300000)
	super		50000172
	static handlers	500018e7
	static signals	500018e6
	constant pool entry 84	5000005d
	constant pool entry 82	5000005b
	constant pool entry 81	5000005a
	constant pool entry 80	50000146
	constant pool entry 74	50000172
	constant pool entry 73	5000010b
CLS 5000005c (name=java.lang.Terminator$1, trace=300000)
	super		50000172
	constant pool entry 18	50000172
CLS 5000005d (name=sun.misc.SignalHandler, trace=300000)
	static SIG_DFL	500018e5
	static SIG_IGN	500018e4
	constant pool entry 14	5000005d
	constant pool entry 13	5000005a
CLS 5000005e (name=java.lang.Terminator, trace=300000)
	super		50000172
	static handler	500018e3
	constant pool entry 26	5000005b
	constant pool entry 25	5000005c
	constant pool entry 24	5000005e
	constant pool entry 2	500018e2
	constant pool entry 1	500018e1
CLS 5000005f (name=java.lang.ClassLoader$NativeLibrary, trace=300000)
	super		50000172
	constant pool entry 54	500000e3
	constant pool entry 51	50000172
	constant pool entry 50	5000005f
	constant pool entry 49	50000168
CLS 50000061 (name=java.io.ExpiringCache$Entry, trace=300000)
	super		50000172
	constant pool entry 21	50000172
	constant pool entry 20	50000061
CLS 50000062 (name=java.io.File$PathStatus[], trace=300000)
	super		50000172
CLS 50000063 (name=java.lang.Enum[], trace=300000)
	super		50000172
CLS 50000064 (name=java.lang.ClassLoader$3, trace=300000)
	super		50000172
	constant pool entry 25	50000172
	constant pool entry 24	50000064
	constant pool entry 22	50000112
	constant pool entry 21	5000011c
CLS 50000065 (name=java.nio.file.Path, trace=300000)
CLS 50000066 (name=java.nio.file.Watchable, trace=300000)
CLS 50000068 (name=java.lang.Enum, trace=300000)
	super		50000172
	constant pool entry 70	50000172
	constant pool entry 5	50000068
CLS 50000067 (name=java.io.File$PathStatus, trace=300000)
	super		50000068
	static INVALID	50001271
	static CHECKED	50001270
	static $VALUES	5000126f
	constant pool entry 45	500000f8
	constant pool entry 23	50000068
	constant pool entry 3	50000067
	constant pool entry 2	5000126e
	constant pool entry 1	5000126d
CLS 500000c6 (name=java.util.HashMap, trace=300000)
	super		500000d8
	constant pool entry 466	500000f8
	constant pool entry 227	50000148
	constant pool entry 222	50000014
	constant pool entry 221	500000c4
	constant pool entry 214	50000349
	constant pool entry 212	500000c6
	constant pool entry 209	500000d8
	constant pool entry 205	50000172
	constant pool entry 200	5000010f
	constant pool entry 190	500000c2
CLS 5000006a (name=java.util.LinkedHashMap, trace=300000)
	super		500000c6
	constant pool entry 98	500006f2
	constant pool entry 96	50000060
	constant pool entry 95	5000006a
	constant pool entry 93	500000c4
	constant pool entry 92	500000c6
CLS 50000069 (name=java.io.ExpiringCache$1, trace=300000)
	super		5000006a
	constant pool entry 24	5000006a
	constant pool entry 22	50000069
	constant pool entry 21	5000006b
CLS 5000006b (name=java.io.ExpiringCache, trace=300000)
	super		50000172
	constant pool entry 62	50000148
	constant pool entry 60	50000167
	constant pool entry 58	50000172
	constant pool entry 57	50000061
	constant pool entry 56	50000069
	constant pool entry 55	5000006b
CLS 5000006d (name=java.io.FileSystem, trace=300000)
	super		50000172
	constant pool entry 75	50000167
	constant pool entry 73	50000172
	constant pool entry 71	5000006d
	constant pool entry 2	50001265
	constant pool entry 1	50001264
CLS 5000006c (name=java.io.WinNTFileSystem, trace=300000)
	super		5000006d
	static driveDirCache	500010fc
	constant pool entry 310	500000f8
	constant pool entry 153	50000084
	constant pool entry 152	5000002f
	constant pool entry 151	500000f0
	constant pool entry 150	50000167
	constant pool entry 149	50000122
	constant pool entry 148	50000123
	constant pool entry 147	5000016e
	constant pool entry 143	5000006c
	constant pool entry 141	5000006d
	constant pool entry 140	5000011c
	constant pool entry 139	5000006b
	constant pool entry 9	500010fb
	constant pool entry 8	500010fa
	constant pool entry 7	500010f9
CLS 5000006e (name=java.io.DefaultFileSystem, trace=300000)
	super		50000172
	constant pool entry 9	5000006c
CLS 50000091 (name=java.io.Writer, trace=300000)
	super		50000172
	constant pool entry 50	5000016e
	constant pool entry 49	50000172
	constant pool entry 45	50000091
CLS 5000006f (name=java.io.BufferedWriter, trace=300000)
	super		50000091
	constant pool entry 117	500000f8
	constant pool entry 64	50000084
	constant pool entry 63	500000f0
	constant pool entry 60	5000016e
	constant pool entry 56	50000091
	constant pool entry 54	5000006f
	constant pool entry 3	50000d5e
CLS 50000070 (name=java.nio.Bits$1, trace=300000)
	super		50000172
	constant pool entry 18	50000172
CLS 50000071 (name=sun.misc.JavaNioAccess, trace=300000)
CLS 50000110 (name=java.lang.Number, trace=300000)
	super		50000172
	constant pool entry 26	50000172
CLS 50000072 (name=java.util.concurrent.atomic.AtomicLong, trace=300000)
	super		50000110
	static unsafe	50000d9f
	constant pool entry 79	50000121
	constant pool entry 76	50000110
	constant pool entry 72	5000016a
	constant pool entry 2	50000072
	constant pool entry 1	50000ef6
CLS 50000073 (name=java.nio.ByteOrder, trace=300000)
	super		50000172
	static BIG_ENDIAN	5000161d
	static LITTLE_ENDIAN	5000161c
	constant pool entry 21	50000073
	constant pool entry 19	50000172
	constant pool entry 2	5000161b
	constant pool entry 1	5000161a
CLS 50000074 (name=java.nio.Bits, trace=300000)
	super		50000172
	static unsafe	50000d9f
	static byteOrder	5000161c
	static reservedMemory	50001622
	static totalCapacity	50001621
	static count	50001620
	constant pool entry 268	500000c1
	constant pool entry 267	50000121
	constant pool entry 266	500000cc
	constant pool entry 264	50000072
	constant pool entry 262	50000073
	constant pool entry 260	50000070
	constant pool entry 246	5000016a
	constant pool entry 8	50000074
CLS 50000076 (name=java.nio.ByteBuffer, trace=300000)
	super		50000113
	constant pool entry 138	50000075
	constant pool entry 136	50000073
	constant pool entry 135	50000076
	constant pool entry 132	50000113
	constant pool entry 131	50000074
CLS 50000075 (name=java.nio.HeapByteBuffer, trace=300000)
	super		50000076
	constant pool entry 257	500000f8
	constant pool entry 120	50000075
	constant pool entry 104	50000076
	constant pool entry 100	50000167
CLS 50000077 (name=java.nio.charset.CodingErrorAction, trace=300000)
	super		50000172
	static IGNORE	500012ad
	static REPLACE	500012ac
	static REPORT	500012ab
	constant pool entry 19	50000077
	constant pool entry 18	50000172
	constant pool entry 3	500012aa
	constant pool entry 2	500012a9
	constant pool entry 1	500012a8
CLS 50000079 (name=java.nio.charset.CharsetEncoder, trace=300000)
	super		50000172
	static stateNames	50001618
	constant pool entry 355	500000f8
	constant pool entry 164	50000095
	constant pool entry 163	50000077
	constant pool entry 162	50000034
	constant pool entry 159	5000008e
	constant pool entry 150	5000016e
	constant pool entry 149	50000172
	constant pool entry 146	5000016a
	constant pool entry 16	50000079
	constant pool entry 13	500012a1
	constant pool entry 7	500012a0
	constant pool entry 4	5000129f
	constant pool entry 3	5000129e
	constant pool entry 2	5000129d
CLS 50000078 (name=sun.nio.cs.SingleByte$Encoder, trace=300000)
	super		50000079
	constant pool entry 75	50000078
	constant pool entry 74	50000081
	constant pool entry 72	50000034
	constant pool entry 71	50000079
	constant pool entry 70	50000036
	constant pool entry 69	50000076
CLS 5000007a (name=sun.nio.cs.ArrayEncoder, trace=300000)
CLS 5000013d (name=sun.reflect.MagicAccessorImpl, trace=300000)
	super		50000172
	constant pool entry 6	50000172
CLS 50000139 (name=sun.reflect.ConstructorAccessorImpl, trace=300000)
	super		5000013d
	constant pool entry 18	5000013d
CLS 5000007b (name=sun.reflect.DelegatingConstructorAccessorImpl, trace=300000)
	super		50000139
	constant pool entry 18	5000007b
	constant pool entry 17	50000139
CLS 5000007c (name=sun.reflect.NativeConstructorAccessorImpl, trace=300000)
	super		50000139
	constant pool entry 42	500000e2
	constant pool entry 41	5000007c
	constant pool entry 38	50000139
CLS 5000007d (name=sun.reflect.ReflectionFactory$1, trace=300000)
	super		50000172
	constant pool entry 49	5000007d
	constant pool entry 48	500000e2
	constant pool entry 46	50000167
	constant pool entry 43	50000172
	constant pool entry 3	50000d87
	constant pool entry 2	50000d86
CLS 5000007e (name=java.lang.Class$1, trace=300000)
	super		50000172
	constant pool entry 23	5000013e
	constant pool entry 22	50000172
	constant pool entry 21	5000007e
CLS 5000007f (name=java.lang.reflect.Constructor[], trace=300000)
	super		50000172
CLS 50000080 (name=java.lang.reflect.Executable[], trace=300000)
	super		50000172
CLS 50000081 (name=sun.nio.cs.SingleByte, trace=300000)
	super		50000172
	constant pool entry 23	50000081
	constant pool entry 22	50000113
CLS 5000008e (name=java.nio.charset.Charset, trace=300000)
	super		50000172
	static bugLevel	50000d5d
	static standardProvider	500012c2
	static cache1	5000072e
	static cache2	50000435
	static gate	500012c1
	static defaultCharset	500012c0
	constant pool entry 316	500000f8
	constant pool entry 157	50000084
	constant pool entry 155	5000008b
	constant pool entry 154	500000c1
	constant pool entry 148	500000f0
	constant pool entry 147	5000008d
	constant pool entry 134	50000086
	constant pool entry 133	5000016e
	constant pool entry 132	50000172
	constant pool entry 9	5000008e
	constant pool entry 7	500012bf
	constant pool entry 6	500012be
	constant pool entry 2	5000129d
	constant pool entry 1	50000d5d
CLS 50000082 (name=sun.nio.cs.MS1252, trace=300000)
	super		5000008e
	static b2cTable	500016d2
	static b2c	500016d5
	static c2b	500016d4
	static c2bIndex	500016d3
	constant pool entry 83	500000f8
	constant pool entry 51	5000008b
	constant pool entry 50	50000078
	constant pool entry 49	50000037
	constant pool entry 48	50000081
	constant pool entry 47	50000082
	constant pool entry 45	5000008e
	constant pool entry 44	5000016e
	constant pool entry 4	500016d2
	constant pool entry 3	50001365
CLS 50000083 (name=sun.nio.cs.HistoricallyNamedCharset, trace=300000)
CLS 50000084 (name=sun.security.action.GetPropertyAction, trace=300000)
	super		50000172
	constant pool entry 25	50000084
	constant pool entry 23	50000167
	constant pool entry 21	50000172
CLS 50000085 (name=java.util.concurrent.atomic.AtomicInteger, trace=300000)
	super		50000110
	static unsafe	50000d9f
	constant pool entry 75	50000121
	constant pool entry 72	50000110
	constant pool entry 68	5000016a
	constant pool entry 2	50000085
	constant pool entry 1	50000ef6
CLS 50000086 (name=java.lang.ThreadLocal, trace=300000)
	super		50000172
	static nextHashCode	5000129c
	constant pool entry 58	50000085
	constant pool entry 56	50000420
	constant pool entry 55	5000041e
	constant pool entry 52	50000086
	constant pool entry 51	5000014b
	constant pool entry 50	50000172
CLS 5000008a (name=sun.util.PreHashedMap, trace=300000)
	super		500000d8
	constant pool entry 91	500000f8
	constant pool entry 47	5000008a
	constant pool entry 44	500000d8
	constant pool entry 42	5000016e
	constant pool entry 41	50000172
	constant pool entry 40	50000109
CLS 50000087 (name=sun.nio.cs.StandardCharsets$Cache, trace=300000)
	super		5000008a
	constant pool entry 115	500000f8
	constant pool entry 105	5000008a
	constant pool entry 104	50000087
	constant pool entry 101	50000172
	constant pool entry 39	500012fe
	constant pool entry 38	500012ec
	constant pool entry 37	500012f4
	constant pool entry 36	50001332
	constant pool entry 35	5000132a
	constant pool entry 34	50001355
	constant pool entry 33	50001359
	constant pool entry 32	50001362
	constant pool entry 31	50001365
	constant pool entry 30	50001370
	constant pool entry 29	50001373
	constant pool entry 28	50001342
	constant pool entry 27	500012e0
	constant pool entry 26	50001368
	constant pool entry 25	5000137c
	constant pool entry 24	5000137f
	constant pool entry 23	50001351
	constant pool entry 22	5000135c
	constant pool entry 21	50001317
	constant pool entry 20	500012e4
	constant pool entry 19	500012e8
	constant pool entry 18	5000132e
	constant pool entry 17	50001335
	constant pool entry 16	5000133b
	constant pool entry 15	5000133f
	constant pool entry 14	50001348
	constant pool entry 13	5000130c
	constant pool entry 12	50001314
	constant pool entry 11	5000134b
	constant pool entry 10	50001379
	constant pool entry 9	50001387
	constant pool entry 8	500012fb
	constant pool entry 7	50001306
	constant pool entry 6	5000131d
	constant pool entry 5	50001326
	constant pool entry 4	50001320
	constant pool entry 3	50001309
	constant pool entry 2	500012f8
	constant pool entry 1	500012f0
CLS 50000088 (name=sun.nio.cs.StandardCharsets$Classes, trace=300000)
	super		5000008a
	constant pool entry 193	500000f8
	constant pool entry 183	5000008a
	constant pool entry 182	50000088
	constant pool entry 179	50000172
	constant pool entry 78	500012fe
	constant pool entry 77	500012ec
	constant pool entry 76	500012f4
	constant pool entry 75	50001332
	constant pool entry 74	5000132a
	constant pool entry 73	50001355
	constant pool entry 72	50001359
	constant pool entry 71	50001362
	constant pool entry 70	50001365
	constant pool entry 69	50001370
	constant pool entry 68	50001373
	constant pool entry 67	50001342
	constant pool entry 66	500012e0
	constant pool entry 65	50001368
	constant pool entry 64	5000137c
	constant pool entry 63	5000137f
	constant pool entry 62	50001351
	constant pool entry 61	5000135c
	constant pool entry 60	50001317
	constant pool entry 59	500012e4
	constant pool entry 58	500012e8
	constant pool entry 57	5000132e
	constant pool entry 56	50001335
	constant pool entry 55	5000133b
	constant pool entry 54	5000133f
	constant pool entry 53	50001348
	constant pool entry 52	5000130c
	constant pool entry 51	50001314
	constant pool entry 50	5000134b
	constant pool entry 49	50001379
	constant pool entry 48	50001387
	constant pool entry 47	500012fb
	constant pool entry 46	50001306
	constant pool entry 45	5000131d
	constant pool entry 44	50001326
	constant pool entry 43	50001320
	constant pool entry 42	50001309
	constant pool entry 41	500012f8
	constant pool entry 40	500012f0
	constant pool entry 39	50001343
	constant pool entry 38	500012ff
	constant pool entry 37	500012e1
	constant pool entry 36	500012ed
	constant pool entry 35	50001369
	constant pool entry 34	5000137d
	constant pool entry 33	500012f5
	constant pool entry 32	50001380
	constant pool entry 31	50001352
	constant pool entry 30	5000135d
	constant pool entry 29	50001318
	constant pool entry 28	50001356
	constant pool entry 27	5000135a
	constant pool entry 26	50001363
	constant pool entry 25	50001366
	constant pool entry 24	50001371
	constant pool entry 23	50001374
	constant pool entry 22	500012e5
	constant pool entry 21	500012e9
	constant pool entry 20	5000132f
	constant pool entry 19	50001336
	constant pool entry 18	5000133c
	constant pool entry 17	50001340
	constant pool entry 16	50001349
	constant pool entry 15	5000130d
	constant pool entry 14	50001315
	constant pool entry 13	5000134c
	constant pool entry 12	50001333
	constant pool entry 11	5000137a
	constant pool entry 10	50001388
	constant pool entry 9	500012f9
	constant pool entry 8	500012fc
	constant pool entry 7	50001307
	constant pool entry 6	5000131e
	constant pool entry 5	50001327
	constant pool entry 4	50001321
	constant pool entry 3	5000132b
	constant pool entry 2	5000130a
	constant pool entry 1	500012f1
CLS 50000089 (name=sun.nio.cs.StandardCharsets$Aliases, trace=300000)
	super		5000008a
	constant pool entry 519	500000f8
	constant pool entry 509	5000008a
	constant pool entry 508	50000089
	constant pool entry 505	50000172
	constant pool entry 241	500012fe
	constant pool entry 240	500014e2
	constant pool entry 239	500012ec
	constant pool entry 238	50001587
	constant pool entry 237	500012f4
	constant pool entry 236	500015bd
	constant pool entry 235	50001480
	constant pool entry 234	50001332
	constant pool entry 233	5000132a
	constant pool entry 232	5000146d
	constant pool entry 231	50001355
	constant pool entry 230	50001359
	constant pool entry 229	50001362
	constant pool entry 228	50001365
	constant pool entry 227	50001370
	constant pool entry 226	50001373
	constant pool entry 225	500015ab
	constant pool entry 224	50001455
	constant pool entry 223	500014b5
	constant pool entry 222	500014b9
	constant pool entry 221	5000144d
	constant pool entry 220	500014fe
	constant pool entry 219	500015a9
	constant pool entry 218	50001453
	constant pool entry 217	50001467
	constant pool entry 216	500014da
	constant pool entry 215	500014ee
	constant pool entry 214	50001342
	constant pool entry 213	5000144f
	constant pool entry 212	500012e0
	constant pool entry 211	50001506
	constant pool entry 210	50001368
	constant pool entry 209	5000137c
	constant pool entry 208	5000137f
	constant pool entry 207	50001351
	constant pool entry 206	5000135c
	constant pool entry 205	50001317
	constant pool entry 204	500014ad
	constant pool entry 203	5000157d
	constant pool entry 202	500015e5
	constant pool entry 201	500014f2
	constant pool entry 200	50001583
	constant pool entry 199	500015bf
	constant pool entry 198	5000149d
	constant pool entry 197	5000147c
	constant pool entry 196	500014d8
	constant pool entry 195	5000150a
	constant pool entry 194	5000150e
	constant pool entry 193	50001510
	constant pool entry 192	50001512
	constant pool entry 191	50001514
	constant pool entry 190	50001516
	constant pool entry 189	50001541
	constant pool entry 188	50001546
	constant pool entry 187	5000154a
	constant pool entry 186	50001553
	constant pool entry 185	50001557
	constant pool entry 184	500015b7
	constant pool entry 183	500015b9
	constant pool entry 182	500012e4
	constant pool entry 181	500012e8
	constant pool entry 180	50001536
	constant pool entry 179	50001538
	constant pool entry 178	50001532
	constant pool entry 177	50001471
	constant pool entry 176	500015e1
	constant pool entry 175	50001475
	constant pool entry 174	5000149f
	constant pool entry 173	50001478
	constant pool entry 172	500014de
	constant pool entry 171	5000147a
	constant pool entry 170	50001585
	constant pool entry 169	5000147e
	constant pool entry 168	500015c3
	constant pool entry 167	50001567
	constant pool entry 166	50001569
	constant pool entry 165	50001483
	constant pool entry 164	5000145b
	constant pool entry 163	50001465
	constant pool entry 162	50001571
	constant pool entry 161	50001573
	constant pool entry 160	50001575
	constant pool entry 159	50001577
	constant pool entry 158	50001579
	constant pool entry 157	50001581
	constant pool entry 156	500014b7
	constant pool entry 155	500014bc
	constant pool entry 154	5000157b
	constant pool entry 153	5000148b
	constant pool entry 152	5000148d
	constant pool entry 151	5000148f
	constant pool entry 150	50001491
	constant pool entry 149	50001495
	constant pool entry 148	500014a1
	constant pool entry 147	500014a3
	constant pool entry 146	50001497
	constant pool entry 145	500015e3
	constant pool entry 144	50001596
	constant pool entry 143	500014ea
	constant pool entry 142	500014ec
	constant pool entry 141	50001502
	constant pool entry 140	5000150c
	constant pool entry 139	5000151a
	constant pool entry 138	5000151c
	constant pool entry 137	5000132e
	constant pool entry 136	50001335
	constant pool entry 135	5000133b
	constant pool entry 134	5000133f
	constant pool entry 133	50001348
	constant pool entry 132	5000130c
	constant pool entry 131	50001314
	constant pool entry 130	5000134b
	constant pool entry 129	500014a7
	constant pool entry 128	50001551
	constant pool entry 127	5000155b
	constant pool entry 126	5000156b
	constant pool entry 125	5000156d
	constant pool entry 124	5000156f
	constant pool entry 123	500014e4
	constant pool entry 122	50001379
	constant pool entry 121	50001387
	constant pool entry 120	500012fb
	constant pool entry 119	50001306
	constant pool entry 118	5000131d
	constant pool entry 117	50001326
	constant pool entry 116	50001526
	constant pool entry 115	5000152c
	constant pool entry 114	50001320
	constant pool entry 113	50001500
	constant pool entry 112	50001309
	constant pool entry 111	50001485
	constant pool entry 110	500012f8
	constant pool entry 109	5000152e
	constant pool entry 108	50001530
	constant pool entry 107	50001559
	constant pool entry 106	5000155d
	constant pool entry 105	50001560
	constant pool entry 104	500014e0
	constant pool entry 103	500014e6
	constant pool entry 102	500014e8
	constant pool entry 101	500014f6
	constant pool entry 100	500014f8
	constant pool entry 99	500014fa
	constant pool entry 98	500014fc
	constant pool entry 97	50001520
	constant pool entry 96	50001522
	constant pool entry 95	500014b3
	constant pool entry 94	500014f4
	constant pool entry 93	500014a5
	constant pool entry 92	50001562
	constant pool entry 91	5000149b
	constant pool entry 90	500014d6
	constant pool entry 89	500015bb
	constant pool entry 88	500014dc
	constant pool entry 87	5000154d
	constant pool entry 86	5000146f
	constant pool entry 85	50001473
	constant pool entry 84	500015a4
	constant pool entry 83	50001487
	constant pool entry 82	50001451
	constant pool entry 81	50001493
	constant pool entry 80	500014d4
	constant pool entry 79	500015d2
	constant pool entry 78	500015e7
	constant pool entry 77	500015e9
	constant pool entry 76	500015eb
	constant pool entry 75	500015ed
	constant pool entry 74	500015ef
	constant pool entry 73	500015f1
	constant pool entry 72	500014be
	constant pool entry 71	500014c3
	constant pool entry 70	500014d2
	constant pool entry 69	50001469
	constant pool entry 68	5000158d
	constant pool entry 67	500015ad
	constant pool entry 66	500015af
	constant pool entry 65	500015b1
	constant pool entry 64	500015b3
	constant pool entry 63	500015b5
	constant pool entry 62	5000151e
	constant pool entry 61	50001528
	constant pool entry 60	5000152a
	constant pool entry 59	5000153a
	constant pool entry 58	5000153f
	constant pool entry 57	50001544
	constant pool entry 56	50001548
	constant pool entry 55	5000154f
	constant pool entry 54	5000159f
	constant pool entry 53	500015a2
	constant pool entry 52	50001504
	constant pool entry 51	5000153c
	constant pool entry 50	50001457
	constant pool entry 49	50001459
	constant pool entry 48	5000145d
	constant pool entry 47	5000145f
	constant pool entry 46	50001461
	constant pool entry 45	50001463
	constant pool entry 44	500014f0
	constant pool entry 43	500014a9
	constant pool entry 42	500014c5
	constant pool entry 41	500014c8
	constant pool entry 40	500014ca
	constant pool entry 39	500014cc
	constant pool entry 38	500014ce
	constant pool entry 37	500014d0
	constant pool entry 36	500014b1
	constant pool entry 35	500014c0
	constant pool entry 34	500012f0
	constant pool entry 33	50001489
	constant pool entry 32	50001499
	constant pool entry 31	5000146b
	constant pool entry 30	50001508
	constant pool entry 29	50001524
	constant pool entry 28	500015a6
	constant pool entry 27	500015d7
	constant pool entry 26	500015d9
	constant pool entry 25	500015db
	constant pool entry 24	500015dd
	constant pool entry 23	500015df
	constant pool entry 22	500015c5
	constant pool entry 21	500015c7
	constant pool entry 20	500015cb
	constant pool entry 19	500015ce
	constant pool entry 18	500015d0
	constant pool entry 17	500014ab
	constant pool entry 16	500014af
	constant pool entry 15	500015d4
	constant pool entry 14	5000157f
	constant pool entry 13	50001589
	constant pool entry 12	5000158b
	constant pool entry 11	5000158f
	constant pool entry 10	50001594
	constant pool entry 9	50001599
	constant pool entry 8	5000159b
	constant pool entry 7	5000159d
	constant pool entry 6	500015c1
	constant pool entry 5	500015c9
	constant pool entry 4	50001534
	constant pool entry 3	50001591
	constant pool entry 2	50001564
	constant pool entry 1	50001518
CLS 5000008d (name=java.nio.charset.spi.CharsetProvider, trace=300000)
	super		50000172
	constant pool entry 21	50000167
	constant pool entry 18	50000172
CLS 5000008c (name=sun.nio.cs.FastCharsetProvider, trace=300000)
	super		5000008d
	constant pool entry 135	500000f8
	constant pool entry 71	5000008c
	constant pool entry 70	50000148
	constant pool entry 69	5000008d
	constant pool entry 68	5000008e
	constant pool entry 66	50000122
	constant pool entry 65	5000016e
	constant pool entry 63	50000172
	constant pool entry 59	5000016a
	constant pool entry 2	50001318
	constant pool entry 1	5000103d
CLS 5000008b (name=sun.nio.cs.StandardCharsets, trace=300000)
	super		5000008c
	static aliases_US_ASCII	5000168a
	static aliases_UTF_8	50001614
	static aliases_CESU_8	50001689
	static aliases_UTF_16	50001688
	static aliases_UTF_16BE	50001687
	static aliases_UTF_16LE	50001686
	static aliases_UTF_16LE_BOM	50001685
	static aliases_UTF_32	50001684
	static aliases_UTF_32LE	50001683
	static aliases_UTF_32BE	50001682
	static aliases_UTF_32LE_BOM	50001681
	static aliases_UTF_32BE_BOM	50001680
	static aliases_ISO_8859_1	5000167f
	static aliases_ISO_8859_2	5000167e
	static aliases_ISO_8859_4	5000167d
	static aliases_ISO_8859_5	5000167c
	static aliases_ISO_8859_7	5000167b
	static aliases_ISO_8859_9	5000167a
	static aliases_ISO_8859_13	50001679
	static aliases_ISO_8859_15	50001678
	static aliases_KOI8_R	50001677
	static aliases_KOI8_U	50001676
	static aliases_MS1250	50001675
	static aliases_MS1251	50001674
	static aliases_MS1252	50001673
	static aliases_MS1253	50001672
	static aliases_MS1254	50001671
	static aliases_MS1257	50001670
	static aliases_IBM437	5000166f
	static aliases_IBM737	5000166e
	static aliases_IBM775	5000166d
	static aliases_IBM850	5000166c
	static aliases_IBM852	5000166b
	static aliases_IBM855	5000166a
	static aliases_IBM857	50001669
	static aliases_IBM858	50001668
	static aliases_IBM862	50001667
	static aliases_IBM866	50001666
	static aliases_IBM874	50001665
	constant pool entry 574	500000f8
	constant pool entry 483	50000088
	constant pool entry 482	50000087
	constant pool entry 481	50000089
	constant pool entry 479	5000008b
	constant pool entry 478	5000008c
	constant pool entry 477	5000016e
	constant pool entry 476	500014e4
	constant pool entry 475	500014e0
	constant pool entry 474	5000157f
	constant pool entry 209	5000146d
	constant pool entry 208	500014ee
	constant pool entry 207	500014ad
	constant pool entry 206	500015bf
	constant pool entry 205	5000149d
	constant pool entry 204	5000147c
	constant pool entry 203	500012c3
	constant pool entry 202	5000150e
	constant pool entry 201	50001510
	constant pool entry 200	50001512
	constant pool entry 199	50001514
	constant pool entry 198	50001546
	constant pool entry 197	5000154a
	constant pool entry 196	50001553
	constant pool entry 195	50001557
	constant pool entry 194	500015b7
	constant pool entry 193	500015b9
	constant pool entry 192	50001536
	constant pool entry 191	50001569
	constant pool entry 190	50001465
	constant pool entry 189	50001571
	constant pool entry 188	50001573
	constant pool entry 187	50001575
	constant pool entry 186	50001577
	constant pool entry 185	50001579
	constant pool entry 184	500014bc
	constant pool entry 183	5000148d
	constant pool entry 182	50001491
	constant pool entry 181	50001596
	constant pool entry 180	500014ea
	constant pool entry 179	500014ec
	constant pool entry 178	50001502
	constant pool entry 177	5000150c
	constant pool entry 176	5000151a
	constant pool entry 175	5000151c
	constant pool entry 174	5000155b
	constant pool entry 173	5000156b
	constant pool entry 172	5000156d
	constant pool entry 171	5000156f
	constant pool entry 170	50001379
	constant pool entry 169	50001387
	constant pool entry 168	500012fb
	constant pool entry 167	50001306
	constant pool entry 166	5000131d
	constant pool entry 165	50001326
	constant pool entry 164	5000152c
	constant pool entry 163	50001320
	constant pool entry 162	50001500
	constant pool entry 161	50001309
	constant pool entry 160	50001530
	constant pool entry 159	50001559
	constant pool entry 158	5000155d
	constant pool entry 157	50001560
	constant pool entry 156	500014e6
	constant pool entry 155	500014e8
	constant pool entry 154	500014f6
	constant pool entry 153	500014f8
	constant pool entry 152	500014fa
	constant pool entry 151	500014fc
	constant pool entry 150	50001522
	constant pool entry 149	500014b3
	constant pool entry 148	500014f4
	constant pool entry 147	500014a5
	constant pool entry 146	50001562
	constant pool entry 145	5000149b
	constant pool entry 144	500014dc
	constant pool entry 143	5000154d
	constant pool entry 142	5000146f
	constant pool entry 141	500015a4
	constant pool entry 140	50001487
	constant pool entry 139	50001451
	constant pool entry 138	50001493
	constant pool entry 137	50001664
	constant pool entry 136	50001663
	constant pool entry 135	50001662
	constant pool entry 134	50001661
	constant pool entry 133	50001660
	constant pool entry 132	5000165f
	constant pool entry 131	5000165e
	constant pool entry 130	5000165d
	constant pool entry 129	5000165c
	constant pool entry 128	5000165b
	constant pool entry 127	5000165a
	constant pool entry 126	50001659
	constant pool entry 125	50001658
	constant pool entry 124	50001657
	constant pool entry 123	500015ad
	constant pool entry 122	500015af
	constant pool entry 121	500015b1
	constant pool entry 120	500015b3
	constant pool entry 119	500015b5
	constant pool entry 118	5000151e
	constant pool entry 117	50001528
	constant pool entry 116	5000152a
	constant pool entry 115	5000153a
	constant pool entry 114	5000153f
	constant pool entry 113	50001544
	constant pool entry 112	50001548
	constant pool entry 111	5000154f
	constant pool entry 110	5000159f
	constant pool entry 109	500015a2
	constant pool entry 108	50001504
	constant pool entry 107	5000153c
	constant pool entry 106	50001457
	constant pool entry 105	50001459
	constant pool entry 104	5000145d
	constant pool entry 103	5000145f
	constant pool entry 102	50001461
	constant pool entry 101	50001463
	constant pool entry 100	500014f0
	constant pool entry 99	500014a9
	constant pool entry 98	500014c5
	constant pool entry 97	500014c8
	constant pool entry 96	500014ca
	constant pool entry 95	500014cc
	constant pool entry 94	500014ce
	constant pool entry 93	500014d0
	constant pool entry 92	500014b1
	constant pool entry 91	50001489
	constant pool entry 90	50001499
	constant pool entry 89	500015a6
	constant pool entry 88	50001656
	constant pool entry 87	50001655
	constant pool entry 86	50001654
	constant pool entry 85	50001653
	constant pool entry 84	50001652
	constant pool entry 83	50001651
	constant pool entry 82	50001650
	constant pool entry 81	5000164f
	constant pool entry 80	500012ff
	constant pool entry 79	500012e1
	constant pool entry 78	500012ed
	constant pool entry 77	50001369
	constant pool entry 76	5000137d
	constant pool entry 75	50001380
	constant pool entry 74	50001352
	constant pool entry 73	5000135d
	constant pool entry 72	50001616
	constant pool entry 71	5000164e
	constant pool entry 70	5000164d
	constant pool entry 69	5000164c
	constant pool entry 68	5000164b
	constant pool entry 67	5000164a
	constant pool entry 66	50001649
	constant pool entry 65	50001648
	constant pool entry 64	5000134c
	constant pool entry 63	50001647
	constant pool entry 62	50001646
	constant pool entry 61	50001645
	constant pool entry 60	50001644
	constant pool entry 59	50001643
	constant pool entry 58	50001642
	constant pool entry 57	50001641
	constant pool entry 56	50001640
	constant pool entry 55	5000163f
	constant pool entry 54	5000163e
	constant pool entry 53	5000163d
	constant pool entry 52	5000163c
	constant pool entry 51	5000163b
	constant pool entry 50	5000163a
	constant pool entry 49	50001639
	constant pool entry 48	50001638
	constant pool entry 47	50001637
	constant pool entry 46	50001636
	constant pool entry 45	50001635
	constant pool entry 44	50001634
	constant pool entry 43	50001633
	constant pool entry 42	50001632
	constant pool entry 41	50001631
	constant pool entry 40	50001630
	constant pool entry 39	5000162f
	constant pool entry 38	5000162e
	constant pool entry 37	5000162d
	constant pool entry 36	5000162c
	constant pool entry 35	5000162b
	constant pool entry 34	5000162a
	constant pool entry 33	50001629
	constant pool entry 32	50001628
	constant pool entry 31	50001627
	constant pool entry 30	50001626
	constant pool entry 29	50001625
	constant pool entry 28	50001624
	constant pool entry 27	50001623
	constant pool entry 26	500015d7
	constant pool entry 25	500015d9
	constant pool entry 24	500015db
	constant pool entry 23	500015dd
	constant pool entry 22	500015df
	constant pool entry 21	500015c5
	constant pool entry 20	500015c7
	constant pool entry 19	500015cb
	constant pool entry 18	500015ce
	constant pool entry 17	500015d0
	constant pool entry 16	500014ab
	constant pool entry 15	500014af
	constant pool entry 14	500015d4
	constant pool entry 13	50001589
	constant pool entry 12	5000158b
	constant pool entry 11	5000158f
	constant pool entry 10	50001594
	constant pool entry 9	50001599
	constant pool entry 8	5000159b
	constant pool entry 7	5000159d
	constant pool entry 6	500015c1
	constant pool entry 5	500015c9
	constant pool entry 4	50001534
	constant pool entry 3	50001591
	constant pool entry 2	50001564
	constant pool entry 1	50001518
CLS 5000008f (name=sun.nio.cs.StreamEncoder, trace=300000)
	super		50000091
	constant pool entry 119	50000077
	constant pool entry 118	50000034
	constant pool entry 117	50000079
	constant pool entry 116	5000008e
	constant pool entry 114	50000036
	constant pool entry 113	50000076
	constant pool entry 108	5000016a
	constant pool entry 106	50000091
	constant pool entry 104	500000ae
	constant pool entry 2	5000008f
CLS 50000090 (name=java.io.OutputStreamWriter, trace=300000)
	super		50000091
	constant pool entry 45	5000008f
	constant pool entry 39	50000091
	constant pool entry 37	50000090
CLS 500000ae (name=java.io.OutputStream, trace=300000)
	super		50000172
	constant pool entry 25	50000172
CLS 50000094 (name=java.io.FilterOutputStream, trace=300000)
	super		500000ae
	constant pool entry 22	500000ae
	constant pool entry 20	50000094
CLS 50000092 (name=java.io.BufferedOutputStream, trace=300000)
	super		50000094
	constant pool entry 57	500000f8
	constant pool entry 31	50000167
	constant pool entry 29	500000ae
	constant pool entry 27	50000094
	constant pool entry 26	50000092
CLS 50000093 (name=java.io.PrintStream, trace=300000)
	super		50000094
	constant pool entry 110	5000016e
	constant pool entry 103	50000093
	constant pool entry 102	50000090
	constant pool entry 101	500000ae
	constant pool entry 98	50000094
	constant pool entry 94	5000006f
	constant pool entry 1	5000188e
CLS 50000095 (name=java.util.Arrays, trace=300000)
	super		50000172
	constant pool entry 798	500000f8
	constant pool entry 298	50000af4
	constant pool entry 292	50000030
	constant pool entry 288	50000167
	constant pool entry 285	50000172
	constant pool entry 284	500000be
	constant pool entry 279	5000016a
	constant pool entry 19	50000095
	constant pool entry 16	50000109
	constant pool entry 2	50000d5c
CLS 50000096 (name=sun.reflect.misc.ReflectUtil, trace=300000)
	super		50000172
	static PROXY_PACKAGE	50001880
	constant pool entry 115	500000c7
	constant pool entry 113	50000099
CLS 50000097 (name=java.lang.reflect.ReflectAccess, trace=300000)
	super		50000172
	constant pool entry 39	50000142
	constant pool entry 37	5000013e
	constant pool entry 36	50000172
CLS 50000098 (name=sun.reflect.LangReflectAccess, trace=300000)
CLS 50000099 (name=java.lang.reflect.Modifier, trace=300000)
	super		50000172
	constant pool entry 127	500000ed
	constant pool entry 126	500000e2
	constant pool entry 125	500000f0
	constant pool entry 124	50000097
CLS 5000009b (name=java.util.WeakHashMap, trace=300000)
	super		500000d8
	static NULL_KEY	500017af
	constant pool entry 318	500000f8
	constant pool entry 145	50000046
	constant pool entry 139	5000004b
	constant pool entry 137	5000009b
	constant pool entry 128	500000d8
	constant pool entry 127	500000d3
	constant pool entry 124	50000172
	constant pool entry 121	5000010f
	constant pool entry 120	50000048
CLS 5000009a (name=java.lang.ClassValue$ClassValueMap, trace=300000)
	super		5000009b
CLS 5000009c (name=sun.reflect.annotation.AnnotationType, trace=300000)
	super		50000172
CLS 5000009d (name=java.lang.Class$AnnotationData, trace=300000)
	super		50000172
CLS 500000a0 (name=sun.reflect.generics.repository.AbstractRepository, trace=300000)
	super		50000172
CLS 5000009f (name=sun.reflect.generics.repository.GenericDeclRepository, trace=300000)
	super		500000a0
CLS 5000009e (name=sun.reflect.generics.repository.ClassRepository, trace=300000)
	super		5000009f
CLS 500000a1 (name=java.lang.reflect.Field[], trace=300000)
	super		50000172
CLS 500000a2 (name=java.lang.reflect.Member[], trace=300000)
	super		50000172
CLS 500000a3 (name=java.lang.reflect.AccessibleObject[], trace=300000)
	super		50000172
CLS 500000a4 (name=java.lang.Class$Atomic, trace=300000)
	super		50000172
	static unsafe	50000d9f
	constant pool entry 52	50000121
	constant pool entry 46	500000a4
	constant pool entry 6	5000016a
	constant pool entry 5	5000186c
	constant pool entry 4	5000186b
	constant pool entry 3	5000186a
CLS 500000a5 (name=java.lang.Class$ReflectionData, trace=300000)
	super		50000172
	constant pool entry 27	50000172
	constant pool entry 26	500000a5
CLS 500000a6 (name=java.lang.Class$3, trace=300000)
	super		50000172
	constant pool entry 34	50000167
	constant pool entry 32	50000172
	constant pool entry 31	500000a6
	constant pool entry 30	5000016a
	constant pool entry 1	50001870
CLS 500000a7 (name=java.util.concurrent.atomic.AtomicReferenceFieldUpdater$AtomicReferenceFieldUpdaterImpl$1, trace=300000)
	super		50000172
	constant pool entry 31	500000a7
	constant pool entry 27	50000172
	constant pool entry 24	5000016a
CLS 500000a8 (name=java.security.PrivilegedExceptionAction, trace=300000)
CLS 500000aa (name=java.util.concurrent.atomic.AtomicReferenceFieldUpdater, trace=300000)
	super		50000172
	constant pool entry 38	500000c7
	constant pool entry 35	500000a9
	constant pool entry 33	50000172
CLS 500000a9 (name=java.util.concurrent.atomic.AtomicReferenceFieldUpdater$AtomicReferenceFieldUpdaterImpl, trace=300000)
	super		500000aa
	static U	50000d9f
	constant pool entry 123	50000096
	constant pool entry 122	50000121
	constant pool entry 121	500000a7
	constant pool entry 120	500000a9
	constant pool entry 119	500000aa
	constant pool entry 118	500000b9
	constant pool entry 116	500000f0
	constant pool entry 115	50000099
	constant pool entry 114	50000142
	constant pool entry 112	5000016e
	constant pool entry 104	5000016a
CLS 5000011e (name=java.io.InputStream, trace=300000)
	super		50000172
	constant pool entry 45	50000172
CLS 500000ac (name=java.io.FilterInputStream, trace=300000)
	super		5000011e
	constant pool entry 24	5000011e
	constant pool entry 22	500000ac
CLS 500000ab (name=java.io.BufferedInputStream, trace=300000)
	super		500000ac
	static bufUpdater	5000187f
	constant pool entry 130	500000f8
	constant pool entry 69	500000aa
	constant pool entry 62	500000ac
	constant pool entry 9	500000ab
	constant pool entry 8	50000176
	constant pool entry 7	5000187e
CLS 500000ad (name=java.io.FileOutputStream, trace=300000)
	super		500000ae
	constant pool entry 74	50000167
	constant pool entry 71	50000172
	constant pool entry 69	500000ae
	constant pool entry 67	5000043f
	constant pool entry 66	500000ad
	constant pool entry 64	500000b2
	constant pool entry 63	5000011c
CLS 500000af (name=java.io.Flushable, trace=300000)
CLS 500000b0 (name=java.io.FileDescriptor$1, trace=300000)
	super		50000172
	constant pool entry 20	50000172
CLS 500000b1 (name=sun.misc.JavaIOFileDescriptorAccess, trace=300000)
CLS 500000b2 (name=java.io.FileDescriptor, trace=300000)
	super		50000172
	static in	50000d6a
	static out	50000d6c
	static err	50000d6b
	constant pool entry 66	500000cc
	constant pool entry 61	50000172
	constant pool entry 58	500000b0
	constant pool entry 57	500000b2
	constant pool entry 56	5000011f
CLS 500000b3 (name=java.io.FileInputStream, trace=300000)
	super		5000011e
	constant pool entry 72	50000167
	constant pool entry 69	50000172
	constant pool entry 67	5000011e
	constant pool entry 64	50000013
	constant pool entry 63	500000b3
	constant pool entry 62	500000b2
	constant pool entry 61	5000011c
CLS 500000b4 (name=sun.misc.Version, trace=300000)
	super		50000172
	static launcher_name	500018df
	static java_version	50001038
	static java_runtime_name	500018c4
	static java_profile_name	50000d5d
	static java_runtime_version	500018cf
	constant pool entry 143	500000b4
	constant pool entry 142	50000167
	constant pool entry 17	50001033
	constant pool entry 16	500018d0
	constant pool entry 15	500018c5
	constant pool entry 11	500018c4
	constant pool entry 9	500018cf
	constant pool entry 8	50001038
CLS 500000b5 (name=java.lang.Runtime, trace=300000)
	super		50000172
	static currentRuntime	50000c73
	constant pool entry 105	50000167
	constant pool entry 103	5000016e
	constant pool entry 102	50000c62
	constant pool entry 98	500000b5
	constant pool entry 96	50000172
	constant pool entry 94	50000168
	constant pool entry 91	5000011c
CLS 500000b6 (name=java.util.Hashtable$Enumerator, trace=300000)
	super		50000172
	constant pool entry 59	500000b6
	constant pool entry 58	500000c0
	constant pool entry 57	50000146
	constant pool entry 52	50000172
CLS 500000b7 (name=java.util.Iterator, trace=300000)
CLS 500000b8 (name=java.util.Enumeration, trace=300000)
CLS 500000b9 (name=java.util.Objects, trace=300000)
	super		50000172
	constant pool entry 37	50000172
CLS 500000bb (name=java.util.Collections$SynchronizedCollection, trace=300000)
	super		50000172
	constant pool entry 65	500000b9
	constant pool entry 64	500000bb
	constant pool entry 62	500000e9
	constant pool entry 60	50000172
CLS 500000ba (name=java.util.Collections$SynchronizedSet, trace=300000)
	super		500000bb
	constant pool entry 29	500000bb
CLS 500000bc (name=java.util.Hashtable$EntrySet, trace=300000)
	super		500000db
	constant pool entry 47	500000bc
	constant pool entry 44	50000146
	constant pool entry 43	500000db
CLS 5000014b (name=java.lang.Thread, trace=300000)
	super		50000172
	static EMPTY_STACK_TRACE	50000d71
	static SUBCLASS_IMPLEMENTATION_PERMISSION	50000d70
	constant pool entry 537	500000f8
	constant pool entry 260	500000f0
	constant pool entry 252	50000149
	constant pool entry 245	50000167
	constant pool entry 242	50000114
	constant pool entry 240	500000f1
	constant pool entry 238	50000172
	constant pool entry 15	5000014b
	constant pool entry 9	50000d6f
CLS 500000bd (name=java.lang.ref.Finalizer$FinalizerThread, trace=300000)
	super		5000014b
	constant pool entry 33	500000c1
	constant pool entry 32	500000cc
	constant pool entry 30	500000d3
	constant pool entry 29	500000bd
	constant pool entry 28	5000014d
	constant pool entry 27	5000014b
	constant pool entry 1	50001901
CLS 500000be (name=java.lang.Math, trace=300000)
	super		50000172
	constant pool entry 166	5000010f
	constant pool entry 165	5000010e
	constant pool entry 164	5000016a
	constant pool entry 14	500000be
CLS 500000bf (name=java.util.Hashtable$Entry[], trace=300000)
	super		50000172
CLS 500000c0 (name=java.util.Hashtable$Entry, trace=300000)
	super		50000172
	constant pool entry 46	500000c0
	constant pool entry 43	50000172
CLS 500000c1 (name=sun.misc.VM, trace=300000)
	super		50000172
	static lock	50000da9
	static savedProps	50000da8
	constant pool entry 146	500000c1
	constant pool entry 145	50000056
	constant pool entry 144	50000145
	constant pool entry 139	5000016e
	constant pool entry 138	500000b5
	constant pool entry 137	50000172
	constant pool entry 11	50000d77
	constant pool entry 10	50000da7
	constant pool entry 9	50000da6
	constant pool entry 8	50000da5
	constant pool entry 7	50000da4
	constant pool entry 6	50000da3
	constant pool entry 5	50000da2
	constant pool entry 4	50000da1
	constant pool entry 1	50000da0
CLS 500000c2 (name=java.util.HashMap$Node[], trace=300000)
	super		50000172
CLS 500000c3 (name=java.util.Map$Entry[], trace=300000)
	super		50000172
CLS 500000c5 (name=java.util.Map$Entry, trace=300000)
CLS 500000c7 (name=sun.reflect.Reflection, trace=300000)
	super		50000172
	static fieldFilterMap	50000d8f
	static methodFilterMap	50000d8e
	constant pool entry 231	500000f8
	constant pool entry 114	50000148
	constant pool entry 113	500000c6
	constant pool entry 112	50000099
	constant pool entry 107	5000016e
	constant pool entry 99	500000a1
	constant pool entry 14	500000c7
	constant pool entry 12	50000167
	constant pool entry 11	5000016a
	constant pool entry 10	50000d8d
	constant pool entry 9	50000d8c
	constant pool entry 8	50000d8b
	constant pool entry 7	50000d8a
CLS 500000c8 (name=java.lang.String[], trace=300000)
	super		50000172
CLS 500000c9 (name=java.lang.CharSequence[], trace=300000)
	super		50000172
CLS 50000165 (name=java.lang.Error, trace=300000)
	super		50000166
	constant pool entry 14	50000166
CLS 5000015b (name=java.lang.LinkageError, trace=300000)
	super		50000165
	constant pool entry 12	50000165
CLS 500000cb (name=java.lang.IncompatibleClassChangeError, trace=300000)
	super		5000015b
	constant pool entry 13	5000015b
CLS 500000ca (name=java.lang.NoSuchMethodError, trace=300000)
	super		500000cb
	constant pool entry 12	500000cb
CLS 500000cc (name=sun.misc.SharedSecrets, trace=300000)
	super		50000172
	static unsafe	50000d9f
	static javaLangAccess	50000c6f
	static javaLangRefAccess	50001031
	static javaNetAccess	50001030
	static javaNioAccess	5000102f
	static javaIOFileDescriptorAccess	5000102e
	static javaSecurityProtectionDomainAccess	5000102d
	static javaSecurityAccess	5000102c
	static javaUtilZipFileAccess	5000046d
	constant pool entry 73	50000121
	constant pool entry 72	500000cc
	constant pool entry 9	5000046a
CLS 500000cd (name=java.lang.ref.Reference$1, trace=300000)
	super		50000172
	constant pool entry 14	50000172
CLS 500000ce (name=sun.misc.JavaLangRefAccess, trace=300000)
CLS 500000cf (name=java.lang.Thread[], trace=300000)
	super		50000172
CLS 500000d0 (name=java.lang.Runnable[], trace=300000)
	super		50000172
CLS 500000d1 (name=java.lang.ref.ReferenceQueue$Lock, trace=300000)
	super		50000172
	constant pool entry 12	500000d1
	constant pool entry 9	50000172
CLS 500000d3 (name=java.lang.ref.ReferenceQueue, trace=300000)
	super		50000172
	static NULL	5000115f
	static ENQUEUED	50001162
	constant pool entry 64	500000d2
	constant pool entry 63	500000d1
	constant pool entry 57	50000172
	constant pool entry 54	5000016a
	constant pool entry 2	500000d3
CLS 500000d2 (name=java.lang.ref.ReferenceQueue$Null, trace=300000)
	super		500000d3
	constant pool entry 13	500000d2
	constant pool entry 11	500000d3
CLS 500000d6 (name=java.util.Collections$UnmodifiableCollection, trace=300000)
	super		50000172
	constant pool entry 50	500000d6
	constant pool entry 48	500000e9
	constant pool entry 46	50000172
CLS 500000d5 (name=java.util.Collections$UnmodifiableList, trace=300000)
	super		500000d6
	constant pool entry 49	500000e8
	constant pool entry 46	500000d5
	constant pool entry 45	500000d6
CLS 500000d4 (name=java.util.Collections$UnmodifiableRandomAccessList, trace=300000)
	super		500000d5
	constant pool entry 20	500000d5
CLS 500000d7 (name=java.util.Collections$EmptyMap, trace=300000)
	super		500000d8
	constant pool entry 58	500000d7
	constant pool entry 55	500000d8
CLS 500000e5 (name=java.util.AbstractList, trace=300000)
	super		500000e6
	constant pool entry 72	500000e5
	constant pool entry 71	500000e6
CLS 500000d9 (name=java.util.Collections$EmptyList, trace=300000)
	super		500000e5
	constant pool entry 67	500000d9
	constant pool entry 63	500000e5
CLS 500000da (name=java.util.Collections$EmptySet, trace=300000)
	super		500000db
	constant pool entry 46	500000da
	constant pool entry 42	500000db
CLS 500000dc (name=java.util.Set, trace=300000)
CLS 500000dd (name=java.util.Collections, trace=300000)
	super		50000172
	static EMPTY_SET	50000ec5
	static EMPTY_LIST	50000ec4
	static EMPTY_MAP	50000ec3
	constant pool entry 267	500000e7
	constant pool entry 257	500000d4
	constant pool entry 253	500001da
	constant pool entry 248	500000ba
	constant pool entry 238	50000047
	constant pool entry 235	500000da
	constant pool entry 234	500000d7
	constant pool entry 232	500000d9
	constant pool entry 214	500000dd
CLS 500000de (name=java.util.ArrayList, trace=300000)
	super		500000e5
	static EMPTY_ELEMENTDATA	5000116f
	static DEFAULTCAPACITY_EMPTY_ELEMENTDATA	50001170
	constant pool entry 340	500000f8
	constant pool entry 175	500000e9
	constant pool entry 173	50000095
	constant pool entry 167	500000de
	constant pool entry 166	500000e5
	constant pool entry 161	50000172
	constant pool entry 160	500000be
	constant pool entry 11	50000109
CLS 500000df (name=java.lang.InterruptedException, trace=300000)
	super		50000163
CLS 500000e0 (name=java.lang.ref.Reference$ReferenceHandler, trace=300000)
	super		5000014b
	constant pool entry 36	500000e0
	constant pool entry 35	50000153
	constant pool entry 34	5000014b
	constant pool entry 30	5000016a
	constant pool entry 2	5000014e
	constant pool entry 1	500000df
CLS 500000e1 (name=java.lang.ref.Reference$Lock, trace=300000)
	super		50000172
	constant pool entry 12	500000e1
	constant pool entry 9	50000172
CLS 500000e2 (name=sun.reflect.ReflectionFactory, trace=300000)
	super		50000172
	static reflectionFactoryAccessPerm	50000d7f
	static soleInstance	50000d7b
	static langReflectAccess	50000d7e
	constant pool entry 210	5000007d
	constant pool entry 209	500000e2
	constant pool entry 208	500000c7
	constant pool entry 206	5000007c
	constant pool entry 204	50000098
	constant pool entry 201	5000007b
	constant pool entry 198	500000f0
	constant pool entry 197	50000099
	constant pool entry 194	5000013e
	constant pool entry 190	50000167
	constant pool entry 186	500000f1
	constant pool entry 21	50000139
	constant pool entry 20	50000172
	constant pool entry 19	5000016a
	constant pool entry 9	50000d7d
CLS 500000e4 (name=java.util.Vector, trace=300000)
	super		500000e5
	constant pool entry 351	500000f8
	constant pool entry 171	500000e4
	constant pool entry 162	50000095
	constant pool entry 161	500000e5
	constant pool entry 159	50000167
	constant pool entry 156	50000172
CLS 500000e3 (name=java.util.Stack, trace=300000)
	super		500000e4
	constant pool entry 33	500000e4
	constant pool entry 32	500000e3
CLS 500000e7 (name=java.util.RandomAccess, trace=300000)
CLS 500000e8 (name=java.util.List, trace=300000)
CLS 500000e9 (name=java.util.Collection, trace=300000)
CLS 500000ea (name=java.lang.Iterable, trace=300000)
CLS 500000eb (name=java.security.cert.Certificate[], trace=300000)
	super		50000172
CLS 500000ec (name=java.security.cert.Certificate, trace=300000)
	super		50000172
CLS 500000ed (name=sun.reflect.ReflectionFactory$GetReflectionFactoryAction, trace=300000)
	super		50000172
	constant pool entry 16	500000ed
	constant pool entry 15	500000e2
	constant pool entry 13	50000172
CLS 500000ee (name=java.security.PrivilegedAction, trace=300000)
CLS 500000f3 (name=java.security.Permission, trace=300000)
	super		50000172
	constant pool entry 55	500000f3
	constant pool entry 48	50000172
CLS 500000f2 (name=java.security.BasicPermission, trace=300000)
	super		500000f3
	constant pool entry 72	500000f3
	constant pool entry 70	500000f2
	constant pool entry 69	5000016e
	constant pool entry 2	50000d81
CLS 500000ef (name=java.lang.reflect.ReflectPermission, trace=300000)
	super		500000f2
	constant pool entry 13	500000f2
CLS 500000f0 (name=java.security.AccessController, trace=300000)
	super		50000172
	constant pool entry 77	500000f0
	constant pool entry 75	5000015f
CLS 500000f1 (name=java.lang.RuntimePermission, trace=300000)
	super		500000f2
	constant pool entry 13	500000f2
CLS 500000f4 (name=java.security.Guard, trace=300000)
CLS 500000f5 (name=java.lang.StackTraceElement[], trace=300000)
	super		50000172
CLS 500000f6 (name=java.lang.ThreadGroup[], trace=300000)
	super		50000172
CLS 500000f7 (name=java.lang.Thread$UncaughtExceptionHandler[], trace=300000)
	super		50000172
CLS 500000f8 (name=com.sun.demo.jvmti.hprof.Tracker, trace=300000)
	super		50000172
	constant pool entry 33	5000014b
	constant pool entry 30	500000f8
	constant pool entry 3	50000d58
CLS 500000f9 (name=java.lang.String$CaseInsensitiveComparator, trace=300000)
	super		50000172
	constant pool entry 40	500000f9
	constant pool entry 38	5000016e
	constant pool entry 37	50000172
	constant pool entry 36	500000be
CLS 500000fa (name=java.util.Comparator, trace=300000)
CLS 500000fb (name=java.io.ObjectStreamField[], trace=300000)
	super		50000172
CLS 500000fc (name=java.lang.Comparable[], trace=300000)
	super		50000172
CLS 500000fd (name=java.io.ObjectStreamField, trace=300000)
	super		50000172
	constant pool entry 90	50000122
	constant pool entry 89	5000016e
	constant pool entry 88	5000010c
	constant pool entry 86	5000010a
	constant pool entry 84	5000010b
	constant pool entry 82	5000010f
	constant pool entry 81	5000010e
	constant pool entry 79	5000016a
	constant pool entry 78	50000111
	constant pool entry 77	5000010d
	constant pool entry 76	50000112
	constant pool entry 75	500000fd
	constant pool entry 2	50000172
CLS 500000fe (name=java.lang.OutOfMemoryError[], trace=300000)
	super		50000172
CLS 500000ff (name=java.lang.VirtualMachineError[], trace=300000)
	super		50000172
CLS 50000100 (name=java.lang.Error[], trace=300000)
	super		50000172
CLS 50000101 (name=java.lang.Throwable[], trace=300000)
	super		50000172
CLS 50000102 (name=java.lang.ArithmeticException, trace=300000)
	super		50000162
CLS 50000103 (name=java.lang.NullPointerException, trace=300000)
	super		50000162
CLS 50000104 (name=java.lang.Class[], trace=300000)
	super		50000172
CLS 50000105 (name=java.io.Serializable[], trace=300000)
	super		50000172
CLS 50000106 (name=java.lang.reflect.GenericDeclaration[], trace=300000)
	super		50000172
CLS 50000107 (name=java.lang.reflect.AnnotatedElement[], trace=300000)
	super		50000172
CLS 50000108 (name=java.lang.reflect.Type[], trace=300000)
	super		50000172
CLS 50000109 (name=java.lang.Object[], trace=300000)
	super		50000172
CLS 5000010a (name=java.lang.Long, trace=300000)
	super		50000110
	static TYPE	50000d3c
	constant pool entry 354	500000f8
	constant pool entry 208	5000016e
	constant pool entry 202	500000be
	constant pool entry 200	5000010a
	constant pool entry 199	5000010b
	constant pool entry 196	5000016a
	constant pool entry 17	50000eff
CLS 5000010b (name=java.lang.Integer, trace=300000)
	super		50000110
	static TYPE	50000d3d
	static digits	50000f04
	static DigitTens	50000f03
	static DigitOnes	50000f02
	static sizeTable	50000f01
	constant pool entry 307	500000f8
	constant pool entry 192	50000167
	constant pool entry 190	5000016e
	constant pool entry 186	50000110
	constant pool entry 182	50000059
	constant pool entry 181	5000010b
	constant pool entry 178	5000016a
	constant pool entry 177	50000111
	constant pool entry 29	50000f00
CLS 5000010c (name=java.lang.Short, trace=300000)
	super		50000110
	static TYPE	50000d3e
	constant pool entry 93	5000010c
	constant pool entry 88	5000016a
	constant pool entry 7	50001011
CLS 5000010d (name=java.lang.Byte, trace=300000)
	super		50000110
	static TYPE	50000d3f
	constant pool entry 86	5000016a
	constant pool entry 84	5000010d
	constant pool entry 5	50001015
CLS 5000010e (name=java.lang.Double, trace=300000)
	super		50000110
	static TYPE	50000d40
	constant pool entry 140	5000010e
	constant pool entry 138	5000016a
	constant pool entry 10	50001013
CLS 5000010f (name=java.lang.Float, trace=300000)
	super		50000110
	static TYPE	50000d41
	constant pool entry 108	5000010f
	constant pool entry 105	5000016a
	constant pool entry 8	50000d7a
CLS 50000111 (name=java.lang.Character, trace=300000)
	super		50000172
	static TYPE	50000d42
	constant pool entry 273	5000016a
	constant pool entry 271	50000016
	constant pool entry 11	50000111
	constant pool entry 10	50001007
CLS 50000112 (name=java.lang.Boolean, trace=300000)
	super		50000172
	static TRUE	50000ec8
	static FALSE	50000ec7
	static TYPE	50000d43
	constant pool entry 70	50000167
	constant pool entry 69	5000016e
	constant pool entry 67	50000172
	constant pool entry 63	5000016a
	constant pool entry 62	50000112
	constant pool entry 3	50000d77
	constant pool entry 1	50000ec6
CLS 50000114 (name=java.lang.StackTraceElement, trace=300000)
	super		50000172
CLS 50000115 (name=java.security.CodeSource, trace=300000)
	super		50000172
	constant pool entry 153	50000115
	constant pool entry 146	50000172
CLS 50000168 (name=java.lang.ClassLoader, trace=300000)
	super		50000172
	static nocerts	50000ed4
	static scl	50000c75
	static loadedLibraryNames	50000ed3
	static systemNativeLibraries	50000ed2
	static nativeLibraryContext	50000ed1
	static usr_paths	50000ed0
	static sys_paths	50000ecf
	constant pool entry 840	500000f8
	constant pool entry 356	500000c7
	constant pool entry 355	500000c1
	constant pool entry 354	50000004
	constant pool entry 351	50000118
	constant pool entry 350	5000096d
	constant pool entry 349	5000002b
	constant pool entry 348	500000e4
	constant pool entry 347	500000e3
	constant pool entry 344	50000146
	constant pool entry 343	50000005
	constant pool entry 342	500000c6
	constant pool entry 341	500000b8
	constant pool entry 340	500000dd
	constant pool entry 338	500000ec
	constant pool entry 337	50000160
	constant pool entry 335	50000115
	constant pool entry 334	500000f0
	constant pool entry 326	50000001
	constant pool entry 325	50000167
	constant pool entry 323	5000016e
	constant pool entry 319	50000172
	constant pool entry 314	5000015c
	constant pool entry 312	5000004c
	constant pool entry 311	5000005f
	constant pool entry 310	50000064
	constant pool entry 309	50000967
	constant pool entry 306	5000016a
	constant pool entry 301	5000011c
	constant pool entry 300	500006fd
	constant pool entry 19	50000168
	constant pool entry 18	50000ece
	constant pool entry 15	50000ecd
	constant pool entry 1	50000d5d
CLS 5000015e (name=java.security.SecureClassLoader, trace=300000)
	super		50000168
	constant pool entry 60	5000004d
	constant pool entry 59	500000c6
	constant pool entry 58	5000015e
	constant pool entry 54	50000167
	constant pool entry 49	50000168
	constant pool entry 4	500017b0
CLS 5000011b (name=java.net.URLClassLoader, trace=300000)
	super		5000015e
	constant pool entry 243	50000004
	constant pool entry 242	500000cc
	constant pool entry 235	5000009b
	constant pool entry 231	5000015e
	constant pool entry 226	500000f0
	constant pool entry 221	50000044
	constant pool entry 217	5000096b
	constant pool entry 216	50000b71
	constant pool entry 215	50000459
	constant pool entry 214	5000011b
	constant pool entry 209	50000167
	constant pool entry 200	5000015c
	constant pool entry 199	50000168
CLS 50000116 (name=sun.misc.Launcher$ExtClassLoader, trace=300000)
	super		5000011b
	constant pool entry 207	500000f8
	constant pool entry 104	50000004
	constant pool entry 103	500000cc
	constant pool entry 101	50000041
	constant pool entry 100	50000116
	constant pool entry 99	50000118
	constant pool entry 98	50000045
	constant pool entry 97	500000e4
	constant pool entry 96	50000043
	constant pool entry 92	500000f0
	constant pool entry 90	5000011b
	constant pool entry 89	5000011a
	constant pool entry 88	50000167
	constant pool entry 87	5000016e
	constant pool entry 86	50000168
	constant pool entry 84	5000011c
	constant pool entry 2	500016e7
	constant pool entry 1	500017e6
CLS 50000117 (name=sun.misc.Launcher$AppClassLoader, trace=300000)
	super		5000011b
	constant pool entry 103	50000004
	constant pool entry 102	500000cc
	constant pool entry 100	50000002
	constant pool entry 99	50000117
	constant pool entry 98	50000045
	constant pool entry 94	500000f0
	constant pool entry 92	5000011b
	constant pool entry 89	50000167
	constant pool entry 88	5000016e
	constant pool entry 84	50000168
	constant pool entry 83	5000016a
	constant pool entry 3	50000118
	constant pool entry 2	500017eb
CLS 50000118 (name=sun.misc.Launcher, trace=300000)
	super		50000172
	static factory	500017ea
	static launcher	500017e9
	static bootClassPath	50000e9d
	constant pool entry 216	500000f8
	constant pool entry 119	50000012
	constant pool entry 118	5000004e
	constant pool entry 117	50000116
	constant pool entry 116	500006ff
	constant pool entry 115	50000117
	constant pool entry 113	50000118
	constant pool entry 112	5000011a
	constant pool entry 110	5000014b
	constant pool entry 109	50000167
	constant pool entry 107	5000016e
	constant pool entry 105	50000172
	constant pool entry 96	5000011c
	constant pool entry 8	500017e8
	constant pool entry 7	500017e7
CLS 50000119 (name=java.util.jar.Manifest, trace=300000)
	super		50000172
CLS 5000011a (name=java.net.URL, trace=300000)
	super		50000172
	static BUILTIN_HANDLERS_PREFIX	50001048
	static protocolPathProp	50001044
	static handlers	5000104d
	static streamHandlerLock	5000104c
	static serialPersistentFields	5000104b
	constant pool entry 548	500000f8
	constant pool entry 261	50000084
	constant pool entry 259	50000043
	constant pool entry 258	50000146
	constant pool entry 257	500000f0
	constant pool entry 254	5000000f
	constant pool entry 252	5000011a
	constant pool entry 247	50000010
	constant pool entry 242	50000167
	constant pool entry 241	50000122
	constant pool entry 239	50000172
	constant pool entry 238	5000010b
	constant pool entry 232	5000016a
	constant pool entry 229	500000fd
	constant pool entry 26	5000016e
	constant pool entry 25	5000104a
	constant pool entry 24	50001049
	constant pool entry 22	50001048
	constant pool entry 21	50001047
	constant pool entry 19	50001046
	constant pool entry 18	50001045
	constant pool entry 16	50001044
	constant pool entry 15	50001043
	constant pool entry 14	50001042
	constant pool entry 13	50001041
	constant pool entry 11	50001040
	constant pool entry 4	5000103f
	constant pool entry 3	5000103e
	constant pool entry 2	5000103d
	constant pool entry 1	50000d5d
CLS 5000011c (name=java.io.File, trace=300000)
	super		50000172
	static fs	50001071
	static separator	50001070
	static pathSeparator	5000106f
	static UNSAFE	50000d9f
	constant pool entry 277	50000121
	constant pool entry 266	50000167
	constant pool entry 265	50000122
	constant pool entry 264	5000016e
	constant pool entry 259	50000172
	constant pool entry 253	5000016a
	constant pool entry 245	5000006d
	constant pool entry 242	50000067
	constant pool entry 240	5000006e
	constant pool entry 20	5000011c
	constant pool entry 19	5000106e
	constant pool entry 18	5000106d
	constant pool entry 1	50000d5d
CLS 5000011d (name=java.io.ByteArrayInputStream, trace=300000)
	super		5000011e
CLS 5000011f (name=java.io.Closeable, trace=300000)
CLS 50000120 (name=java.lang.AutoCloseable, trace=300000)
CLS 50000121 (name=sun.misc.Unsafe, trace=300000)
	super		50000172
	static theUnsafe	50000d9f
	constant pool entry 387	500000f8
	constant pool entry 190	500000c7
	constant pool entry 189	500000c1
	constant pool entry 186	5000016e
	constant pool entry 184	50000172
	constant pool entry 181	5000016a
	constant pool entry 12	50000121
	constant pool entry 11	5000017a
	constant pool entry 10	50000175
	constant pool entry 9	50000109
	constant pool entry 8	50000173
	constant pool entry 7	50000174
	constant pool entry 6	50000178
	constant pool entry 5	50000177
	constant pool entry 4	50000179
	constant pool entry 3	50000176
	constant pool entry 2	50000d9e
CLS 50000124 (name=java.lang.AbstractStringBuilder, trace=300000)
	super		50000172
	constant pool entry 316	500000f8
	constant pool entry 149	50000095
	constant pool entry 148	50000167
	constant pool entry 144	5000016e
	constant pool entry 142	50000172
	constant pool entry 141	5000010a
	constant pool entry 134	50000124
CLS 50000122 (name=java.lang.StringBuilder, trace=300000)
	super		50000124
	constant pool entry 79	50000122
	constant pool entry 78	5000016e
	constant pool entry 75	50000124
CLS 50000123 (name=java.lang.StringBuffer, trace=300000)
	super		50000124
	static serialPersistentFields	5000105c
	constant pool entry 369	500000f8
	constant pool entry 109	50000095
	constant pool entry 107	50000123
	constant pool entry 106	5000016e
	constant pool entry 105	5000010b
	constant pool entry 102	50000112
	constant pool entry 101	50000124
	constant pool entry 99	500000fd
	constant pool entry 4	50000179
	constant pool entry 3	50000ef6
	constant pool entry 2	5000105b
	constant pool entry 1	5000105a
CLS 50000125 (name=java.lang.Appendable, trace=300000)
CLS 50000129 (name=java.lang.invoke.CallSite, trace=300000)
	super		50000172
CLS 50000126 (name=java.lang.invoke.VolatileCallSite, trace=300000)
	super		50000129
CLS 50000127 (name=java.lang.invoke.MutableCallSite, trace=300000)
	super		50000129
CLS 50000128 (name=java.lang.invoke.ConstantCallSite, trace=300000)
	super		50000129
CLS 5000012a (name=java.lang.BootstrapMethodError, trace=300000)
	super		5000015b
CLS 5000012b (name=java.lang.invoke.MethodType, trace=300000)
	super		50000172
CLS 5000012c (name=java.lang.invoke.LambdaForm, trace=300000)
	super		50000172
CLS 5000012d (name=java.lang.invoke.MethodHandleNatives, trace=300000)
	super		50000172
	constant pool entry 227	50000184
	constant pool entry 203	5000016a
	constant pool entry 32	5000012d
CLS 5000012e (name=java.lang.invoke.MemberName, trace=300000)
	super		50000172
	static CONSTRUCTOR_NAME	5000193f
	constant pool entry 290	5000016a
	constant pool entry 45	5000012e
CLS 50000130 (name=java.lang.invoke.MethodHandle, trace=300000)
	super		50000172
	constant pool entry 194	50000121
	constant pool entry 189	500001a9
	constant pool entry 187	50000184
	constant pool entry 171	5000016a
	constant pool entry 14	50000130
	constant pool entry 11	5000192a
CLS 5000012f (name=java.lang.invoke.DirectMethodHandle, trace=300000)
	super		50000130
CLS 50000131 (name=sun.reflect.CallerSensitive, trace=300000)
CLS 50000132 (name=java.lang.annotation.Annotation, trace=300000)
CLS 50000135 (name=sun.reflect.FieldAccessorImpl, trace=300000)
	super		5000013d
CLS 50000134 (name=sun.reflect.UnsafeFieldAccessorImpl, trace=300000)
	super		50000135
CLS 50000133 (name=sun.reflect.UnsafeStaticFieldAccessorImpl, trace=300000)
	super		50000134
CLS 50000136 (name=sun.reflect.FieldAccessor, trace=300000)
CLS 50000137 (name=sun.reflect.ConstantPool, trace=300000)
	super		50000172
CLS 50000138 (name=sun.reflect.DelegatingClassLoader, trace=300000)
	super		50000168
CLS 5000013a (name=sun.reflect.ConstructorAccessor, trace=300000)
CLS 5000013b (name=sun.reflect.MethodAccessorImpl, trace=300000)
	super		5000013d
CLS 5000013c (name=sun.reflect.MethodAccessor, trace=300000)
CLS 50000144 (name=java.lang.reflect.AccessibleObject, trace=300000)
	super		50000172
	static ACCESS_PERMISSION	50000d84
	static reflectionFactory	50000d7b
	constant pool entry 77	500000ed
	constant pool entry 76	500000e2
	constant pool entry 74	500000f0
	constant pool entry 73	500000ef
	constant pool entry 71	5000013e
	constant pool entry 69	50000144
	constant pool entry 68	50000167
	constant pool entry 65	50000172
	constant pool entry 4	5000016a
	constant pool entry 3	50000d83
CLS 50000140 (name=java.lang.reflect.Executable, trace=300000)
	super		50000144
	constant pool entry 163	50000144
CLS 5000013e (name=java.lang.reflect.Constructor, trace=300000)
	super		50000140
	constant pool entry 146	500000e2
	constant pool entry 144	5000013a
	constant pool entry 138	50000140
	constant pool entry 137	5000013e
	constant pool entry 130	5000016a
	constant pool entry 128	50000104
CLS 5000013f (name=java.lang.reflect.Method, trace=300000)
	super		50000140
CLS 50000141 (name=java.lang.reflect.Parameter, trace=300000)
	super		50000172
CLS 50000142 (name=java.lang.reflect.Field, trace=300000)
	super		50000144
	constant pool entry 138	50000142
	constant pool entry 137	50000144
CLS 50000143 (name=java.lang.reflect.Member, trace=300000)
CLS 50000147 (name=java.util.Dictionary, trace=300000)
	super		50000172
	constant pool entry 18	50000172
CLS 50000146 (name=java.util.Hashtable, trace=300000)
	super		50000147
	constant pool entry 400	500000f8
	constant pool entry 198	500000dc
	constant pool entry 196	500000c5
	constant pool entry 195	50000148
	constant pool entry 194	500000b7
	constant pool entry 191	500000b6
	constant pool entry 190	500000bc
	constant pool entry 189	500000c0
	constant pool entry 187	50000146
	constant pool entry 186	50000147
	constant pool entry 184	500000dd
	constant pool entry 180	50000172
	constant pool entry 178	500000be
	constant pool entry 175	5000010f
CLS 50000145 (name=java.util.Properties, trace=300000)
	super		50000146
	static hexDigit	50000ec2
	constant pool entry 261	500000f8
	constant pool entry 126	50000145
	constant pool entry 123	50000146
	constant pool entry 117	5000016e
CLS 50000148 (name=java.util.Map, trace=300000)
CLS 50000149 (name=java.lang.ThreadGroup, trace=300000)
	super		50000172
	constant pool entry 266	500000f8
	constant pool entry 120	50000149
	constant pool entry 117	5000014b
	constant pool entry 116	50000167
	constant pool entry 113	50000172
	constant pool entry 7	50001175
CLS 5000014a (name=java.lang.Thread$UncaughtExceptionHandler, trace=300000)
CLS 5000014c (name=java.lang.Runnable, trace=300000)
CLS 50000150 (name=java.lang.ref.FinalReference, trace=300000)
	super		50000153
	constant pool entry 7	50000153
CLS 5000014d (name=java.lang.ref.Finalizer, trace=300000)
	super		50000150
	static queue	50000c6d
	static unfinalized	5000072a
	static lock	50001903
	constant pool entry 69	500000d3
	constant pool entry 68	500000bd
	constant pool entry 64	5000014d
	constant pool entry 63	50000150
	constant pool entry 61	50000149
	constant pool entry 60	5000014b
	constant pool entry 59	50000172
CLS 5000014f (name=java.lang.ref.PhantomReference, trace=300000)
	super		50000153
CLS 5000014e (name=sun.misc.Cleaner, trace=300000)
	super		5000014f
	static dummyQueue	50001165
	constant pool entry 31	5000014e
	constant pool entry 29	500000d3
CLS 50000154 (name=java.lang.IllegalMonitorStateException, trace=300000)
	super		50000162
CLS 50000157 (name=java.lang.VirtualMachineError, trace=300000)
	super		50000165
CLS 50000155 (name=java.lang.StackOverflowError, trace=300000)
	super		50000157
CLS 50000156 (name=java.lang.OutOfMemoryError, trace=300000)
	super		50000157
CLS 50000158 (name=java.lang.ArrayStoreException, trace=300000)
	super		50000162
CLS 50000159 (name=java.lang.ClassCastException, trace=300000)
	super		50000162
CLS 5000015a (name=java.lang.NoClassDefFoundError, trace=300000)
	super		5000015b
CLS 5000015d (name=java.lang.ReflectiveOperationException, trace=300000)
	super		50000163
	constant pool entry 13	50000163
CLS 5000015c (name=java.lang.ClassNotFoundException, trace=300000)
	super		5000015d
	constant pool entry 18	5000015d
CLS 5000015f (name=java.security.AccessControlContext, trace=300000)
	super		50000172
	constant pool entry 135	500000f0
	constant pool entry 132	5000015f
	constant pool entry 126	50000172
CLS 50000160 (name=java.security.ProtectionDomain, trace=300000)
	super		50000172
	constant pool entry 276	500000f8
	constant pool entry 138	5000004d
	constant pool entry 137	500000cc
	constant pool entry 131	50000008
	constant pool entry 130	5000000b
	constant pool entry 129	50000009
	constant pool entry 127	50000160
	constant pool entry 126	50000007
	constant pool entry 113	50000172
	constant pool entry 10	50001024
CLS 50000161 (name=java.lang.SecurityManager, trace=300000)
	super		50000172
CLS 50000164 (name=java.lang.ThreadDeath, trace=300000)
	super		50000165
CLS 50000167 (name=java.lang.System, trace=300000)
	super		50000172
	static in	50000d66
	static out	50000d65
	static err	50000d64
	static props	50000d63
	static lineSeparator	50000d62
	constant pool entry 183	500000c7
	constant pool entry 182	500000b4
	constant pool entry 181	500000c1
	constant pool entry 180	500000cc
	constant pool entry 177	50000145
	constant pool entry 173	50000149
	constant pool entry 172	5000014b
	constant pool entry 171	5000005e
	constant pool entry 170	50000053
	constant pool entry 167	5000016e
	constant pool entry 164	500000b5
	constant pool entry 163	500001d4
	constant pool entry 156	50000093
	constant pool entry 154	500000ad
	constant pool entry 153	500000b3
	constant pool entry 152	500000b2
	constant pool entry 151	50000092
	constant pool entry 150	500000ab
	constant pool entry 14	50000167
	constant pool entry 13	50000d61
	constant pool entry 11	50000d60
	constant pool entry 10	50000d5f
	constant pool entry 7	50000d5e
	constant pool entry 1	50000d5d
CLS 50000169 (name=java.lang.Cloneable, trace=300000)
CLS 5000016a (name=java.lang.Class, trace=300000)
	super		50000172
	static serialPersistentFields	50000d7c
	static reflectionFactory	50000d7b
	constant pool entry 1188	500000f8
	constant pool entry 504	500000ed
	constant pool entry 503	500000e2
	constant pool entry 502	500000c7
	constant pool entry 486	500000f0
	constant pool entry 477	50000142
	constant pool entry 476	5000013e
	constant pool entry 473	50000152
	constant pool entry 469	50000167
	constant pool entry 467	5000016e
	constant pool entry 449	50000168
	constant pool entry 447	500000a5
	constant pool entry 444	500000a4
	constant pool entry 441	500000a6
	constant pool entry 439	5000007e
	constant pool entry 437	500000fd
	constant pool entry 19	5000016a
CLS 5000016b (name=java.lang.reflect.Type, trace=300000)
CLS 5000016c (name=java.lang.reflect.GenericDeclaration, trace=300000)
CLS 5000016d (name=java.lang.reflect.AnnotatedElement, trace=300000)
CLS 5000016e (name=java.lang.String, trace=300000)
	super		50000172
	static serialPersistentFields	50000d79
	static CASE_INSENSITIVE_ORDER	50000d78
	constant pool entry 538	500000f8
	constant pool entry 253	5000002f
	constant pool entry 249	500000fa
	constant pool entry 248	50000095
	constant pool entry 244	50000167
	constant pool entry 242	5000041b
	constant pool entry 239	500000f9
	constant pool entry 237	5000016e
	constant pool entry 236	50000172
	constant pool entry 234	500000be
	constant pool entry 224	50000111
	constant pool entry 223	5000016f
	constant pool entry 219	500000fd
	constant pool entry 14	50000d77
	constant pool entry 13	50000d55
	constant pool entry 12	50000d46
	constant pool entry 11	50000d57
	constant pool entry 10	50000d76
	constant pool entry 9	50000d75
	constant pool entry 8	50000d74
	constant pool entry 7	50000d56
	constant pool entry 6	50000d73
	constant pool entry 5	50000d5d
CLS 5000016f (name=java.lang.CharSequence, trace=300000)
CLS 50000170 (name=java.lang.Comparable, trace=300000)
CLS 50000171 (name=java.io.Serializable, trace=300000)
CLS 50000173 (name=long[], trace=300000)
	super		50000172
CLS 50000174 (name=int[], trace=300000)
	super		50000172
CLS 50000175 (name=short[], trace=300000)
	super		50000172
CLS 50000176 (name=byte[], trace=300000)
	super		50000172
CLS 50000177 (name=double[], trace=300000)
	super		50000172
CLS 50000178 (name=float[], trace=300000)
	super		50000172
CLS 50000179 (name=char[], trace=300000)
	super		50000172
CLS 5000017a (name=boolean[], trace=300000)
	super		50000172
CLS 50000184 (name=java.lang.invoke.MethodHandleImpl, trace=300003)
	super		50000172
	static PRODUCE_BLOCK_INLINING_FORM	50000192
	static PRODUCE_REINVOKER_FORM	50000194
	static FAKE_METHOD_HANDLE_INVOKE	50000196
	static NO_ARGS_ARRAY	50000197
	static FILL_ARRAY_TO_RIGHT	50000198
	static TYPED_COLLECTORS	500001a0
	constant pool entry 966	500000f8
	constant pool entry 380	500000f0
	constant pool entry 364	5000019a
	constant pool entry 363	50000193
	constant pool entry 362	50000191
	constant pool entry 361	50000187
	constant pool entry 360	500001a7
	constant pool entry 340	5000016a
	constant pool entry 27	50000184
	constant pool entry 26	50000130
	constant pool entry 23	50000172
	constant pool entry 22	5000010b
CLS 50000187 (name=java.lang.invoke.MethodHandleImpl$1, trace=300006)
	super		50000172
	constant pool entry 30	50000187
	constant pool entry 29	50000122
	constant pool entry 28	50000172
	constant pool entry 27	5000010b
	constant pool entry 26	5000016a
	constant pool entry 2	50000184
	constant pool entry 1	5000193d
CLS 50000190 (name=java.util.function.Function, trace=300014)
CLS 50000191 (name=java.lang.invoke.MethodHandleImpl$2, trace=300014)
	super		50000172
	constant pool entry 24	50000172
CLS 50000193 (name=java.lang.invoke.MethodHandleImpl$3, trace=300016)
	super		50000172
	constant pool entry 20	50000172
CLS 50000195 (name=java.lang.invoke.MethodHandle[], trace=300018)
	super		50000172
CLS 50000199 (name=java.lang.ClassValue, trace=300021)
	super		50000172
	static EMPTY_CACHE	5000019d
	static nextHashCode	5000019e
	static CRITICAL_SECTION	5000019f
	constant pool entry 171	500000f8
	constant pool entry 69	50000085
	constant pool entry 67	50000172
	constant pool entry 66	500001a3
	constant pool entry 65	500001a1
	constant pool entry 64	5000019b
	constant pool entry 62	50000199
CLS 5000019a (name=java.lang.invoke.MethodHandleImpl$4, trace=300021)
	super		50000199
	constant pool entry 12	50000199
CLS 5000019b (name=java.lang.ClassValue$Entry, trace=300022)
	super		50000151
	static DEAD_ENTRY	500001a5
	constant pool entry 39	50000151
	constant pool entry 37	5000019b
	constant pool entry 36	5000016a
	constant pool entry 1	50000199
CLS 5000019c (name=java.lang.ClassValue$Entry[], trace=300023)
	super		50000172
CLS 500001a1 (name=java.lang.ClassValue$Identity, trace=300027)
	super		50000172
	constant pool entry 10	50000172
CLS 500001a3 (name=java.lang.ClassValue$Version, trace=300029)
	super		50000172
	constant pool entry 21	50000172
	constant pool entry 20	500001a3
	constant pool entry 19	5000019b
CLS 500001a7 (name=java.lang.invoke.MemberName$Factory, trace=300033)
	super		50000172
	static INSTANCE	500001a8
	constant pool entry 100	500001a7
	constant pool entry 96	50000172
	constant pool entry 91	5000016a
	constant pool entry 10	5000012e
CLS 500001a9 (name=java.lang.invoke.MethodHandleStatics, trace=300035)
	super		50000172
	static UNSAFE	50000d9f
	constant pool entry 193	500000f8
	constant pool entry 95	50000121
	constant pool entry 94	500000f0
	constant pool entry 92	500001ab
	constant pool entry 91	500001a9
	constant pool entry 85	50000172
	constant pool entry 83	5000010b
	constant pool entry 79	50000112
CLS 500001ab (name=java.lang.invoke.MethodHandleStatics$1, trace=300037)
	super		50000172
	constant pool entry 49	500001ab
	constant pool entry 47	50000167
	constant pool entry 46	50000172
	constant pool entry 45	5000010b
	constant pool entry 44	50000112
	constant pool entry 10	50000d77
	constant pool entry 9	50001933
	constant pool entry 8	50001932
	constant pool entry 7	50001931
	constant pool entry 6	50001930
	constant pool entry 5	5000192f
	constant pool entry 4	5000192e
	constant pool entry 3	5000192d
	constant pool entry 2	5000192c
	constant pool entry 1	5000192b
CLS 500001b2 (name=sun.misc.PostVMInitHook, trace=300000)
	super		50000172
	constant pool entry 20	500001b3
	constant pool entry 19	500001b2
	constant pool entry 18	50000167
	constant pool entry 2	50001949
	constant pool entry 1	50001948
CLS 500001b3 (name=sun.usagetracker.UsageTrackerClient, trace=300042)
	super		50000172
	static LOCK	500001b4
	static ORCL_UT_CONFIG_FILE_NAME	5000195a
	static ORCL_UT_USAGE_DIR	5000194b
	static ORCL_UT_PROPERTY_NAME	5000196b
	static ORCL_UT_PROPERTY_RUN_SYNCHRONOUSLY	5000196a
	static ORCL_UT_PROPERTY_CONFIG_FILE_NAME	50001953
	static ORCL_UT_LOGTOFILE	50001969
	static ORCL_UT_LOGFILEMAXSIZE	50001968
	static ORCL_UT_LOGTOUDP	50001967
	static ORCL_UT_TRACK_LAST_USAGE	50001966
	static ORCL_UT_VERBOSE	50001965
	static ORCL_UT_DEBUG	50001964
	static ORCL_UT_ADDITIONALPROPERTIES	50001963
	static ORCL_UT_SEPARATOR	50001962
	static ORCL_UT_QUOTE	50001961
	static ORCL_UT_QUOTE_INNER	50001960
	static DEFAULT_SEP	5000195f
	static DEFAULT_QUOTE	5000195e
	static DEFAULT_QUOTE_INNER	5000195d
	static isFirstRun	500001b9
	static javaHome	50000e73
	static userHomeKeyword	5000195c
	constant pool entry 491	500000f8
	constant pool entry 293	500001c4
	constant pool entry 292	500003ee
	constant pool entry 291	500001d2
	constant pool entry 290	500001ba
	constant pool entry 289	500001b3
	constant pool entry 288	500001b5
	constant pool entry 286	500000f0
	constant pool entry 284	50000167
	constant pool entry 283	50000122
	constant pool entry 282	5000016e
	constant pool entry 280	50000172
	constant pool entry 278	5000010a
	constant pool entry 272	500000ad
	constant pool entry 270	5000011c
	constant pool entry 47	5000195b
	constant pool entry 45	5000195a
	constant pool entry 43	50001959
	constant pool entry 42	50001958
	constant pool entry 41	50001957
	constant pool entry 40	50001956
	constant pool entry 38	50001955
	constant pool entry 37	50001954
	constant pool entry 26	50001953
	constant pool entry 24	50001952
	constant pool entry 17	50001951
	constant pool entry 16	50001292
	constant pool entry 15	50001950
	constant pool entry 14	5000194f
	constant pool entry 13	5000194e
	constant pool entry 12	5000194d
	constant pool entry 9	5000194c
	constant pool entry 8	5000194b
	constant pool entry 7	5000194a
CLS 500001b5 (name=java.util.concurrent.atomic.AtomicBoolean, trace=300044)
	super		50000172
	static unsafe	50000d9f
	constant pool entry 49	50000121
	constant pool entry 48	50000172
	constant pool entry 45	5000016a
	constant pool entry 2	500001b5
	constant pool entry 1	50000ef6
CLS 500001ba (name=sun.usagetracker.UsageTrackerClient$1, trace=300046)
	super		50000172
	constant pool entry 25	500001ba
	constant pool entry 22	50000167
	constant pool entry 21	50000172
CLS 500001c4 (name=sun.usagetracker.UsageTrackerClient$4, trace=300053)
	super		50000172
	constant pool entry 58	500001c4
	constant pool entry 57	500001b3
	constant pool entry 53	50000167
	constant pool entry 50	50000172
	constant pool entry 49	50000112
	constant pool entry 4	50000d77
	constant pool entry 3	5000196a
	constant pool entry 2	5000197f
CLS 500001d2 (name=sun.usagetracker.UsageTrackerClient$2, trace=300065)
	super		50000172
	constant pool entry 25	500001d2
	constant pool entry 22	50000167
	constant pool entry 21	50000172
CLS 500001d4 (name=java.lang.ProcessEnvironment, trace=300067)
	super		500000c6
	static nameComparator	500001d6
	static entryComparator	500001d8
	static theEnvironment	500001d9
	static theUnmodifiableEnvironment	500001db
	static theCaseInsensitiveEnvironment	50000347
	constant pool entry 118	50000345
	constant pool entry 116	50000148
	constant pool entry 113	500000c6
	constant pool entry 112	500000dd
	constant pool entry 109	5000016e
	constant pool entry 108	500001d5
	constant pool entry 107	500001d7
	constant pool entry 104	50000348
	constant pool entry 101	500001d4
CLS 500001d5 (name=java.lang.ProcessEnvironment$NameComparator, trace=300068)
	super		50000172
	constant pool entry 31	5000016e
	constant pool entry 30	500001d5
	constant pool entry 27	50000172
	constant pool entry 26	500000be
	constant pool entry 25	50000111
CLS 500001d7 (name=java.lang.ProcessEnvironment$EntryComparator, trace=300070)
	super		50000172
	constant pool entry 25	500001d7
	constant pool entry 22	50000172
CLS 500001da (name=java.util.Collections$UnmodifiableMap, trace=300073)
	super		50000172
	constant pool entry 61	500001da
	constant pool entry 58	50000172
CLS 50000343 (name=java.util.SortedMap, trace=300083)
CLS 50000344 (name=java.util.NavigableMap, trace=300083)
CLS 50000345 (name=java.util.TreeMap, trace=300083)
	super		500000d8
	static UNBOUNDED	50000346
	constant pool entry 218	50000353
	constant pool entry 213	50000345
	constant pool entry 211	50000343
	constant pool entry 204	50000148
	constant pool entry 201	500000fa
	constant pool entry 198	500000d8
	constant pool entry 197	50000172
CLS 50000348 (name=java.lang.ProcessEnvironment$CheckedEntrySet, trace=300086)
	super		500000db
	constant pool entry 33	500000db
	constant pool entry 32	5000034c
	constant pool entry 31	50000348
CLS 50000349 (name=java.util.HashMap$EntrySet, trace=300087)
	super		500000db
	constant pool entry 51	50000349
	constant pool entry 50	5000034f
	constant pool entry 47	500000db
CLS 5000034c (name=java.lang.ProcessEnvironment$CheckedEntrySet$1, trace=300090)
	super		50000172
	constant pool entry 34	500000dc
	constant pool entry 33	500000c5
	constant pool entry 31	500000b7
	constant pool entry 30	5000034c
	constant pool entry 29	50000348
	constant pool entry 28	50000351
	constant pool entry 26	50000172
CLS 5000034e (name=java.util.HashMap$HashIterator, trace=300092)
	super		50000172
	constant pool entry 39	500000c4
	constant pool entry 38	5000034e
	constant pool entry 37	500000c6
	constant pool entry 35	50000172
CLS 5000034f (name=java.util.HashMap$EntryIterator, trace=300092)
	super		5000034e
	constant pool entry 20	5000034e
	constant pool entry 19	5000034f
CLS 50000351 (name=java.lang.ProcessEnvironment$CheckedEntry, trace=300094)
	super		50000172
	constant pool entry 37	500000c5
	constant pool entry 34	5000016e
	constant pool entry 33	50000351
	constant pool entry 31	50000172
CLS 50000353 (name=java.util.TreeMap$Entry, trace=300096)
	super		50000172
	constant pool entry 47	50000353
	constant pool entry 42	50000172
CLS 500003ee (name=sun.usagetracker.UsageTrackerClient$3, trace=300107)
	super		50000172
	constant pool entry 25	500003ee
	constant pool entry 22	50000172
	constant pool entry 21	5000011c
CLS 5000041b (name=java.lang.StringCoding, trace=300143)
	super		50000172
	static decoder	5000041c
	static encoder	5000041d
	constant pool entry 134	50000095
	constant pool entry 127	5000008e
	constant pool entry 123	50000152
	constant pool entry 122	50000086
	constant pool entry 120	50000436
	constant pool entry 119	5000044e
	constant pool entry 117	5000041b
CLS 5000041e (name=java.lang.ThreadLocal$ThreadLocalMap, trace=300146)
	super		50000172
	constant pool entry 121	500000f8
	constant pool entry 54	50000420
	constant pool entry 53	5000041e
	constant pool entry 51	50000086
	constant pool entry 50	50000172
CLS 50000420 (name=java.lang.ThreadLocal$ThreadLocalMap$Entry, trace=300148)
	super		50000151
	constant pool entry 15	50000151
	constant pool entry 14	50000420
CLS 50000421 (name=java.lang.ThreadLocal$ThreadLocalMap$Entry[], trace=300149)
	super		50000172
CLS 5000042b (name=sun.nio.cs.Unicode, trace=300158)
	super		5000008e
	constant pool entry 109	5000008e
CLS 5000042c (name=sun.nio.cs.UTF_8, trace=300158)
	super		5000042b
	constant pool entry 33	5000042b
	constant pool entry 32	50000438
	constant pool entry 31	5000048b
	constant pool entry 29	5000042c
	constant pool entry 28	5000008b
	constant pool entry 27	50000113
	constant pool entry 1	50001292
CLS 50000436 (name=java.lang.StringCoding$StringEncoder, trace=300167)
	super		50000172
	constant pool entry 143	500000f8
	constant pool entry 71	5000007a
	constant pool entry 70	50000077
	constant pool entry 68	50000079
	constant pool entry 67	5000008e
	constant pool entry 63	50000436
	constant pool entry 61	5000041b
	constant pool entry 59	50000172
	constant pool entry 57	5000016a
CLS 50000438 (name=sun.nio.cs.UTF_8$Encoder, trace=300169)
	super		50000079
	constant pool entry 77	50000438
	constant pool entry 69	50000079
	constant pool entry 66	500000be
CLS 5000043f (name=java.io.FileOutputStream$1, trace=300176)
	super		50000172
	constant pool entry 19	50000172
	constant pool entry 17	5000043f
	constant pool entry 16	500000ad
CLS 50000442 (name=sun.launcher.LauncherHelper, trace=300000)
	super		50000068
	static INSTANCE	50000443
	static MAIN_CLASS	50001999
	static outBuf	50000446
	static INDENT	50001998
	static VM_SETTINGS	50001997
	static PROP_SETTINGS	50001996
	static LOCALE_SETTINGS	50001995
	static diagprop	50000da3
	static defaultBundleName	50000eed
	static ostream	50000d64
	static scloader	50000c75
	static encprop	50001994
	static encoding	50000e32
	static $VALUES	50000445
	constant pool entry 695	500000f8
	constant pool entry 400	500000c1
	constant pool entry 397	500006e3
	constant pool entry 390	500006e4
	constant pool entry 380	50000c15
	constant pool entry 376	5000008e
	constant pool entry 370	50000167
	constant pool entry 369	50000122
	constant pool entry 368	5000016e
	constant pool entry 366	50000172
	constant pool entry 364	5000015a
	constant pool entry 360	50000068
	constant pool entry 359	5000015c
	constant pool entry 358	50000168
	constant pool entry 355	50000093
	constant pool entry 70	50000442
	constant pool entry 67	50001994
	constant pool entry 66	50000da3
	constant pool entry 61	50001958
	constant pool entry 42	50000c74
	constant pool entry 31	50001993
	constant pool entry 26	50001992
	constant pool entry 1	50000d5d
CLS 50000444 (name=sun.launcher.LauncherHelper[], trace=300179)
	super		50000172
CLS 5000044e (name=java.lang.StringCoding$StringDecoder, trace=300183)
	super		50000172
	constant pool entry 143	500000f8
	constant pool entry 71	50000039
	constant pool entry 70	50000077
	constant pool entry 68	50000038
	constant pool entry 67	5000008e
	constant pool entry 63	5000044e
	constant pool entry 61	5000041b
	constant pool entry 59	50000172
	constant pool entry 57	5000016a
CLS 50000459 (name=java.net.URLClassLoader$1, trace=300191)
	super		50000172
	constant pool entry 43	50000004
	constant pool entry 40	50000459
	constant pool entry 39	5000011b
	constant pool entry 38	5000016e
	constant pool entry 37	50000172
	constant pool entry 1	500016e6
CLS 5000045f (name=sun.net.util.URLUtil, trace=300197)
	super		50000172
	constant pool entry 57	5000011a
	constant pool entry 56	50000122
	constant pool entry 55	5000016e
	constant pool entry 3	5000103c
CLS 50000465 (name=sun.misc.URLClassPath$3, trace=300202)
	super		50000172
	constant pool entry 48	50000468
	constant pool entry 47	50000663
	constant pool entry 46	50000465
	constant pool entry 45	50000004
	constant pool entry 43	5000011a
	constant pool entry 42	5000016e
	constant pool entry 41	50000172
	constant pool entry 2	50001041
	constant pool entry 1	5000103f
CLS 50000467 (name=sun.misc.URLClassPath$Loader, trace=300204)
	super		50000172
	constant pool entry 64	50000467
	constant pool entry 54	50000172
CLS 50000468 (name=sun.misc.URLClassPath$JarLoader, trace=300204)
	super		50000467
	static zipAccess	5000046d
	constant pool entry 213	50000012
	constant pool entry 211	50000467
	constant pool entry 208	500006c4
	constant pool entry 207	50000468
	constant pool entry 205	500000cc
	constant pool entry 203	50000040
	constant pool entry 198	500006c6
	constant pool entry 184	500006de
	constant pool entry 183	500000f0
	constant pool entry 178	5000011a
	constant pool entry 174	50000122
	constant pool entry 173	5000016e
	constant pool entry 171	500006db
	constant pool entry 170	500006dc
	constant pool entry 169	5000011c
	constant pool entry 8	50001032
	constant pool entry 7	50001041
	constant pool entry 2	50001289
	constant pool entry 1	50000d5d
CLS 50000469 (name=java.util.zip.ZipConstants, trace=300205)
CLS 5000046a (name=java.util.zip.ZipFile, trace=300205)
	super		50000172
	constant pool entry 256	500000c1
	constant pool entry 255	500000cc
	constant pool entry 250	5000046c
	constant pool entry 249	5000046a
	constant pool entry 8	50000da7
CLS 5000046b (name=sun.misc.JavaUtilZipFileAccess, trace=300206)
CLS 5000046c (name=java.util.zip.ZipFile$1, trace=300206)
	super		50000172
	constant pool entry 12	50000172
CLS 50000481 (name=sun.nio.cs.ThreadLocalCoders, trace=300225)
	super		50000172
	static decoderCache	50000484
	static encoderCache	50000487
	constant pool entry 31	50000482
	constant pool entry 30	50000486
	constant pool entry 29	50000483
	constant pool entry 28	50000481
	constant pool entry 26	50000038
CLS 50000482 (name=sun.nio.cs.ThreadLocalCoders$Cache, trace=300226)
	super		50000172
	constant pool entry 53	500000f8
	constant pool entry 28	50000482
	constant pool entry 26	50000086
	constant pool entry 25	50000172
	constant pool entry 24	50000109
CLS 50000483 (name=sun.nio.cs.ThreadLocalCoders$1, trace=300226)
	super		50000482
	constant pool entry 38	50000482
	constant pool entry 37	50000483
	constant pool entry 36	50000038
	constant pool entry 35	5000008e
	constant pool entry 34	5000016e
	constant pool entry 33	5000016a
	constant pool entry 1	50000481
CLS 50000486 (name=sun.nio.cs.ThreadLocalCoders$2, trace=300229)
	super		50000482
	constant pool entry 38	50000482
	constant pool entry 37	50000486
	constant pool entry 33	5000016a
	constant pool entry 1	50000481
CLS 5000048b (name=sun.nio.cs.UTF_8$Decoder, trace=300233)
	super		50000038
	constant pool entry 96	5000048b
	constant pool entry 92	50000034
	constant pool entry 91	50000038
	constant pool entry 90	50000036
	constant pool entry 89	50000076
	constant pool entry 86	500000be
	constant pool entry 85	5000016a
	constant pool entry 3	5000042c
CLS 50000663 (name=sun.misc.URLClassPath$FileLoader, trace=300253)
	super		50000467
	constant pool entry 63	50000012
	constant pool entry 62	50000467
	constant pool entry 60	50000663
	constant pool entry 59	50000004
	constant pool entry 57	5000011a
	constant pool entry 56	5000016e
	constant pool entry 52	5000011c
	constant pool entry 3	50001041
	constant pool entry 2	500017a7
	constant pool entry 1	5000103d
CLS 500006c4 (name=sun.misc.URLClassPath$JarLoader$1, trace=300288)
	super		50000172
	constant pool entry 71	500006c4
	constant pool entry 70	50000468
	constant pool entry 69	50000004
	constant pool entry 60	50000172
CLS 500006c6 (name=sun.misc.FileURLMapper, trace=300290)
	super		50000172
	constant pool entry 43	50000012
	constant pool entry 42	500006c6
	constant pool entry 41	5000011a
	constant pool entry 39	5000016e
	constant pool entry 38	50000172
	constant pool entry 37	5000011c
	constant pool entry 1	50000d5d
CLS 500006db (name=java.io.IOException, trace=300300)
	super		50000163
	constant pool entry 14	50000163
CLS 500006dc (name=java.io.FileNotFoundException, trace=300300)
	super		500006db
	constant pool entry 26	500006db
CLS 500006de (name=java.security.PrivilegedActionException, trace=300302)
	super		50000163
	constant pool entry 34	500006de
	constant pool entry 29	50000163
CLS 500006e3 (name=sun.launcher.LauncherHelper$ResourceBundleHolder, trace=300305)
	super		50000172
	static RB	50000b30
	constant pool entry 18	500006e3
	constant pool entry 16	500006e4
	constant pool entry 1	50000eed
CLS 500006e4 (name=java.util.ResourceBundle, trace=300306)
	super		50000172
	static NONEXISTENT_BUNDLE	500006e6
	static cacheList	500006e7
	static referenceQueue	500006e8
	constant pool entry 214	500000c7
	constant pool entry 213	5000002c
	constant pool entry 212	5000002b
	constant pool entry 210	500006eb
	constant pool entry 208	50000ae1
	constant pool entry 205	50000af2
	constant pool entry 203	50000b03
	constant pool entry 202	50000b32
	constant pool entry 201	500006e5
	constant pool entry 199	5000002f
	constant pool entry 198	500000e8
	constant pool entry 197	500000b7
	constant pool entry 193	500000d3
	constant pool entry 188	5000016e
	constant pool entry 187	50000172
	constant pool entry 180	5000016a
	constant pool entry 11	500006ea
	constant pool entry 10	500006e4
CLS 500006e5 (name=java.util.ResourceBundle$1, trace=300307)
	super		500006e4
	constant pool entry 16	500006e4
CLS 500006ea (name=java.util.spi.ResourceBundleControlProvider, trace=300312)
CLS 500006eb (name=java.util.ServiceLoader, trace=300313)
	super		50000172
	static PREFIX	500019a7
	constant pool entry 133	500006ee
	constant pool entry 132	500006f0
	constant pool entry 131	500006eb
	constant pool entry 129	500000b9
	constant pool entry 127	5000006a
	constant pool entry 120	50000167
	constant pool entry 117	50000172
	constant pool entry 115	50000168
	constant pool entry 114	5000016a
	constant pool entry 7	500019a6
CLS 500006ee (name=java.util.ServiceLoader$LazyIterator, trace=300316)
	super		50000172
	constant pool entry 99	500006ee
	constant pool entry 97	500006eb
	constant pool entry 93	500000b8
	constant pool entry 88	50000122
	constant pool entry 86	50000172
	constant pool entry 83	50000168
	constant pool entry 82	5000016a
	constant pool entry 5	500019a7
CLS 500006f0 (name=java.util.ServiceLoader$1, trace=300318)
	super		50000172
	constant pool entry 41	500000dc
	constant pool entry 40	500006ee
	constant pool entry 39	500006f0
	constant pool entry 38	500006eb
	constant pool entry 35	5000006a
	constant pool entry 34	500000b7
	constant pool entry 32	50000172
CLS 500006f2 (name=java.util.LinkedHashMap$LinkedEntrySet, trace=300320)
	super		500000db
	constant pool entry 54	500006f2
	constant pool entry 53	500006f5
	constant pool entry 47	500000db
CLS 500006f4 (name=java.util.LinkedHashMap$LinkedHashIterator, trace=300322)
	super		50000172
	constant pool entry 41	500006f4
	constant pool entry 39	5000006a
	constant pool entry 35	50000172
CLS 500006f5 (name=java.util.LinkedHashMap$LinkedEntryIterator, trace=300322)
	super		500006f4
	constant pool entry 21	500006f4
	constant pool entry 20	500006f5
CLS 500006fd (name=java.util.Enumeration[], trace=300328)
	super		50000172
CLS 500006ff (name=sun.misc.Launcher$BootClassPathHolder, trace=300329)
	super		50000172
	static bcp	50000958
	constant pool entry 28	50000004
	constant pool entry 27	50000700
	constant pool entry 26	500006ff
	constant pool entry 25	50000118
	constant pool entry 24	500000f0
	constant pool entry 21	5000000d
CLS 50000700 (name=sun.misc.Launcher$BootClassPathHolder$1, trace=300330)
	super		50000172
	constant pool entry 39	50000040
	constant pool entry 38	50000700
	constant pool entry 36	50000118
	constant pool entry 35	500000dc
	constant pool entry 34	50000005
	constant pool entry 32	50000172
	constant pool entry 31	5000011c
CLS 50000965 (name=sun.misc.URLClassPath$2, trace=300415)
	super		50000172
	constant pool entry 38	50000467
	constant pool entry 37	50000965
	constant pool entry 36	50000004
	constant pool entry 33	50000172
CLS 50000967 (name=java.lang.ClassLoader$2, trace=300417)
	super		50000172
	constant pool entry 22	500000b8
	constant pool entry 21	50000172
	constant pool entry 20	50000967
CLS 50000969 (name=sun.misc.URLClassPath$1, trace=300419)
	super		50000172
	constant pool entry 38	50000467
	constant pool entry 37	50000969
	constant pool entry 36	50000004
	constant pool entry 33	50000172
CLS 5000096b (name=java.net.URLClassLoader$3, trace=300421)
	super		50000172
	constant pool entry 35	500000f0
	constant pool entry 34	50000adf
	constant pool entry 33	5000096b
	constant pool entry 32	5000011b
	constant pool entry 30	50000172
CLS 5000096d (name=sun.misc.CompoundEnumeration, trace=300423)
	super		50000172
	constant pool entry 23	5000096d
	constant pool entry 21	500000b8
	constant pool entry 20	50000172
CLS 50000adf (name=java.net.URLClassLoader$3$1, trace=300425)
	super		50000172
	constant pool entry 27	500000b8
	constant pool entry 25	50000adf
	constant pool entry 24	5000096b
	constant pool entry 22	50000172
CLS 50000ae1 (name=java.util.ResourceBundle$RBClassLoader, trace=300427)
	super		50000168
	static INSTANCE	50000ae4
	static loader	50000c75
	constant pool entry 36	50000ae2
	constant pool entry 35	50000ae1
	constant pool entry 32	500000f0
	constant pool entry 30	50000168
CLS 50000ae2 (name=java.util.ResourceBundle$RBClassLoader$1, trace=300428)
	super		50000172
	constant pool entry 20	50000ae2
	constant pool entry 19	50000ae1
	constant pool entry 15	50000172
CLS 50000af2 (name=java.util.ResourceBundle$Control, trace=300442)
	super		50000172
	static FORMAT_DEFAULT	50000af6
	static FORMAT_CLASS	50000af9
	static FORMAT_PROPERTIES	50000afc
	static INSTANCE	50000afd
	static CANDIDATES_CACHE	50000aff
	constant pool entry 315	500000f8
	constant pool entry 162	50000afe
	constant pool entry 161	50000b6f
	constant pool entry 160	50000af2
	constant pool entry 157	5000002f
	constant pool entry 155	500000dd
	constant pool entry 154	500000e9
	constant pool entry 153	50000095
	constant pool entry 152	500000de
	constant pool entry 150	500000f0
	constant pool entry 145	50000122
	constant pool entry 144	5000016e
	constant pool entry 143	50000172
	constant pool entry 137	5000015c
	constant pool entry 136	50000168
	constant pool entry 134	5000016a
	constant pool entry 8	500006e4
	constant pool entry 6	500019ab
	constant pool entry 5	500019aa
	constant pool entry 4	500019a2
	constant pool entry 3	5000103c
	constant pool entry 1	50000d5d
CLS 50000af4 (name=java.util.Arrays$ArrayList, trace=300444)
	super		500000e5
	constant pool entry 58	500000b9
	constant pool entry 57	50000af4
	constant pool entry 55	500000e5
	constant pool entry 51	50000109
CLS 50000afe (name=java.util.ResourceBundle$Control$CandidateListCache, trace=300450)
	super		5000002e
	constant pool entry 85	5000002e
	constant pool entry 84	5000001c
	constant pool entry 83	50000afe
	constant pool entry 79	5000002f
	constant pool entry 78	500000e8
	constant pool entry 77	50000b0b
	constant pool entry 75	5000016e
	constant pool entry 14	50001115
	constant pool entry 13	50001142
	constant pool entry 12	500019ae
	constant pool entry 11	500019ad
	constant pool entry 1	50000d5d
CLS 50000b03 (name=java.util.ResourceBundle$CacheKey, trace=300455)
	super		50000172
	constant pool entry 92	50000b06
	constant pool entry 91	50000b03
	constant pool entry 90	500006e4
	constant pool entry 89	5000002f
	constant pool entry 87	5000016e
	constant pool entry 85	50000172
	constant pool entry 79	50000168
CLS 50000b05 (name=java.util.ResourceBundle$CacheKeyReference, trace=300457)
CLS 50000b06 (name=java.util.ResourceBundle$LoaderReference, trace=300457)
	super		50000151
	constant pool entry 16	50000b06
	constant pool entry 12	50000151
CLS 50000b08 (name=java.util.Queue, trace=300459)
CLS 50000b09 (name=java.util.Deque, trace=300459)
CLS 50000b0a (name=java.util.AbstractSequentialList, trace=300459)
	super		500000e5
	constant pool entry 36	500000e5
CLS 50000b0b (name=java.util.LinkedList, trace=300459)
	super		50000b0a
	constant pool entry 301	500000f8
	constant pool entry 150	50000b13
	constant pool entry 145	50000b0b
	constant pool entry 142	50000b0a
	constant pool entry 139	50000172
CLS 50000b13 (name=java.util.LinkedList$Node, trace=300467)
	super		50000172
	constant pool entry 17	50000b13
	constant pool entry 15	50000172
CLS 50000b27 (name=java.util.ListResourceBundle, trace=300477)
	super		500006e4
	constant pool entry 38	500006e4
	constant pool entry 37	50000148
	constant pool entry 36	50000b27
	constant pool entry 35	500000c6
	constant pool entry 33	5000016e
CLS 50000b28 (name=sun.launcher.resources.launcher, trace=300477)
	super		50000b27
	constant pool entry 93	500000f8
	constant pool entry 87	50000b27
	constant pool entry 86	50000172
	constant pool entry 85	50000109
	constant pool entry 38	500019b6
	constant pool entry 37	500019f9
	constant pool entry 36	500019d3
	constant pool entry 35	500019eb
	constant pool entry 34	500019cb
	constant pool entry 33	500019ef
	constant pool entry 32	500019c7
	constant pool entry 31	500019cf
	constant pool entry 30	500019b7
	constant pool entry 29	500019fa
	constant pool entry 28	500019f3
	constant pool entry 27	500019e7
	constant pool entry 26	500019d7
	constant pool entry 25	500019df
	constant pool entry 24	500019c3
	constant pool entry 23	500019bf
	constant pool entry 22	500019bb
	constant pool entry 21	500019b3
	constant pool entry 20	50000c74
	constant pool entry 19	500019e3
	constant pool entry 18	500019db
	constant pool entry 17	500019e6
	constant pool entry 16	500019ca
	constant pool entry 15	500019ce
	constant pool entry 14	500019be
	constant pool entry 13	500019ba
	constant pool entry 12	500019b2
	constant pool entry 11	500019c2
	constant pool entry 10	500019f6
	constant pool entry 9	500019f2
	constant pool entry 8	500019d2
	constant pool entry 7	500019ea
	constant pool entry 6	500019c6
	constant pool entry 5	500019ee
	constant pool entry 4	500019e2
	constant pool entry 3	500019d6
	constant pool entry 2	500019de
	constant pool entry 1	500019da
CLS 50000b32 (name=java.util.ResourceBundle$BundleReference, trace=300481)
	super		50000152
	constant pool entry 14	50000b32
	constant pool entry 12	50000152
CLS 50000b6f (name=java.util.ResourceBundle$Control$1, trace=300495)
	super		50000172
	constant pool entry 46	50000b6f
	constant pool entry 40	50000172
	constant pool entry 38	50000168
CLS 50000b71 (name=java.net.URLClassLoader$2, trace=300497)
	super		50000172
	constant pool entry 23	50000004
	constant pool entry 21	50000b71
	constant pool entry 20	5000011b
	constant pool entry 19	50000172
CLS 50000bea (name=java.lang.Object[][], trace=300509)
	super		50000172
CLS 50000c14 (name=java.text.Format, trace=300531)
	super		50000172
	constant pool entry 58	50000c14
	constant pool entry 57	50000c4c
	constant pool entry 53	50000123
	constant pool entry 52	50000172
CLS 50000c15 (name=java.text.MessageFormat, trace=300531)
	super		50000c14
	static TYPE_KEYWORDS	50000c16
	static NUMBER_MODIFIER_KEYWORDS	50000c17
	static DATE_TIME_MODIFIER_KEYWORDS	50000c18
	static DATE_TIME_MODIFIERS	50000c19
	constant pool entry 508	500000f8
	constant pool entry 280	50000c1f
	constant pool entry 279	5000002f
	constant pool entry 277	50000c4f
	constant pool entry 270	50000c53
	constant pool entry 269	50000c15
	constant pool entry 267	50000c14
	constant pool entry 266	50000c4c
	constant pool entry 257	50000122
	constant pool entry 256	50000123
	constant pool entry 255	5000016e
	constant pool entry 252	50000110
	constant pool entry 250	5000010b
	constant pool entry 239	50000109
	constant pool entry 31	50001a05
	constant pool entry 30	50001011
	constant pool entry 29	50001a04
	constant pool entry 28	50001a03
	constant pool entry 25	50001a02
	constant pool entry 24	50000eff
	constant pool entry 23	50001a01
	constant pool entry 22	50001a00
	constant pool entry 20	500019ff
	constant pool entry 19	500019fe
	constant pool entry 18	500019fd
	constant pool entry 2	50000d5d
CLS 50000c1b (name=java.text.Format[], trace=300537)
	super		50000172
CLS 50000c1f (name=java.util.Locale$Category, trace=300540)
	super		50000068
	static DISPLAY	50000c20
	static FORMAT	50000c21
	static $VALUES	50000c23
	constant pool entry 77	500000f8
	constant pool entry 43	50000068
	constant pool entry 42	50000c22
	constant pool entry 11	50000c1f
	constant pool entry 10	50001253
	constant pool entry 9	50001252
	constant pool entry 8	50001251
	constant pool entry 7	50001250
	constant pool entry 6	5000124f
	constant pool entry 5	5000124e
	constant pool entry 4	5000124d
	constant pool entry 3	5000124c
	constant pool entry 2	5000124b
	constant pool entry 1	5000124a
CLS 50000c22 (name=java.util.Locale$Category[], trace=300543)
	super		50000172
CLS 50000c24 (name=java.util.Locale$1, trace=300544)
	super		50000172
	static $SwitchMap$java$util$Locale$Category	50000c25
	constant pool entry 38	500000f8
	constant pool entry 23	50000c1f
	constant pool entry 22	50000c24
CLS 50000c3b (name=java.lang.StringBuilder[], trace=300553)
	super		50000172
CLS 50000c4c (name=java.text.FieldPosition, trace=300565)
	super		50000172
	constant pool entry 53	50000c4c
	constant pool entry 51	50000172
CLS 50000c4f (name=java.util.Date, trace=300568)
	super		50000172
CLS 50000c51 (name=java.text.AttributedCharacterIterator$Attribute, trace=300569)
	super		50000172
	static instanceMap	50000c54
	static LANGUAGE	50000c55
	static READING	50000c58
	static INPUT_METHOD_SEGMENT	50000c5a
	constant pool entry 70	50000148
	constant pool entry 69	500000c6
	constant pool entry 65	50000172
	constant pool entry 8	50000c51
	constant pool entry 5	50001a12
	constant pool entry 4	5000110c
	constant pool entry 3	50001a11
CLS 50000c52 (name=java.text.Format$Field, trace=300569)
	super		50000c51
	constant pool entry 17	50000c51
CLS 50000c53 (name=java.text.MessageFormat$Field, trace=300569)
	super		50000c52
	static ARGUMENT	50000c5c
	constant pool entry 33	50000c52
	constant pool entry 3	50000c53
	constant pool entry 1	50001a0f
CLS 50000c62 (name=java.lang.Shutdown, trace=300579)
	super		50000172
	static hooks	50000c63
	static lock	50000c65
	static haltLock	50000c66
	constant pool entry 112	500000f8
	constant pool entry 64	50000c64
	constant pool entry 62	5000014c
	constant pool entry 4	50000c62
CLS 50000c64 (name=java.lang.Shutdown$Lock, trace=300581)
	super		50000172
	constant pool entry 12	50000c64
	constant pool entry 9	50000172
CLS 50000c67 (name=java.lang.AbstractStringBuilder[], trace=300000)
	super		50000172
CLS 50000c68 (name=java.lang.Appendable[], trace=300000)
	super		50000172
CLS 50000c69 (name=java.lang.Cloneable[], trace=300000)
	super		50000172
